
Note: No compatibility mode selected!


Circuit: sfumatura jfet_vhi_vhi_k030_td6

Warning: Model issue on line 15 :
  .model mmbfj112_vhi njf vto=-5.0000 beta=1.68067e-03 n=1 betatce=-0.46 r ...
unrecognized parameter (isr) - ignored
unrecognized parameter (alpha) - ignored
unrecognized parameter (vk) - ignored

Doing analysis at TEMP = 27.000000 and TNOM = 27.000000

Using SPARSE 1.3 as Direct Linear Solver

Initial Transient Solution
--------------------------

Node                                   Voltage
----                                   -------
vsn                                          0
srcx                              -1.37175e-05
ain                                -0.00055843
gs                                -0.000111639
gp                                    -9.14645
csf                               -3.48872e-05
cpf                                   -13.1708
cs                                           0
cp                                         -15
dep                                          0
bdep#branch                                  0
bcp#branch                         1.82924e-05
bcs#branch                        -3.48872e-10
vsrc#branch                       -9.14499e-06

 Reference value :  3.99556e-01 Reference value :  8.08632e-01 Reference value :  1.35707e+00 Reference value :  1.97487e+00 Reference value :  2.59633e+00 Reference value :  3.47549e+00 Reference value :  4.43244e+00 Reference value :  5.44102e+00 Reference value :  6.37710e+00 Reference value :  7.36130e+00 Reference value :  8.31450e+00 Reference value :  9.24987e+00 Reference value :  1.01941e+01 Reference value :  1.10377e+01 Reference value :  1.17045e+01 Reference value :  1.23366e+01 Reference value :  1.28927e+01 Reference value :  1.33435e+01 Reference value :  1.37857e+01
No. of Data Rows : 1542486
Note: Simulation executed from .control section 
