
Note: No compatibility mode selected!


Circuit: sfumatura ldr_b_b_td1

Doing analysis at TEMP = 27.000000 and TNOM = 27.000000

Using SPARSE 1.3 as Direct Linear Solver

Initial Transient Solution
--------------------------

Node                                   Voltage
----                                   -------
vsn                                          0
srcx                                         0
ain                                          0
als                                    2.50069
xls.nl                                       0
xls.xt                                  1.7949
xls.xs                                  1.7949
alp                                   0.099999
xlp.nl                                       0
xlp.xt                                  7.3979
xlp.xs                                  7.3979
dep                                          0
bdep#branch                                  0
b.xlp.bxt#branch                             0
v.xlp.vsen#branch                  1.01654e-13
b.xls.bxt#branch                             0
v.xls.vsen#branch                    0.0199984
vsrc#branch                                  0

 Reference value :  3.72704e-01 Reference value :  6.33854e-01 Reference value :  9.77184e-01 Reference value :  1.29708e+00 Reference value :  1.70142e+00 Reference value :  2.10342e+00 Reference value :  2.44850e+00 Reference value :  2.82494e+00 Reference value :  3.17062e+00 Reference value :  3.53865e+00
No. of Data Rows : 380056
Note: Simulation executed from .control section 
