
Note: No compatibility mode selected!


Circuit: sfumatura ldr_d_d_td2

Doing analysis at TEMP = 27.000000 and TNOM = 27.000000

Using SPARSE 1.3 as Direct Linear Solver

Initial Transient Solution
--------------------------

Node                                   Voltage
----                                   -------
vsn                                          0
srcx                                         0
ain                                          0
als                                    2.50069
xls.nl                                       0
xls.xt                                  1.5049
xls.xs                                  1.5049
alp                                   0.099999
xlp.nl                                       0
xlp.xt                                  7.3979
xlp.xs                                  7.3979
dep                                          0
bdep#branch                                  0
b.xlp.bxt#branch                             0
v.xlp.vsen#branch                  1.01654e-13
b.xls.bxt#branch                             0
v.xls.vsen#branch                    0.0199984
vsrc#branch                                  0

 Reference value :  3.86991e-01 Reference value :  7.02301e-01 Reference value :  1.04795e+00 Reference value :  1.50635e+00 Reference value :  1.89698e+00 Reference value :  2.26352e+00 Reference value :  2.70863e+00 Reference value :  3.16427e+00 Reference value :  3.54532e+00 Reference value :  3.90728e+00 Reference value :  4.34506e+00 Reference value :  4.73190e+00 Reference value :  5.09248e+00 Reference value :  5.48841e+00
No. of Data Rows : 580063
Note: Simulation executed from .control section 
