
Note: No compatibility mode selected!


Circuit: sfumatura ldr_c_c_td3

Doing analysis at TEMP = 27.000000 and TNOM = 27.000000

Using SPARSE 1.3 as Direct Linear Solver

Initial Transient Solution
--------------------------

Node                                   Voltage
----                                   -------
vsn                                          0
srcx                                         0
ain                                          0
als                                    2.50069
xls.nl                                       0
xls.xt                                  1.7782
xls.xs                                  1.7782
alp                                   0.099999
xlp.nl                                       0
xlp.xt                                  7.3979
xlp.xs                                  7.3979
dep                                          0
bdep#branch                                  0
b.xlp.bxt#branch                             0
v.xlp.vsen#branch                  1.01654e-13
b.xls.bxt#branch                             0
v.xls.vsen#branch                    0.0199984
vsrc#branch                                  0

 Reference value :  4.40494e-01 Reference value :  8.25504e-01 Reference value :  1.20923e+00 Reference value :  1.64211e+00 Reference value :  2.13674e+00 Reference value :  2.55048e+00 Reference value :  2.94592e+00 Reference value :  3.35453e+00 Reference value :  3.83843e+00 Reference value :  4.32167e+00 Reference value :  4.69731e+00 Reference value :  5.06956e+00 Reference value :  5.53699e+00 Reference value :  5.97069e+00 Reference value :  6.38220e+00 Reference value :  6.77030e+00 Reference value :  7.16016e+00 Reference value :  7.61590e+00
No. of Data Rows : 780054
Note: Simulation executed from .control section 
