warning, model type mismatch in line
    q121a nmiri nmiri nme1 ls350
warning, model type mismatch in line
    q121b nhi nmiri nme2 ls350

Note: No compatibility mode selected!


Circuit: tb_loop_bufferfissa__g15_cf470p_cm470p_r1.69k.cir - l40 esplorazione da tb_loop_bufferfissa.cir, rg0l40 fb 0 7.87k; alter c137 = 470p; alter c124 = 470p; alter r128 = 1.69k

Warning: Model issue on line 122 :
  .model lsk489a njf(beta=2.2m betatce=-.5 rd=11 rs=30 lambda=4.3m vto=-1. ...
unrecognized parameter (isr) - ignored
unrecognized parameter (alpha) - ignored
unrecognized parameter (vk) - ignored
unrecognized parameter (mj) - ignored

 Capacitor: Fixed capacitor
     device                  c137
      model                     C
capacitance               4.7e-10

 Capacitor: Fixed capacitor
     device                  c124
      model                     C
capacitance               4.7e-10

 Resistor: Simple linear resistor
     device                  r128
      model                     R
 resistance                  1690

 Resistor: Simple linear resistor
     device                rg0l40
      model                     R
 resistance                  7870

Doing analysis at TEMP = 27.000000 and TNOM = 27.000000

Using SPARSE 1.3 as Direct Linear Solver

No. of Data Rows : 801
fcross              =  9.52794e+05
pmarg               =  6.77911e+01
tdc                 =  7.94778e+01
BUFFER FISSA  RLD=10k  pos=1  C=1f
fcross = 9.527939e+05
pmarg = 6.779105e+01
tdc = 7.947785e+01
Doing analysis at TEMP = 27.000000 and TNOM = 27.000000

Using SPARSE 1.3 as Direct Linear Solver

No. of Data Rows : 801
fcross              =  9.55105e+05
pmarg               =  6.74959e+01
tdc                 =  7.94778e+01
BUFFER FISSA  RLD=10k  pos=1  C=47p
fcross = 9.551051e+05
pmarg = 6.749589e+01
tdc = 7.947785e+01
Doing analysis at TEMP = 27.000000 and TNOM = 27.000000

Using SPARSE 1.3 as Direct Linear Solver

No. of Data Rows : 801
fcross              =  9.57648e+05
pmarg               =  6.71583e+01
tdc                 =  7.94779e+01
BUFFER FISSA  RLD=10k  pos=1  C=100p
fcross = 9.576480e+05
pmarg = 6.715832e+01
tdc = 7.947785e+01
Doing analysis at TEMP = 27.000000 and TNOM = 27.000000

Using SPARSE 1.3 as Direct Linear Solver

No. of Data Rows : 801
fcross              =  9.62859e+05
pmarg               =  6.63849e+01
tdc                 =  7.94779e+01
BUFFER FISSA  RLD=10k  pos=1  C=220p
fcross = 9.628593e+05
pmarg = 6.638492e+01
tdc = 7.947786e+01
Doing analysis at TEMP = 27.000000 and TNOM = 27.000000

Using SPARSE 1.3 as Direct Linear Solver

No. of Data Rows : 801
fcross              =  9.70891e+05
pmarg               =  6.47715e+01
tdc                 =  7.94779e+01
BUFFER FISSA  RLD=10k  pos=1  C=470p
fcross = 9.708913e+05
pmarg = 6.477147e+01
tdc = 7.947788e+01
Doing analysis at TEMP = 27.000000 and TNOM = 27.000000

Using SPARSE 1.3 as Direct Linear Solver

No. of Data Rows : 801
fcross              =  9.73617e+05
pmarg               =  6.17079e+01
tdc                 =  7.94779e+01
BUFFER FISSA  RLD=10k  pos=1  C=1n
fcross = 9.736170e+05
pmarg = 6.170790e+01
tdc = 7.947791e+01
Doing analysis at TEMP = 27.000000 and TNOM = 27.000000

Using SPARSE 1.3 as Direct Linear Solver

No. of Data Rows : 801
fcross              =  9.60990e+05
pmarg               =  5.96810e+01
tdc                 =  7.94779e+01
BUFFER FISSA  RLD=10k  pos=1  C=1.5n
fcross = 9.609898e+05
pmarg = 5.968099e+01
tdc = 7.947794e+01
Doing analysis at TEMP = 27.000000 and TNOM = 27.000000

Using SPARSE 1.3 as Direct Linear Solver

No. of Data Rows : 801
fcross              =  9.32091e+05
pmarg               =  5.82378e+01
tdc                 =  7.94780e+01
BUFFER FISSA  RLD=10k  pos=1  C=2.2n
fcross = 9.320908e+05
pmarg = 5.823776e+01
tdc = 7.947799e+01
Doing analysis at TEMP = 27.000000 and TNOM = 27.000000

Using SPARSE 1.3 as Direct Linear Solver

No. of Data Rows : 801
fcross              =  9.10461e+05
pmarg               =  5.78799e+01
tdc                 =  7.94780e+01
BUFFER FISSA  RLD=10k  pos=1  C=2.7n
fcross = 9.104606e+05
pmarg = 5.787985e+01
tdc = 7.947802e+01
Doing analysis at TEMP = 27.000000 and TNOM = 27.000000

Using SPARSE 1.3 as Direct Linear Solver

No. of Data Rows : 801
fcross              =  8.86760e+05
pmarg               =  5.78682e+01
tdc                 =  7.94781e+01
BUFFER FISSA  RLD=10k  pos=1  C=3.3n
fcross = 8.867596e+05
pmarg = 5.786823e+01
tdc = 7.947806e+01
Doing analysis at TEMP = 27.000000 and TNOM = 27.000000

Using SPARSE 1.3 as Direct Linear Solver

No. of Data Rows : 801
fcross              =  8.43867e+05
pmarg               =  5.86120e+01
tdc                 =  7.94781e+01
BUFFER FISSA  RLD=10k  pos=1  C=4.7n
fcross = 8.438665e+05
pmarg = 5.861205e+01
tdc = 7.947815e+01
Doing analysis at TEMP = 27.000000 and TNOM = 27.000000

Using SPARSE 1.3 as Direct Linear Solver

No. of Data Rows : 801
fcross              =  9.52794e+05
pmarg               =  6.77911e+01
tdc                 =  7.94778e+01
BUFFER FISSA  RLD=10k  pos=2  C=1f
fcross = 9.527939e+05
pmarg = 6.779105e+01
tdc = 7.947785e+01
Doing analysis at TEMP = 27.000000 and TNOM = 27.000000

Using SPARSE 1.3 as Direct Linear Solver

No. of Data Rows : 801
fcross              =  9.55185e+05
pmarg               =  6.74932e+01
tdc                 =  7.94778e+01
BUFFER FISSA  RLD=10k  pos=2  C=47p
fcross = 9.551849e+05
pmarg = 6.749317e+01
tdc = 7.947785e+01
Doing analysis at TEMP = 27.000000 and TNOM = 27.000000

Using SPARSE 1.3 as Direct Linear Solver

No. of Data Rows : 801
fcross              =  9.57960e+05
pmarg               =  6.71524e+01
tdc                 =  7.94778e+01
BUFFER FISSA  RLD=10k  pos=2  C=100p
fcross = 9.579595e+05
pmarg = 6.715235e+01
tdc = 7.947784e+01
Doing analysis at TEMP = 27.000000 and TNOM = 27.000000

Using SPARSE 1.3 as Direct Linear Solver

No. of Data Rows : 801
fcross              =  9.64304e+05
pmarg               =  6.63667e+01
tdc                 =  7.94778e+01
BUFFER FISSA  RLD=10k  pos=2  C=220p
fcross = 9.643041e+05
pmarg = 6.636668e+01
tdc = 7.947784e+01
Doing analysis at TEMP = 27.000000 and TNOM = 27.000000

Using SPARSE 1.3 as Direct Linear Solver

No. of Data Rows : 801
fcross              =  9.77801e+05
pmarg               =  6.46648e+01
tdc                 =  7.94778e+01
BUFFER FISSA  RLD=10k  pos=2  C=470p
fcross = 9.778013e+05
pmarg = 6.466484e+01
tdc = 7.947784e+01
Doing analysis at TEMP = 27.000000 and TNOM = 27.000000

Using SPARSE 1.3 as Direct Linear Solver

No. of Data Rows : 801
fcross              =  1.00854e+06
pmarg               =  6.07114e+01
tdc                 =  7.94778e+01
BUFFER FISSA  RLD=10k  pos=2  C=1n
fcross = 1.008537e+06
pmarg = 6.071140e+01
tdc = 7.947783e+01
Doing analysis at TEMP = 27.000000 and TNOM = 27.000000

Using SPARSE 1.3 as Direct Linear Solver

No. of Data Rows : 801
fcross              =  1.03973e+06
pmarg               =  5.65000e+01
tdc                 =  7.94778e+01
BUFFER FISSA  RLD=10k  pos=2  C=1.5n
fcross = 1.039730e+06
pmarg = 5.649999e+01
tdc = 7.947782e+01
Doing analysis at TEMP = 27.000000 and TNOM = 27.000000

Using SPARSE 1.3 as Direct Linear Solver

No. of Data Rows : 801
fcross              =  1.08568e+06
pmarg               =  4.97182e+01
tdc                 =  7.94778e+01
BUFFER FISSA  RLD=10k  pos=2  C=2.2n
fcross = 1.085679e+06
pmarg = 4.971822e+01
tdc = 7.947781e+01
Doing analysis at TEMP = 27.000000 and TNOM = 27.000000

Using SPARSE 1.3 as Direct Linear Solver

No. of Data Rows : 801
fcross              =  1.11729e+06
pmarg               =  4.42901e+01
tdc                 =  7.94778e+01
BUFFER FISSA  RLD=10k  pos=2  C=2.7n
fcross = 1.117290e+06
pmarg = 4.429009e+01
tdc = 7.947780e+01
Doing analysis at TEMP = 27.000000 and TNOM = 27.000000

Using SPARSE 1.3 as Direct Linear Solver

No. of Data Rows : 801
fcross              =  1.14798e+06
pmarg               =  3.74803e+01
tdc                 =  7.94778e+01
BUFFER FISSA  RLD=10k  pos=2  C=3.3n
fcross = 1.147984e+06
pmarg = 3.748035e+01
tdc = 7.947779e+01
Doing analysis at TEMP = 27.000000 and TNOM = 27.000000

Using SPARSE 1.3 as Direct Linear Solver

No. of Data Rows : 801
fcross              =  1.16143e+06
pmarg               =  2.39518e+01
tdc                 =  7.94778e+01
BUFFER FISSA  RLD=10k  pos=2  C=4.7n
fcross = 1.161435e+06
pmarg = 2.395176e+01
tdc = 7.947777e+01
Doing analysis at TEMP = 27.000000 and TNOM = 27.000000

Using SPARSE 1.3 as Direct Linear Solver

No. of Data Rows : 801
fcross              =  9.53961e+05
pmarg               =  6.77969e+01
tdc                 =  7.96399e+01
BUFFER FISSA  RLD=50k  pos=1  C=1f
fcross = 9.539606e+05
pmarg = 6.779686e+01
tdc = 7.963990e+01
Doing analysis at TEMP = 27.000000 and TNOM = 27.000000

Using SPARSE 1.3 as Direct Linear Solver

No. of Data Rows : 801
fcross              =  9.56331e+05
pmarg               =  6.74980e+01
tdc                 =  7.96399e+01
BUFFER FISSA  RLD=50k  pos=1  C=47p
fcross = 9.563309e+05
pmarg = 6.749802e+01
tdc = 7.963990e+01
Doing analysis at TEMP = 27.000000 and TNOM = 27.000000

Using SPARSE 1.3 as Direct Linear Solver

No. of Data Rows : 801
fcross              =  9.58906e+05
pmarg               =  6.71569e+01
tdc                 =  7.96399e+01
BUFFER FISSA  RLD=50k  pos=1  C=100p
fcross = 9.589055e+05
pmarg = 6.715695e+01
tdc = 7.963990e+01
Doing analysis at TEMP = 27.000000 and TNOM = 27.000000

Using SPARSE 1.3 as Direct Linear Solver

No. of Data Rows : 801
fcross              =  9.64180e+05
pmarg               =  6.63754e+01
tdc                 =  7.96399e+01
BUFFER FISSA  RLD=50k  pos=1  C=220p
fcross = 9.641805e+05
pmarg = 6.637539e+01
tdc = 7.963991e+01
Doing analysis at TEMP = 27.000000 and TNOM = 27.000000

Using SPARSE 1.3 as Direct Linear Solver

No. of Data Rows : 801
fcross              =  9.72297e+05
pmarg               =  6.47447e+01
tdc                 =  7.96399e+01
BUFFER FISSA  RLD=50k  pos=1  C=470p
fcross = 9.722975e+05
pmarg = 6.474472e+01
tdc = 7.963991e+01
Doing analysis at TEMP = 27.000000 and TNOM = 27.000000

Using SPARSE 1.3 as Direct Linear Solver

No. of Data Rows : 801
fcross              =  9.74959e+05
pmarg               =  6.16522e+01
tdc                 =  7.96399e+01
BUFFER FISSA  RLD=50k  pos=1  C=1n
fcross = 9.749593e+05
pmarg = 6.165217e+01
tdc = 7.963991e+01
Doing analysis at TEMP = 27.000000 and TNOM = 27.000000

Using SPARSE 1.3 as Direct Linear Solver

No. of Data Rows : 801
fcross              =  9.62065e+05
pmarg               =  5.96145e+01
tdc                 =  7.96399e+01
BUFFER FISSA  RLD=50k  pos=1  C=1.5n
fcross = 9.620651e+05
pmarg = 5.961447e+01
tdc = 7.963991e+01
Doing analysis at TEMP = 27.000000 and TNOM = 27.000000

Using SPARSE 1.3 as Direct Linear Solver

No. of Data Rows : 801
fcross              =  9.32737e+05
pmarg               =  5.81759e+01
tdc                 =  7.96399e+01
BUFFER FISSA  RLD=50k  pos=1  C=2.2n
fcross = 9.327373e+05
pmarg = 5.817592e+01
tdc = 7.963991e+01
Doing analysis at TEMP = 27.000000 and TNOM = 27.000000

Using SPARSE 1.3 as Direct Linear Solver

No. of Data Rows : 801
fcross              =  9.10890e+05
pmarg               =  5.78254e+01
tdc                 =  7.96399e+01
BUFFER FISSA  RLD=50k  pos=1  C=2.7n
fcross = 9.108899e+05
pmarg = 5.782543e+01
tdc = 7.963992e+01
Doing analysis at TEMP = 27.000000 and TNOM = 27.000000

Using SPARSE 1.3 as Direct Linear Solver

No. of Data Rows : 801
fcross              =  8.87011e+05
pmarg               =  5.78229e+01
tdc                 =  7.96399e+01
BUFFER FISSA  RLD=50k  pos=1  C=3.3n
fcross = 8.870109e+05
pmarg = 5.782294e+01
tdc = 7.963992e+01
Doing analysis at TEMP = 27.000000 and TNOM = 27.000000

Using SPARSE 1.3 as Direct Linear Solver

No. of Data Rows : 801
fcross              =  8.43911e+05
pmarg               =  5.85833e+01
tdc                 =  7.96399e+01
BUFFER FISSA  RLD=50k  pos=1  C=4.7n
fcross = 8.439108e+05
pmarg = 5.858334e+01
tdc = 7.963993e+01
Doing analysis at TEMP = 27.000000 and TNOM = 27.000000

Using SPARSE 1.3 as Direct Linear Solver

No. of Data Rows : 801
fcross              =  9.53961e+05
pmarg               =  6.77969e+01
tdc                 =  7.96399e+01
BUFFER FISSA  RLD=50k  pos=2  C=1f
fcross = 9.539606e+05
pmarg = 6.779686e+01
tdc = 7.963990e+01
Doing analysis at TEMP = 27.000000 and TNOM = 27.000000

Using SPARSE 1.3 as Direct Linear Solver

No. of Data Rows : 801
fcross              =  9.56393e+05
pmarg               =  6.74975e+01
tdc                 =  7.96399e+01
BUFFER FISSA  RLD=50k  pos=2  C=47p
fcross = 9.563933e+05
pmarg = 6.749754e+01
tdc = 7.963990e+01
Doing analysis at TEMP = 27.000000 and TNOM = 27.000000

Using SPARSE 1.3 as Direct Linear Solver

No. of Data Rows : 801
fcross              =  9.59182e+05
pmarg               =  6.71558e+01
tdc                 =  7.96399e+01
BUFFER FISSA  RLD=50k  pos=2  C=100p
fcross = 9.591822e+05
pmarg = 6.715582e+01
tdc = 7.963990e+01
Doing analysis at TEMP = 27.000000 and TNOM = 27.000000

Using SPARSE 1.3 as Direct Linear Solver

No. of Data Rows : 801
fcross              =  9.65560e+05
pmarg               =  6.63680e+01
tdc                 =  7.96399e+01
BUFFER FISSA  RLD=50k  pos=2  C=220p
fcross = 9.655598e+05
pmarg = 6.636800e+01
tdc = 7.963990e+01
Doing analysis at TEMP = 27.000000 and TNOM = 27.000000

Using SPARSE 1.3 as Direct Linear Solver

No. of Data Rows : 801
fcross              =  9.79166e+05
pmarg               =  6.46602e+01
tdc                 =  7.96399e+01
BUFFER FISSA  RLD=50k  pos=2  C=470p
fcross = 9.791663e+05
pmarg = 6.466022e+01
tdc = 7.963990e+01
Doing analysis at TEMP = 27.000000 and TNOM = 27.000000

Using SPARSE 1.3 as Direct Linear Solver

No. of Data Rows : 801
fcross              =  1.01013e+06
pmarg               =  6.06917e+01
tdc                 =  7.96399e+01
BUFFER FISSA  RLD=50k  pos=2  C=1n
fcross = 1.010131e+06
pmarg = 6.069169e+01
tdc = 7.963989e+01
Doing analysis at TEMP = 27.000000 and TNOM = 27.000000

Using SPARSE 1.3 as Direct Linear Solver

No. of Data Rows : 801
fcross              =  1.04159e+06
pmarg               =  5.64604e+01
tdc                 =  7.96399e+01
BUFFER FISSA  RLD=50k  pos=2  C=1.5n
fcross = 1.041588e+06
pmarg = 5.646042e+01
tdc = 7.963988e+01
Doing analysis at TEMP = 27.000000 and TNOM = 27.000000

Using SPARSE 1.3 as Direct Linear Solver

No. of Data Rows : 801
fcross              =  1.08803e+06
pmarg               =  4.96358e+01
tdc                 =  7.96399e+01
BUFFER FISSA  RLD=50k  pos=2  C=2.2n
fcross = 1.088032e+06
pmarg = 4.963582e+01
tdc = 7.963987e+01
Doing analysis at TEMP = 27.000000 and TNOM = 27.000000

Using SPARSE 1.3 as Direct Linear Solver

No. of Data Rows : 801
fcross              =  1.11998e+06
pmarg               =  4.41689e+01
tdc                 =  7.96399e+01
BUFFER FISSA  RLD=50k  pos=2  C=2.7n
fcross = 1.119980e+06
pmarg = 4.416894e+01
tdc = 7.963986e+01
Doing analysis at TEMP = 27.000000 and TNOM = 27.000000

Using SPARSE 1.3 as Direct Linear Solver

No. of Data Rows : 801
fcross              =  1.15104e+06
pmarg               =  3.73018e+01
tdc                 =  7.96398e+01
BUFFER FISSA  RLD=50k  pos=2  C=3.3n
fcross = 1.151043e+06
pmarg = 3.730184e+01
tdc = 7.963985e+01
Doing analysis at TEMP = 27.000000 and TNOM = 27.000000

Using SPARSE 1.3 as Direct Linear Solver

No. of Data Rows : 801
fcross              =  1.16406e+06
pmarg               =  2.37292e+01
tdc                 =  7.96398e+01
BUFFER FISSA  RLD=50k  pos=2  C=4.7n
fcross = 1.164055e+06
pmarg = 2.372925e+01
tdc = 7.963983e+01
Note: Simulation executed from .control section 
