warning, model type mismatch in line
    q121a nmiri nmiri nme1 ls350
warning, model type mismatch in line
    q121b nhi nmiri nme2 ls350

Note: No compatibility mode selected!


Circuit: thd_1k - l46a: thd a 1000 hz, blocco b nei tre modi, livelli lo/hi; variante vas56_cm390p

Warning: Model issue on line 122 :
  .model lsk489a njf(beta=2.2m betatce=-.5 rd=11 rs=30 lambda=4.3m vto=-1. ...
unrecognized parameter (isr) - ignored
unrecognized parameter (alpha) - ignored
unrecognized parameter (vk) - ignored
unrecognized parameter (mj) - ignored

Doing analysis at TEMP = 27.000000 and TNOM = 27.000000

Using SPARSE 1.3 as Direct Linear Solver

Initial Transient Solution
--------------------------

Node                                   Voltage
----                                   -------
nref                                  -13.6718
vminus                                     -15
ncasc                                  9.86864
nx                                    0.999201
nhi                                     13.723
out                                 -0.0261156
fb                                  -0.0261155
vplus                                       15
nrefm                                 -14.3359
d1n                                    9.18072
g1                                 2.40974e-08
s1                                   0.0603042
d2n                                     9.1816
g2                                  -0.0261155
s2                                   0.0528571
src                                  -0.168691
nte                                   -14.3772
nmiri                                   13.812
nme1                                   14.5182
nme2                                   14.5179
nve                                    14.3954
ny                                    -1.02194
nvle                                   -14.401
nbb                                  -0.294346
nbn                                   0.997203
nen                                   0.429213
nbp                                   -1.02106
nep                                  -0.481445
in                                 2.31683e-08
rg                                  -0.0261154
rg10                                -0.0261155
vsn                                          0
outa                                -0.0261156
jack                                         0
vs#branch                          9.26733e-12
vmm#branch                           0.0377229
vpp#branch                          -0.0367021


No. of Data Rows : 10060
L46A_CASO modo=0 livello=lo freq=1000 ampin=0.282843
Fourier analysis for v(vsn):
  No. Harmonics: 10, THD: 1.91091e-10 %, Gridsize: 8192, Interpolation Degree: 1, No. Periods: 1

Harmonic Frequency       Magnitude       Phase           Norm. Mag       Norm. Phase    
-------- ---------       ---------       -----           ---------       -----------    
 0       0               -5.03556615e-14 0               0               0              
 1       1000            0.2828428511    -2.01249217e-11 1               0              
 2       2000            9.742826817e-14 -88.1356266     3.444607767e-13 -88.1356266    
 3       3000            3.573280816e-13 -27.7314086     1.263344929e-12 -27.7314086    
 4       4000            9.776336576e-14 -89.4534898     3.45645525e-13  -89.4534898    
 5       5000            3.127182544e-13 -174.42716      1.105625449e-12 -174.42716     
 6       6000            9.658772452e-14 -88.9045437     3.414890075e-13 -88.9045437    
 7       7000            7.6640563e-14   -132.257008     2.709651762e-13 -132.257008    
 8       8000            9.968883496e-14 -91.1068053     3.524530833e-13 -91.1068053    
 9       9000            1.498669779e-13 -67.9951533     5.298595219e-13 -67.9951533    

Fourier analysis for v(out):
  No. Harmonics: 10, THD: 2.33682e-05 %, Gridsize: 8192, Interpolation Degree: 1, No. Periods: 1

Harmonic Frequency       Magnitude       Phase           Norm. Mag       Norm. Phase    
-------- ---------       ---------       -----           ---------       -----------    
 0       0               -0.0261155881   0               0               0              
 1       1000            0.2820968478    -0.0350344227   1               0              
 2       2000            6.592008244e-08 165.7453892     2.336789048e-07 165.7804236    
 3       3000            3.2000143e-10   60.21919921     1.134367266e-09 60.25423363    
 4       4000            4.729706863e-11 179.8827897     1.676625209e-10 179.9178241    
 5       5000            3.975917804e-11 -179.316241     1.409415892e-10 -179.281207    
 6       6000            3.294293431e-11 -179.349531     1.167788104e-10 -179.314496    
 7       7000            2.81236504e-11  -179.436541     9.96950183e-11  -179.401507    
 8       8000            2.461613592e-11 -179.342094     8.72612938e-11  -179.307059    
 9       9000            2.175885676e-11 -179.41368      7.713257673e-11 -179.378645    

Doing analysis at TEMP = 27.000000 and TNOM = 27.000000

Using SPARSE 1.3 as Direct Linear Solver

Initial Transient Solution
--------------------------

Node                                   Voltage
----                                   -------
nref                                  -13.6718
vminus                                     -15
ncasc                                  9.86864
nx                                    0.999201
nhi                                     13.723
out                                 -0.0261156
fb                                  -0.0261155
vplus                                       15
nrefm                                 -14.3359
d1n                                    9.18072
g1                                 2.40974e-08
s1                                   0.0603042
d2n                                     9.1816
g2                                  -0.0261155
s2                                   0.0528571
src                                  -0.168691
nte                                   -14.3772
nmiri                                   13.812
nme1                                   14.5182
nme2                                   14.5179
nve                                    14.3954
ny                                    -1.02194
nvle                                   -14.401
nbb                                  -0.294346
nbn                                   0.997203
nen                                   0.429213
nbp                                   -1.02106
nep                                  -0.481445
in                                 2.31683e-08
rg                                  -0.0261154
rg10                                -0.0261155
vsn                                          0
outa                                -0.0261156
jack                                         0
vs#branch                          9.26733e-12
vmm#branch                           0.0377229
vpp#branch                          -0.0367021


No. of Data Rows : 10082
L46A_CASO modo=0 livello=hi freq=1000 ampin=2.82843
Fourier analysis for v(vsn):
  No. Harmonics: 10, THD: 1.67528e-10 %, Gridsize: 8192, Interpolation Degree: 1, No. Periods: 1

Harmonic Frequency       Magnitude       Phase           Norm. Mag       Norm. Phase    
-------- ---------       ---------       -----           ---------       -----------    
 0       0               -3.06282777e-14 0               0               0              
 1       1000            2.828428511     -8.75592733e-13 1               0              
 2       2000            2.243960185e-14 -88.8761498     7.93359343e-15  -88.8761498    
 3       3000            3.289903548e-12 -9.97606354     1.163155984e-12 -9.97606354    
 4       4000            7.282326035e-14 -123.861003     2.574689799e-14 -123.861003    
 5       5000            3.258674931e-12 170.8763158     1.152115006e-12 170.8763158    
 6       6000            3.072696854e-14 -39.7699779     1.086361858e-14 -39.7699779    
 7       7000            6.965980474e-13 175.3957807     2.462844808e-13 175.3957807    
 8       8000            6.357999532e-14 -140.860898     2.24789119e-14  -140.860898    
 9       9000            7.170174118e-13 -14.3518797     2.535038128e-13 -14.3518797    

Fourier analysis for v(out):
  No. Harmonics: 10, THD: 0.000234927 %, Gridsize: 8192, Interpolation Degree: 1, No. Periods: 1

Harmonic Frequency       Magnitude       Phase           Norm. Mag       Norm. Phase    
-------- ---------       ---------       -----           ---------       -----------    
 0       0               -0.0261171359   0               0               0              
 1       1000            2.820967778     -0.0350402288   1               0              
 2       2000            6.617047832e-06 166.0371849     2.345665868e-06 166.0722252    
 3       3000            3.662468222e-07 51.63481699     1.29830204e-07  51.66985722    
 4       4000            2.197062616e-08 18.42614472     7.788329358e-09 18.46118494    
 5       5000            3.197854189e-09 -110.603852     1.133601814e-09 -110.568812    
 6       6000            6.838956171e-10 -175.89709      2.424329772e-10 -175.862049    
 7       7000            3.176551026e-10 172.5179748     1.126050092e-10 172.553015     
 8       8000            2.708067881e-10 -179.789601     9.599783102e-11 -179.754561    
 9       9000            2.450192886e-10 -179.489079     8.685646484e-11 -179.454039    

Doing analysis at TEMP = 27.000000 and TNOM = 27.000000

Using SPARSE 1.3 as Direct Linear Solver

Initial Transient Solution
--------------------------

Node                                   Voltage
----                                   -------
nref                                  -13.6718
vminus                                     -15
ncasc                                  9.86864
nx                                    0.988128
nhi                                     13.723
out                                 -0.0370861
fb                                  -0.0261141
vplus                                       15
nrefm                                 -14.3359
d1n                                    9.18072
g1                                 2.40974e-08
s1                                   0.0603049
d2n                                     9.1816
g2                                  -0.0261141
s2                                   0.0528582
src                                   -0.16869
nte                                   -14.3772
nmiri                                   13.812
nme1                                   14.5182
nme2                                   14.5179
nve                                    14.3955
ny                                    -1.03301
nvle                                   -14.401
nbb                                  -0.305416
nbn                                   0.986132
nen                                   0.418159
nbp                                   -1.03213
nep                                  -0.492492
in                                 2.31683e-08
rg                                -7.31466e-07
rg10                                 -0.026114
vsn                                          0
outa                                -0.0370861
jack                                         0
vs#branch                          9.26733e-12
vmm#branch                           0.0377263
vpp#branch                          -0.0366982

 Reference value :  9.63992e-04
No. of Data Rows : 10015
L46A_CASO modo=3 livello=lo freq=1000 ampin=0.199185
Fourier analysis for v(vsn):
  No. Harmonics: 10, THD: 2.12943e-10 %, Gridsize: 8192, Interpolation Degree: 1, No. Periods: 1

Harmonic Frequency       Magnitude       Phase           Norm. Mag       Norm. Phase    
-------- ---------       ---------       -----           ---------       -----------    
 0       0               -4.17818991e-14 0               0               0              
 1       1000            0.1991848952    -2.24364946e-11 1               0              
 2       2000            7.631803894e-14 -93.2172344     3.831517389e-13 -93.2172344    
 3       3000            2.796382788e-13 -32.8090159     1.403913076e-12 -32.8090159    
 4       4000            7.87409976e-14  -88.0362904     3.953161084e-13 -88.0362904    
 5       5000            2.335649036e-13 -177.887185     1.172603492e-12 -177.887185    
 6       6000            8.162914076e-14 -90.3243282     4.098159185e-13 -90.3243282    
 7       7000            7.859242768e-14 -144.409179     3.945702189e-13 -144.409179    
 8       8000            7.551500127e-14 -89.2171097     3.791201196e-13 -89.2171097    
 9       9000            1.28787399e-13  -59.4035275     6.465721156e-13 -59.4035275    

Fourier analysis for v(out):
  No. Harmonics: 10, THD: 2.47906e-05 %, Gridsize: 8192, Interpolation Degree: 1, No. Periods: 1

Harmonic Frequency       Magnitude       Phase           Norm. Mag       Norm. Phase    
-------- ---------       ---------       -----           ---------       -----------    
 0       0               -0.0370861291   0               0               0              
 1       1000            0.2821102535    -0.119949675    1               0              
 2       2000            6.99356566e-08  163.9870974     2.479018601e-07 164.107047     
 3       3000            4.065512834e-10 46.77778354     1.441107788e-09 46.89773322    
 4       4000            6.19807675e-11  179.6626405     2.19704058e-10  179.7825902    
 5       5000            5.127162874e-11 -179.461241     1.817432302e-10 -179.341292    
 6       6000            4.226934419e-11 -179.482594     1.498327114e-10 -179.362644    
 7       7000            3.644057238e-11 -179.187942     1.291713858e-10 -179.067992    
 8       8000            3.178892335e-11 -179.1082       1.12682623e-10  -178.98825     
 9       9000            2.817442031e-11 -179.306772     9.987024563e-11 -179.186823    

Doing analysis at TEMP = 27.000000 and TNOM = 27.000000

Using SPARSE 1.3 as Direct Linear Solver

Initial Transient Solution
--------------------------

Node                                   Voltage
----                                   -------
nref                                  -13.6718
vminus                                     -15
ncasc                                  9.86864
nx                                    0.988128
nhi                                     13.723
out                                 -0.0370861
fb                                  -0.0261141
vplus                                       15
nrefm                                 -14.3359
d1n                                    9.18072
g1                                 2.40974e-08
s1                                   0.0603049
d2n                                     9.1816
g2                                  -0.0261141
s2                                   0.0528582
src                                   -0.16869
nte                                   -14.3772
nmiri                                   13.812
nme1                                   14.5182
nme2                                   14.5179
nve                                    14.3955
ny                                    -1.03301
nvle                                   -14.401
nbb                                  -0.305416
nbn                                   0.986132
nen                                   0.418159
nbp                                   -1.03213
nep                                  -0.492492
in                                 2.31683e-08
rg                                -7.31466e-07
rg10                                 -0.026114
vsn                                          0
outa                                -0.0370861
jack                                         0
vs#branch                          9.26733e-12
vmm#branch                           0.0377263
vpp#branch                          -0.0366982


No. of Data Rows : 10035
L46A_CASO modo=3 livello=hi freq=1000 ampin=1.99185
Fourier analysis for v(vsn):
  No. Harmonics: 10, THD: 1.98088e-10 %, Gridsize: 8192, Interpolation Degree: 1, No. Periods: 1

Harmonic Frequency       Magnitude       Phase           Norm. Mag       Norm. Phase    
-------- ---------       ---------       -----           ---------       -----------    
 0       0               -3.83241182e-13 0               0               0              
 1       1000            1.991848952     -2.19470601e-11 1               0              
 2       2000            7.784300932e-13 -87.7012451     3.908077932e-13 -87.7012451    
 3       3000            1.943427918e-12 164.9427773     9.756904087e-13 164.9427773    
 4       4000            7.47727956e-13  -91.2754731     3.753939049e-13 -91.2754731    
 5       5000            2.792033766e-12 -47.2932062     1.401729666e-12 -47.2932062    
 6       6000            7.559894021e-13 -90.43197       3.795415318e-13 -90.43197      
 7       7000            2.5998965e-13   -105.337447     1.305267901e-13 -105.337447    
 8       8000            7.869548876e-13 -88.0438292     3.95087633e-13  -88.0438292    
 9       9000            1.253826976e-12 -85.3670755     6.294789447e-13 -85.3670755    

Fourier analysis for v(out):
  No. Harmonics: 10, THD: 0.000248717 %, Gridsize: 8192, Interpolation Degree: 1, No. Periods: 1

Harmonic Frequency       Magnitude       Phase           Norm. Mag       Norm. Phase    
-------- ---------       ---------       -----           ---------       -----------    
 0       0               -0.0370879138   0               0               0              
 1       1000            2.821101417     -0.119955908    1               0              
 2       2000            7.000283472e-06 164.3606345     2.481400857e-06 164.4805904    
 3       3000            4.77354437e-07  39.52947072     1.692085347e-07 39.64942663    
 4       4000            1.825364804e-08 35.02697712     6.470397672e-09 35.14693303    
 5       5000            2.795255594e-09 -129.876776     9.908383929e-10 -129.75682     
 6       6000            6.134128637e-10 -173.932273     2.174373669e-10 -173.812317    
 7       7000            3.984015643e-10 177.7957811     1.412219929e-10 177.915737     
 8       8000            3.513139607e-10 -179.481548     1.245307803e-10 -179.361592    
 9       9000            3.133155427e-10 -179.286062     1.110614248e-10 -179.166106    

Doing analysis at TEMP = 27.000000 and TNOM = 27.000000

Using SPARSE 1.3 as Direct Linear Solver

Initial Transient Solution
--------------------------

Node                                   Voltage
----                                   -------
nref                                  -13.6718
vminus                                     -15
ncasc                                  9.86864
nx                                      0.9425
nhi                                     13.723
out                                 -0.0822947
fb                                  -0.0261082
vplus                                       15
nrefm                                 -14.3359
d1n                                    9.18072
g1                                 2.40974e-08
s1                                   0.0603076
d2n                                     9.1816
g2                                  -0.0261082
s2                                   0.0528626
src                                  -0.168686
nte                                   -14.3772
nmiri                                   13.812
nme1                                   14.5182
nme2                                   14.5179
nve                                    14.3955
ny                                    -1.07863
nvle                                   -14.401
nbb                                  -0.351037
nbn                                   0.940507
nen                                   0.372602
nbp                                   -1.07774
nep                                  -0.538016
in                                 2.31683e-08
rg                                -7.31303e-07
rg10                              -3.01446e-06
vsn                                          0
outa                                -0.0822947
jack                                         0
vs#branch                          9.26733e-12
vmm#branch                           0.0377402
vpp#branch                           -0.036682

 Reference value :  2.40407e-03
No. of Data Rows : 10009
L46A_CASO modo=10 livello=lo freq=1000 ampin=0.0897344
Fourier analysis for v(vsn):
  No. Harmonics: 10, THD: 1.91065e-10 %, Gridsize: 8192, Interpolation Degree: 1, No. Periods: 1

Harmonic Frequency       Magnitude       Phase           Norm. Mag       Norm. Phase    
-------- ---------       ---------       -----           ---------       -----------    
 0       0               -1.52858954e-14 0               0               0              
 1       1000            0.08973435277   -2.00751565e-11 1               0              
 2       2000            3.052267774e-14 -92.0047991     3.401448475e-13 -92.0047991    
 3       3000            7.748917641e-14 56.49292943     8.635397038e-13 56.49292943    
 4       4000            2.970206396e-14 -87.0989043     3.309999241e-13 -87.0989043    
 5       5000            1.299934606e-13 -108.624489     1.448647665e-12 -108.624489    
 6       6000            3.048469374e-14 -88.7000338     3.397215537e-13 -88.7000338    
 7       7000            4.811197679e-14 -68.1407716     5.361600692e-13 -68.1407716    
 8       8000            3.022371865e-14 -90.0448567     3.368132462e-13 -90.0448567    
 9       9000            2.282951604e-14 -137.401309     2.544122216e-13 -137.401309    

Fourier analysis for v(out):
  No. Harmonics: 10, THD: 2.9215e-05 %, Gridsize: 8192, Interpolation Degree: 1, No. Periods: 1

Harmonic Frequency       Magnitude       Phase           Norm. Mag       Norm. Phase    
-------- ---------       ---------       -----           ---------       -----------    
 0       0               -0.0822947573   0               0               0              
 1       1000            0.2820178244    -0.283610181    1               0              
 2       2000            8.238636739e-08 156.2363339     2.921317742e-07 156.5199441    
 3       3000            9.060791877e-10 30.97321369     3.21284369e-09  31.25682387    
 4       4000            1.206570556e-10 179.267459      4.27834857e-10  179.5510692    
 5       5000            9.815591681e-11 -179.415863     3.480486278e-10 -179.132253    
 6       6000            8.109459618e-11 -179.358851     2.875513147e-10 -179.075241    
 7       7000            6.988514464e-11 -179.207224     2.478039989e-10 -178.923614    
 8       8000            6.100231625e-11 -178.978637     2.163065983e-10 -178.695027    
 9       9000            5.442570481e-11 -179.495117     1.929867551e-10 -179.211507    

Doing analysis at TEMP = 27.000000 and TNOM = 27.000000

Using SPARSE 1.3 as Direct Linear Solver

Initial Transient Solution
--------------------------

Node                                   Voltage
----                                   -------
nref                                  -13.6718
vminus                                     -15
ncasc                                  9.86864
nx                                      0.9425
nhi                                     13.723
out                                 -0.0822947
fb                                  -0.0261082
vplus                                       15
nrefm                                 -14.3359
d1n                                    9.18072
g1                                 2.40974e-08
s1                                   0.0603076
d2n                                     9.1816
g2                                  -0.0261082
s2                                   0.0528626
src                                  -0.168686
nte                                   -14.3772
nmiri                                   13.812
nme1                                   14.5182
nme2                                   14.5179
nve                                    14.3955
ny                                    -1.07863
nvle                                   -14.401
nbb                                  -0.351037
nbn                                   0.940507
nen                                   0.372602
nbp                                   -1.07774
nep                                  -0.538016
in                                 2.31683e-08
rg                                -7.31303e-07
rg10                              -3.01446e-06
vsn                                          0
outa                                -0.0822947
jack                                         0
vs#branch                          9.26733e-12
vmm#branch                           0.0377402
vpp#branch                           -0.036682


No. of Data Rows : 10020
L46A_CASO modo=10 livello=hi freq=1000 ampin=0.897344
Fourier analysis for v(vsn):
  No. Harmonics: 10, THD: 2.16883e-10 %, Gridsize: 8192, Interpolation Degree: 1, No. Periods: 1

Harmonic Frequency       Magnitude       Phase           Norm. Mag       Norm. Phase    
-------- ---------       ---------       -----           ---------       -----------    
 0       0               -2.26021025e-13 0               0               0              
 1       1000            0.8973435277    -2.81812071e-11 1               0              
 2       2000            4.446415174e-13 -89.425949      4.955086917e-13 -89.425949     
 3       3000            1.103141871e-12 -157.248282     1.22934176e-12  -157.248282    
 4       4000            4.484963777e-13 -88.8309236     4.998045497e-13 -88.8309236    
 5       5000            1.126359066e-12 -24.5625955     1.255215011e-12 -24.5625955    
 6       6000            4.534969502e-13 -90.0602799     5.053771897e-13 -90.0602799    
 7       7000            4.57308375e-13  -114.951054     5.09624643e-13  -114.951054    
 8       8000            4.501557935e-13 -90.0707815     5.016538033e-13 -90.0707815    
 9       9000            5.345656695e-13 -67.8753763     5.957202041e-13 -67.8753763    

Fourier analysis for v(out):
  No. Harmonics: 10, THD: 0.000293459 %, Gridsize: 8192, Interpolation Degree: 1, No. Periods: 1

Harmonic Frequency       Magnitude       Phase           Norm. Mag       Norm. Phase    
-------- ---------       ---------       -----           ---------       -----------    
 0       0               -0.0822977057   0               0               0              
 1       1000            2.820175373     -0.28362028     1               0              
 2       2000            8.207019128e-06 156.9750694     2.910109494e-06 157.2586897    
 3       3000            1.066356331e-06 26.60644771     3.781170281e-07 26.89006799    
 4       4000            3.187076365e-08 57.7693408      1.130098644e-08 58.05296108    
 5       5000            5.535600387e-09 -143.138949     1.962856792e-09 -142.855329    
 6       6000            1.090489638e-09 -171.256809     3.866744062e-10 -170.973188    
 7       7000            7.618647365e-10 178.5020246     2.701479999e-10 178.7856449    
 8       8000            6.766740853e-10 -179.350565     2.399404277e-10 -179.066945    
 9       9000            6.030336205e-10 -179.282448     2.138284116e-10 -178.998828    

Note: Simulation executed from .control section 
