warning, model type mismatch in line
    q121a nmiri nmiri nme1 ls350
warning, model type mismatch in line
    q121b nhi nmiri nme2 ls350

Note: No compatibility mode selected!


Circuit: tb_zout_psrr_noise.cir - l46b esplorazione, variante v_r10_c1000u (blocco da inc/v_r10_c1000u.inc)

Warning: Model issue on line 122 :
  .model lsk489a njf(beta=2.2m betatce=-.5 rd=11 rs=30 lambda=4.3m vto=-1. ...
unrecognized parameter (isr) - ignored
unrecognized parameter (alpha) - ignored
unrecognized parameter (vk) - ignored
unrecognized parameter (mj) - ignored

########## Zout at the jack, load removed, both gain modes ##########
Doing analysis at TEMP = 27.000000 and TNOM = 27.000000

Using SPARSE 1.3 as Direct Linear Solver

No. of Data Rows : 81
z20                 =  1.69338e+03
z1k                 =  5.79329e+01
z20k                =  4.70327e+01
za20                =  2.12111e-02
za1k                =  2.50079e-02
za20k               =  2.67377e-01
za100k              =  1.34726e+00
MODE=0db
z20 = 1.693378e+03
z1k = 5.793287e+01
z20k = 4.703268e+01
za20 = 2.121112e-02
za1k = 2.500795e-02
za20k = 2.673766e-01
za100k = 1.347264e+00
Doing analysis at TEMP = 27.000000 and TNOM = 27.000000

Using SPARSE 1.3 as Direct Linear Solver

No. of Data Rows : 81
z20                 =  1.69338e+03
z1k                 =  5.79369e+01
z20k                =  4.70500e+01
za20                =  3.01191e-02
za1k                =  3.55111e-02
za20k               =  3.78909e-01
za100k              =  1.82468e+00
MODE=3db
z20 = 1.693378e+03
z1k = 5.793686e+01
z20k = 4.704997e+01
za20 = 3.011911e-02
za1k = 3.551105e-02
za20k = 3.789087e-01
za100k = 1.824682e+00
Doing analysis at TEMP = 27.000000 and TNOM = 27.000000

Using SPARSE 1.3 as Direct Linear Solver

No. of Data Rows : 81
z20                 =  1.69338e+03
z1k                 =  5.79534e+01
z20k                =  4.71419e+01
za20                =  6.68140e-02
za1k                =  7.87809e-02
za20k               =  8.36797e-01
za100k              =  3.66035e+00
MODE=10db
z20 = 1.693379e+03
z1k = 5.795341e+01
z20k = 4.714190e+01
za20 = 6.681399e-02
za1k = 7.878087e-02
za20k = 8.367972e-01
za100k = 3.660351e+00
########## PSRR (input source silenced) ##########
Doing analysis at TEMP = 27.000000 and TNOM = 27.000000

Using SPARSE 1.3 as Direct Linear Solver

No. of Data Rows : 81
p100                =  5.77038e+01
p1k                 =  5.75970e+01
p10k                =  5.74996e+01
p100k               =  5.22519e+01
PSRR+ MODE=0db (dB, bigger is better)
p100 = 5.770384e+01
p1k = 5.759698e+01
p10k = 5.749964e+01
p100k = 5.225194e+01
Doing analysis at TEMP = 27.000000 and TNOM = 27.000000

Using SPARSE 1.3 as Direct Linear Solver

No. of Data Rows : 81
p100                =  5.46574e+01
p1k                 =  5.45506e+01
p10k                =  5.44577e+01
p100k               =  4.96171e+01
PSRR+ MODE=3db (dB, bigger is better)
p100 = 5.465740e+01
p1k = 5.455059e+01
p10k = 5.445772e+01
p100k = 4.961711e+01
Doing analysis at TEMP = 27.000000 and TNOM = 27.000000

Using SPARSE 1.3 as Direct Linear Solver

No. of Data Rows : 81
p100                =  4.77333e+01
p1k                 =  4.76266e+01
p10k                =  4.75441e+01
p100k               =  4.35700e+01
PSRR+ MODE=10db (dB, bigger is better)
p100 = 4.773332e+01
p1k = 4.762661e+01
p10k = 4.754406e+01
p100k = 4.356998e+01
########## PSRR from V- ##########
Doing analysis at TEMP = 27.000000 and TNOM = 27.000000

Using SPARSE 1.3 as Direct Linear Solver

No. of Data Rows : 81
p100                =  8.04574e+01
p1k                 =  9.48918e+01
p10k                =  9.03484e+01
p100k               =  6.50752e+01
PSRR- MODE=0db (dB, bigger is better)
p100 = 8.045738e+01
p1k = 9.489181e+01
p10k = 9.034841e+01
p100k = 6.507518e+01
Doing analysis at TEMP = 27.000000 and TNOM = 27.000000

Using SPARSE 1.3 as Direct Linear Solver

No. of Data Rows : 81
p100                =  7.74108e+01
p1k                 =  9.18392e+01
p10k                =  8.73001e+01
p100k               =  6.24357e+01
PSRR- MODE=3db (dB, bigger is better)
p100 = 7.741075e+01
p1k = 9.183919e+01
p10k = 8.730009e+01
p100k = 6.243572e+01
Doing analysis at TEMP = 27.000000 and TNOM = 27.000000

Using SPARSE 1.3 as Direct Linear Solver

No. of Data Rows : 81
p100                =  7.04860e+01
p1k                 =  8.48906e+01
p10k                =  8.03647e+01
p100k               =  5.63736e+01
PSRR- MODE=10db (dB, bigger is better)
p100 = 7.048595e+01
p1k = 8.489062e+01
p10k = 8.036471e+01
p100k = 5.637362e+01
########## output noise 20 Hz - 20 kHz ##########
Doing analysis at TEMP = 27.000000 and TNOM = 27.000000

Using SPARSE 1.3 as Direct Linear Solver

No. of Data Rows : 151

No. of Data Rows : 1
MODE=0db  RSRC=430 (phono cathode follower)
onoise_total = 1.246463e-06
inoise_total = 1.247840e-06
Doing analysis at TEMP = 27.000000 and TNOM = 27.000000

Using SPARSE 1.3 as Direct Linear Solver

No. of Data Rows : 151

No. of Data Rows : 1
MODE=3db  RSRC=430 (phono cathode follower)
onoise_total = 1.678840e-06
inoise_total = 1.184377e-06
Doing analysis at TEMP = 27.000000 and TNOM = 27.000000

Using SPARSE 1.3 as Direct Linear Solver

No. of Data Rows : 151

No. of Data Rows : 1
MODE=10db  RSRC=430 (phono cathode follower)
onoise_total = 3.446487e-06
inoise_total = 1.097530e-06
Doing analysis at TEMP = 27.000000 and TNOM = 27.000000

Using SPARSE 1.3 as Direct Linear Solver

No. of Data Rows : 151

No. of Data Rows : 1
RRG=1G  RSRC=1 ohm (intrinsic)
onoise_total = 1.188210e-06
inoise_total = 1.189013e-06
Doing analysis at TEMP = 27.000000 and TNOM = 27.000000

Using SPARSE 1.3 as Direct Linear Solver

No. of Data Rows : 151

No. of Data Rows : 1
RRG=0.1  RSRC=2500 (attenuator at mid-rotation, +10 dB) - WORST CASE
onoise_total = 4.315799e-06
inoise_total = 1.377199e-06
Note: Simulation executed from .control section 
