warning, model type mismatch in line
    q121a nmiri nmiri nme1 ls350
warning, model type mismatch in line
    q121b nhi nmiri nme2 ls350

Note: No compatibility mode selected!


Circuit: tb_loop_bufferfissa__g15_cf150p_cm470p_r1.69k.cir - l40 esplorazione da tb_loop_bufferfissa.cir, rg0l40 fb 0 7.87k; alter c137 = 150p; alter c124 = 470p; alter r128 = 1.69k

Warning: Model issue on line 122 :
  .model lsk489a njf(beta=2.2m betatce=-.5 rd=11 rs=30 lambda=4.3m vto=-1. ...
unrecognized parameter (isr) - ignored
unrecognized parameter (alpha) - ignored
unrecognized parameter (vk) - ignored
unrecognized parameter (mj) - ignored

 Capacitor: Fixed capacitor
     device                  c137
      model                     C
capacitance               1.5e-10

 Capacitor: Fixed capacitor
     device                  c124
      model                     C
capacitance               4.7e-10

 Resistor: Simple linear resistor
     device                  r128
      model                     R
 resistance                  1690

 Resistor: Simple linear resistor
     device                rg0l40
      model                     R
 resistance                  7870

Doing analysis at TEMP = 27.000000 and TNOM = 27.000000

Using SPARSE 1.3 as Direct Linear Solver

No. of Data Rows : 801
fcross              =  8.85155e+05
pmarg               =  7.20967e+01
tdc                 =  7.94778e+01
BUFFER FISSA  RLD=10k  pos=1  C=1f
fcross = 8.851548e+05
pmarg = 7.209666e+01
tdc = 7.947785e+01
Doing analysis at TEMP = 27.000000 and TNOM = 27.000000

Using SPARSE 1.3 as Direct Linear Solver

No. of Data Rows : 801
fcross              =  8.87132e+05
pmarg               =  7.18324e+01
tdc                 =  7.94778e+01
BUFFER FISSA  RLD=10k  pos=1  C=47p
fcross = 8.871325e+05
pmarg = 7.183241e+01
tdc = 7.947785e+01
Doing analysis at TEMP = 27.000000 and TNOM = 27.000000

Using SPARSE 1.3 as Direct Linear Solver

No. of Data Rows : 801
fcross              =  8.89257e+05
pmarg               =  7.15317e+01
tdc                 =  7.94779e+01
BUFFER FISSA  RLD=10k  pos=1  C=100p
fcross = 8.892572e+05
pmarg = 7.153171e+01
tdc = 7.947785e+01
Doing analysis at TEMP = 27.000000 and TNOM = 27.000000

Using SPARSE 1.3 as Direct Linear Solver

No. of Data Rows : 801
fcross              =  8.93677e+05
pmarg               =  7.08414e+01
tdc                 =  7.94779e+01
BUFFER FISSA  RLD=10k  pos=1  C=220p
fcross = 8.936774e+05
pmarg = 7.084140e+01
tdc = 7.947786e+01
Doing analysis at TEMP = 27.000000 and TNOM = 27.000000

Using SPARSE 1.3 as Direct Linear Solver

No. of Data Rows : 801
fcross              =  9.00644e+05
pmarg               =  6.93960e+01
tdc                 =  7.94779e+01
BUFFER FISSA  RLD=10k  pos=1  C=470p
fcross = 9.006443e+05
pmarg = 6.939602e+01
tdc = 7.947788e+01
Doing analysis at TEMP = 27.000000 and TNOM = 27.000000

Using SPARSE 1.3 as Direct Linear Solver

No. of Data Rows : 801
fcross              =  9.03576e+05
pmarg               =  6.65992e+01
tdc                 =  7.94779e+01
BUFFER FISSA  RLD=10k  pos=1  C=1n
fcross = 9.035760e+05
pmarg = 6.659921e+01
tdc = 7.947791e+01
Doing analysis at TEMP = 27.000000 and TNOM = 27.000000

Using SPARSE 1.3 as Direct Linear Solver

No. of Data Rows : 801
fcross              =  8.93326e+05
pmarg               =  6.46468e+01
tdc                 =  7.94779e+01
BUFFER FISSA  RLD=10k  pos=1  C=1.5n
fcross = 8.933256e+05
pmarg = 6.464681e+01
tdc = 7.947794e+01
Doing analysis at TEMP = 27.000000 and TNOM = 27.000000

Using SPARSE 1.3 as Direct Linear Solver

No. of Data Rows : 801
fcross              =  8.68333e+05
pmarg               =  6.31008e+01
tdc                 =  7.94780e+01
BUFFER FISSA  RLD=10k  pos=1  C=2.2n
fcross = 8.683330e+05
pmarg = 6.310085e+01
tdc = 7.947799e+01
Doing analysis at TEMP = 27.000000 and TNOM = 27.000000

Using SPARSE 1.3 as Direct Linear Solver

No. of Data Rows : 801
fcross              =  8.48807e+05
pmarg               =  6.26163e+01
tdc                 =  7.94780e+01
BUFFER FISSA  RLD=10k  pos=1  C=2.7n
fcross = 8.488071e+05
pmarg = 6.261628e+01
tdc = 7.947802e+01
Doing analysis at TEMP = 27.000000 and TNOM = 27.000000

Using SPARSE 1.3 as Direct Linear Solver

No. of Data Rows : 801
fcross              =  8.26848e+05
pmarg               =  6.24470e+01
tdc                 =  7.94781e+01
BUFFER FISSA  RLD=10k  pos=1  C=3.3n
fcross = 8.268480e+05
pmarg = 6.244705e+01
tdc = 7.947806e+01
Doing analysis at TEMP = 27.000000 and TNOM = 27.000000

Using SPARSE 1.3 as Direct Linear Solver

No. of Data Rows : 801
fcross              =  7.85868e+05
pmarg               =  6.28878e+01
tdc                 =  7.94781e+01
BUFFER FISSA  RLD=10k  pos=1  C=4.7n
fcross = 7.858682e+05
pmarg = 6.288780e+01
tdc = 7.947815e+01
Doing analysis at TEMP = 27.000000 and TNOM = 27.000000

Using SPARSE 1.3 as Direct Linear Solver

No. of Data Rows : 801
fcross              =  8.85155e+05
pmarg               =  7.20967e+01
tdc                 =  7.94778e+01
BUFFER FISSA  RLD=10k  pos=2  C=1f
fcross = 8.851548e+05
pmarg = 7.209666e+01
tdc = 7.947785e+01
Doing analysis at TEMP = 27.000000 and TNOM = 27.000000

Using SPARSE 1.3 as Direct Linear Solver

No. of Data Rows : 801
fcross              =  8.87198e+05
pmarg               =  7.18300e+01
tdc                 =  7.94778e+01
BUFFER FISSA  RLD=10k  pos=2  C=47p
fcross = 8.871984e+05
pmarg = 7.183002e+01
tdc = 7.947785e+01
Doing analysis at TEMP = 27.000000 and TNOM = 27.000000

Using SPARSE 1.3 as Direct Linear Solver

No. of Data Rows : 801
fcross              =  8.89513e+05
pmarg               =  7.15266e+01
tdc                 =  7.94778e+01
BUFFER FISSA  RLD=10k  pos=2  C=100p
fcross = 8.895134e+05
pmarg = 7.152661e+01
tdc = 7.947784e+01
Doing analysis at TEMP = 27.000000 and TNOM = 27.000000

Using SPARSE 1.3 as Direct Linear Solver

No. of Data Rows : 801
fcross              =  8.94887e+05
pmarg               =  7.08260e+01
tdc                 =  7.94778e+01
BUFFER FISSA  RLD=10k  pos=2  C=220p
fcross = 8.948874e+05
pmarg = 7.082597e+01
tdc = 7.947784e+01
Doing analysis at TEMP = 27.000000 and TNOM = 27.000000

Using SPARSE 1.3 as Direct Linear Solver

No. of Data Rows : 801
fcross              =  9.06367e+05
pmarg               =  6.93122e+01
tdc                 =  7.94778e+01
BUFFER FISSA  RLD=10k  pos=2  C=470p
fcross = 9.063666e+05
pmarg = 6.931220e+01
tdc = 7.947784e+01
Doing analysis at TEMP = 27.000000 and TNOM = 27.000000

Using SPARSE 1.3 as Direct Linear Solver

No. of Data Rows : 801
fcross              =  9.31993e+05
pmarg               =  6.58387e+01
tdc                 =  7.94778e+01
BUFFER FISSA  RLD=10k  pos=2  C=1n
fcross = 9.319931e+05
pmarg = 6.583866e+01
tdc = 7.947783e+01
Doing analysis at TEMP = 27.000000 and TNOM = 27.000000

Using SPARSE 1.3 as Direct Linear Solver

No. of Data Rows : 801
fcross              =  9.57815e+05
pmarg               =  6.21874e+01
tdc                 =  7.94778e+01
BUFFER FISSA  RLD=10k  pos=2  C=1.5n
fcross = 9.578152e+05
pmarg = 6.218738e+01
tdc = 7.947782e+01
Doing analysis at TEMP = 27.000000 and TNOM = 27.000000

Using SPARSE 1.3 as Direct Linear Solver

No. of Data Rows : 801
fcross              =  9.95630e+05
pmarg               =  5.64031e+01
tdc                 =  7.94778e+01
BUFFER FISSA  RLD=10k  pos=2  C=2.2n
fcross = 9.956301e+05
pmarg = 5.640308e+01
tdc = 7.947781e+01
Doing analysis at TEMP = 27.000000 and TNOM = 27.000000

Using SPARSE 1.3 as Direct Linear Solver

No. of Data Rows : 801
fcross              =  1.02219e+06
pmarg               =  5.18071e+01
tdc                 =  7.94778e+01
BUFFER FISSA  RLD=10k  pos=2  C=2.7n
fcross = 1.022189e+06
pmarg = 5.180707e+01
tdc = 7.947780e+01
Doing analysis at TEMP = 27.000000 and TNOM = 27.000000

Using SPARSE 1.3 as Direct Linear Solver

No. of Data Rows : 801
fcross              =  1.05027e+06
pmarg               =  4.59415e+01
tdc                 =  7.94778e+01
BUFFER FISSA  RLD=10k  pos=2  C=3.3n
fcross = 1.050274e+06
pmarg = 4.594152e+01
tdc = 7.947779e+01
Doing analysis at TEMP = 27.000000 and TNOM = 27.000000

Using SPARSE 1.3 as Direct Linear Solver

No. of Data Rows : 801
fcross              =  1.07647e+06
pmarg               =  3.31940e+01
tdc                 =  7.94778e+01
BUFFER FISSA  RLD=10k  pos=2  C=4.7n
fcross = 1.076472e+06
pmarg = 3.319398e+01
tdc = 7.947777e+01
Doing analysis at TEMP = 27.000000 and TNOM = 27.000000

Using SPARSE 1.3 as Direct Linear Solver

No. of Data Rows : 801
fcross              =  8.86297e+05
pmarg               =  7.21025e+01
tdc                 =  7.96399e+01
BUFFER FISSA  RLD=50k  pos=1  C=1f
fcross = 8.862974e+05
pmarg = 7.210250e+01
tdc = 7.963990e+01
Doing analysis at TEMP = 27.000000 and TNOM = 27.000000

Using SPARSE 1.3 as Direct Linear Solver

No. of Data Rows : 801
fcross              =  8.88300e+05
pmarg               =  7.18356e+01
tdc                 =  7.96399e+01
BUFFER FISSA  RLD=50k  pos=1  C=47p
fcross = 8.883000e+05
pmarg = 7.183557e+01
tdc = 7.963990e+01
Doing analysis at TEMP = 27.000000 and TNOM = 27.000000

Using SPARSE 1.3 as Direct Linear Solver

No. of Data Rows : 801
fcross              =  8.90451e+05
pmarg               =  7.15318e+01
tdc                 =  7.96399e+01
BUFFER FISSA  RLD=50k  pos=1  C=100p
fcross = 8.904512e+05
pmarg = 7.153176e+01
tdc = 7.963990e+01
Doing analysis at TEMP = 27.000000 and TNOM = 27.000000

Using SPARSE 1.3 as Direct Linear Solver

No. of Data Rows : 801
fcross              =  8.94957e+05
pmarg               =  7.08333e+01
tdc                 =  7.96399e+01
BUFFER FISSA  RLD=50k  pos=1  C=220p
fcross = 8.949567e+05
pmarg = 7.083325e+01
tdc = 7.963991e+01
Doing analysis at TEMP = 27.000000 and TNOM = 27.000000

Using SPARSE 1.3 as Direct Linear Solver

No. of Data Rows : 801
fcross              =  9.01999e+05
pmarg               =  6.93724e+01
tdc                 =  7.96399e+01
BUFFER FISSA  RLD=50k  pos=1  C=470p
fcross = 9.019986e+05
pmarg = 6.937241e+01
tdc = 7.963991e+01
Doing analysis at TEMP = 27.000000 and TNOM = 27.000000

Using SPARSE 1.3 as Direct Linear Solver

No. of Data Rows : 801
fcross              =  9.04886e+05
pmarg               =  6.65485e+01
tdc                 =  7.96399e+01
BUFFER FISSA  RLD=50k  pos=1  C=1n
fcross = 9.048859e+05
pmarg = 6.654850e+01
tdc = 7.963991e+01
Doing analysis at TEMP = 27.000000 and TNOM = 27.000000

Using SPARSE 1.3 as Direct Linear Solver

No. of Data Rows : 801
fcross              =  8.94409e+05
pmarg               =  6.45841e+01
tdc                 =  7.96399e+01
BUFFER FISSA  RLD=50k  pos=1  C=1.5n
fcross = 8.944086e+05
pmarg = 6.458409e+01
tdc = 7.963991e+01
Doing analysis at TEMP = 27.000000 and TNOM = 27.000000

Using SPARSE 1.3 as Direct Linear Solver

No. of Data Rows : 801
fcross              =  8.69018e+05
pmarg               =  6.30401e+01
tdc                 =  7.96399e+01
BUFFER FISSA  RLD=50k  pos=1  C=2.2n
fcross = 8.690177e+05
pmarg = 6.304007e+01
tdc = 7.963991e+01
Doing analysis at TEMP = 27.000000 and TNOM = 27.000000

Using SPARSE 1.3 as Direct Linear Solver

No. of Data Rows : 801
fcross              =  8.49279e+05
pmarg               =  6.25614e+01
tdc                 =  7.96399e+01
BUFFER FISSA  RLD=50k  pos=1  C=2.7n
fcross = 8.492791e+05
pmarg = 6.256140e+01
tdc = 7.963992e+01
Doing analysis at TEMP = 27.000000 and TNOM = 27.000000

Using SPARSE 1.3 as Direct Linear Solver

No. of Data Rows : 801
fcross              =  8.27139e+05
pmarg               =  6.24002e+01
tdc                 =  7.96399e+01
BUFFER FISSA  RLD=50k  pos=1  C=3.3n
fcross = 8.271388e+05
pmarg = 6.240016e+01
tdc = 7.963992e+01
Doing analysis at TEMP = 27.000000 and TNOM = 27.000000

Using SPARSE 1.3 as Direct Linear Solver

No. of Data Rows : 801
fcross              =  7.85937e+05
pmarg               =  6.28566e+01
tdc                 =  7.96399e+01
BUFFER FISSA  RLD=50k  pos=1  C=4.7n
fcross = 7.859370e+05
pmarg = 6.285662e+01
tdc = 7.963993e+01
Doing analysis at TEMP = 27.000000 and TNOM = 27.000000

Using SPARSE 1.3 as Direct Linear Solver

No. of Data Rows : 801
fcross              =  8.86297e+05
pmarg               =  7.21025e+01
tdc                 =  7.96399e+01
BUFFER FISSA  RLD=50k  pos=2  C=1f
fcross = 8.862974e+05
pmarg = 7.210250e+01
tdc = 7.963990e+01
Doing analysis at TEMP = 27.000000 and TNOM = 27.000000

Using SPARSE 1.3 as Direct Linear Solver

No. of Data Rows : 801
fcross              =  8.88351e+05
pmarg               =  7.18352e+01
tdc                 =  7.96399e+01
BUFFER FISSA  RLD=50k  pos=2  C=47p
fcross = 8.883513e+05
pmarg = 7.183518e+01
tdc = 7.963990e+01
Doing analysis at TEMP = 27.000000 and TNOM = 27.000000

Using SPARSE 1.3 as Direct Linear Solver

No. of Data Rows : 801
fcross              =  8.90678e+05
pmarg               =  7.15310e+01
tdc                 =  7.96399e+01
BUFFER FISSA  RLD=50k  pos=2  C=100p
fcross = 8.906782e+05
pmarg = 7.153097e+01
tdc = 7.963990e+01
Doing analysis at TEMP = 27.000000 and TNOM = 27.000000

Using SPARSE 1.3 as Direct Linear Solver

No. of Data Rows : 801
fcross              =  8.96111e+05
pmarg               =  7.08275e+01
tdc                 =  7.96399e+01
BUFFER FISSA  RLD=50k  pos=2  C=220p
fcross = 8.961106e+05
pmarg = 7.082753e+01
tdc = 7.963990e+01
Doing analysis at TEMP = 27.000000 and TNOM = 27.000000

Using SPARSE 1.3 as Direct Linear Solver

No. of Data Rows : 801
fcross              =  9.07652e+05
pmarg               =  6.93093e+01
tdc                 =  7.96399e+01
BUFFER FISSA  RLD=50k  pos=2  C=470p
fcross = 9.076524e+05
pmarg = 6.930934e+01
tdc = 7.963990e+01
Doing analysis at TEMP = 27.000000 and TNOM = 27.000000

Using SPARSE 1.3 as Direct Linear Solver

No. of Data Rows : 801
fcross              =  9.33474e+05
pmarg               =  6.58227e+01
tdc                 =  7.96399e+01
BUFFER FISSA  RLD=50k  pos=2  C=1n
fcross = 9.334737e+05
pmarg = 6.582266e+01
tdc = 7.963989e+01
Doing analysis at TEMP = 27.000000 and TNOM = 27.000000

Using SPARSE 1.3 as Direct Linear Solver

No. of Data Rows : 801
fcross              =  9.59560e+05
pmarg               =  6.21527e+01
tdc                 =  7.96399e+01
BUFFER FISSA  RLD=50k  pos=2  C=1.5n
fcross = 9.595601e+05
pmarg = 6.215270e+01
tdc = 7.963988e+01
Doing analysis at TEMP = 27.000000 and TNOM = 27.000000

Using SPARSE 1.3 as Direct Linear Solver

No. of Data Rows : 801
fcross              =  9.97719e+05
pmarg               =  5.63366e+01
tdc                 =  7.96399e+01
BUFFER FISSA  RLD=50k  pos=2  C=2.2n
fcross = 9.977189e+05
pmarg = 5.633662e+01
tdc = 7.963987e+01
Doing analysis at TEMP = 27.000000 and TNOM = 27.000000

Using SPARSE 1.3 as Direct Linear Solver

No. of Data Rows : 801
fcross              =  1.02461e+06
pmarg               =  5.17064e+01
tdc                 =  7.96399e+01
BUFFER FISSA  RLD=50k  pos=2  C=2.7n
fcross = 1.024611e+06
pmarg = 5.170641e+01
tdc = 7.963986e+01
Doing analysis at TEMP = 27.000000 and TNOM = 27.000000

Using SPARSE 1.3 as Direct Linear Solver

No. of Data Rows : 801
fcross              =  1.05303e+06
pmarg               =  4.57944e+01
tdc                 =  7.96399e+01
BUFFER FISSA  RLD=50k  pos=2  C=3.3n
fcross = 1.053029e+06
pmarg = 4.579441e+01
tdc = 7.963985e+01
Doing analysis at TEMP = 27.000000 and TNOM = 27.000000

Using SPARSE 1.3 as Direct Linear Solver

No. of Data Rows : 801
fcross              =  1.07915e+06
pmarg               =  3.29824e+01
tdc                 =  7.96398e+01
BUFFER FISSA  RLD=50k  pos=2  C=4.7n
fcross = 1.079148e+06
pmarg = 3.298235e+01
tdc = 7.963983e+01
Note: Simulation executed from .control section 
