warning, model type mismatch in line
    q121a nmiri nmiri nme1 ls350
warning, model type mismatch in line
    q121b nhi nmiri nme2 ls350

Note: No compatibility mode selected!


Circuit: tb_loop_bufferfissa.cir - loop gain of a fixed-output buffer (l17, adr-023)

Doing analysis at TEMP = 27.000000 and TNOM = 27.000000

Using SPARSE 1.3 as Direct Linear Solver

No. of Data Rows : 801
fcross              =  1.00111e+06
pmarg               =  6.93126e+01
tdc                 =  7.22982e+01
BUFFER FISSA  RLD=10k  pos=1  C=1f
fcross = 1.001110e+06
pmarg = 6.931263e+01
tdc = 7.229819e+01
Doing analysis at TEMP = 27.000000 and TNOM = 27.000000

Using SPARSE 1.3 as Direct Linear Solver

No. of Data Rows : 801
fcross              =  1.00252e+06
pmarg               =  6.90522e+01
tdc                 =  7.22982e+01
BUFFER FISSA  RLD=10k  pos=1  C=47p
fcross = 1.002524e+06
pmarg = 6.905222e+01
tdc = 7.229819e+01
Doing analysis at TEMP = 27.000000 and TNOM = 27.000000

Using SPARSE 1.3 as Direct Linear Solver

No. of Data Rows : 801
fcross              =  1.00396e+06
pmarg               =  6.87580e+01
tdc                 =  7.22982e+01
BUFFER FISSA  RLD=10k  pos=1  C=100p
fcross = 1.003962e+06
pmarg = 6.875797e+01
tdc = 7.229819e+01
Doing analysis at TEMP = 27.000000 and TNOM = 27.000000

Using SPARSE 1.3 as Direct Linear Solver

No. of Data Rows : 801
fcross              =  1.00657e+06
pmarg               =  6.80933e+01
tdc                 =  7.22982e+01
BUFFER FISSA  RLD=10k  pos=1  C=220p
fcross = 1.006571e+06
pmarg = 6.809330e+01
tdc = 7.229820e+01
Doing analysis at TEMP = 27.000000 and TNOM = 27.000000

Using SPARSE 1.3 as Direct Linear Solver

No. of Data Rows : 801
fcross              =  1.00898e+06
pmarg               =  6.67486e+01
tdc                 =  7.22982e+01
BUFFER FISSA  RLD=10k  pos=1  C=470p
fcross = 1.008977e+06
pmarg = 6.674861e+01
tdc = 7.229821e+01
Doing analysis at TEMP = 27.000000 and TNOM = 27.000000

Using SPARSE 1.3 as Direct Linear Solver

No. of Data Rows : 801
fcross              =  1.00115e+06
pmarg               =  6.43402e+01
tdc                 =  7.22982e+01
BUFFER FISSA  RLD=10k  pos=1  C=1n
fcross = 1.001154e+06
pmarg = 6.434015e+01
tdc = 7.229823e+01
Doing analysis at TEMP = 27.000000 and TNOM = 27.000000

Using SPARSE 1.3 as Direct Linear Solver

No. of Data Rows : 801
fcross              =  9.51835e+05
pmarg               =  6.17834e+01
tdc                 =  7.22983e+01
BUFFER FISSA  RLD=10k  pos=1  C=2.2n
fcross = 9.518345e+05
pmarg = 6.178338e+01
tdc = 7.229828e+01
Doing analysis at TEMP = 27.000000 and TNOM = 27.000000

Using SPARSE 1.3 as Direct Linear Solver

No. of Data Rows : 801
fcross              =  8.68835e+05
pmarg               =  6.22729e+01
tdc                 =  7.22984e+01
BUFFER FISSA  RLD=10k  pos=1  C=4.7n
fcross = 8.688346e+05
pmarg = 6.227292e+01
tdc = 7.229839e+01
Doing analysis at TEMP = 27.000000 and TNOM = 27.000000

Using SPARSE 1.3 as Direct Linear Solver

No. of Data Rows : 801
fcross              =  1.00111e+06
pmarg               =  6.93126e+01
tdc                 =  7.22982e+01
BUFFER FISSA  RLD=10k  pos=2  C=1f
fcross = 1.001110e+06
pmarg = 6.931263e+01
tdc = 7.229819e+01
Doing analysis at TEMP = 27.000000 and TNOM = 27.000000

Using SPARSE 1.3 as Direct Linear Solver

No. of Data Rows : 801
fcross              =  1.00260e+06
pmarg               =  6.90495e+01
tdc                 =  7.22982e+01
BUFFER FISSA  RLD=10k  pos=2  C=47p
fcross = 1.002599e+06
pmarg = 6.904951e+01
tdc = 7.229819e+01
Doing analysis at TEMP = 27.000000 and TNOM = 27.000000

Using SPARSE 1.3 as Direct Linear Solver

No. of Data Rows : 801
fcross              =  1.00427e+06
pmarg               =  6.87513e+01
tdc                 =  7.22982e+01
BUFFER FISSA  RLD=10k  pos=2  C=100p
fcross = 1.004270e+06
pmarg = 6.875131e+01
tdc = 7.229819e+01
Doing analysis at TEMP = 27.000000 and TNOM = 27.000000

Using SPARSE 1.3 as Direct Linear Solver

No. of Data Rows : 801
fcross              =  1.00802e+06
pmarg               =  6.80703e+01
tdc                 =  7.22982e+01
BUFFER FISSA  RLD=10k  pos=2  C=220p
fcross = 1.008020e+06
pmarg = 6.807034e+01
tdc = 7.229819e+01
Doing analysis at TEMP = 27.000000 and TNOM = 27.000000

Using SPARSE 1.3 as Direct Linear Solver

No. of Data Rows : 801
fcross              =  1.01566e+06
pmarg               =  6.66266e+01
tdc                 =  7.22982e+01
BUFFER FISSA  RLD=10k  pos=2  C=470p
fcross = 1.015661e+06
pmarg = 6.662657e+01
tdc = 7.229819e+01
Doing analysis at TEMP = 27.000000 and TNOM = 27.000000

Using SPARSE 1.3 as Direct Linear Solver

No. of Data Rows : 801
fcross              =  1.03109e+06
pmarg               =  6.34565e+01
tdc                 =  7.22982e+01
BUFFER FISSA  RLD=10k  pos=2  C=1n
fcross = 1.031094e+06
pmarg = 6.345655e+01
tdc = 7.229819e+01
Doing analysis at TEMP = 27.000000 and TNOM = 27.000000

Using SPARSE 1.3 as Direct Linear Solver

No. of Data Rows : 801
fcross              =  1.05917e+06
pmarg               =  5.58821e+01
tdc                 =  7.22982e+01
BUFFER FISSA  RLD=10k  pos=2  C=2.2n
fcross = 1.059167e+06
pmarg = 5.588207e+01
tdc = 7.229818e+01
Doing analysis at TEMP = 27.000000 and TNOM = 27.000000

Using SPARSE 1.3 as Direct Linear Solver

No. of Data Rows : 801
fcross              =  1.06224e+06
pmarg               =  4.09785e+01
tdc                 =  7.22982e+01
BUFFER FISSA  RLD=10k  pos=2  C=4.7n
fcross = 1.062238e+06
pmarg = 4.097847e+01
tdc = 7.229817e+01
Doing analysis at TEMP = 27.000000 and TNOM = 27.000000

Using SPARSE 1.3 as Direct Linear Solver

No. of Data Rows : 801
fcross              =  1.00229e+06
pmarg               =  6.93106e+01
tdc                 =  7.23894e+01
BUFFER FISSA  RLD=50k  pos=1  C=1f
fcross = 1.002286e+06
pmarg = 6.931058e+01
tdc = 7.238940e+01
Doing analysis at TEMP = 27.000000 and TNOM = 27.000000

Using SPARSE 1.3 as Direct Linear Solver

No. of Data Rows : 801
fcross              =  1.00372e+06
pmarg               =  6.90476e+01
tdc                 =  7.23894e+01
BUFFER FISSA  RLD=50k  pos=1  C=47p
fcross = 1.003717e+06
pmarg = 6.904758e+01
tdc = 7.238940e+01
Doing analysis at TEMP = 27.000000 and TNOM = 27.000000

Using SPARSE 1.3 as Direct Linear Solver

No. of Data Rows : 801
fcross              =  1.00517e+06
pmarg               =  6.87504e+01
tdc                 =  7.23894e+01
BUFFER FISSA  RLD=50k  pos=1  C=100p
fcross = 1.005172e+06
pmarg = 6.875039e+01
tdc = 7.238940e+01
Doing analysis at TEMP = 27.000000 and TNOM = 27.000000

Using SPARSE 1.3 as Direct Linear Solver

No. of Data Rows : 801
fcross              =  1.00781e+06
pmarg               =  6.80790e+01
tdc                 =  7.23894e+01
BUFFER FISSA  RLD=50k  pos=1  C=220p
fcross = 1.007809e+06
pmarg = 6.807904e+01
tdc = 7.238940e+01
Doing analysis at TEMP = 27.000000 and TNOM = 27.000000

Using SPARSE 1.3 as Direct Linear Solver

No. of Data Rows : 801
fcross              =  1.01023e+06
pmarg               =  6.67211e+01
tdc                 =  7.23894e+01
BUFFER FISSA  RLD=50k  pos=1  C=470p
fcross = 1.010225e+06
pmarg = 6.672113e+01
tdc = 7.238940e+01
Doing analysis at TEMP = 27.000000 and TNOM = 27.000000

Using SPARSE 1.3 as Direct Linear Solver

No. of Data Rows : 801
fcross              =  1.00223e+06
pmarg               =  6.42930e+01
tdc                 =  7.23894e+01
BUFFER FISSA  RLD=50k  pos=1  C=1n
fcross = 1.002233e+06
pmarg = 6.429305e+01
tdc = 7.238941e+01
Doing analysis at TEMP = 27.000000 and TNOM = 27.000000

Using SPARSE 1.3 as Direct Linear Solver

No. of Data Rows : 801
fcross              =  9.52268e+05
pmarg               =  6.17351e+01
tdc                 =  7.23894e+01
BUFFER FISSA  RLD=50k  pos=1  C=2.2n
fcross = 9.522682e+05
pmarg = 6.173513e+01
tdc = 7.238942e+01
Doing analysis at TEMP = 27.000000 and TNOM = 27.000000

Using SPARSE 1.3 as Direct Linear Solver

No. of Data Rows : 801
fcross              =  8.68815e+05
pmarg               =  6.22503e+01
tdc                 =  7.23894e+01
BUFFER FISSA  RLD=50k  pos=1  C=4.7n
fcross = 8.688153e+05
pmarg = 6.225026e+01
tdc = 7.238944e+01
Doing analysis at TEMP = 27.000000 and TNOM = 27.000000

Using SPARSE 1.3 as Direct Linear Solver

No. of Data Rows : 801
fcross              =  1.00229e+06
pmarg               =  6.93106e+01
tdc                 =  7.23894e+01
BUFFER FISSA  RLD=50k  pos=2  C=1f
fcross = 1.002286e+06
pmarg = 6.931058e+01
tdc = 7.238940e+01
Doing analysis at TEMP = 27.000000 and TNOM = 27.000000

Using SPARSE 1.3 as Direct Linear Solver

No. of Data Rows : 801
fcross              =  1.00378e+06
pmarg               =  6.90468e+01
tdc                 =  7.23894e+01
BUFFER FISSA  RLD=50k  pos=2  C=47p
fcross = 1.003782e+06
pmarg = 6.904684e+01
tdc = 7.238940e+01
Doing analysis at TEMP = 27.000000 and TNOM = 27.000000

Using SPARSE 1.3 as Direct Linear Solver

No. of Data Rows : 801
fcross              =  1.00546e+06
pmarg               =  6.87479e+01
tdc                 =  7.23894e+01
BUFFER FISSA  RLD=50k  pos=2  C=100p
fcross = 1.005461e+06
pmarg = 6.874792e+01
tdc = 7.238940e+01
Doing analysis at TEMP = 27.000000 and TNOM = 27.000000

Using SPARSE 1.3 as Direct Linear Solver

No. of Data Rows : 801
fcross              =  1.00923e+06
pmarg               =  6.80653e+01
tdc                 =  7.23894e+01
BUFFER FISSA  RLD=50k  pos=2  C=220p
fcross = 1.009228e+06
pmarg = 6.806530e+01
tdc = 7.238940e+01
Doing analysis at TEMP = 27.000000 and TNOM = 27.000000

Using SPARSE 1.3 as Direct Linear Solver

No. of Data Rows : 801
fcross              =  1.01691e+06
pmarg               =  6.66179e+01
tdc                 =  7.23894e+01
BUFFER FISSA  RLD=50k  pos=2  C=470p
fcross = 1.016906e+06
pmarg = 6.661790e+01
tdc = 7.238940e+01
Doing analysis at TEMP = 27.000000 and TNOM = 27.000000

Using SPARSE 1.3 as Direct Linear Solver

No. of Data Rows : 801
fcross              =  1.03245e+06
pmarg               =  6.34384e+01
tdc                 =  7.23894e+01
BUFFER FISSA  RLD=50k  pos=2  C=1n
fcross = 1.032453e+06
pmarg = 6.343841e+01
tdc = 7.238940e+01
Doing analysis at TEMP = 27.000000 and TNOM = 27.000000

Using SPARSE 1.3 as Direct Linear Solver

No. of Data Rows : 801
fcross              =  1.06072e+06
pmarg               =  5.58392e+01
tdc                 =  7.23894e+01
BUFFER FISSA  RLD=50k  pos=2  C=2.2n
fcross = 1.060720e+06
pmarg = 5.583920e+01
tdc = 7.238939e+01
Doing analysis at TEMP = 27.000000 and TNOM = 27.000000

Using SPARSE 1.3 as Direct Linear Solver

No. of Data Rows : 801
fcross              =  1.06375e+06
pmarg               =  4.08920e+01
tdc                 =  7.23894e+01
BUFFER FISSA  RLD=50k  pos=2  C=4.7n
fcross = 1.063754e+06
pmarg = 4.089203e+01
tdc = 7.238938e+01
Note: Simulation executed from .control section 
