warning, model type mismatch in line
    q121a nmiri nmiri nme1 ls350
warning, model type mismatch in line
    q121b nhi nmiri nme2 ls350
warning, model type mismatch in line
    q121a nmiri nmiri nme1 ls350
warning, model type mismatch in line
    q121b nhi nmiri nme2 ls350

Note: No compatibility mode selected!


Circuit: tb_idss_blocka.cir - l46a (variante vas56_cm390p, da l40/idss_istanze.py): v1 del blocco a al variare di i_dss nel gruppo b (adr-031), altermod su lsk489a; circuito di tb_loop_blocka.cir, generato da idss_istanze.py

Warning: Model issue on line 122 :
  .model lsk489a njf(beta=2.2m betatce=-.5 rd=11 rs=30 lambda=4.3m vto=-1. ...
unrecognized parameter (isr) - ignored
unrecognized parameter (alpha) - ignored
unrecognized parameter (vk) - ignored
unrecognized parameter (mj) - ignored

=== variante a_come_e ===
 JFET models (Junction Field effect transistor)
      model               lsk489a

        vto                 -1.13
       beta                0.0022
     lambda                0.0043

Doing analysis at TEMP = 27.000000 and TNOM = 27.000000

Using SPARSE 1.3 as Direct Linear Solver

No. of Data Rows : 801
fcross              =  1.14049e+06
pmarg               =  7.21937e+01
tdc                 =  7.86731e+01
Doing analysis at TEMP = 27.000000 and TNOM = 27.000000

Using SPARSE 1.3 as Direct Linear Solver

No. of Data Rows : 801
fcross              =  1.14316e+06
pmarg               =  7.18895e+01
tdc                 =  7.86731e+01
Doing analysis at TEMP = 27.000000 and TNOM = 27.000000

Using SPARSE 1.3 as Direct Linear Solver

No. of Data Rows : 801
fcross              =  1.14618e+06
pmarg               =  7.15433e+01
tdc                 =  7.86731e+01
Doing analysis at TEMP = 27.000000 and TNOM = 27.000000

Using SPARSE 1.3 as Direct Linear Solver

No. of Data Rows : 801
fcross              =  1.15318e+06
pmarg               =  7.07441e+01
tdc                 =  7.86731e+01
Doing analysis at TEMP = 27.000000 and TNOM = 27.000000

Using SPARSE 1.3 as Direct Linear Solver

No. of Data Rows : 801
fcross              =  1.16798e+06
pmarg               =  6.90166e+01
tdc                 =  7.86731e+01
Doing analysis at TEMP = 27.000000 and TNOM = 27.000000

Using SPARSE 1.3 as Direct Linear Solver

No. of Data Rows : 801
fcross              =  1.20028e+06
pmarg               =  6.50543e+01
tdc                 =  7.86731e+01
Doing analysis at TEMP = 27.000000 and TNOM = 27.000000

Using SPARSE 1.3 as Direct Linear Solver

No. of Data Rows : 801
fcross              =  1.14045e+06
pmarg               =  7.20402e+01
tdc                 =  7.86731e+01
Doing analysis at TEMP = 27.000000 and TNOM = 27.000000

Using SPARSE 1.3 as Direct Linear Solver

No. of Data Rows : 801
fcross              =  1.14312e+06
pmarg               =  7.17357e+01
tdc                 =  7.86731e+01
Doing analysis at TEMP = 27.000000 and TNOM = 27.000000

Using SPARSE 1.3 as Direct Linear Solver

No. of Data Rows : 801
fcross              =  1.14614e+06
pmarg               =  7.13891e+01
tdc                 =  7.86731e+01
Doing analysis at TEMP = 27.000000 and TNOM = 27.000000

Using SPARSE 1.3 as Direct Linear Solver

No. of Data Rows : 801
fcross              =  1.15314e+06
pmarg               =  7.05890e+01
tdc                 =  7.86731e+01
Doing analysis at TEMP = 27.000000 and TNOM = 27.000000

Using SPARSE 1.3 as Direct Linear Solver

No. of Data Rows : 801
fcross              =  1.16794e+06
pmarg               =  6.88596e+01
tdc                 =  7.86731e+01
Doing analysis at TEMP = 27.000000 and TNOM = 27.000000

Using SPARSE 1.3 as Direct Linear Solver

No. of Data Rows : 801
fcross              =  1.20023e+06
pmarg               =  6.48932e+01
tdc                 =  7.86731e+01
Doing analysis at TEMP = 27.000000 and TNOM = 27.000000

Using SPARSE 1.3 as Direct Linear Solver

No. of Data Rows : 801
fcross              =  1.13949e+06
pmarg               =  7.22119e+01
tdc                 =  7.86040e+01
Doing analysis at TEMP = 27.000000 and TNOM = 27.000000

Using SPARSE 1.3 as Direct Linear Solver

No. of Data Rows : 801
fcross              =  1.14215e+06
pmarg               =  7.19085e+01
tdc                 =  7.86040e+01
Doing analysis at TEMP = 27.000000 and TNOM = 27.000000

Using SPARSE 1.3 as Direct Linear Solver

No. of Data Rows : 801
fcross              =  1.14516e+06
pmarg               =  7.15629e+01
tdc                 =  7.86040e+01
Doing analysis at TEMP = 27.000000 and TNOM = 27.000000

Using SPARSE 1.3 as Direct Linear Solver

No. of Data Rows : 801
fcross              =  1.15211e+06
pmarg               =  7.07660e+01
tdc                 =  7.86040e+01
Doing analysis at TEMP = 27.000000 and TNOM = 27.000000

Using SPARSE 1.3 as Direct Linear Solver

No. of Data Rows : 801
fcross              =  1.16686e+06
pmarg               =  6.90426e+01
tdc                 =  7.86040e+01
Doing analysis at TEMP = 27.000000 and TNOM = 27.000000

Using SPARSE 1.3 as Direct Linear Solver

No. of Data Rows : 801
fcross              =  1.19902e+06
pmarg               =  6.50913e+01
tdc                 =  7.86040e+01
Doing analysis at TEMP = 27.000000 and TNOM = 27.000000

Using SPARSE 1.3 as Direct Linear Solver

No. of Data Rows : 801
fcross              =  1.13945e+06
pmarg               =  7.20586e+01
tdc                 =  7.86040e+01
Doing analysis at TEMP = 27.000000 and TNOM = 27.000000

Using SPARSE 1.3 as Direct Linear Solver

No. of Data Rows : 801
fcross              =  1.14211e+06
pmarg               =  7.17548e+01
tdc                 =  7.86040e+01
Doing analysis at TEMP = 27.000000 and TNOM = 27.000000

Using SPARSE 1.3 as Direct Linear Solver

No. of Data Rows : 801
fcross              =  1.14512e+06
pmarg               =  7.14089e+01
tdc                 =  7.86040e+01
Doing analysis at TEMP = 27.000000 and TNOM = 27.000000

Using SPARSE 1.3 as Direct Linear Solver
 Reference value :  2.63027e+02
No. of Data Rows : 801
fcross              =  1.15207e+06
pmarg               =  7.06111e+01
tdc                 =  7.86040e+01
Doing analysis at TEMP = 27.000000 and TNOM = 27.000000

Using SPARSE 1.3 as Direct Linear Solver

No. of Data Rows : 801
fcross              =  1.16682e+06
pmarg               =  6.88857e+01
tdc                 =  7.86040e+01
Doing analysis at TEMP = 27.000000 and TNOM = 27.000000

Using SPARSE 1.3 as Direct Linear Solver

No. of Data Rows : 801
fcross              =  1.19897e+06
pmarg               =  6.49304e+01
tdc                 =  7.86040e+01
=== variante b_min ===
 JFET models (Junction Field effect transistor)
      model               lsk489a

        vto                -2.086
       beta                0.0022
     lambda                0.0043

Doing analysis at TEMP = 27.000000 and TNOM = 27.000000

Using SPARSE 1.3 as Direct Linear Solver

No. of Data Rows : 801
fcross              =  1.13952e+06
pmarg               =  7.22147e+01
tdc                 =  7.86619e+01
Doing analysis at TEMP = 27.000000 and TNOM = 27.000000

Using SPARSE 1.3 as Direct Linear Solver

No. of Data Rows : 801
fcross              =  1.14219e+06
pmarg               =  7.19110e+01
tdc                 =  7.86619e+01
Doing analysis at TEMP = 27.000000 and TNOM = 27.000000

Using SPARSE 1.3 as Direct Linear Solver

No. of Data Rows : 801
fcross              =  1.14521e+06
pmarg               =  7.15653e+01
tdc                 =  7.86619e+01
Doing analysis at TEMP = 27.000000 and TNOM = 27.000000

Using SPARSE 1.3 as Direct Linear Solver

No. of Data Rows : 801
fcross              =  1.15218e+06
pmarg               =  7.07679e+01
tdc                 =  7.86619e+01
Doing analysis at TEMP = 27.000000 and TNOM = 27.000000

Using SPARSE 1.3 as Direct Linear Solver

No. of Data Rows : 801
fcross              =  1.16698e+06
pmarg               =  6.90434e+01
tdc                 =  7.86619e+01
Doing analysis at TEMP = 27.000000 and TNOM = 27.000000

Using SPARSE 1.3 as Direct Linear Solver

No. of Data Rows : 801
fcross              =  1.19924e+06
Note: Starting dynamic gmin stepping
Warning: Dynamic gmin stepping failed
Note: Starting true gmin stepping
Warning: True gmin stepping failed
Note: Starting source stepping
Note: Source stepping completed
pmarg               =  6.50888e+01
tdc                 =  7.86618e+01
Doing analysis at TEMP = 27.000000 and TNOM = 27.000000

Using SPARSE 1.3 as Direct Linear Solver

No. of Data Rows : 801
fcross              =  1.13950e+06
pmarg               =  7.21049e+01
tdc                 =  7.86618e+01
Doing analysis at TEMP = 27.000000 and TNOM = 27.000000

Using SPARSE 1.3 as Direct Linear Solver

No. of Data Rows : 801
fcross              =  1.14217e+06
pmarg               =  7.18015e+01
tdc                 =  7.86619e+01
Doing analysis at TEMP = 27.000000 and TNOM = 27.000000

Using SPARSE 1.3 as Direct Linear Solver

No. of Data Rows : 801
fcross              =  1.14519e+06
pmarg               =  7.14555e+01
tdc                 =  7.86619e+01
Doing analysis at TEMP = 27.000000 and TNOM = 27.000000

Using SPARSE 1.3 as Direct Linear Solver

No. of Data Rows : 801
fcross              =  1.15215e+06
pmarg               =  7.06575e+01
tdc                 =  7.86619e+01
Doing analysis at TEMP = 27.000000 and TNOM = 27.000000

Using SPARSE 1.3 as Direct Linear Solver

No. of Data Rows : 801
fcross              =  1.16695e+06
pmarg               =  6.89316e+01
tdc                 =  7.86619e+01
Doing analysis at TEMP = 27.000000 and TNOM = 27.000000

Using SPARSE 1.3 as Direct Linear Solver

No. of Data Rows : 801
fcross              =  1.19921e+06
Note: Starting dynamic gmin stepping
Note: Dynamic gmin stepping completed
pmarg               =  6.49740e+01
tdc                 =  7.86618e+01
Doing analysis at TEMP = 27.000000 and TNOM = 27.000000

Using SPARSE 1.3 as Direct Linear Solver

No. of Data Rows : 801
fcross              =  1.13859e+06
pmarg               =  7.22293e+01
tdc                 =  7.85927e+01
Doing analysis at TEMP = 27.000000 and TNOM = 27.000000

Using SPARSE 1.3 as Direct Linear Solver

No. of Data Rows : 801
fcross              =  1.14125e+06
pmarg               =  7.19262e+01
tdc                 =  7.85927e+01
Doing analysis at TEMP = 27.000000 and TNOM = 27.000000

Using SPARSE 1.3 as Direct Linear Solver

No. of Data Rows : 801
fcross              =  1.14426e+06
pmarg               =  7.15812e+01
tdc                 =  7.85927e+01
Doing analysis at TEMP = 27.000000 and TNOM = 27.000000

Using SPARSE 1.3 as Direct Linear Solver

No. of Data Rows : 801
fcross              =  1.15118e+06
pmarg               =  7.07859e+01
tdc                 =  7.85927e+01
Doing analysis at TEMP = 27.000000 and TNOM = 27.000000

Using SPARSE 1.3 as Direct Linear Solver
 Reference value :  7.24436e+05
No. of Data Rows : 801
fcross              =  1.16593e+06
pmarg               =  6.90650e+01
tdc                 =  7.85927e+01
Doing analysis at TEMP = 27.000000 and TNOM = 27.000000

Using SPARSE 1.3 as Direct Linear Solver

No. of Data Rows : 801
fcross              =  1.19806e+06
pmarg               =  6.51205e+01
tdc                 =  7.85927e+01
Doing analysis at TEMP = 27.000000 and TNOM = 27.000000

Using SPARSE 1.3 as Direct Linear Solver

No. of Data Rows : 801
fcross              =  1.13856e+06
pmarg               =  7.21200e+01
tdc                 =  7.85927e+01
Doing analysis at TEMP = 27.000000 and TNOM = 27.000000

Using SPARSE 1.3 as Direct Linear Solver

No. of Data Rows : 801
fcross              =  1.14122e+06
pmarg               =  7.18167e+01
tdc                 =  7.85927e+01
Doing analysis at TEMP = 27.000000 and TNOM = 27.000000

Using SPARSE 1.3 as Direct Linear Solver

No. of Data Rows : 801
fcross              =  1.14423e+06
pmarg               =  7.14715e+01
tdc                 =  7.85927e+01
Doing analysis at TEMP = 27.000000 and TNOM = 27.000000

Using SPARSE 1.3 as Direct Linear Solver

No. of Data Rows : 801
fcross              =  1.15115e+06
pmarg               =  7.06755e+01
tdc                 =  7.85927e+01
Doing analysis at TEMP = 27.000000 and TNOM = 27.000000

Using SPARSE 1.3 as Direct Linear Solver

No. of Data Rows : 801
fcross              =  1.16590e+06
pmarg               =  6.89533e+01
tdc                 =  7.85927e+01
Doing analysis at TEMP = 27.000000 and TNOM = 27.000000

Using SPARSE 1.3 as Direct Linear Solver

No. of Data Rows : 801
fcross              =  1.19803e+06
Note: Starting dynamic gmin stepping
Note: Dynamic gmin stepping completed
pmarg               =  6.50058e+01
tdc                 =  7.85927e+01
=== variante b_tip ===
 JFET models (Junction Field effect transistor)
      model               lsk489a

        vto                -2.557
       beta                0.0022
     lambda                0.0043

Doing analysis at TEMP = 27.000000 and TNOM = 27.000000

Using SPARSE 1.3 as Direct Linear Solver

No. of Data Rows : 801
fcross              =  1.13894e+06
Note: Starting dynamic gmin stepping
Note: Dynamic gmin stepping completed
pmarg               =  7.22252e+01
tdc                 =  7.86563e+01
Doing analysis at TEMP = 27.000000 and TNOM = 27.000000

Using SPARSE 1.3 as Direct Linear Solver

No. of Data Rows : 801
fcross              =  1.14161e+06
Note: Starting dynamic gmin stepping
Note: Dynamic gmin stepping completed
pmarg               =  7.19218e+01
tdc                 =  7.86563e+01
Doing analysis at TEMP = 27.000000 and TNOM = 27.000000

Using SPARSE 1.3 as Direct Linear Solver

No. of Data Rows : 801
fcross              =  1.14463e+06
Note: Starting dynamic gmin stepping
Note: Dynamic gmin stepping completed
pmarg               =  7.15764e+01
tdc                 =  7.86563e+01
Doing analysis at TEMP = 27.000000 and TNOM = 27.000000

Using SPARSE 1.3 as Direct Linear Solver

No. of Data Rows : 801
fcross              =  1.15157e+06
Note: Starting dynamic gmin stepping
Note: Dynamic gmin stepping completed
pmarg               =  7.07799e+01
tdc                 =  7.86563e+01
Doing analysis at TEMP = 27.000000 and TNOM = 27.000000

Using SPARSE 1.3 as Direct Linear Solver

No. of Data Rows : 801
fcross              =  1.16636e+06
Note: Starting dynamic gmin stepping
Note: Dynamic gmin stepping completed
pmarg               =  6.90568e+01
tdc                 =  7.86563e+01
Doing analysis at TEMP = 27.000000 and TNOM = 27.000000

Using SPARSE 1.3 as Direct Linear Solver

No. of Data Rows : 801
fcross              =  1.19858e+06
Note: Starting dynamic gmin stepping
Warning: Dynamic gmin stepping failed
Note: Starting true gmin stepping
Warning: True gmin stepping failed
Note: Starting source stepping
Note: Source stepping completed
pmarg               =  6.51062e+01
tdc                 =  7.86563e+01
Doing analysis at TEMP = 27.000000 and TNOM = 27.000000

Using SPARSE 1.3 as Direct Linear Solver

No. of Data Rows : 801
fcross              =  1.13892e+06
Note: Starting dynamic gmin stepping
Warning: Dynamic gmin stepping failed
Note: Starting true gmin stepping
Warning: True gmin stepping failed
Note: Starting source stepping
Note: Source stepping completed
pmarg               =  7.21267e+01
tdc                 =  7.86563e+01
Doing analysis at TEMP = 27.000000 and TNOM = 27.000000

Using SPARSE 1.3 as Direct Linear Solver
 Reference value :  1.00000e+00
No. of Data Rows : 801
fcross              =  1.14159e+06
Note: Starting dynamic gmin stepping
Warning: Dynamic gmin stepping failed
Note: Starting true gmin stepping
Warning: True gmin stepping failed
Note: Starting source stepping
Note: Source stepping completed
pmarg               =  7.18231e+01
tdc                 =  7.86563e+01
Doing analysis at TEMP = 27.000000 and TNOM = 27.000000

Using SPARSE 1.3 as Direct Linear Solver

No. of Data Rows : 801
fcross              =  1.14460e+06
Note: Starting dynamic gmin stepping
Warning: Dynamic gmin stepping failed
Note: Starting true gmin stepping
Warning: True gmin stepping failed
Note: Starting source stepping
Note: Source stepping completed
pmarg               =  7.14774e+01
tdc                 =  7.86563e+01
Doing analysis at TEMP = 27.000000 and TNOM = 27.000000

Using SPARSE 1.3 as Direct Linear Solver

No. of Data Rows : 801
fcross              =  1.15155e+06
Note: Starting dynamic gmin stepping
Warning: Dynamic gmin stepping failed
Note: Starting true gmin stepping
Warning: True gmin stepping failed
Note: Starting source stepping
Note: Source stepping completed
pmarg               =  7.06804e+01
tdc                 =  7.86563e+01
Doing analysis at TEMP = 27.000000 and TNOM = 27.000000

Using SPARSE 1.3 as Direct Linear Solver

No. of Data Rows : 801
fcross              =  1.16633e+06
Note: Starting dynamic gmin stepping
Warning: Dynamic gmin stepping failed
Note: Starting true gmin stepping
Warning: True gmin stepping failed
Note: Starting source stepping
Note: Source stepping completed
pmarg               =  6.89561e+01
tdc                 =  7.86563e+01
Doing analysis at TEMP = 27.000000 and TNOM = 27.000000

Using SPARSE 1.3 as Direct Linear Solver

No. of Data Rows : 801
fcross              =  1.19856e+06
pmarg               =  6.50027e+01
tdc                 =  7.86563e+01
Doing analysis at TEMP = 27.000000 and TNOM = 27.000000

Using SPARSE 1.3 as Direct Linear Solver

No. of Data Rows : 801
fcross              =  1.13802e+06
pmarg               =  7.22389e+01
tdc                 =  7.85872e+01
Doing analysis at TEMP = 27.000000 and TNOM = 27.000000

Using SPARSE 1.3 as Direct Linear Solver

No. of Data Rows : 801
fcross              =  1.14068e+06
pmarg               =  7.19361e+01
tdc                 =  7.85872e+01
Doing analysis at TEMP = 27.000000 and TNOM = 27.000000

Using SPARSE 1.3 as Direct Linear Solver

No. of Data Rows : 801
fcross              =  1.14369e+06
pmarg               =  7.15913e+01
tdc                 =  7.85872e+01
Doing analysis at TEMP = 27.000000 and TNOM = 27.000000

Using SPARSE 1.3 as Direct Linear Solver

No. of Data Rows : 801
fcross              =  1.15059e+06
pmarg               =  7.07968e+01
tdc                 =  7.85872e+01
Doing analysis at TEMP = 27.000000 and TNOM = 27.000000

Using SPARSE 1.3 as Direct Linear Solver

No. of Data Rows : 801
fcross              =  1.16533e+06
pmarg               =  6.90774e+01
tdc                 =  7.85872e+01
Doing analysis at TEMP = 27.000000 and TNOM = 27.000000

Using SPARSE 1.3 as Direct Linear Solver
 Reference value :  1.94984e+06
No. of Data Rows : 801
fcross              =  1.19742e+06
pmarg               =  6.51366e+01
tdc                 =  7.85871e+01
Doing analysis at TEMP = 27.000000 and TNOM = 27.000000

Using SPARSE 1.3 as Direct Linear Solver

No. of Data Rows : 801
fcross              =  1.13800e+06
pmarg               =  7.21406e+01
tdc                 =  7.85872e+01
Doing analysis at TEMP = 27.000000 and TNOM = 27.000000

Using SPARSE 1.3 as Direct Linear Solver

No. of Data Rows : 801
fcross              =  1.14066e+06
pmarg               =  7.18376e+01
tdc                 =  7.85872e+01
Doing analysis at TEMP = 27.000000 and TNOM = 27.000000

Using SPARSE 1.3 as Direct Linear Solver

No. of Data Rows : 801
fcross              =  1.14367e+06
pmarg               =  7.14926e+01
tdc                 =  7.85872e+01
Doing analysis at TEMP = 27.000000 and TNOM = 27.000000

Using SPARSE 1.3 as Direct Linear Solver

No. of Data Rows : 801
fcross              =  1.15057e+06
pmarg               =  7.06975e+01
tdc                 =  7.85872e+01
Doing analysis at TEMP = 27.000000 and TNOM = 27.000000

Using SPARSE 1.3 as Direct Linear Solver

No. of Data Rows : 801
fcross              =  1.16531e+06
pmarg               =  6.89769e+01
tdc                 =  7.85872e+01
Doing analysis at TEMP = 27.000000 and TNOM = 27.000000

Using SPARSE 1.3 as Direct Linear Solver

No. of Data Rows : 801
fcross              =  1.19740e+06
pmarg               =  6.50334e+01
tdc                 =  7.85871e+01
=== variante b_max ===
 JFET models (Junction Field effect transistor)
      model               lsk489a

        vto                -2.976
       beta                0.0022
     lambda                0.0043

Doing analysis at TEMP = 27.000000 and TNOM = 27.000000

Using SPARSE 1.3 as Direct Linear Solver

No. of Data Rows : 801
fcross              =  1.13840e+06
pmarg               =  7.22346e+01
tdc                 =  7.86513e+01
Doing analysis at TEMP = 27.000000 and TNOM = 27.000000

Using SPARSE 1.3 as Direct Linear Solver

No. of Data Rows : 801
fcross              =  1.14106e+06
pmarg               =  7.19314e+01
tdc                 =  7.86513e+01
Doing analysis at TEMP = 27.000000 and TNOM = 27.000000

Using SPARSE 1.3 as Direct Linear Solver

No. of Data Rows : 801
fcross              =  1.14408e+06
pmarg               =  7.15863e+01
tdc                 =  7.86513e+01
Doing analysis at TEMP = 27.000000 and TNOM = 27.000000

Using SPARSE 1.3 as Direct Linear Solver

No. of Data Rows : 801
fcross              =  1.15100e+06
pmarg               =  7.07906e+01
tdc                 =  7.86513e+01
Doing analysis at TEMP = 27.000000 and TNOM = 27.000000

Using SPARSE 1.3 as Direct Linear Solver

No. of Data Rows : 801
fcross              =  1.16578e+06
pmarg               =  6.90688e+01
tdc                 =  7.86513e+01
Doing analysis at TEMP = 27.000000 and TNOM = 27.000000

Using SPARSE 1.3 as Direct Linear Solver

No. of Data Rows : 801
fcross              =  1.19796e+06
pmarg               =  6.51217e+01
tdc                 =  7.86513e+01
Doing analysis at TEMP = 27.000000 and TNOM = 27.000000

Using SPARSE 1.3 as Direct Linear Solver

No. of Data Rows : 801
fcross              =  1.13838e+06
pmarg               =  7.21437e+01
tdc                 =  7.86513e+01
Doing analysis at TEMP = 27.000000 and TNOM = 27.000000

Using SPARSE 1.3 as Direct Linear Solver

No. of Data Rows : 801
fcross              =  1.14104e+06
pmarg               =  7.18403e+01
tdc                 =  7.86513e+01
Doing analysis at TEMP = 27.000000 and TNOM = 27.000000

Using SPARSE 1.3 as Direct Linear Solver

No. of Data Rows : 801
fcross              =  1.14406e+06
pmarg               =  7.14949e+01
tdc                 =  7.86513e+01
Doing analysis at TEMP = 27.000000 and TNOM = 27.000000

Using SPARSE 1.3 as Direct Linear Solver

No. of Data Rows : 801
fcross              =  1.15098e+06
pmarg               =  7.06987e+01
tdc                 =  7.86513e+01
Doing analysis at TEMP = 27.000000 and TNOM = 27.000000

Using SPARSE 1.3 as Direct Linear Solver

No. of Data Rows : 801
fcross              =  1.16575e+06
pmarg               =  6.89758e+01
tdc                 =  7.86513e+01
Doing analysis at TEMP = 27.000000 and TNOM = 27.000000

Using SPARSE 1.3 as Direct Linear Solver

No. of Data Rows : 801
fcross              =  1.19793e+06
pmarg               =  6.50262e+01
tdc                 =  7.86513e+01
Doing analysis at TEMP = 27.000000 and TNOM = 27.000000

Using SPARSE 1.3 as Direct Linear Solver

No. of Data Rows : 801
fcross              =  1.13749e+06
pmarg               =  7.22477e+01
tdc                 =  7.85822e+01
Doing analysis at TEMP = 27.000000 and TNOM = 27.000000

Using SPARSE 1.3 as Direct Linear Solver

No. of Data Rows : 801
fcross              =  1.14015e+06
pmarg               =  7.19451e+01
tdc                 =  7.85822e+01
Doing analysis at TEMP = 27.000000 and TNOM = 27.000000

Using SPARSE 1.3 as Direct Linear Solver

No. of Data Rows : 801
fcross              =  1.14315e+06
pmarg               =  7.16006e+01
tdc                 =  7.85822e+01
Doing analysis at TEMP = 27.000000 and TNOM = 27.000000

Using SPARSE 1.3 as Direct Linear Solver

No. of Data Rows : 801
fcross              =  1.15004e+06
pmarg               =  7.08069e+01
tdc                 =  7.85822e+01
Doing analysis at TEMP = 27.000000 and TNOM = 27.000000

Using SPARSE 1.3 as Direct Linear Solver

No. of Data Rows : 801
fcross              =  1.16476e+06
pmarg               =  6.90887e+01
tdc                 =  7.85822e+01
Doing analysis at TEMP = 27.000000 and TNOM = 27.000000

Using SPARSE 1.3 as Direct Linear Solver
 Reference value :  2.45471e+04
No. of Data Rows : 801
fcross              =  1.19682e+06
pmarg               =  6.51513e+01
tdc                 =  7.85822e+01
Doing analysis at TEMP = 27.000000 and TNOM = 27.000000

Using SPARSE 1.3 as Direct Linear Solver

No. of Data Rows : 801
fcross              =  1.13747e+06
pmarg               =  7.21568e+01
tdc                 =  7.85822e+01
Doing analysis at TEMP = 27.000000 and TNOM = 27.000000

Using SPARSE 1.3 as Direct Linear Solver

No. of Data Rows : 801
fcross              =  1.14013e+06
pmarg               =  7.18540e+01
tdc                 =  7.85822e+01
Doing analysis at TEMP = 27.000000 and TNOM = 27.000000

Using SPARSE 1.3 as Direct Linear Solver

No. of Data Rows : 801
fcross              =  1.14313e+06
pmarg               =  7.15092e+01
tdc                 =  7.85822e+01
Doing analysis at TEMP = 27.000000 and TNOM = 27.000000

Using SPARSE 1.3 as Direct Linear Solver

No. of Data Rows : 801
fcross              =  1.15001e+06
pmarg               =  7.07150e+01
tdc                 =  7.85822e+01
Doing analysis at TEMP = 27.000000 and TNOM = 27.000000

Using SPARSE 1.3 as Direct Linear Solver

No. of Data Rows : 801
fcross              =  1.16474e+06
pmarg               =  6.89957e+01
tdc                 =  7.85822e+01
Doing analysis at TEMP = 27.000000 and TNOM = 27.000000

Using SPARSE 1.3 as Direct Linear Solver

No. of Data Rows : 801
fcross              =  1.19679e+06
pmarg               =  6.50558e+01
tdc                 =  7.85822e+01
Note: Simulation executed from .control section 
