warning, model type mismatch in line
    q121a nmiri nmiri nme1 ls350
warning, model type mismatch in line
    q121b nhi nmiri nme2 ls350

Note: No compatibility mode selected!


Circuit: tb_ac.cir - closed-loop response over the v1 source/load/mode matrix

Warning: Model issue on line 122 :
  .model lsk489a njf(beta=2.2m betatce=-.5 rd=11 rs=30 lambda=4.3m vto=-1. ...
unrecognized parameter (isr) - ignored
unrecognized parameter (alpha) - ignored
unrecognized parameter (vk) - ignored
unrecognized parameter (mj) - ignored

Doing analysis at TEMP = 27.000000 and TNOM = 27.000000

Using SPARSE 1.3 as Direct Linear Solver

No. of Data Rows : 1636
g1k                 =  -7.37151e-03
g20                 =  -1.00150e-02
g20k                =  -3.59794e-03
g100k               =  7.59063e-02
fhi                 =  4.93390e-01
Note: Starting dynamic gmin stepping
Note: Dynamic gmin stepping completed
flo                 =  1.55208e+06
MODE=0db  RSRC=1.5
g1k = -7.37151e-03
g20 = -1.00150e-02
g20k = -3.59794e-03
g100k = 7.590634e-02
fhi = 4.933900e-01
flo = 1.552082e+06
Doing analysis at TEMP = 27.000000 and TNOM = 27.000000

Using SPARSE 1.3 as Direct Linear Solver

No. of Data Rows : 1636
g1k                 =  -1.10926e-02
g20                 =  -1.37361e-02
g20k                =  -7.31033e-03
g100k               =  7.24048e-02
fhi                 =  4.93390e-01
Note: Starting dynamic gmin stepping
Note: Dynamic gmin stepping completed
flo                 =  1.55882e+06
MODE=0db  RSRC=430
g1k = -1.10926e-02
g20 = -1.37361e-02
g20k = -7.31033e-03
g100k = 7.240482e-02
fhi = 4.933900e-01
flo = 1.558819e+06
Doing analysis at TEMP = 27.000000 and TNOM = 27.000000

Using SPARSE 1.3 as Direct Linear Solver

No. of Data Rows : 1636
g1k                 =  -2.90460e-02
g20                 =  -3.16896e-02
g20k                =  -2.52221e-02
g100k               =  5.55021e-02
fhi                 =  4.93390e-01
Note: Starting dynamic gmin stepping
Note: Dynamic gmin stepping completed
flo                 =  1.58986e+06
MODE=0db  RSRC=2500
g1k = -2.90460e-02
g20 = -3.16896e-02
g20k = -2.52221e-02
g100k = 5.550212e-02
fhi = 4.933900e-01
flo = 1.589856e+06
Doing analysis at TEMP = 27.000000 and TNOM = 27.000000

Using SPARSE 1.3 as Direct Linear Solver

No. of Data Rows : 1636
g1k                 =  -9.37855e-02
g20                 =  -9.64296e-02
g20k                =  -8.98164e-02
g100k               =  -5.56643e-03
fhi                 =  4.93390e-01
flo                 =  1.66926e+06
MODE=0db  RSRC=10k
g1k = -9.37856e-02
g20 = -9.64296e-02
g20k = -8.98164e-02
g100k = -5.56643e-03
fhi = 4.933901e-01
flo = 1.669264e+06
Doing analysis at TEMP = 27.000000 and TNOM = 27.000000

Using SPARSE 1.3 as Direct Linear Solver

No. of Data Rows : 1636
g1k                 =  3.03882e+00
g20                 =  3.03622e+00
g20k                =  3.02469e+00
g100k               =  2.71177e+00
fhi                 =  4.93385e-01
flo                 =  4.89021e+05
MODE=3db  RSRC=1.5
g1k = 3.038821e+00
g20 = 3.036221e+00
g20k = 3.024691e+00
g100k = 2.711767e+00
fhi = 4.933851e-01
flo = 4.890213e+05
Doing analysis at TEMP = 27.000000 and TNOM = 27.000000

Using SPARSE 1.3 as Direct Linear Solver

No. of Data Rows : 1636
g1k                 =  3.03510e+00
g20                 =  3.03250e+00
g20k                =  3.02098e+00
g100k               =  2.70834e+00
fhi                 =  4.93385e-01
flo                 =  4.89905e+05
MODE=3db  RSRC=430
g1k = 3.035100e+00
g20 = 3.032500e+00
g20k = 3.020982e+00
g100k = 2.708338e+00
fhi = 4.933851e-01
flo = 4.899047e+05
Doing analysis at TEMP = 27.000000 and TNOM = 27.000000

Using SPARSE 1.3 as Direct Linear Solver

No. of Data Rows : 1636
g1k                 =  3.01715e+00
g20                 =  3.01455e+00
g20k                =  3.00309e+00
g100k               =  2.69179e+00
fhi                 =  4.93385e-01
flo                 =  4.94206e+05
MODE=3db  RSRC=2500
g1k = 3.017147e+00
g20 = 3.014546e+00
g20k = 3.003088e+00
g100k = 2.691788e+00
fhi = 4.933852e-01
flo = 4.942063e+05
Doing analysis at TEMP = 27.000000 and TNOM = 27.000000

Using SPARSE 1.3 as Direct Linear Solver

No. of Data Rows : 1636
g1k                 =  2.95241e+00
g20                 =  2.94981e+00
g20k                =  2.93856e+00
g100k               =  2.63198e+00
fhi                 =  4.93385e-01
flo                 =  5.10159e+05
MODE=3db  RSRC=10k
g1k = 2.952407e+00
g20 = 2.949806e+00
g20k = 2.938557e+00
g100k = 2.631983e+00
fhi = 4.933852e-01
flo = 5.101587e+05
Doing analysis at TEMP = 27.000000 and TNOM = 27.000000

Using SPARSE 1.3 as Direct Linear Solver

No. of Data Rows : 1636
g1k                 =  9.96194e+00
g20                 =  9.95944e+00
g20k                =  9.90651e+00
g100k               =  8.75877e+00
fhi                 =  4.93374e-01
flo                 =  1.78226e+05
MODE=10db  RSRC=1.5
g1k = 9.961938e+00
g20 = 9.959436e+00
g20k = 9.906508e+00
g100k = 8.758772e+00
fhi = 4.933741e-01
flo = 1.782261e+05
Doing analysis at TEMP = 27.000000 and TNOM = 27.000000

Using SPARSE 1.3 as Direct Linear Solver

No. of Data Rows : 1636
g1k                 =  9.95822e+00
g20                 =  9.95571e+00
g20k                =  9.90281e+00
g100k               =  8.75559e+00
fhi                 =  4.93374e-01
flo                 =  1.78276e+05
MODE=10db  RSRC=430
g1k = 9.958217e+00
g20 = 9.955715e+00
g20k = 9.902814e+00
g100k = 8.755586e+00
fhi = 4.933741e-01
flo = 1.782763e+05
Doing analysis at TEMP = 27.000000 and TNOM = 27.000000

Using SPARSE 1.3 as Direct Linear Solver

No. of Data Rows : 1636
g1k                 =  9.94026e+00
g20                 =  9.93776e+00
g20k                =  9.88499e+00
g100k               =  8.74021e+00
fhi                 =  4.93374e-01
flo                 =  1.78517e+05
MODE=10db  RSRC=2500
g1k = 9.940264e+00
g20 = 9.937761e+00
g20k = 9.884992e+00
g100k = 8.740207e+00
fhi = 4.933742e-01
flo = 1.785171e+05
Doing analysis at TEMP = 27.000000 and TNOM = 27.000000

Using SPARSE 1.3 as Direct Linear Solver

No. of Data Rows : 1636
g1k                 =  9.87553e+00
g20                 =  9.87302e+00
g20k                =  9.82072e+00
g100k               =  8.68459e+00
fhi                 =  4.93374e-01
Note: Starting dynamic gmin stepping
Note: Dynamic gmin stepping completed
flo                 =  1.79368e+05
MODE=10db  RSRC=10k
g1k = 9.875525e+00
g20 = 9.873021e+00
g20k = 9.820718e+00
g100k = 8.684585e+00
fhi = 4.933743e-01
flo = 1.793679e+05
Doing analysis at TEMP = 27.000000 and TNOM = 27.000000

Using SPARSE 1.3 as Direct Linear Solver

No. of Data Rows : 801
g1kb                =  -1.51749e-02
g20b                =  -2.26642e-02
g5b                 =  -1.33308e-01
LF corner, RLOAD=50k, RBLEED=220k, COUT=4.7u
g1kb = -1.51749e-02
g20b = -2.26642e-02
g5b = -1.33308e-01
Note: Simulation executed from .control section 
