
Note: No compatibility mode selected!

warning, model type mismatch in line
    q121a nmiri nmiri nme1 ls350
warning, model type mismatch in line
    q121b nhi nmiri nme2 ls350
warning, model type mismatch in line
    q121a nmiri nmiri nme1 ls350
warning, model type mismatch in line
    q121b nhi nmiri nme2 ls350

Circuit: tb_l48b_scatti - l48b variante 0: il gradino al jack a uno scatto del volume o del trim

Warning: Model issue on line 122 :
  .model lsk489a njf(beta=2.2m betatce=-.5 rd=11 rs=30 lambda=4.3m vto=-1. ...
unrecognized parameter (isr) - ignored
unrecognized parameter (alpha) - ignored
unrecognized parameter (vk) - ignored
unrecognized parameter (mj) - ignored

Doing analysis at TEMP = 27.000000 and TNOM = 27.000000

Using SPARSE 1.3 as Direct Linear Solver

Initial Transient Solution
--------------------------

Node                                   Voltage
----                                   -------
vplus                                       15
vminus                                     -15
vsn                                          0
jin                                          0
sel                                2.97254e-06
selk                               2.97254e-06
ain                                2.30925e-05
xa.nref                               -13.6718
xa.ncasc                               9.86857
xa.nx                                  1.01869
xa.nhi                                 13.5712
aout                                   -0.0066
afb                                -0.00659997
xa.vpf                                 14.8482
xa.nrefm                              -14.3359
xa.d1n                                 9.18095
xa.g1                              2.30935e-05
xa.s1                                0.0672412
xa.d2n                                 9.18118
xa.g2                              -0.00659997
xa.s2                                0.0653526
xa.src                               -0.158975
xa.nte                                -14.3772
xa.nmiri                               13.6537
xa.nme1                                14.3604
xa.nme2                                14.3593
xa.nve                                 14.2437
xa.ny                                 -1.00246
xa.nvle                                -14.401
xa.nbb                               -0.274858
xa.nbn                                 1.01669
xa.nen                                0.448688
xa.nbp                                -1.00157
xa.nep                               -0.461984
arg                                -0.00659995
arg10                              -0.00659996
aoc                                    -0.0066
tap6                               -0.00345448
tap12                              -0.00172724
atop                               -0.00659993
nt1r                                         1
t2c                                -0.00345448
nt1s                                         0
nt2r                                         1
nt2s                                         0
att                                -0.00659993
t1                                 -0.00659993
t2                                 -0.00524251
wip                                -0.00659993
nw1                                          1
nw2                                          0
bin                                -0.00659993
xb.nref                               -13.6718
xb.ncasc                               9.86857
xb.nx                                 0.983404
xb.nhi                                 13.5712
bout                                -0.0416655
bfb                                 -0.0132185
xb.vpf                                 14.8482
xb.nrefm                              -14.3359
xb.d1n                                 9.18095
xb.g1                              -0.00659993
xb.s1                                0.0606346
xb.d2n                                 9.18118
xb.g2                               -0.0132185
xb.s2                                0.0587472
xb.src                               -0.165581
xb.nte                                -14.3772
xb.nmiri                               13.6537
xb.nme1                                14.3604
xb.nme2                                14.3593
xb.nve                                 14.2437
xb.ny                                 -1.03774
xb.nvle                                -14.401
xb.nbb                               -0.310139
xb.nbn                                0.981408
xb.nen                                0.413449
xb.nbp                                -1.03685
xb.nep                               -0.497198
brg                               -3.70256e-07
brg10                             -1.52621e-06
bouta                               -0.0416655
jack                                         0
vw2#branch                                   0
vw1#branch                                   0
vt2s#branch                                  0
vt2r#branch                                  0
vt1s#branch                                  0
vt1r#branch                                  0
vosa#branch                       -6.32456e-12
vsrc#branch                                  0
vmm#branch                           0.0754574
vpp#branch                          -0.0733926


No. of Data Rows : 24038
vam                 =  -6.60000e-03
jb                  =  -2.56530e-07
jmax                =  4.29549e-03 at=  2.10062e-02
jmin                =  -2.56544e-07 at=  1.99114e-02
Doing analysis at TEMP = 27.000000 and TNOM = 27.000000

Using SPARSE 1.3 as Direct Linear Solver

Initial Transient Solution
--------------------------

Node                                   Voltage
----                                   -------
vplus                                       15
vminus                                     -15
vsn                                          0
jin                                          0
sel                                2.97254e-06
selk                               2.97254e-06
ain                                2.30925e-05
xa.nref                               -13.6718
xa.ncasc                               9.86857
xa.nx                                  1.01869
xa.nhi                                 13.5712
aout                                   -0.0066
afb                                -0.00659997
xa.vpf                                 14.8482
xa.nrefm                              -14.3359
xa.d1n                                 9.18095
xa.g1                              2.30935e-05
xa.s1                                0.0672412
xa.d2n                                 9.18118
xa.g2                              -0.00659997
xa.s2                                0.0653526
xa.src                               -0.158975
xa.nte                                -14.3772
xa.nmiri                               13.6537
xa.nme1                                14.3604
xa.nme2                                14.3593
xa.nve                                 14.2437
xa.ny                                 -1.00246
xa.nvle                                -14.401
xa.nbb                               -0.274858
xa.nbn                                 1.01669
xa.nen                                0.448688
xa.nbp                                -1.00157
xa.nep                               -0.461984
arg                                -0.00659995
arg10                              -0.00659996
aoc                                    -0.0066
tap6                               -0.00345448
tap12                              -0.00172724
atop                               -0.00659993
nt1r                                         1
t2c                                -0.00345448
nt1s                                         0
nt2r                                         1
nt2s                                         0
att                                -0.00659993
t1                                 -0.00659993
t2                                 -0.00524251
wip                                -0.00659993
nw1                                          1
nw2                                          0
bin                                -0.00659993
xb.nref                               -13.6718
xb.ncasc                               9.86857
xb.nx                                 0.983404
xb.nhi                                 13.5712
bout                                -0.0416655
bfb                                 -0.0132185
xb.vpf                                 14.8482
xb.nrefm                              -14.3359
xb.d1n                                 9.18095
xb.g1                              -0.00659993
xb.s1                                0.0606346
xb.d2n                                 9.18118
xb.g2                               -0.0132185
xb.s2                                0.0587472
xb.src                               -0.165581
xb.nte                                -14.3772
xb.nmiri                               13.6537
xb.nme1                                14.3604
xb.nme2                                14.3593
xb.nve                                 14.2437
xb.ny                                 -1.03774
xb.nvle                                -14.401
xb.nbb                               -0.310139
xb.nbn                                0.981408
xb.nen                                0.413449
xb.nbp                                -1.03685
xb.nep                               -0.497198
brg                               -3.70256e-07
brg10                             -1.52621e-06
bouta                               -0.0416655
jack                                         0
vw2#branch                                   0
vw1#branch                                   0
vt2s#branch                                  0
vt2r#branch                                  0
vt1s#branch                                  0
vt1r#branch                                  0
vosa#branch                       -6.32456e-12
vsrc#branch                                  0
vmm#branch                           0.0754574
vpp#branch                          -0.0733926


No. of Data Rows : 24039
vam                 =  -6.60000e-03
jb                  =  -2.56530e-07
jmax                =  4.29691e-03 at=  2.10060e-02
jmin                =  -2.56544e-07 at=  1.99114e-02
ngspice-47 done
