warning, model type mismatch in line
    q121a nmiri nmiri nme1 ls350
warning, model type mismatch in line
    q121b nhi nmiri nme2 ls350

Note: No compatibility mode selected!


Circuit: tb_zout_psrr_noise.cir - l46a esplorazione, variante cm680p (blocco da inc/cm680p.inc)

Warning: Model issue on line 122 :
  .model lsk489a njf(beta=2.2m betatce=-.5 rd=11 rs=30 lambda=4.3m vto=-1. ...
unrecognized parameter (isr) - ignored
unrecognized parameter (alpha) - ignored
unrecognized parameter (vk) - ignored
unrecognized parameter (mj) - ignored

Note: Starting dynamic gmin stepping
Warning: Dynamic gmin stepping failed
Note: Starting true gmin stepping
Note: True gmin stepping completed
Note: Starting dynamic gmin stepping
Warning: Dynamic gmin stepping failed
Note: Starting true gmin stepping
Note: True gmin stepping completed
Note: Starting dynamic gmin stepping
Warning: Dynamic gmin stepping failed
Note: Starting true gmin stepping
Note: True gmin stepping completed
########## Zout at the jack, load removed, both gain modes ##########
Doing analysis at TEMP = 27.000000 and TNOM = 27.000000

Using SPARSE 1.3 as Direct Linear Solver

No. of Data Rows : 81
z20                 =  1.69338e+03
z1k                 =  5.79306e+01
z20k                =  4.70305e+01
za20                =  2.29225e-02
za1k                =  3.01343e-02
za20k               =  3.92216e-01
za100k              =  1.98329e+00
MODE=0db
z20 = 1.693378e+03
z1k = 5.793064e+01
z20k = 4.703054e+01
za20 = 2.292250e-02
za1k = 3.013430e-02
za20k = 3.922157e-01
za100k = 1.983286e+00
Doing analysis at TEMP = 27.000000 and TNOM = 27.000000

Using SPARSE 1.3 as Direct Linear Solver

No. of Data Rows : 81
z20                 =  1.69338e+03
z1k                 =  5.79337e+01
z20k                =  4.70551e+01
za20                =  3.25517e-02
za1k                =  4.27930e-02
za20k               =  5.55594e-01
za100k              =  2.66127e+00
MODE=3db
z20 = 1.693378e+03
z1k = 5.793372e+01
z20k = 4.705514e+01
za20 = 3.255168e-02
za1k = 4.279295e-02
za20k = 5.555942e-01
za100k = 2.661270e+00
Doing analysis at TEMP = 27.000000 and TNOM = 27.000000

Using SPARSE 1.3 as Direct Linear Solver

No. of Data Rows : 81
z20                 =  1.69338e+03
z1k                 =  5.79466e+01
z20k                =  4.72015e+01
za20                =  7.22326e-02
za1k                =  9.49585e-02
za20k               =  1.22393e+00
za100k              =  5.10575e+00
MODE=10db
z20 = 1.693378e+03
z1k = 5.794661e+01
z20k = 4.720154e+01
za20 = 7.223263e-02
za1k = 9.495846e-02
za20k = 1.223931e+00
za100k = 5.105753e+00
########## PSRR (input source silenced) ##########
Doing analysis at TEMP = 27.000000 and TNOM = 27.000000

Using SPARSE 1.3 as Direct Linear Solver

No. of Data Rows : 81
p100                =  7.55358e+01
p1k                 =  5.62897e+01
p10k                =  3.62970e+01
p100k               =  1.62131e+01
PSRR+ MODE=0db (dB, bigger is better)
p100 = 7.553578e+01
p1k = 5.628975e+01
p10k = 3.629701e+01
p100k = 1.621307e+01
Doing analysis at TEMP = 27.000000 and TNOM = 27.000000

Using SPARSE 1.3 as Direct Linear Solver

No. of Data Rows : 81
p100                =  7.24896e+01
p1k                 =  5.32435e+01
p10k                =  3.32561e+01
p100k               =  1.36588e+01
PSRR+ MODE=3db (dB, bigger is better)
p100 = 7.248960e+01
p1k = 5.324346e+01
p10k = 3.325611e+01
p100k = 1.365882e+01
Doing analysis at TEMP = 27.000000 and TNOM = 27.000000

Using SPARSE 1.3 as Direct Linear Solver

No. of Data Rows : 81
p100                =  6.55667e+01
p1k                 =  4.63200e+01
p10k                =  2.63485e+01
p100k               =  7.99917e+00
PSRR+ MODE=10db (dB, bigger is better)
p100 = 6.556675e+01
p1k = 4.632000e+01
p10k = 2.634854e+01
p100k = 7.999172e+00
########## PSRR from V- ##########
Doing analysis at TEMP = 27.000000 and TNOM = 27.000000

Using SPARSE 1.3 as Direct Linear Solver

No. of Data Rows : 81
p100                =  8.32257e+01
p1k                 =  9.54380e+01
p10k                =  8.82699e+01
p100k               =  5.91684e+01
PSRR- MODE=0db (dB, bigger is better)
p100 = 8.322574e+01
p1k = 9.543796e+01
p10k = 8.826992e+01
p100k = 5.916844e+01
Doing analysis at TEMP = 27.000000 and TNOM = 27.000000

Using SPARSE 1.3 as Direct Linear Solver

No. of Data Rows : 81
p100                =  8.01790e+01
p1k                 =  9.23865e+01
p10k                =  8.52245e+01
p100k               =  5.66117e+01
PSRR- MODE=3db (dB, bigger is better)
p100 = 8.017904e+01
p1k = 9.238652e+01
p10k = 8.522454e+01
p100k = 5.661174e+01
Doing analysis at TEMP = 27.000000 and TNOM = 27.000000

Using SPARSE 1.3 as Direct Linear Solver

No. of Data Rows : 81
p100                =  7.32540e+01
p1k                 =  8.54436e+01
p10k                =  7.83024e+01
p100k               =  5.09436e+01
PSRR- MODE=10db (dB, bigger is better)
p100 = 7.325401e+01
p1k = 8.544360e+01
p10k = 7.830245e+01
p100k = 5.094359e+01
########## output noise 20 Hz - 20 kHz ##########
Doing analysis at TEMP = 27.000000 and TNOM = 27.000000

Using SPNote: Starting dynamic gmin stepping
Warning: Dynamic gmin stepping failed
Note: Starting true gmin stepping
Note: True gmin stepping completed
ARSE 1.3 as Direct Linear Solver

No. of Data Rows : 151

No. of Data Rows : 1
MODE=0db  RSRC=430 (phono cathode follower)
onoise_total = 1.234923e-06
inoise_total = 1.236218e-06
Doing analysis at TEMP = 27.000000 and TNOM = 27.000000

Using SPARSE 1.3 as Direct Linear Solver

No. of Data Rows : 151

No. of Data Rows : 1
MODE=3db  RSRC=430 (phono cathode follower)
onoise_total = 1.661354e-06
inoise_total = 1.172136e-06
Doing analysis at TEMP = 27.000000 and TNOM = 27.000000

Using SPARSE 1.3 as Direct Linear Solver

No. of Data Rows : 151

No. of Data Rows : 1
MODE=10db  RSRC=430 (phono cathode follower)
onoise_total = 3.401942e-06
inoise_total = 1.084355e-06
Doing analysis at TEMP = 27.000000 and TNOM = 27.000000

Using SPARSE 1.3 as Direct Linear Solver

No. of Data Rows : 151

No. of Data Rows : 1
RRG=1G  RSRC=1 ohm (intrinsic)
onoise_total = 1.176091e-06
inoise_total = 1.176821e-06
Doing analysis at TEMP = 27.000000 and TNOM = 27.000000

Using SPARSE 1.3 as Direct Linear Solver

No. of Data Rows : 151

No. of Data Rows : 1
RRG=0.1  RSRC=2500 (attenuator at mid-rotation, +10 dB) - WORST CASE
onoise_total = 4.278921e-06
inoise_total = 1.366701e-06
Note: Simulation executed from .control section 
