warning, model type mismatch in line
    q121a nmiri nmiri nme1 ls350
warning, model type mismatch in line
    q121b nhi nmiri nme2 ls350

Note: No compatibility mode selected!


Circuit: tb_loop_bufferfissa.cir - l46a esplorazione, variante drv_vas56_cm330p (blocco da inc/drv_vas56_cm330p.inc)

Warning: Model issue on line 122 :
  .model lsk489a njf(beta=2.2m betatce=-.5 rd=11 rs=30 lambda=4.3m vto=-1. ...
unrecognized parameter (isr) - ignored
unrecognized parameter (alpha) - ignored
unrecognized parameter (vk) - ignored
unrecognized parameter (mj) - ignored

Doing analysis at TEMP = 27.000000 and TNOM = 27.000000

Using SPARSE 1.3 as Direct Linear Solver

No. of Data Rows : 801
fcross              =  1.35106e+06
pmarg               =  7.61321e+01
tdc                 =  8.11990e+01
BUFFER FISSA  RLD=10k  pos=1  C=1f
fcross = 1.351064e+06
pmarg = 7.613210e+01
tdc = 8.119899e+01
Doing analysis at TEMP = 27.000000 and TNOM = 27.000000

Using SPARSE 1.3 as Direct Linear Solver

No. of Data Rows : 801
fcross              =  1.35152e+06
pmarg               =  7.58558e+01
tdc                 =  8.11990e+01
BUFFER FISSA  RLD=10k  pos=1  C=47p
fcross = 1.351519e+06
pmarg = 7.585579e+01
tdc = 8.119899e+01
Doing analysis at TEMP = 27.000000 and TNOM = 27.000000

Using SPARSE 1.3 as Direct Linear Solver

No. of Data Rows : 801
fcross              =  1.35170e+06
pmarg               =  7.55471e+01
tdc                 =  8.11990e+01
BUFFER FISSA  RLD=10k  pos=1  C=100p
fcross = 1.351695e+06
pmarg = 7.554706e+01
tdc = 8.119899e+01
Doing analysis at TEMP = 27.000000 and TNOM = 27.000000

Using SPARSE 1.3 as Direct Linear Solver

No. of Data Rows : 801
fcross              =  1.35078e+06
pmarg               =  7.48658e+01
tdc                 =  8.11990e+01
BUFFER FISSA  RLD=10k  pos=1  C=220p
fcross = 1.350783e+06
pmarg = 7.486575e+01
tdc = 8.119899e+01
Doing analysis at TEMP = 27.000000 and TNOM = 27.000000

Using SPARSE 1.3 as Direct Linear Solver

No. of Data Rows : 801
fcross              =  1.34355e+06
pmarg               =  7.35717e+01
tdc                 =  8.11990e+01
BUFFER FISSA  RLD=10k  pos=1  C=470p
fcross = 1.343549e+06
pmarg = 7.357166e+01
tdc = 8.119899e+01
Doing analysis at TEMP = 27.000000 and TNOM = 27.000000

Using SPARSE 1.3 as Direct Linear Solver

No. of Data Rows : 801
fcross              =  1.31175e+06
pmarg               =  7.16276e+01
tdc                 =  8.11990e+01
BUFFER FISSA  RLD=10k  pos=1  C=1n
fcross = 1.311754e+06
pmarg = 7.162759e+01
tdc = 8.119900e+01
Doing analysis at TEMP = 27.000000 and TNOM = 27.000000

Using SPARSE 1.3 as Direct Linear Solver

No. of Data Rows : 801
fcross              =  1.27534e+06
pmarg               =  7.07434e+01
tdc                 =  8.11990e+01
BUFFER FISSA  RLD=10k  pos=1  C=1.5n
fcross = 1.275338e+06
pmarg = 7.074335e+01
tdc = 8.119900e+01
Doing analysis at TEMP = 27.000000 and TNOM = 27.000000

Using SPARSE 1.3 as Direct Linear Solver

No. of Data Rows : 801
fcross              =  1.22977e+06
pmarg               =  7.04728e+01
tdc                 =  8.11990e+01
BUFFER FISSA  RLD=10k  pos=1  C=2.2n
fcross = 1.229772e+06
pmarg = 7.047275e+01
tdc = 8.119900e+01
Doing analysis at TEMP = 27.000000 and TNOM = 27.000000

Using SPARSE 1.3 as Direct Linear Solver

No. of Data Rows : 801
fcross              =  1.20382e+06
pmarg               =  7.06343e+01
tdc                 =  8.11990e+01
BUFFER FISSA  RLD=10k  pos=1  C=2.7n
fcross = 1.203820e+06
pmarg = 7.063430e+01
tdc = 8.119900e+01
Doing analysis at TEMP = 27.000000 and TNOM = 27.000000

Using SPARSE 1.3 as Direct Linear Solver

No. of Data Rows : 801
fcross              =  1.17923e+06
pmarg               =  7.09968e+01
tdc                 =  8.11990e+01
BUFFER FISSA  RLD=10k  pos=1  C=3.3n
fcross = 1.179225e+06
pmarg = 7.099685e+01
tdc = 8.119900e+01
Doing analysis at TEMP = 27.000000 and TNOM = 27.000000

Using SPARSE 1.3 as Direct Linear Solver

No. of Data Rows : 801
fcross              =  1.14151e+06
pmarg               =  7.20145e+01
tdc                 =  8.11990e+01
BUFFER FISSA  RLD=10k  pos=1  C=4.7n
fcross = 1.141509e+06
pmarg = 7.201446e+01
tdc = 8.119901e+01
Doing analysis at TEMP = 27.000000 and TNOM = 27.000000

Using SPARSE 1.3 as Direct Linear Solver

No. of Data Rows : 801
fcross              =  1.35106e+06
pmarg               =  7.61321e+01
tdc                 =  8.11990e+01
BUFFER FISSA  RLD=10k  pos=2  C=1f
fcross = 1.351064e+06
pmarg = 7.613210e+01
tdc = 8.119899e+01
Doing analysis at TEMP = 27.000000 and TNOM = 27.000000

Using SPARSE 1.3 as Direct Linear Solver

No. of Data Rows : 801
fcross              =  1.35165e+06
pmarg               =  7.58522e+01
tdc                 =  8.11990e+01
BUFFER FISSA  RLD=10k  pos=2  C=47p
fcross = 1.351649e+06
pmarg = 7.585217e+01
tdc = 8.119899e+01
Doing analysis at TEMP = 27.000000 and TNOM = 27.000000

Using SPARSE 1.3 as Direct Linear Solver

No. of Data Rows : 801
fcross              =  1.35227e+06
pmarg               =  7.55363e+01
tdc                 =  8.11990e+01
BUFFER FISSA  RLD=10k  pos=2  C=100p
fcross = 1.352271e+06
pmarg = 7.553631e+01
tdc = 8.119899e+01
Doing analysis at TEMP = 27.000000 and TNOM = 27.000000

Using SPARSE 1.3 as Direct Linear Solver

No. of Data Rows : 801
fcross              =  1.35353e+06
pmarg               =  7.48207e+01
tdc                 =  8.11990e+01
BUFFER FISSA  RLD=10k  pos=2  C=220p
fcross = 1.353533e+06
pmarg = 7.482071e+01
tdc = 8.119899e+01
Doing analysis at TEMP = 27.000000 and TNOM = 27.000000

Using SPARSE 1.3 as Direct Linear Solver

No. of Data Rows : 801
fcross              =  1.35550e+06
pmarg               =  7.33300e+01
tdc                 =  8.11990e+01
BUFFER FISSA  RLD=10k  pos=2  C=470p
fcross = 1.355498e+06
pmarg = 7.332997e+01
tdc = 8.119899e+01
Doing analysis at TEMP = 27.000000 and TNOM = 27.000000

Using SPARSE 1.3 as Direct Linear Solver

No. of Data Rows : 801
fcross              =  1.35661e+06
pmarg               =  7.01904e+01
tdc                 =  8.11990e+01
BUFFER FISSA  RLD=10k  pos=2  C=1n
fcross = 1.356614e+06
pmarg = 7.019043e+01
tdc = 8.119899e+01
Doing analysis at TEMP = 27.000000 and TNOM = 27.000000

Using SPARSE 1.3 as Direct Linear Solver

No. of Data Rows : 801
fcross              =  1.35384e+06
pmarg               =  6.72903e+01
tdc                 =  8.11990e+01
BUFFER FISSA  RLD=10k  pos=2  C=1.5n
fcross = 1.353841e+06
pmarg = 6.729032e+01
tdc = 8.119899e+01
Doing analysis at TEMP = 27.000000 and TNOM = 27.000000

Using SPARSE 1.3 as Direct Linear Solver

No. of Data Rows : 801
fcross              =  1.34412e+06
pmarg               =  6.33998e+01
tdc                 =  8.11990e+01
BUFFER FISSA  RLD=10k  pos=2  C=2.2n
fcross = 1.344119e+06
pmarg = 6.339975e+01
tdc = 8.119899e+01
Doing analysis at TEMP = 27.000000 and TNOM = 27.000000

Using SPARSE 1.3 as Direct Linear Solver

No. of Data Rows : 801
fcross              =  1.33351e+06
pmarg               =  6.07791e+01
tdc                 =  8.11990e+01
BUFFER FISSA  RLD=10k  pos=2  C=2.7n
fcross = 1.333515e+06
pmarg = 6.077913e+01
tdc = 8.119899e+01
Doing analysis at TEMP = 27.000000 and TNOM = 27.000000

Using SPARSE 1.3 as Direct Linear Solver

No. of Data Rows : 801
fcross              =  1.31736e+06
pmarg               =  5.78399e+01
tdc                 =  8.11990e+01
BUFFER FISSA  RLD=10k  pos=2  C=3.3n
fcross = 1.317360e+06
pmarg = 5.783992e+01
tdc = 8.119899e+01
Doing analysis at TEMP = 27.000000 and TNOM = 27.000000

Using SPARSE 1.3 as Direct Linear Solver

No. of Data Rows : 801
fcross              =  1.27067e+06
pmarg               =  5.18764e+01
tdc                 =  8.11990e+01
BUFFER FISSA  RLD=10k  pos=2  C=4.7n
fcross = 1.270667e+06
pmarg = 5.187644e+01
tdc = 8.119899e+01
Doing analysis at TEMP = 27.000000 and TNOM = 27.000000

Using SPARSE 1.3 as Direct Linear Solver

No. of Data Rows : 801
fcross              =  1.35240e+06
pmarg               =  7.61234e+01
tdc                 =  8.12074e+01
BUFFER FISSA  RLD=50k  pos=1  C=1f
fcross = 1.352403e+06
pmarg = 7.612344e+01
tdc = 8.120736e+01
Doing analysis at TEMP = 27.000000 and TNOM = 27.000000

Using SPARSE 1.3 as Direct Linear Solver

No. of Data Rows : 801
fcross              =  1.35286e+06
pmarg               =  7.58445e+01
tdc                 =  8.12074e+01
BUFFER FISSA  RLD=50k  pos=1  C=47p
fcross = 1.352862e+06
pmarg = 7.584450e+01
tdc = 8.120736e+01
Doing analysis at TEMP = 27.000000 and TNOM = 27.000000

Using SPARSE 1.3 as Direct Linear Solver

No. of Data Rows : 801
fcross              =  1.35304e+06
pmarg               =  7.55328e+01
tdc                 =  8.12074e+01
BUFFER FISSA  RLD=50k  pos=1  C=100p
fcross = 1.353039e+06
pmarg = 7.553285e+01
tdc = 8.120736e+01
Doing analysis at TEMP = 27.000000 and TNOM = 27.000000

Using SPARSE 1.3 as Direct Linear Solver

No. of Data Rows : 801
fcross              =  1.35211e+06
pmarg               =  7.48452e+01
tdc                 =  8.12074e+01
BUFFER FISSA  RLD=50k  pos=1  C=220p
fcross = 1.352109e+06
pmarg = 7.484523e+01
tdc = 8.120736e+01
Doing analysis at TEMP = 27.000000 and TNOM = 27.000000

Using SPARSE 1.3 as Direct Linear Solver

No. of Data Rows : 801
fcross              =  1.34473e+06
pmarg               =  7.35406e+01
tdc                 =  8.12074e+01
BUFFER FISSA  RLD=50k  pos=1  C=470p
fcross = 1.344731e+06
pmarg = 7.354059e+01
tdc = 8.120736e+01
Doing analysis at TEMP = 27.000000 and TNOM = 27.000000

Using SPARSE 1.3 as Direct Linear Solver

No. of Data Rows : 801
fcross              =  1.31252e+06
pmarg               =  7.15865e+01
tdc                 =  8.12074e+01
BUFFER FISSA  RLD=50k  pos=1  C=1n
fcross = 1.312517e+06
pmarg = 7.158652e+01
tdc = 8.120736e+01
Doing analysis at TEMP = 27.000000 and TNOM = 27.000000

Using SPARSE 1.3 as Direct Linear Solver

No. of Data Rows : 801
fcross              =  1.27575e+06
pmarg               =  7.07040e+01
tdc                 =  8.12074e+01
BUFFER FISSA  RLD=50k  pos=1  C=1.5n
fcross = 1.275750e+06
pmarg = 7.070401e+01
tdc = 8.120736e+01
Doing analysis at TEMP = 27.000000 and TNOM = 27.000000

Using SPARSE 1.3 as Direct Linear Solver

No. of Data Rows : 801
fcross              =  1.22988e+06
pmarg               =  7.04414e+01
tdc                 =  8.12074e+01
BUFFER FISSA  RLD=50k  pos=1  C=2.2n
fcross = 1.229883e+06
pmarg = 7.044143e+01
tdc = 8.120737e+01
Doing analysis at TEMP = 27.000000 and TNOM = 27.000000

Using SPARSE 1.3 as Direct Linear Solver

No. of Data Rows : 801
fcross              =  1.20382e+06
pmarg               =  7.06088e+01
tdc                 =  8.12074e+01
BUFFER FISSA  RLD=50k  pos=1  C=2.7n
fcross = 1.203821e+06
pmarg = 7.060876e+01
tdc = 8.120737e+01
Doing analysis at TEMP = 27.000000 and TNOM = 27.000000

Using SPARSE 1.3 as Direct Linear Solver

No. of Data Rows : 801
fcross              =  1.17915e+06
pmarg               =  7.09771e+01
tdc                 =  8.12074e+01
BUFFER FISSA  RLD=50k  pos=1  C=3.3n
fcross = 1.179155e+06
pmarg = 7.097714e+01
tdc = 8.120737e+01
Doing analysis at TEMP = 27.000000 and TNOM = 27.000000

Using SPARSE 1.3 as Direct Linear Solver

No. of Data Rows : 801
fcross              =  1.14140e+06
pmarg               =  7.20036e+01
tdc                 =  8.12074e+01
BUFFER FISSA  RLD=50k  pos=1  C=4.7n
fcross = 1.141395e+06
pmarg = 7.200363e+01
tdc = 8.120737e+01
Doing analysis at TEMP = 27.000000 and TNOM = 27.000000

Using SPARSE 1.3 as Direct Linear Solver

No. of Data Rows : 801
fcross              =  1.35240e+06
pmarg               =  7.61234e+01
tdc                 =  8.12074e+01
BUFFER FISSA  RLD=50k  pos=2  C=1f
fcross = 1.352403e+06
pmarg = 7.612344e+01
tdc = 8.120736e+01
Doing analysis at TEMP = 27.000000 and TNOM = 27.000000

Using SPARSE 1.3 as Direct Linear Solver

No. of Data Rows : 801
fcross              =  1.35299e+06
pmarg               =  7.58429e+01
tdc                 =  8.12074e+01
BUFFER FISSA  RLD=50k  pos=2  C=47p
fcross = 1.352990e+06
pmarg = 7.584295e+01
tdc = 8.120736e+01
Doing analysis at TEMP = 27.000000 and TNOM = 27.000000

Using SPARSE 1.3 as Direct Linear Solver

No. of Data Rows : 801
fcross              =  1.35361e+06
pmarg               =  7.55265e+01
tdc                 =  8.12074e+01
BUFFER FISSA  RLD=50k  pos=2  C=100p
fcross = 1.353614e+06
pmarg = 7.552646e+01
tdc = 8.120736e+01
Doing analysis at TEMP = 27.000000 and TNOM = 27.000000

Using SPARSE 1.3 as Direct Linear Solver

No. of Data Rows : 801
fcross              =  1.35488e+06
pmarg               =  7.48094e+01
tdc                 =  8.12074e+01
BUFFER FISSA  RLD=50k  pos=2  C=220p
fcross = 1.354882e+06
pmarg = 7.480943e+01
tdc = 8.120736e+01
Doing analysis at TEMP = 27.000000 and TNOM = 27.000000

Using SPARSE 1.3 as Direct Linear Solver

No. of Data Rows : 801
fcross              =  1.35685e+06
pmarg               =  7.33157e+01
tdc                 =  8.12074e+01
BUFFER FISSA  RLD=50k  pos=2  C=470p
fcross = 1.356855e+06
pmarg = 7.331570e+01
tdc = 8.120736e+01
Doing analysis at TEMP = 27.000000 and TNOM = 27.000000

Using SPARSE 1.3 as Direct Linear Solver

No. of Data Rows : 801
fcross              =  1.35798e+06
pmarg               =  7.01699e+01
tdc                 =  8.12074e+01
BUFFER FISSA  RLD=50k  pos=2  C=1n
fcross = 1.357976e+06
pmarg = 7.016989e+01
tdc = 8.120736e+01
Doing analysis at TEMP = 27.000000 and TNOM = 27.000000

Using SPARSE 1.3 as Direct Linear Solver

No. of Data Rows : 801
fcross              =  1.35519e+06
pmarg               =  6.72641e+01
tdc                 =  8.12074e+01
BUFFER FISSA  RLD=50k  pos=2  C=1.5n
fcross = 1.355192e+06
pmarg = 6.726412e+01
tdc = 8.120736e+01
Doing analysis at TEMP = 27.000000 and TNOM = 27.000000

Using SPARSE 1.3 as Direct Linear Solver

No. of Data Rows : 801
fcross              =  1.34540e+06
pmarg               =  6.33670e+01
tdc                 =  8.12074e+01
BUFFER FISSA  RLD=50k  pos=2  C=2.2n
fcross = 1.345400e+06
pmarg = 6.336703e+01
tdc = 8.120736e+01
Doing analysis at TEMP = 27.000000 and TNOM = 27.000000

Using SPARSE 1.3 as Direct Linear Solver

No. of Data Rows : 801
fcross              =  1.33476e+06
pmarg               =  6.07421e+01
tdc                 =  8.12074e+01
BUFFER FISSA  RLD=50k  pos=2  C=2.7n
fcross = 1.334757e+06
pmarg = 6.074208e+01
tdc = 8.120736e+01
Doing analysis at TEMP = 27.000000 and TNOM = 27.000000

Using SPARSE 1.3 as Direct Linear Solver

No. of Data Rows : 801
fcross              =  1.31852e+06
pmarg               =  5.77991e+01
tdc                 =  8.12074e+01
BUFFER FISSA  RLD=50k  pos=2  C=3.3n
fcross = 1.318525e+06
pmarg = 5.779906e+01
tdc = 8.120736e+01
Doing analysis at TEMP = 27.000000 and TNOM = 27.000000

Using SPARSE 1.3 as Direct Linear Solver

No. of Data Rows : 801
fcross              =  1.27166e+06
pmarg               =  5.18298e+01
tdc                 =  8.12074e+01
BUFFER FISSA  RLD=50k  pos=2  C=4.7n
fcross = 1.271656e+06
pmarg = 5.182983e+01
tdc = 8.120736e+01
Note: Simulation executed from .control section 
