warning, model type mismatch in line
    q121a nmiri nmiri nme1 ls350
warning, model type mismatch in line
    q121b nhi nmiri nme2 ls350

Note: No compatibility mode selected!


Circuit: tb_loop_bufferfissa__g15_cf330p_cm560p_r1.69k.cir - l40 esplorazione da tb_loop_bufferfissa.cir, rg0l40 fb 0 7.87k; alter c137 = 330p; alter c124 = 560p; alter r128 = 1.69k

Warning: Model issue on line 122 :
  .model lsk489a njf(beta=2.2m betatce=-.5 rd=11 rs=30 lambda=4.3m vto=-1. ...
unrecognized parameter (isr) - ignored
unrecognized parameter (alpha) - ignored
unrecognized parameter (vk) - ignored
unrecognized parameter (mj) - ignored

 Capacitor: Fixed capacitor
     device                  c137
      model                     C
capacitance               3.3e-10

 Capacitor: Fixed capacitor
     device                  c124
      model                     C
capacitance               5.6e-10

 Resistor: Simple linear resistor
     device                  r128
      model                     R
 resistance                  1690

 Resistor: Simple linear resistor
     device                rg0l40
      model                     R
 resistance                  7870

Doing analysis at TEMP = 27.000000 and TNOM = 27.000000

Using SPARSE 1.3 as Direct Linear Solver

No. of Data Rows : 801
fcross              =  7.86141e+05
pmarg               =  7.10972e+01
tdc                 =  7.94508e+01
BUFFER FISSA  RLD=10k  pos=1  C=1f
fcross = 7.861414e+05
pmarg = 7.109715e+01
tdc = 7.945080e+01
Doing analysis at TEMP = 27.000000 and TNOM = 27.000000

Using SPARSE 1.3 as Direct Linear Solver

No. of Data Rows : 801
fcross              =  7.87490e+05
pmarg               =  7.08715e+01
tdc                 =  7.94508e+01
BUFFER FISSA  RLD=10k  pos=1  C=47p
fcross = 7.874896e+05
pmarg = 7.087151e+01
tdc = 7.945080e+01
Doing analysis at TEMP = 27.000000 and TNOM = 27.000000

Using SPARSE 1.3 as Direct Linear Solver

No. of Data Rows : 801
fcross              =  7.88937e+05
pmarg               =  7.06156e+01
tdc                 =  7.94508e+01
BUFFER FISSA  RLD=10k  pos=1  C=100p
fcross = 7.889371e+05
pmarg = 7.061563e+01
tdc = 7.945080e+01
Doing analysis at TEMP = 27.000000 and TNOM = 27.000000

Using SPARSE 1.3 as Direct Linear Solver

No. of Data Rows : 801
fcross              =  7.91909e+05
pmarg               =  7.00327e+01
tdc                 =  7.94508e+01
BUFFER FISSA  RLD=10k  pos=1  C=220p
fcross = 7.919093e+05
pmarg = 7.003272e+01
tdc = 7.945081e+01
Doing analysis at TEMP = 27.000000 and TNOM = 27.000000

Using SPARSE 1.3 as Direct Linear Solver

No. of Data Rows : 801
fcross              =  7.96653e+05
pmarg               =  6.88195e+01
tdc                 =  7.94508e+01
BUFFER FISSA  RLD=10k  pos=1  C=470p
fcross = 7.966531e+05
pmarg = 6.881950e+01
tdc = 7.945083e+01
Doing analysis at TEMP = 27.000000 and TNOM = 27.000000

Using SPARSE 1.3 as Direct Linear Solver

No. of Data Rows : 801
fcross              =  7.99228e+05
pmarg               =  6.64412e+01
tdc                 =  7.94509e+01
BUFFER FISSA  RLD=10k  pos=1  C=1n
fcross = 7.992278e+05
pmarg = 6.644121e+01
tdc = 7.945086e+01
Doing analysis at TEMP = 27.000000 and TNOM = 27.000000

Using SPARSE 1.3 as Direct Linear Solver

No. of Data Rows : 801
fcross              =  7.92952e+05
pmarg               =  6.46836e+01
tdc                 =  7.94509e+01
BUFFER FISSA  RLD=10k  pos=1  C=1.5n
fcross = 7.929524e+05
pmarg = 6.468360e+01
tdc = 7.945089e+01
Doing analysis at TEMP = 27.000000 and TNOM = 27.000000

Using SPARSE 1.3 as Direct Linear Solver

No. of Data Rows : 801
fcross              =  7.75671e+05
pmarg               =  6.31400e+01
tdc                 =  7.94509e+01
BUFFER FISSA  RLD=10k  pos=1  C=2.2n
fcross = 7.756708e+05
pmarg = 6.314001e+01
tdc = 7.945093e+01
Doing analysis at TEMP = 27.000000 and TNOM = 27.000000

Using SPARSE 1.3 as Direct Linear Solver

No. of Data Rows : 801
fcross              =  7.61130e+05
pmarg               =  6.25714e+01
tdc                 =  7.94510e+01
BUFFER FISSA  RLD=10k  pos=1  C=2.7n
fcross = 7.611304e+05
pmarg = 6.257136e+01
tdc = 7.945096e+01
Doing analysis at TEMP = 27.000000 and TNOM = 27.000000

Using SPARSE 1.3 as Direct Linear Solver

No. of Data Rows : 801
fcross              =  7.43889e+05
pmarg               =  6.22872e+01
tdc                 =  7.94510e+01
BUFFER FISSA  RLD=10k  pos=1  C=3.3n
fcross = 7.438886e+05
pmarg = 6.228717e+01
tdc = 7.945100e+01
Doing analysis at TEMP = 27.000000 and TNOM = 27.000000

Using SPARSE 1.3 as Direct Linear Solver

No. of Data Rows : 801
fcross              =  7.09723e+05
pmarg               =  6.25212e+01
tdc                 =  7.94511e+01
BUFFER FISSA  RLD=10k  pos=1  C=4.7n
fcross = 7.097232e+05
pmarg = 6.252119e+01
tdc = 7.945109e+01
Doing analysis at TEMP = 27.000000 and TNOM = 27.000000

Using SPARSE 1.3 as Direct Linear Solver

No. of Data Rows : 801
fcross              =  7.86141e+05
pmarg               =  7.10972e+01
tdc                 =  7.94508e+01
BUFFER FISSA  RLD=10k  pos=2  C=1f
fcross = 7.861414e+05
pmarg = 7.109715e+01
tdc = 7.945080e+01
Doing analysis at TEMP = 27.000000 and TNOM = 27.000000

Using SPARSE 1.3 as Direct Linear Solver

No. of Data Rows : 801
fcross              =  7.87534e+05
pmarg               =  7.08693e+01
tdc                 =  7.94508e+01
BUFFER FISSA  RLD=10k  pos=2  C=47p
fcross = 7.875337e+05
pmarg = 7.086932e+01
tdc = 7.945080e+01
Doing analysis at TEMP = 27.000000 and TNOM = 27.000000

Using SPARSE 1.3 as Direct Linear Solver

No. of Data Rows : 801
fcross              =  7.89107e+05
pmarg               =  7.06107e+01
tdc                 =  7.94508e+01
BUFFER FISSA  RLD=10k  pos=2  C=100p
fcross = 7.891072e+05
pmarg = 7.061068e+01
tdc = 7.945080e+01
Doing analysis at TEMP = 27.000000 and TNOM = 27.000000

Using SPARSE 1.3 as Direct Linear Solver

No. of Data Rows : 801
fcross              =  7.92683e+05
pmarg               =  7.00183e+01
tdc                 =  7.94508e+01
BUFFER FISSA  RLD=10k  pos=2  C=220p
fcross = 7.926826e+05
pmarg = 7.001828e+01
tdc = 7.945079e+01
Doing analysis at TEMP = 27.000000 and TNOM = 27.000000

Using SPARSE 1.3 as Direct Linear Solver

No. of Data Rows : 801
fcross              =  8.00333e+05
pmarg               =  6.87488e+01
tdc                 =  7.94508e+01
BUFFER FISSA  RLD=10k  pos=2  C=470p
fcross = 8.003334e+05
pmarg = 6.874878e+01
tdc = 7.945079e+01
Doing analysis at TEMP = 27.000000 and TNOM = 27.000000

Using SPARSE 1.3 as Direct Linear Solver

No. of Data Rows : 801
fcross              =  8.16930e+05
pmarg               =  6.59060e+01
tdc                 =  7.94508e+01
BUFFER FISSA  RLD=10k  pos=2  C=1n
fcross = 8.169302e+05
pmarg = 6.590602e+01
tdc = 7.945078e+01
Doing analysis at TEMP = 27.000000 and TNOM = 27.000000

Using SPARSE 1.3 as Direct Linear Solver

No. of Data Rows : 801
fcross              =  8.33003e+05
pmarg               =  6.30231e+01
tdc                 =  7.94508e+01
BUFFER FISSA  RLD=10k  pos=2  C=1.5n
fcross = 8.330030e+05
pmarg = 6.302308e+01
tdc = 7.945077e+01
Doing analysis at TEMP = 27.000000 and TNOM = 27.000000

Using SPARSE 1.3 as Direct Linear Solver

No. of Data Rows : 801
fcross              =  8.55781e+05
pmarg               =  5.86441e+01
tdc                 =  7.94508e+01
BUFFER FISSA  RLD=10k  pos=2  C=2.2n
fcross = 8.557813e+05
pmarg = 5.864407e+01
tdc = 7.945075e+01
Doing analysis at TEMP = 27.000000 and TNOM = 27.000000

Using SPARSE 1.3 as Direct Linear Solver

No. of Data Rows : 801
fcross              =  8.71507e+05
pmarg               =  5.52910e+01
tdc                 =  7.94507e+01
BUFFER FISSA  RLD=10k  pos=2  C=2.7n
fcross = 8.715072e+05
pmarg = 5.529100e+01
tdc = 7.945074e+01
Doing analysis at TEMP = 27.000000 and TNOM = 27.000000

Using SPARSE 1.3 as Direct Linear Solver

No. of Data Rows : 801
fcross              =  8.88897e+05
pmarg               =  5.10654e+01
tdc                 =  7.94507e+01
BUFFER FISSA  RLD=10k  pos=2  C=3.3n
fcross = 8.888973e+05
pmarg = 5.106538e+01
tdc = 7.945073e+01
Doing analysis at TEMP = 27.000000 and TNOM = 27.000000

Using SPARSE 1.3 as Direct Linear Solver

No. of Data Rows : 801
fcross              =  9.14844e+05
pmarg               =  4.11247e+01
tdc                 =  7.94507e+01
BUFFER FISSA  RLD=10k  pos=2  C=4.7n
fcross = 9.148445e+05
pmarg = 4.112468e+01
tdc = 7.945070e+01
Doing analysis at TEMP = 27.000000 and TNOM = 27.000000

Using SPARSE 1.3 as Direct Linear Solver

No. of Data Rows : 801
fcross              =  7.87107e+05
pmarg               =  7.10983e+01
tdc                 =  7.96134e+01
BUFFER FISSA  RLD=50k  pos=1  C=1f
fcross = 7.871071e+05
pmarg = 7.109834e+01
tdc = 7.961335e+01
Doing analysis at TEMP = 27.000000 and TNOM = 27.000000

Using SPARSE 1.3 as Direct Linear Solver

No. of Data Rows : 801
fcross              =  7.88472e+05
pmarg               =  7.08704e+01
tdc                 =  7.96134e+01
BUFFER FISSA  RLD=50k  pos=1  C=47p
fcross = 7.884719e+05
pmarg = 7.087042e+01
tdc = 7.961335e+01
Doing analysis at TEMP = 27.000000 and TNOM = 27.000000

Using SPARSE 1.3 as Direct Linear Solver

No. of Data Rows : 801
fcross              =  7.89937e+05
pmarg               =  7.06119e+01
tdc                 =  7.96134e+01
BUFFER FISSA  RLD=50k  pos=1  C=100p
fcross = 7.899371e+05
pmarg = 7.061193e+01
tdc = 7.961335e+01
Doing analysis at TEMP = 27.000000 and TNOM = 27.000000

Using SPARSE 1.3 as Direct Linear Solver

No. of Data Rows : 801
fcross              =  7.92945e+05
pmarg               =  7.00230e+01
tdc                 =  7.96134e+01
BUFFER FISSA  RLD=50k  pos=1  C=220p
fcross = 7.929446e+05
pmarg = 7.002303e+01
tdc = 7.961335e+01
Doing analysis at TEMP = 27.000000 and TNOM = 27.000000

Using SPARSE 1.3 as Direct Linear Solver

No. of Data Rows : 801
fcross              =  7.97766e+05
pmarg               =  6.87964e+01
tdc                 =  7.96134e+01
BUFFER FISSA  RLD=50k  pos=1  C=470p
fcross = 7.977655e+05
pmarg = 6.879636e+01
tdc = 7.961335e+01
Doing analysis at TEMP = 27.000000 and TNOM = 27.000000

Using SPARSE 1.3 as Direct Linear Solver

No. of Data Rows : 801
fcross              =  8.00321e+05
pmarg               =  6.63951e+01
tdc                 =  7.96134e+01
BUFFER FISSA  RLD=50k  pos=1  C=1n
fcross = 8.003208e+05
pmarg = 6.639509e+01
tdc = 7.961335e+01
Doing analysis at TEMP = 27.000000 and TNOM = 27.000000

Using SPARSE 1.3 as Direct Linear Solver

No. of Data Rows : 801
fcross              =  7.93877e+05
pmarg               =  6.46262e+01
tdc                 =  7.96134e+01
BUFFER FISSA  RLD=50k  pos=1  C=1.5n
fcross = 7.938775e+05
pmarg = 6.462617e+01
tdc = 7.961335e+01
Doing analysis at TEMP = 27.000000 and TNOM = 27.000000

Using SPARSE 1.3 as Direct Linear Solver

No. of Data Rows : 801
fcross              =  7.76320e+05
pmarg               =  6.30802e+01
tdc                 =  7.96134e+01
BUFFER FISSA  RLD=50k  pos=1  C=2.2n
fcross = 7.763197e+05
pmarg = 6.308016e+01
tdc = 7.961335e+01
Doing analysis at TEMP = 27.000000 and TNOM = 27.000000

Using SPARSE 1.3 as Direct Linear Solver

No. of Data Rows : 801
fcross              =  7.61612e+05
pmarg               =  6.25151e+01
tdc                 =  7.96134e+01
BUFFER FISSA  RLD=50k  pos=1  C=2.7n
fcross = 7.616118e+05
pmarg = 6.251506e+01
tdc = 7.961335e+01
Doing analysis at TEMP = 27.000000 and TNOM = 27.000000

Using SPARSE 1.3 as Direct Linear Solver

No. of Data Rows : 801
fcross              =  7.44206e+05
pmarg               =  6.22375e+01
tdc                 =  7.96134e+01
BUFFER FISSA  RLD=50k  pos=1  C=3.3n
fcross = 7.442060e+05
pmarg = 6.223752e+01
tdc = 7.961336e+01
Doing analysis at TEMP = 27.000000 and TNOM = 27.000000

Using SPARSE 1.3 as Direct Linear Solver

No. of Data Rows : 801
fcross              =  7.09821e+05
pmarg               =  6.24865e+01
tdc                 =  7.96134e+01
BUFFER FISSA  RLD=50k  pos=1  C=4.7n
fcross = 7.098213e+05
pmarg = 6.248649e+01
tdc = 7.961336e+01
Doing analysis at TEMP = 27.000000 and TNOM = 27.000000

Using SPARSE 1.3 as Direct Linear Solver

No. of Data Rows : 801
fcross              =  7.87107e+05
pmarg               =  7.10983e+01
tdc                 =  7.96134e+01
BUFFER FISSA  RLD=50k  pos=2  C=1f
fcross = 7.871071e+05
pmarg = 7.109834e+01
tdc = 7.961335e+01
Doing analysis at TEMP = 27.000000 and TNOM = 27.000000

Using SPARSE 1.3 as Direct Linear Solver

No. of Data Rows : 801
fcross              =  7.88506e+05
pmarg               =  7.08699e+01
tdc                 =  7.96133e+01
BUFFER FISSA  RLD=50k  pos=2  C=47p
fcross = 7.885061e+05
pmarg = 7.086994e+01
tdc = 7.961335e+01
Doing analysis at TEMP = 27.000000 and TNOM = 27.000000

Using SPARSE 1.3 as Direct Linear Solver

No. of Data Rows : 801
fcross              =  7.90087e+05
pmarg               =  7.06106e+01
tdc                 =  7.96133e+01
BUFFER FISSA  RLD=50k  pos=2  C=100p
fcross = 7.900872e+05
pmarg = 7.061064e+01
tdc = 7.961335e+01
Doing analysis at TEMP = 27.000000 and TNOM = 27.000000

Using SPARSE 1.3 as Direct Linear Solver

No. of Data Rows : 801
fcross              =  7.93680e+05
pmarg               =  7.00167e+01
tdc                 =  7.96133e+01
BUFFER FISSA  RLD=50k  pos=2  C=220p
fcross = 7.936802e+05
pmarg = 7.001672e+01
tdc = 7.961335e+01
Doing analysis at TEMP = 27.000000 and TNOM = 27.000000

Using SPARSE 1.3 as Direct Linear Solver

No. of Data Rows : 801
fcross              =  8.01396e+05
pmarg               =  6.87430e+01
tdc                 =  7.96133e+01
BUFFER FISSA  RLD=50k  pos=2  C=470p
fcross = 8.013959e+05
pmarg = 6.874299e+01
tdc = 7.961334e+01
Doing analysis at TEMP = 27.000000 and TNOM = 27.000000

Using SPARSE 1.3 as Direct Linear Solver

No. of Data Rows : 801
fcross              =  8.18114e+05
pmarg               =  6.58905e+01
tdc                 =  7.96133e+01
BUFFER FISSA  RLD=50k  pos=2  C=1n
fcross = 8.181143e+05
pmarg = 6.589053e+01
tdc = 7.961333e+01
Doing analysis at TEMP = 27.000000 and TNOM = 27.000000

Using SPARSE 1.3 as Direct Linear Solver

No. of Data Rows : 801
fcross              =  8.34320e+05
pmarg               =  6.29961e+01
tdc                 =  7.96133e+01
BUFFER FISSA  RLD=50k  pos=2  C=1.5n
fcross = 8.343202e+05
pmarg = 6.299606e+01
tdc = 7.961332e+01
Doing analysis at TEMP = 27.000000 and TNOM = 27.000000

Using SPARSE 1.3 as Direct Linear Solver

No. of Data Rows : 801
fcross              =  8.57291e+05
pmarg               =  5.85972e+01
tdc                 =  7.96133e+01
BUFFER FISSA  RLD=50k  pos=2  C=2.2n
fcross = 8.572909e+05
pmarg = 5.859723e+01
tdc = 7.961331e+01
Doing analysis at TEMP = 27.000000 and TNOM = 27.000000

Using SPARSE 1.3 as Direct Linear Solver

No. of Data Rows : 801
fcross              =  8.73179e+05
pmarg               =  5.52258e+01
tdc                 =  7.96133e+01
BUFFER FISSA  RLD=50k  pos=2  C=2.7n
fcross = 8.731789e+05
pmarg = 5.522581e+01
tdc = 7.961330e+01
Doing analysis at TEMP = 27.000000 and TNOM = 27.000000

Using SPARSE 1.3 as Direct Linear Solver

No. of Data Rows : 801
fcross              =  8.90685e+05
pmarg               =  5.09797e+01
tdc                 =  7.96133e+01
BUFFER FISSA  RLD=50k  pos=2  C=3.3n
fcross = 8.906850e+05
pmarg = 5.097974e+01
tdc = 7.961329e+01
Doing analysis at TEMP = 27.000000 and TNOM = 27.000000

Using SPARSE 1.3 as Direct Linear Solver

No. of Data Rows : 801
fcross              =  9.16866e+05
pmarg               =  4.09811e+01
tdc                 =  7.96133e+01
BUFFER FISSA  RLD=50k  pos=2  C=4.7n
fcross = 9.168660e+05
pmarg = 4.098110e+01
tdc = 7.961326e+01
Note: Simulation executed from .control section 
