warning, model type mismatch in line
    q121a nmiri nmiri nme1 ls350
warning, model type mismatch in line
    q121b nhi nmiri nme2 ls350

Note: No compatibility mode selected!


Circuit: tb_loop_bufferfissa__cm470p_r1.69k.cir - l40 esplorazione da tb_loop_bufferfissa.cir, alter c124 = 470p; alter r128 = 1.69k

Warning: Model issue on line 122 :
  .model lsk489a njf(beta=2.2m betatce=-.5 rd=11 rs=30 lambda=4.3m vto=-1. ...
unrecognized parameter (isr) - ignored
unrecognized parameter (alpha) - ignored
unrecognized parameter (vk) - ignored
unrecognized parameter (mj) - ignored

 Capacitor: Fixed capacitor
     device                  c124
      model                     C
capacitance               4.7e-10

 Resistor: Simple linear resistor
     device                  r128
      model                     R
 resistance                  1690

Doing analysis at TEMP = 27.000000 and TNOM = 27.000000

Using SPARSE 1.3 as Direct Linear Solver

No. of Data Rows : 801
fcross              =  9.64524e+05
pmarg               =  6.51845e+01
tdc                 =  8.12329e+01
BUFFER FISSA  RLD=10k  pos=1  C=1f
fcross = 9.645239e+05
pmarg = 6.518452e+01
tdc = 8.123289e+01
Doing analysis at TEMP = 27.000000 and TNOM = 27.000000

Using SPARSE 1.3 as Direct Linear Solver

No. of Data Rows : 801
fcross              =  9.66903e+05
pmarg               =  6.48890e+01
tdc                 =  8.12329e+01
BUFFER FISSA  RLD=10k  pos=1  C=47p
fcross = 9.669029e+05
pmarg = 6.488903e+01
tdc = 8.123290e+01
Doing analysis at TEMP = 27.000000 and TNOM = 27.000000

Using SPARSE 1.3 as Direct Linear Solver

No. of Data Rows : 801
fcross              =  9.69458e+05
pmarg               =  6.45520e+01
tdc                 =  8.12329e+01
BUFFER FISSA  RLD=10k  pos=1  C=100p
fcross = 9.694584e+05
pmarg = 6.455200e+01
tdc = 8.123290e+01
Doing analysis at TEMP = 27.000000 and TNOM = 27.000000

Using SPARSE 1.3 as Direct Linear Solver

No. of Data Rows : 801
fcross              =  9.74692e+05
pmarg               =  6.37779e+01
tdc                 =  8.12329e+01
BUFFER FISSA  RLD=10k  pos=1  C=220p
fcross = 9.746920e+05
pmarg = 6.377794e+01
tdc = 8.123291e+01
Doing analysis at TEMP = 27.000000 and TNOM = 27.000000

Using SPARSE 1.3 as Direct Linear Solver

No. of Data Rows : 801
fcross              =  9.82889e+05
pmarg               =  6.21506e+01
tdc                 =  8.12329e+01
BUFFER FISSA  RLD=10k  pos=1  C=470p
fcross = 9.828895e+05
pmarg = 6.215058e+01
tdc = 8.123292e+01
Doing analysis at TEMP = 27.000000 and TNOM = 27.000000

Using SPARSE 1.3 as Direct Linear Solver

No. of Data Rows : 801
fcross              =  9.85578e+05
pmarg               =  5.90348e+01
tdc                 =  8.12330e+01
BUFFER FISSA  RLD=10k  pos=1  C=1n
fcross = 9.855781e+05
pmarg = 5.903477e+01
tdc = 8.123296e+01
Doing analysis at TEMP = 27.000000 and TNOM = 27.000000

Using SPARSE 1.3 as Direct Linear Solver

No. of Data Rows : 801
fcross              =  9.72572e+05
pmarg               =  5.69522e+01
tdc                 =  8.12330e+01
BUFFER FISSA  RLD=10k  pos=1  C=1.5n
fcross = 9.725724e+05
pmarg = 5.695224e+01
tdc = 8.123299e+01
Doing analysis at TEMP = 27.000000 and TNOM = 27.000000

Using SPARSE 1.3 as Direct Linear Solver

No. of Data Rows : 801
fcross              =  9.43284e+05
pmarg               =  5.54321e+01
tdc                 =  8.12330e+01
BUFFER FISSA  RLD=10k  pos=1  C=2.2n
fcross = 9.432839e+05
pmarg = 5.543211e+01
tdc = 8.123304e+01
Doing analysis at TEMP = 27.000000 and TNOM = 27.000000

Using SPARSE 1.3 as Direct Linear Solver

No. of Data Rows : 801
fcross              =  9.21474e+05
pmarg               =  5.50263e+01
tdc                 =  8.12331e+01
BUFFER FISSA  RLD=10k  pos=1  C=2.7n
fcross = 9.214743e+05
pmarg = 5.502627e+01
tdc = 8.123307e+01
Doing analysis at TEMP = 27.000000 and TNOM = 27.000000

Using SPARSE 1.3 as Direct Linear Solver

No. of Data Rows : 801
fcross              =  8.97669e+05
pmarg               =  5.49637e+01
tdc                 =  8.12331e+01
BUFFER FISSA  RLD=10k  pos=1  C=3.3n
fcross = 8.976695e+05
pmarg = 5.496374e+01
tdc = 8.123311e+01
Doing analysis at TEMP = 27.000000 and TNOM = 27.000000

Using SPARSE 1.3 as Direct Linear Solver

No. of Data Rows : 801
fcross              =  8.54884e+05
pmarg               =  5.56105e+01
tdc                 =  8.12332e+01
BUFFER FISSA  RLD=10k  pos=1  C=4.7n
fcross = 8.548844e+05
pmarg = 5.561046e+01
tdc = 8.123320e+01
Doing analysis at TEMP = 27.000000 and TNOM = 27.000000

Using SPARSE 1.3 as Direct Linear Solver

No. of Data Rows : 801
fcross              =  9.64524e+05
pmarg               =  6.51845e+01
tdc                 =  8.12329e+01
BUFFER FISSA  RLD=10k  pos=2  C=1f
fcross = 9.645239e+05
pmarg = 6.518452e+01
tdc = 8.123289e+01
Doing analysis at TEMP = 27.000000 and TNOM = 27.000000

Using SPARSE 1.3 as Direct Linear Solver

No. of Data Rows : 801
fcross              =  9.66983e+05
pmarg               =  6.48865e+01
tdc                 =  8.12329e+01
BUFFER FISSA  RLD=10k  pos=2  C=47p
fcross = 9.669832e+05
pmarg = 6.488651e+01
tdc = 8.123289e+01
Doing analysis at TEMP = 27.000000 and TNOM = 27.000000

Using SPARSE 1.3 as Direct Linear Solver

No. of Data Rows : 801
fcross              =  9.69772e+05
pmarg               =  6.45469e+01
tdc                 =  8.12329e+01
BUFFER FISSA  RLD=10k  pos=2  C=100p
fcross = 9.697723e+05
pmarg = 6.454691e+01
tdc = 8.123289e+01
Doing analysis at TEMP = 27.000000 and TNOM = 27.000000

Using SPARSE 1.3 as Direct Linear Solver

No. of Data Rows : 801
fcross              =  9.76148e+05
pmarg               =  6.37639e+01
tdc                 =  8.12329e+01
BUFFER FISSA  RLD=10k  pos=2  C=220p
fcross = 9.761482e+05
pmarg = 6.376385e+01
tdc = 8.123289e+01
Doing analysis at TEMP = 27.000000 and TNOM = 27.000000

Using SPARSE 1.3 as Direct Linear Solver

No. of Data Rows : 801
fcross              =  9.90043e+05
pmarg               =  6.20573e+01
tdc                 =  8.12329e+01
BUFFER FISSA  RLD=10k  pos=2  C=470p
fcross = 9.900432e+05
pmarg = 6.205733e+01
tdc = 8.123288e+01
Doing analysis at TEMP = 27.000000 and TNOM = 27.000000

Using SPARSE 1.3 as Direct Linear Solver

No. of Data Rows : 801
fcross              =  1.02132e+06
pmarg               =  5.80927e+01
tdc                 =  8.12329e+01
BUFFER FISSA  RLD=10k  pos=2  C=1n
fcross = 1.021324e+06
pmarg = 5.809268e+01
tdc = 8.123288e+01
Doing analysis at TEMP = 27.000000 and TNOM = 27.000000

Using SPARSE 1.3 as Direct Linear Solver

No. of Data Rows : 801
fcross              =  1.05333e+06
pmarg               =  5.38446e+01
tdc                 =  8.12329e+01
BUFFER FISSA  RLD=10k  pos=2  C=1.5n
fcross = 1.053325e+06
pmarg = 5.384462e+01
tdc = 8.123287e+01
Doing analysis at TEMP = 27.000000 and TNOM = 27.000000

Using SPARSE 1.3 as Direct Linear Solver

No. of Data Rows : 801
fcross              =  1.10041e+06
pmarg               =  4.69715e+01
tdc                 =  8.12329e+01
BUFFER FISSA  RLD=10k  pos=2  C=2.2n
fcross = 1.100413e+06
pmarg = 4.697149e+01
tdc = 8.123285e+01
Doing analysis at TEMP = 27.000000 and TNOM = 27.000000

Using SPARSE 1.3 as Direct Linear Solver

No. of Data Rows : 801
fcross              =  1.13283e+06
pmarg               =  4.14382e+01
tdc                 =  8.12328e+01
BUFFER FISSA  RLD=10k  pos=2  C=2.7n
fcross = 1.132827e+06
pmarg = 4.143823e+01
tdc = 8.123284e+01
Doing analysis at TEMP = 27.000000 and TNOM = 27.000000

Using SPARSE 1.3 as Direct Linear Solver

No. of Data Rows : 801
fcross              =  1.16376e+06
pmarg               =  3.44983e+01
tdc                 =  8.12328e+01
BUFFER FISSA  RLD=10k  pos=2  C=3.3n
fcross = 1.163764e+06
pmarg = 3.449829e+01
tdc = 8.123283e+01
Doing analysis at TEMP = 27.000000 and TNOM = 27.000000

Using SPARSE 1.3 as Direct Linear Solver

No. of Data Rows : 801
fcross              =  1.17451e+06
pmarg               =  2.08545e+01
tdc                 =  8.12328e+01
BUFFER FISSA  RLD=10k  pos=2  C=4.7n
fcross = 1.174512e+06
pmarg = 2.085446e+01
tdc = 8.123281e+01
Doing analysis at TEMP = 27.000000 and TNOM = 27.000000

Using SPARSE 1.3 as Direct Linear Solver

No. of Data Rows : 801
fcross              =  9.65700e+05
pmarg               =  6.51935e+01
tdc                 =  8.13997e+01
BUFFER FISSA  RLD=50k  pos=1  C=1f
fcross = 9.656998e+05
pmarg = 6.519351e+01
tdc = 8.139970e+01
Doing analysis at TEMP = 27.000000 and TNOM = 27.000000

Using SPARSE 1.3 as Direct Linear Solver

No. of Data Rows : 801
fcross              =  9.68108e+05
pmarg               =  6.48950e+01
tdc                 =  8.13997e+01
BUFFER FISSA  RLD=50k  pos=1  C=47p
fcross = 9.681084e+05
pmarg = 6.489504e+01
tdc = 8.139970e+01
Doing analysis at TEMP = 27.000000 and TNOM = 27.000000

Using SPARSE 1.3 as Direct Linear Solver

No. of Data Rows : 801
fcross              =  9.70696e+05
pmarg               =  6.45545e+01
tdc                 =  8.13997e+01
BUFFER FISSA  RLD=50k  pos=1  C=100p
fcross = 9.706956e+05
pmarg = 6.455454e+01
tdc = 8.139970e+01
Doing analysis at TEMP = 27.000000 and TNOM = 27.000000

Using SPARSE 1.3 as Direct Linear Solver

No. of Data Rows : 801
fcross              =  9.75993e+05
pmarg               =  6.37724e+01
tdc                 =  8.13997e+01
BUFFER FISSA  RLD=50k  pos=1  C=220p
fcross = 9.759926e+05
pmarg = 6.377238e+01
tdc = 8.139970e+01
Doing analysis at TEMP = 27.000000 and TNOM = 27.000000

Using SPARSE 1.3 as Direct Linear Solver

No. of Data Rows : 801
fcross              =  9.84313e+05
pmarg               =  6.21267e+01
tdc                 =  8.13997e+01
BUFFER FISSA  RLD=50k  pos=1  C=470p
fcross = 9.843127e+05
pmarg = 6.212668e+01
tdc = 8.139970e+01
Doing analysis at TEMP = 27.000000 and TNOM = 27.000000

Using SPARSE 1.3 as Direct Linear Solver

No. of Data Rows : 801
fcross              =  9.86933e+05
pmarg               =  5.89812e+01
tdc                 =  8.13997e+01
BUFFER FISSA  RLD=50k  pos=1  C=1n
fcross = 9.869326e+05
pmarg = 5.898123e+01
tdc = 8.139970e+01
Doing analysis at TEMP = 27.000000 and TNOM = 27.000000

Using SPARSE 1.3 as Direct Linear Solver

No. of Data Rows : 801
fcross              =  9.73626e+05
pmarg               =  5.68884e+01
tdc                 =  8.13997e+01
BUFFER FISSA  RLD=50k  pos=1  C=1.5n
fcross = 9.736256e+05
pmarg = 5.688842e+01
tdc = 8.139970e+01
Doing analysis at TEMP = 27.000000 and TNOM = 27.000000

Using SPARSE 1.3 as Direct Linear Solver

No. of Data Rows : 801
fcross              =  9.43925e+05
pmarg               =  5.53717e+01
tdc                 =  8.13997e+01
BUFFER FISSA  RLD=50k  pos=1  C=2.2n
fcross = 9.439247e+05
pmarg = 5.537169e+01
tdc = 8.139971e+01
Doing analysis at TEMP = 27.000000 and TNOM = 27.000000

Using SPARSE 1.3 as Direct Linear Solver

No. of Data Rows : 801
fcross              =  9.21897e+05
pmarg               =  5.49730e+01
tdc                 =  8.13997e+01
BUFFER FISSA  RLD=50k  pos=1  C=2.7n
fcross = 9.218965e+05
pmarg = 5.497302e+01
tdc = 8.139971e+01
Doing analysis at TEMP = 27.000000 and TNOM = 27.000000

Using SPARSE 1.3 as Direct Linear Solver

No. of Data Rows : 801
fcross              =  8.97914e+05
pmarg               =  5.49194e+01
tdc                 =  8.13997e+01
BUFFER FISSA  RLD=50k  pos=1  C=3.3n
fcross = 8.979139e+05
pmarg = 5.491936e+01
tdc = 8.139971e+01
Doing analysis at TEMP = 27.000000 and TNOM = 27.000000

Using SPARSE 1.3 as Direct Linear Solver

No. of Data Rows : 801
fcross              =  8.54924e+05
pmarg               =  5.55822e+01
tdc                 =  8.13997e+01
BUFFER FISSA  RLD=50k  pos=1  C=4.7n
fcross = 8.549244e+05
pmarg = 5.558224e+01
tdc = 8.139972e+01
Doing analysis at TEMP = 27.000000 and TNOM = 27.000000

Using SPARSE 1.3 as Direct Linear Solver

No. of Data Rows : 801
fcross              =  9.65700e+05
pmarg               =  6.51935e+01
tdc                 =  8.13997e+01
BUFFER FISSA  RLD=50k  pos=2  C=1f
fcross = 9.656998e+05
pmarg = 6.519351e+01
tdc = 8.139970e+01
Doing analysis at TEMP = 27.000000 and TNOM = 27.000000

Using SPARSE 1.3 as Direct Linear Solver

No. of Data Rows : 801
fcross              =  9.68171e+05
pmarg               =  6.48948e+01
tdc                 =  8.13997e+01
BUFFER FISSA  RLD=50k  pos=2  C=47p
fcross = 9.681713e+05
pmarg = 6.489476e+01
tdc = 8.139970e+01
Doing analysis at TEMP = 27.000000 and TNOM = 27.000000

Using SPARSE 1.3 as Direct Linear Solver

No. of Data Rows : 801
fcross              =  9.70974e+05
pmarg               =  6.45543e+01
tdc                 =  8.13997e+01
BUFFER FISSA  RLD=50k  pos=2  C=100p
fcross = 9.709744e+05
pmarg = 6.455429e+01
tdc = 8.139970e+01
Doing analysis at TEMP = 27.000000 and TNOM = 27.000000

Using SPARSE 1.3 as Direct Linear Solver

No. of Data Rows : 801
fcross              =  9.77387e+05
pmarg               =  6.37691e+01
tdc                 =  8.13997e+01
BUFFER FISSA  RLD=50k  pos=2  C=220p
fcross = 9.773868e+05
pmarg = 6.376909e+01
tdc = 8.139969e+01
Doing analysis at TEMP = 27.000000 and TNOM = 27.000000

Using SPARSE 1.3 as Direct Linear Solver

No. of Data Rows : 801
fcross              =  9.91387e+05
pmarg               =  6.20569e+01
tdc                 =  8.13997e+01
BUFFER FISSA  RLD=50k  pos=2  C=470p
fcross = 9.913870e+05
pmarg = 6.205689e+01
tdc = 8.139969e+01
Doing analysis at TEMP = 27.000000 and TNOM = 27.000000

Using SPARSE 1.3 as Direct Linear Solver

No. of Data Rows : 801
fcross              =  1.02289e+06
pmarg               =  5.80776e+01
tdc                 =  8.13997e+01
BUFFER FISSA  RLD=50k  pos=2  C=1n
fcross = 1.022895e+06
pmarg = 5.807761e+01
tdc = 8.139968e+01
Doing analysis at TEMP = 27.000000 and TNOM = 27.000000

Using SPARSE 1.3 as Direct Linear Solver

No. of Data Rows : 801
fcross              =  1.05523e+06
pmarg               =  5.38073e+01
tdc                 =  8.13997e+01
BUFFER FISSA  RLD=50k  pos=2  C=1.5n
fcross = 1.055226e+06
pmarg = 5.380728e+01
tdc = 8.139967e+01
Doing analysis at TEMP = 27.000000 and TNOM = 27.000000

Using SPARSE 1.3 as Direct Linear Solver

No. of Data Rows : 801
fcross              =  1.10284e+06
pmarg               =  4.68893e+01
tdc                 =  8.13997e+01
BUFFER FISSA  RLD=50k  pos=2  C=2.2n
fcross = 1.102836e+06
pmarg = 4.688931e+01
tdc = 8.139966e+01
Doing analysis at TEMP = 27.000000 and TNOM = 27.000000

Using SPARSE 1.3 as Direct Linear Solver

No. of Data Rows : 801
fcross              =  1.13560e+06
pmarg               =  4.13154e+01
tdc                 =  8.13997e+01
BUFFER FISSA  RLD=50k  pos=2  C=2.7n
fcross = 1.135602e+06
pmarg = 4.131537e+01
tdc = 8.139965e+01
Doing analysis at TEMP = 27.000000 and TNOM = 27.000000

Using SPARSE 1.3 as Direct Linear Solver

No. of Data Rows : 801
fcross              =  1.16681e+06
pmarg               =  3.43246e+01
tdc                 =  8.13996e+01
BUFFER FISSA  RLD=50k  pos=2  C=3.3n
fcross = 1.166812e+06
pmarg = 3.432457e+01
tdc = 8.139964e+01
Doing analysis at TEMP = 27.000000 and TNOM = 27.000000

Using SPARSE 1.3 as Direct Linear Solver

No. of Data Rows : 801
fcross              =  1.17711e+06
pmarg               =  2.06334e+01
tdc                 =  8.13996e+01
BUFFER FISSA  RLD=50k  pos=2  C=4.7n
fcross = 1.177111e+06
pmarg = 2.063340e+01
tdc = 8.139962e+01
Note: Simulation executed from .control section 
