warning, model type mismatch in line
    q121a nmiri nmiri nme1 ls350
warning, model type mismatch in line
    q121b nhi nmiri nme2 ls350

Note: No compatibility mode selected!


Circuit: tb_zout_psrr_noise.cir - l46b esplorazione, variante sv_r10_c1000u (blocco da inc/sv_r10_c1000u.inc)

Warning: Model issue on line 122 :
  .model lsk489a njf(beta=2.2m betatce=-.5 rd=11 rs=30 lambda=4.3m vto=-1. ...
unrecognized parameter (isr) - ignored
unrecognized parameter (alpha) - ignored
unrecognized parameter (vk) - ignored
unrecognized parameter (mj) - ignored

########## Zout at the jack, load removed, both gain modes ##########
Doing analysis at TEMP = 27.000000 and TNOM = 27.000000

Using SPARSE 1.3 as Direct Linear Solver

No. of Data Rows : 81
z20                 =  1.69338e+03
z1k                 =  5.79336e+01
z20k                =  4.70336e+01
za20                =  2.21148e-02
za1k                =  2.58285e-02
za20k               =  2.68157e-01
za100k              =  1.35086e+00
MODE=0db
z20 = 1.693378e+03
z1k = 5.793361e+01
z20k = 4.703360e+01
za20 = 2.211477e-02
za1k = 2.582847e-02
za20k = 2.681570e-01
za100k = 1.350856e+00
Doing analysis at TEMP = 27.000000 and TNOM = 27.000000

Using SPARSE 1.3 as Direct Linear Solver

No. of Data Rows : 81
z20                 =  1.69338e+03
z1k                 =  5.79379e+01
z20k                =  4.70513e+01
za20                =  3.14029e-02
za1k                =  3.66767e-02
za20k               =  3.80014e-01
za100k              =  1.82948e+00
MODE=3db
z20 = 1.693378e+03
z1k = 5.793792e+01
z20k = 4.705132e+01
za20 = 3.140290e-02
za1k = 3.667669e-02
za20k = 3.800139e-01
za100k = 1.829478e+00
Doing analysis at TEMP = 27.000000 and TNOM = 27.000000

Using SPARSE 1.3 as Direct Linear Solver

No. of Data Rows : 81
z20                 =  1.69338e+03
z1k                 =  5.79558e+01
z20k                =  4.71451e+01
za20                =  6.96677e-02
za1k                =  8.13716e-02
za20k               =  8.39234e-01
za100k              =  3.66931e+00
MODE=10db
z20 = 1.693378e+03
z1k = 5.795576e+01
z20k = 4.714510e+01
za20 = 6.966774e-02
za1k = 8.137155e-02
za20k = 8.392336e-01
za100k = 3.669313e+00
########## PSRR (input source silenced) ##########
Doing analysis at TEMP = 27.000000 and TNOM = 27.000000

Using SPARSE 1.3 as Direct Linear Solver

No. of Data Rows : 81
p100                =  8.90273e+01
p1k                 =  8.95707e+01
p10k                =  8.17163e+01
p100k               =  6.12778e+01
PSRR+ MODE=0db (dB, bigger is better)
p100 = 8.902728e+01
p1k = 8.957066e+01
p10k = 8.171630e+01
p100k = 6.127785e+01
Doing analysis at TEMP = 27.000000 and TNOM = 27.000000

Using SPARSE 1.3 as Direct Linear Solver

No. of Data Rows : 81
p100                =  8.59836e+01
p1k                 =  8.65272e+01
p10k                =  7.86759e+01
p100k               =  5.86447e+01
PSRR+ MODE=3db (dB, bigger is better)
p100 = 8.598362e+01
p1k = 8.652719e+01
p10k = 7.867588e+01
p100k = 5.864471e+01
Doing analysis at TEMP = 27.000000 and TNOM = 27.000000

Using SPARSE 1.3 as Direct Linear Solver

No. of Data Rows : 81
p100                =  7.90721e+01
p1k                 =  7.96165e+01
p10k                =  7.17686e+01
p100k               =  5.26050e+01
PSRR+ MODE=10db (dB, bigger is better)
p100 = 7.907211e+01
p1k = 7.961652e+01
p10k = 7.176861e+01
p100k = 5.260499e+01
########## PSRR from V- ##########
Doing analysis at TEMP = 27.000000 and TNOM = 27.000000

Using SPARSE 1.3 as Direct Linear Solver

No. of Data Rows : 81
p100                =  8.06782e+01
p1k                 =  9.47522e+01
p10k                =  9.01107e+01
p100k               =  6.50071e+01
PSRR- MODE=0db (dB, bigger is better)
p100 = 8.067825e+01
p1k = 9.475223e+01
p10k = 9.011071e+01
p100k = 6.500708e+01
Doing analysis at TEMP = 27.000000 and TNOM = 27.000000

Using SPARSE 1.3 as Direct Linear Solver

No. of Data Rows : 81
p100                =  7.76317e+01
p1k                 =  9.16993e+01
p10k                =  8.70624e+01
p100k               =  6.23680e+01
PSRR- MODE=3db (dB, bigger is better)
p100 = 7.763170e+01
p1k = 9.169934e+01
p10k = 8.706237e+01
p100k = 6.236799e+01
Doing analysis at TEMP = 27.000000 and TNOM = 27.000000

Using SPARSE 1.3 as Direct Linear Solver

No. of Data Rows : 81
p100                =  7.07072e+01
p1k                 =  8.47500e+01
p10k                =  8.01269e+01
p100k               =  5.63075e+01
PSRR- MODE=10db (dB, bigger is better)
p100 = 7.070724e+01
p1k = 8.474996e+01
p10k = 8.012691e+01
p100k = 5.630748e+01
########## output noise 20 Hz - 20 kHz ##########
Doing analysis at TEMP = 27.000000 and TNOM = 27.000000

Using SPNote: Starting dynamic gmin stepping
Note: Dynamic gmin stepping completed
ARSE 1.3 as Direct Linear Solver

No. of Data Rows : 151

No. of Data Rows : 1
MODE=0db  RSRC=430 (phono cathode follower)
onoise_total = 1.246149e-06
inoise_total = 1.247527e-06
Doing analysis at TEMP = 27.000000 and TNOM = 27.000000

Using SPARSE 1.3 as Direct Linear Solver

No. of Data Rows : 151

No. of Data Rows : 1
MODE=3db  RSRC=430 (phono cathode follower)
onoise_total = 1.678367e-06
inoise_total = 1.184047e-06
Doing analysis at TEMP = 27.000000 and TNOM = 27.000000

Using SPARSE 1.3 as Direct Linear Solver

No. of Data Rows : 151

No. of Data Rows : 1
MODE=10db  RSRC=430 (phono cathode follower)
onoise_total = 3.445332e-06
inoise_total = 1.097174e-06
Doing analysis at TEMP = 27.000000 and TNOM = 27.000000

Using SPARSE 1.3 as Direct Linear Solver

No. of Data Rows : 151

No. of Data Rows : 1
RRG=1G  RSRC=1 ohm (intrinsic)
onoise_total = 1.187880e-06
inoise_total = 1.188685e-06
Doing analysis at TEMP = 27.000000 and TNOM = 27.000000

Using SPARSE 1.3 as Direct Linear Solver

No. of Data Rows : 151

No. of Data Rows : 1
RRG=0.1  RSRC=2500 (attenuator at mid-rotation, +10 dB) - WORST CASE
onoise_total = 4.314860e-06
inoise_total = 1.376914e-06
Note: Simulation executed from .control section 
