warning, model type mismatch in line
    q121a nmiri nmiri nme1 ls350
warning, model type mismatch in line
    q121b nhi nmiri nme2 ls350

Note: No compatibility mode selected!


Circuit: tb_zout_psrr_noise.cir - l46b esplorazione, variante sv_r4p7_c1000u (blocco da inc/sv_r4p7_c1000u.inc)

Warning: Model issue on line 122 :
  .model lsk489a njf(beta=2.2m betatce=-.5 rd=11 rs=30 lambda=4.3m vto=-1. ...
unrecognized parameter (isr) - ignored
unrecognized parameter (alpha) - ignored
unrecognized parameter (vk) - ignored
unrecognized parameter (mj) - ignored

########## Zout at the jack, load removed, both gain modes ##########
Doing analysis at TEMP = 27.000000 and TNOM = 27.000000

Using SPARSE 1.3 as Direct Linear Solver

No. of Data Rows : 81
z20                 =  1.69338e+03
z1k                 =  5.79336e+01
z20k                =  4.70336e+01
za20                =  2.21098e-02
za1k                =  2.58246e-02
za20k               =  2.68149e-01
za100k              =  1.35082e+00
MODE=0db
z20 = 1.693378e+03
z1k = 5.793360e+01
z20k = 4.703360e+01
za20 = 2.210981e-02
za1k = 2.582458e-02
za20k = 2.681490e-01
za100k = 1.350817e+00
Doing analysis at TEMP = 27.000000 and TNOM = 27.000000

Using SPARSE 1.3 as Direct Linear Solver

No. of Data Rows : 81
z20                 =  1.69338e+03
z1k                 =  5.79379e+01
z20k                =  4.70513e+01
za20                =  3.13959e-02
za1k                =  3.66712e-02
za20k               =  3.80003e-01
za100k              =  1.82942e+00
MODE=3db
z20 = 1.693378e+03
z1k = 5.793791e+01
z20k = 4.705131e+01
za20 = 3.139587e-02
za1k = 3.667117e-02
za20k = 3.800026e-01
za100k = 1.829425e+00
Doing analysis at TEMP = 27.000000 and TNOM = 27.000000

Using SPARSE 1.3 as Direct Linear Solver

No. of Data Rows : 81
z20                 =  1.69338e+03
z1k                 =  5.79558e+01
z20k                =  4.71451e+01
za20                =  6.96521e-02
za1k                =  8.13593e-02
za20k               =  8.39209e-01
za100k              =  3.66921e+00
MODE=10db
z20 = 1.693378e+03
z1k = 5.795575e+01
z20k = 4.714508e+01
za20 = 6.965214e-02
za1k = 8.135933e-02
za20k = 8.392088e-01
za100k = 3.669214e+00
########## PSRR (input source silenced) ##########
Doing analysis at TEMP = 27.000000 and TNOM = 27.000000

Using SPARSE 1.3 as Direct Linear Solver

No. of Data Rows : 81
p100                =  8.48353e+01
p1k                 =  8.55368e+01
p10k                =  7.68455e+01
p100k               =  5.69718e+01
PSRR+ MODE=0db (dB, bigger is better)
p100 = 8.483533e+01
p1k = 8.553677e+01
p10k = 7.684553e+01
p100k = 5.697178e+01
Doing analysis at TEMP = 27.000000 and TNOM = 27.000000

Using SPARSE 1.3 as Direct Linear Solver

No. of Data Rows : 81
p100                =  8.17908e+01
p1k                 =  8.24923e+01
p10k                =  7.38046e+01
p100k               =  5.43380e+01
PSRR+ MODE=3db (dB, bigger is better)
p100 = 8.179080e+01
p1k = 8.249229e+01
p10k = 7.380456e+01
p100k = 5.433801e+01
Doing analysis at TEMP = 27.000000 and TNOM = 27.000000

Using SPARSE 1.3 as Direct Linear Solver

No. of Data Rows : 81
p100                =  7.48753e+01
p1k                 =  7.55770e+01
p10k                =  6.68949e+01
p100k               =  4.82957e+01
PSRR+ MODE=10db (dB, bigger is better)
p100 = 7.487530e+01
p1k = 7.557699e+01
p10k = 6.689492e+01
p100k = 4.829570e+01
########## PSRR from V- ##########
Doing analysis at TEMP = 27.000000 and TNOM = 27.000000

Using SPARSE 1.3 as Direct Linear Solver

No. of Data Rows : 81
p100                =  8.06797e+01
p1k                 =  9.47538e+01
p10k                =  9.01119e+01
p100k               =  6.50077e+01
PSRR- MODE=0db (dB, bigger is better)
p100 = 8.067966e+01
p1k = 9.475379e+01
p10k = 9.011187e+01
p100k = 6.500768e+01
Doing analysis at TEMP = 27.000000 and TNOM = 27.000000

Using SPARSE 1.3 as Direct Linear Solver

No. of Data Rows : 81
p100                =  7.76331e+01
p1k                 =  9.17009e+01
p10k                =  8.70635e+01
p100k               =  6.23686e+01
PSRR- MODE=3db (dB, bigger is better)
p100 = 7.763313e+01
p1k = 9.170091e+01
p10k = 8.706354e+01
p100k = 6.236862e+01
Doing analysis at TEMP = 27.000000 and TNOM = 27.000000

Using SPARSE 1.3 as Direct Linear Solver

No. of Data Rows : 81
p100                =  7.07087e+01
p1k                 =  8.47515e+01
p10k                =  8.01281e+01
p100k               =  5.63081e+01
PSRR- MODE=10db (dB, bigger is better)
p100 = 7.070867e+01
p1k = 8.475153e+01
p10k = 8.012808e+01
p100k = 5.630811e+01
########## output noise 20 Hz - 20 kHz ##########
Doing analysis at TEMP = 27.000000 and TNOM = 27.000000

Using SPNote: Starting dynamic gmin stepping
Note: Dynamic gmin stepping completed
ARSE 1.3 as Direct Linear Solver

No. of Data Rows : 151

No. of Data Rows : 1
MODE=0db  RSRC=430 (phono cathode follower)
onoise_total = 1.246137e-06
inoise_total = 1.247516e-06
Doing analysis at TEMP = 27.000000 and TNOM = 27.000000

Using SPARSE 1.3 as Direct Linear Solver

No. of Data Rows : 151

No. of Data Rows : 1
MODE=3db  RSRC=430 (phono cathode follower)
onoise_total = 1.678350e-06
inoise_total = 1.184035e-06
Doing analysis at TEMP = 27.000000 and TNOM = 27.000000

Using SPARSE 1.3 as Direct Linear Solver

No. of Data Rows : 151

No. of Data Rows : 1
MODE=10db  RSRC=430 (phono cathode follower)
onoise_total = 3.445291e-06
inoise_total = 1.097161e-06
Doing analysis at TEMP = 27.000000 and TNOM = 27.000000

Using SPARSE 1.3 as Direct Linear Solver

No. of Data Rows : 151

No. of Data Rows : 1
RRG=1G  RSRC=1 ohm (intrinsic)
onoise_total = 1.187868e-06
inoise_total = 1.188673e-06
Doing analysis at TEMP = 27.000000 and TNOM = 27.000000

Using SPARSE 1.3 as Direct Linear Solver

No. of Data Rows : 151

No. of Data Rows : 1
RRG=0.1  RSRC=2500 (attenuator at mid-rotation, +10 dB) - WORST CASE
onoise_total = 4.314828e-06
inoise_total = 1.376903e-06
Note: Simulation executed from .control section 
