warning, model type mismatch in line
    q121a nmiri nmiri nme1 ls350
warning, model type mismatch in line
    q121b nhi nmiri nme2 ls350

Note: No compatibility mode selected!


Circuit: tb_loop_bufferfissa__cm820p_r1.33k.cir - l40 esplorazione da tb_loop_bufferfissa.cir, alter c124 = 820p; alter r128 = 1.33k

Warning: Model issue on line 122 :
  .model lsk489a njf(beta=2.2m betatce=-.5 rd=11 rs=30 lambda=4.3m vto=-1. ...
unrecognized parameter (isr) - ignored
unrecognized parameter (alpha) - ignored
unrecognized parameter (vk) - ignored
unrecognized parameter (mj) - ignored

Note: Starting dynamic gmin stepping
Warning: Dynamic gmin stepping failed
Note: Starting true gmin stepping
Note: True gmin stepping completed
 Capacitor: Fixed capacitor
     device                  c124
      model                     C
capacitance               8.2e-10

 Resistor: Simple linear resistor
     device                  r128
      model                     R
 resistance                  1330

Doing analysis at TEMP = 27.000000 and TNOM = 27.000000

Using SPARSE 1.3 as Direct Linear Solver

No. of Data Rows : 801
fcross              =  5.57252e+05
Note: Starting dynamic gmin stepping
Warning: Dynamic gmin stepping failed
Note: Starting true gmin stepping
Note: True gmin stepping completed
pmarg               =  6.92767e+01
tdc                 =  8.19655e+01
BUFFER FISSA  RLD=10k  pos=1  C=1f
fcross = 5.572518e+05
pmarg = 6.927674e+01
tdc = 8.196551e+01
Doing analysis at TEMP = 27.000000 and TNOM = 27.000000

Using SPARSE 1.3 as Direct Linear Solver

No. of Data Rows : 801
fcross              =  5.57811e+05
Note: Starting dynamic gmin stepping
Warning: Dynamic gmin stepping failed
Note: Starting true gmin stepping
Note: True gmin stepping completed
pmarg               =  6.91275e+01
tdc                 =  8.19655e+01
BUFFER FISSA  RLD=10k  pos=1  C=47p
fcross = 5.578112e+05
pmarg = 6.912750e+01
tdc = 8.196551e+01
Doing analysis at TEMP = 27.000000 and TNOM = 27.000000

Using SPARSE 1.3 as Direct Linear Solver

No. of Data Rows : 801
fcross              =  5.58417e+05
Note: Starting dynamic gmin stepping
Warning: Dynamic gmin stepping failed
Note: Starting true gmin stepping
Note: True gmin stepping completed
pmarg               =  6.89586e+01
tdc                 =  8.19655e+01
BUFFER FISSA  RLD=10k  pos=1  C=100p
fcross = 5.584166e+05
pmarg = 6.895855e+01
tdc = 8.196551e+01
Doing analysis at TEMP = 27.000000 and TNOM = 27.000000

Using SPARSE 1.3 as Direct Linear Solver

No. of Data Rows : 801
fcross              =  5.59683e+05
Note: Starting dynamic gmin stepping
Warning: Dynamic gmin stepping failed
Note: Starting true gmin stepping
Note: True gmin stepping completed
pmarg               =  6.85741e+01
tdc                 =  8.19655e+01
BUFFER FISSA  RLD=10k  pos=1  C=220p
fcross = 5.596833e+05
pmarg = 6.857408e+01
tdc = 8.196552e+01
Doing analysis at TEMP = 27.000000 and TNOM = 27.000000

Using SPARSE 1.3 as Direct Linear Solver

No. of Data Rows : 801
fcross              =  5.61828e+05
Note: Starting dynamic gmin stepping
Warning: Dynamic gmin stepping failed
Note: Starting true gmin stepping
Note: True gmin stepping completed
pmarg               =  6.77703e+01
tdc                 =  8.19655e+01
BUFFER FISSA  RLD=10k  pos=1  C=470p
fcross = 5.618282e+05
pmarg = 6.777031e+01
tdc = 8.196553e+01
Doing analysis at TEMP = 27.000000 and TNOM = 27.000000

Using SPARSE 1.3 as Direct Linear Solver

No. of Data Rows : 801
fcross              =  5.64025e+05
Note: Starting dynamic gmin stepping
Warning: Dynamic gmin stepping failed
Note: Starting true gmin stepping
Note: True gmin stepping completed
pmarg               =  6.61100e+01
tdc                 =  8.19656e+01
BUFFER FISSA  RLD=10k  pos=1  C=1n
fcross = 5.640247e+05
pmarg = 6.611001e+01
tdc = 8.196557e+01
Doing analysis at TEMP = 27.000000 and TNOM = 27.000000

Using SPARSE 1.3 as Direct Linear Solver

No. of Data Rows : 801
fcross              =  5.63026e+05
Note: Starting dynamic gmin stepping
Warning: Dynamic gmin stepping failed
Note: Starting true gmin stepping
Note: True gmin stepping completed
pmarg               =  6.46974e+01
tdc                 =  8.19656e+01
BUFFER FISSA  RLD=10k  pos=1  C=1.5n
fcross = 5.630259e+05
pmarg = 6.469743e+01
tdc = 8.196559e+01
Doing analysis at TEMP = 27.000000 and TNOM = 27.000000

Using SPARSE 1.3 as Direct Linear Solver

No. of Data Rows : 801
fcross              =  5.57565e+05
Note: Starting dynamic gmin stepping
Warning: Dynamic gmin stepping failed
Note: Starting true gmin stepping
Note: True gmin stepping completed
pmarg               =  6.31014e+01
tdc                 =  8.19656e+01
BUFFER FISSA  RLD=10k  pos=1  C=2.2n
fcross = 5.575648e+05
pmarg = 6.310144e+01
tdc = 8.196563e+01
Doing analysis at TEMP = 27.000000 and TNOM = 27.000000

Using SPARSE 1.3 as Direct Linear Solver

No. of Data Rows : 801
fcross              =  5.51682e+05
Note: Starting dynamic gmin stepping
Warning: Dynamic gmin stepping failed
Note: Starting true gmin stepping
Note: True gmin stepping completed
pmarg               =  6.22601e+01
tdc                 =  8.19657e+01
BUFFER FISSA  RLD=10k  pos=1  C=2.7n
fcross = 5.516815e+05
pmarg = 6.226007e+01
tdc = 8.196566e+01
Doing analysis at TEMP = 27.000000 and TNOM = 27.000000

Using SPARSE 1.3 as Direct Linear Solver

No. of Data Rows : 801
fcross              =  5.43611e+05
Note: Starting dynamic gmin stepping
Warning: Dynamic gmin stepping failed
Note: Starting true gmin stepping
Note: True gmin stepping completed
pmarg               =  6.15424e+01
tdc                 =  8.19657e+01
BUFFER FISSA  RLD=10k  pos=1  C=3.3n
fcross = 5.436107e+05
pmarg = 6.154245e+01
tdc = 8.196570e+01
Doing analysis at TEMP = 27.000000 and TNOM = 27.000000

Using SPARSE 1.3 as Direct Linear Solver

No. of Data Rows : 801
fcross              =  5.24291e+05
Note: Starting dynamic gmin stepping
Warning: Dynamic gmin stepping failed
Note: Starting true gmin stepping
Note: True gmin stepping completed
pmarg               =  6.07801e+01
tdc                 =  8.19658e+01
BUFFER FISSA  RLD=10k  pos=1  C=4.7n
fcross = 5.242914e+05
pmarg = 6.078008e+01
tdc = 8.196578e+01
Doing analysis at TEMP = 27.000000 and TNOM = 27.000000

Using SPARSE 1.3 as Direct Linear Solver

No. of Data Rows : 801
fcross              =  5.57252e+05
Note: Starting dynamic gmin stepping
Warning: Dynamic gmin stepping failed
Note: Starting true gmin stepping
Note: True gmin stepping completed
pmarg               =  6.92767e+01
tdc                 =  8.19655e+01
BUFFER FISSA  RLD=10k  pos=2  C=1f
fcross = 5.572518e+05
pmarg = 6.927674e+01
tdc = 8.196551e+01
Doing analysis at TEMP = 27.000000 and TNOM = 27.000000

Using SPARSE 1.3 as Direct Linear Solver

No. of Data Rows : 801
fcross              =  5.57827e+05
Note: Starting dynamic gmin stepping
Warning: Dynamic gmin stepping failed
Note: Starting true gmin stepping
Note: True gmin stepping completed
pmarg               =  6.91261e+01
tdc                 =  8.19655e+01
BUFFER FISSA  RLD=10k  pos=2  C=47p
fcross = 5.578270e+05
pmarg = 6.912610e+01
tdc = 8.196551e+01
Doing analysis at TEMP = 27.000000 and TNOM = 27.000000

Using SPARSE 1.3 as Direct Linear Solver

No. of Data Rows : 801
fcross              =  5.58476e+05
Note: Starting dynamic gmin stepping
Warning: Dynamic gmin stepping failed
Note: Starting true gmin stepping
Note: True gmin stepping completed
pmarg               =  6.89556e+01
tdc                 =  8.19655e+01
BUFFER FISSA  RLD=10k  pos=2  C=100p
fcross = 5.584756e+05
pmarg = 6.895559e+01
tdc = 8.196550e+01
Doing analysis at TEMP = 27.000000 and TNOM = 27.000000

Using SPARSE 1.3 as Direct Linear Solver

No. of Data Rows : 801
fcross              =  5.59943e+05
Note: Starting dynamic gmin stepping
Warning: Dynamic gmin stepping failed
Note: Starting true gmin stepping
Note: True gmin stepping completed
pmarg               =  6.85670e+01
tdc                 =  8.19655e+01
BUFFER FISSA  RLD=10k  pos=2  C=220p
fcross = 5.599432e+05
pmarg = 6.856695e+01
tdc = 8.196550e+01
Doing analysis at TEMP = 27.000000 and TNOM = 27.000000

Using SPARSE 1.3 as Direct Linear Solver

No. of Data Rows : 801
fcross              =  5.63013e+05
Note: Starting dynamic gmin stepping
Warning: Dynamic gmin stepping failed
Note: Starting true gmin stepping
Note: True gmin stepping completed
pmarg               =  6.77452e+01
tdc                 =  8.19655e+01
BUFFER FISSA  RLD=10k  pos=2  C=470p
fcross = 5.630128e+05
pmarg = 6.774522e+01
tdc = 8.196549e+01
Doing analysis at TEMP = 27.000000 and TNOM = 27.000000

Using SPARSE 1.3 as Direct Linear Solver

No. of Data Rows : 801
fcross              =  5.69620e+05
Note: Starting dynamic gmin stepping
Warning: Dynamic gmin stepping failed
Note: Starting true gmin stepping
Note: True gmin stepping completed
pmarg               =  6.59460e+01
tdc                 =  8.19655e+01
BUFFER FISSA  RLD=10k  pos=2  C=1n
fcross = 5.696197e+05
pmarg = 6.594598e+01
tdc = 8.196547e+01
Doing analysis at TEMP = 27.000000 and TNOM = 27.000000

Using SPARSE 1.3 as Direct Linear Solver

No. of Data Rows : 801
fcross              =  5.75771e+05
Note: Starting dynamic gmin stepping
Warning: Dynamic gmin stepping failed
Note: Starting true gmin stepping
Note: True gmin stepping completed
pmarg               =  6.41833e+01
tdc                 =  8.19655e+01
BUFFER FISSA  RLD=10k  pos=2  C=1.5n
fcross = 5.757714e+05
pmarg = 6.418330e+01
tdc = 8.196545e+01
Doing analysis at TEMP = 27.000000 and TNOM = 27.000000

Using SPARSE 1.3 as Direct Linear Solver

No. of Data Rows : 801
fcross              =  5.84373e+05
Note: Starting dynamic gmin stepping
Warning: Dynamic gmin stepping failed
Note: Starting true gmin stepping
Note: True gmin stepping completed
pmarg               =  6.16006e+01
tdc                 =  8.19654e+01
BUFFER FISSA  RLD=10k  pos=2  C=2.2n
fcross = 5.843735e+05
pmarg = 6.160064e+01
tdc = 8.196543e+01
Doing analysis at TEMP = 27.000000 and TNOM = 27.000000

Using SPARSE 1.3 as Direct Linear Solver

No. of Data Rows : 801
fcross              =  5.90293e+05
Note: Starting dynamic gmin stepping
Warning: Dynamic gmin stepping failed
Note: Starting true gmin stepping
Note: True gmin stepping completed
pmarg               =  5.96831e+01
tdc                 =  8.19654e+01
BUFFER FISSA  RLD=10k  pos=2  C=2.7n
fcross = 5.902928e+05
pmarg = 5.968313e+01
tdc = 8.196541e+01
Doing analysis at TEMP = 27.000000 and TNOM = 27.000000

Using SPARSE 1.3 as Direct Linear Solver

No. of Data Rows : 801
fcross              =  5.97144e+05
Note: Starting dynamic gmin stepping
Warning: Dynamic gmin stepping failed
Note: Starting true gmin stepping
Note: True gmin stepping completed
pmarg               =  5.73030e+01
tdc                 =  8.19654e+01
BUFFER FISSA  RLD=10k  pos=2  C=3.3n
fcross = 5.971443e+05
pmarg = 5.730305e+01
tdc = 8.196539e+01
Doing analysis at TEMP = 27.000000 and TNOM = 27.000000

Using SPARSE 1.3 as Direct Linear Solver

No. of Data Rows : 801
fcross              =  6.10765e+05
Note: Starting dynamic gmin stepping
Warning: Dynamic gmin stepping failed
Note: Starting true gmin stepping
Note: True gmin stepping completed
pmarg               =  5.15228e+01
tdc                 =  8.19653e+01
BUFFER FISSA  RLD=10k  pos=2  C=4.7n
fcross = 6.107650e+05
pmarg = 5.152285e+01
tdc = 8.196534e+01
Doing analysis at TEMP = 27.000000 and TNOM = 27.000000

Using SPARSE 1.3 as Direct Linear Solver
 Reference value :  1.00000e+00
No. of Data Rows : 801
fcross              =  5.57903e+05
Note: Starting dynamic gmin stepping
Warning: Dynamic gmin stepping failed
Note: Starting true gmin stepping
Note: True gmin stepping completed
pmarg               =  6.92803e+01
tdc                 =  8.21510e+01
BUFFER FISSA  RLD=50k  pos=1  C=1f
fcross = 5.579026e+05
pmarg = 6.928033e+01
tdc = 8.215104e+01
Doing analysis at TEMP = 27.000000 and TNOM = 27.000000

Using SPARSE 1.3 as Direct Linear Solver

No. of Data Rows : 801
fcross              =  5.58469e+05
Note: Starting dynamic gmin stepping
Warning: Dynamic gmin stepping failed
Note: Starting true gmin stepping
Note: True gmin stepping completed
pmarg               =  6.91296e+01
tdc                 =  8.21510e+01
BUFFER FISSA  RLD=50k  pos=1  C=47p
fcross = 5.584688e+05
pmarg = 6.912962e+01
tdc = 8.215104e+01
Doing analysis at TEMP = 27.000000 and TNOM = 27.000000

Using SPARSE 1.3 as Direct Linear Solver

No. of Data Rows : 801
fcross              =  5.59081e+05
Note: Starting dynamic gmin stepping
Warning: Dynamic gmin stepping failed
Note: Starting true gmin stepping
Note: True gmin stepping completed
pmarg               =  6.89590e+01
tdc                 =  8.21510e+01
BUFFER FISSA  RLD=50k  pos=1  C=100p
fcross = 5.590814e+05
pmarg = 6.895899e+01
tdc = 8.215104e+01
Doing analysis at TEMP = 27.000000 and TNOM = 27.000000

Using SPARSE 1.3 as Direct Linear Solver

No. of Data Rows : 801
fcross              =  5.60363e+05
Note: Starting dynamic gmin stepping
Warning: Dynamic gmin stepping failed
Note: Starting true gmin stepping
Note: True gmin stepping completed
pmarg               =  6.85706e+01
tdc                 =  8.21510e+01
BUFFER FISSA  RLD=50k  pos=1  C=220p
fcross = 5.603631e+05
pmarg = 6.857065e+01
tdc = 8.215104e+01
Doing analysis at TEMP = 27.000000 and TNOM = 27.000000

Using SPARSE 1.3 as Direct Linear Solver

No. of Data Rows : 801
fcross              =  5.62536e+05
Note: Starting dynamic gmin stepping
Warning: Dynamic gmin stepping failed
Note: Starting true gmin stepping
Note: True gmin stepping completed
pmarg               =  6.77585e+01
tdc                 =  8.21510e+01
BUFFER FISSA  RLD=50k  pos=1  C=470p
fcross = 5.625364e+05
pmarg = 6.775854e+01
tdc = 8.215103e+01
Doing analysis at TEMP = 27.000000 and TNOM = 27.000000

Using SPARSE 1.3 as Direct Linear Solver

No. of Data Rows : 801
fcross              =  5.64758e+05
Note: Starting dynamic gmin stepping
Warning: Dynamic gmin stepping failed
Note: Starting true gmin stepping
Note: True gmin stepping completed
pmarg               =  6.60811e+01
tdc                 =  8.21510e+01
BUFFER FISSA  RLD=50k  pos=1  C=1n
fcross = 5.647580e+05
pmarg = 6.608115e+01
tdc = 8.215103e+01
Doing analysis at TEMP = 27.000000 and TNOM = 27.000000

Using SPARSE 1.3 as Direct Linear Solver

No. of Data Rows : 801
fcross              =  5.63721e+05
Note: Starting dynamic gmin stepping
Warning: Dynamic gmin stepping failed
Note: Starting true gmin stepping
Note: True gmin stepping completed
pmarg               =  6.46560e+01
tdc                 =  8.21510e+01
BUFFER FISSA  RLD=50k  pos=1  C=1.5n
fcross = 5.637212e+05
pmarg = 6.465605e+01
tdc = 8.215102e+01
Doing analysis at TEMP = 27.000000 and TNOM = 27.000000

Using SPARSE 1.3 as Direct Linear Solver

No. of Data Rows : 801
fcross              =  5.58139e+05
Note: Starting dynamic gmin stepping
Warning: Dynamic gmin stepping failed
Note: Starting true gmin stepping
Note: True gmin stepping completed
pmarg               =  6.30504e+01
tdc                 =  8.21510e+01
BUFFER FISSA  RLD=50k  pos=1  C=2.2n
fcross = 5.581392e+05
pmarg = 6.305044e+01
tdc = 8.215101e+01
Doing analysis at TEMP = 27.000000 and TNOM = 27.000000

Using SPARSE 1.3 as Direct Linear Solver

No. of Data Rows : 801
fcross              =  5.52168e+05
Note: Starting dynamic gmin stepping
Warning: Dynamic gmin stepping failed
Note: Starting true gmin stepping
Note: True gmin stepping completed
pmarg               =  6.22063e+01
tdc                 =  8.21510e+01
BUFFER FISSA  RLD=50k  pos=1  C=2.7n
fcross = 5.521681e+05
pmarg = 6.220631e+01
tdc = 8.215101e+01
Doing analysis at TEMP = 27.000000 and TNOM = 27.000000

Using SPARSE 1.3 as Direct Linear Solver

No. of Data Rows : 801
fcross              =  5.43986e+05
Note: Starting dynamic gmin stepping
Warning: Dynamic gmin stepping failed
Note: Starting true gmin stepping
Note: True gmin stepping completed
pmarg               =  6.14894e+01
tdc                 =  8.21510e+01
BUFFER FISSA  RLD=50k  pos=1  C=3.3n
fcross = 5.439861e+05
pmarg = 6.148939e+01
tdc = 8.215100e+01
Doing analysis at TEMP = 27.000000 and TNOM = 27.000000

Using SPARSE 1.3 as Direct Linear Solver

No. of Data Rows : 801
fcross              =  5.24477e+05
Note: Starting dynamic gmin stepping
Warning: Dynamic gmin stepping failed
Note: Starting true gmin stepping
Note: True gmin stepping completed
pmarg               =  6.07349e+01
tdc                 =  8.21510e+01
BUFFER FISSA  RLD=50k  pos=1  C=4.7n
fcross = 5.244773e+05
pmarg = 6.073491e+01
tdc = 8.215098e+01
Doing analysis at TEMP = 27.000000 and TNOM = 27.000000

Using SPARSE 1.3 as Direct Linear Solver

No. of Data Rows : 801
fcross              =  5.57903e+05
Note: Starting dynamic gmin stepping
Warning: Dynamic gmin stepping failed
Note: Starting true gmin stepping
Note: True gmin stepping completed
pmarg               =  6.92803e+01
tdc                 =  8.21510e+01
BUFFER FISSA  RLD=50k  pos=2  C=1f
fcross = 5.579026e+05
pmarg = 6.928033e+01
tdc = 8.215104e+01
Doing analysis at TEMP = 27.000000 and TNOM = 27.000000

Using SPARSE 1.3 as Direct Linear Solver

No. of Data Rows : 801
fcross              =  5.58481e+05
Note: Starting dynamic gmin stepping
Warning: Dynamic gmin stepping failed
Note: Starting true gmin stepping
Note: True gmin stepping completed
pmarg               =  6.91293e+01
tdc                 =  8.21510e+01
BUFFER FISSA  RLD=50k  pos=2  C=47p
fcross = 5.584805e+05
pmarg = 6.912935e+01
tdc = 8.215104e+01
Doing analysis at TEMP = 27.000000 and TNOM = 27.000000

Using SPARSE 1.3 as Direct Linear Solver

No. of Data Rows : 801
fcross              =  5.59132e+05
Note: Starting dynamic gmin stepping
Warning: Dynamic gmin stepping failed
Note: Starting true gmin stepping
Note: True gmin stepping completed
pmarg               =  6.89584e+01
tdc                 =  8.21510e+01
BUFFER FISSA  RLD=50k  pos=2  C=100p
fcross = 5.591321e+05
pmarg = 6.895843e+01
tdc = 8.215104e+01
Doing analysis at TEMP = 27.000000 and TNOM = 27.000000

Using SPARSE 1.3 as Direct Linear Solver

No. of Data Rows : 801
fcross              =  5.60607e+05
Note: Starting dynamic gmin stepping
Warning: Dynamic gmin stepping failed
Note: Starting true gmin stepping
Note: True gmin stepping completed
pmarg               =  6.85689e+01
tdc                 =  8.21510e+01
BUFFER FISSA  RLD=50k  pos=2  C=220p
fcross = 5.606066e+05
pmarg = 6.856887e+01
tdc = 8.215103e+01
Doing analysis at TEMP = 27.000000 and TNOM = 27.000000

Using SPARSE 1.3 as Direct Linear Solver

No. of Data Rows : 801
fcross              =  5.63709e+05
Note: Starting dynamic gmin stepping
Warning: Dynamic gmin stepping failed
Note: Starting true gmin stepping
Note: True gmin stepping completed
pmarg               =  6.77445e+01
tdc                 =  8.21510e+01
BUFFER FISSA  RLD=50k  pos=2  C=470p
fcross = 5.637093e+05
pmarg = 6.774447e+01
tdc = 8.215102e+01
Doing analysis at TEMP = 27.000000 and TNOM = 27.000000

Using SPARSE 1.3 as Direct Linear Solver

No. of Data Rows : 801
fcross              =  5.70349e+05
Note: Starting dynamic gmin stepping
Warning: Dynamic gmin stepping failed
Note: Starting true gmin stepping
Note: True gmin stepping completed
pmarg               =  6.59405e+01
tdc                 =  8.21510e+01
BUFFER FISSA  RLD=50k  pos=2  C=1n
fcross = 5.703493e+05
pmarg = 6.594049e+01
tdc = 8.215100e+01
Doing analysis at TEMP = 27.000000 and TNOM = 27.000000

Using SPARSE 1.3 as Direct Linear Solver

No. of Data Rows : 801
fcross              =  5.76556e+05
Note: Starting dynamic gmin stepping
Warning: Dynamic gmin stepping failed
Note: Starting true gmin stepping
Note: True gmin stepping completed
pmarg               =  6.41718e+01
tdc                 =  8.21510e+01
BUFFER FISSA  RLD=50k  pos=2  C=1.5n
fcross = 5.765556e+05
pmarg = 6.417184e+01
tdc = 8.215099e+01
Doing analysis at TEMP = 27.000000 and TNOM = 27.000000

Using SPARSE 1.3 as Direct Linear Solver

No. of Data Rows : 801
fcross              =  5.85205e+05
Note: Starting dynamic gmin stepping
Warning: Dynamic gmin stepping failed
Note: Starting true gmin stepping
Note: True gmin stepping completed
pmarg               =  6.15812e+01
tdc                 =  8.21510e+01
BUFFER FISSA  RLD=50k  pos=2  C=2.2n
fcross = 5.852050e+05
pmarg = 6.158117e+01
tdc = 8.215096e+01
Doing analysis at TEMP = 27.000000 and TNOM = 27.000000

Using SPARSE 1.3 as Direct Linear Solver

No. of Data Rows : 801
fcross              =  5.91186e+05
Note: Starting dynamic gmin stepping
Warning: Dynamic gmin stepping failed
Note: Starting true gmin stepping
Note: True gmin stepping completed
pmarg               =  5.96557e+01
tdc                 =  8.21509e+01
BUFFER FISSA  RLD=50k  pos=2  C=2.7n
fcross = 5.911860e+05
pmarg = 5.965572e+01
tdc = 8.215094e+01
Doing analysis at TEMP = 27.000000 and TNOM = 27.000000

Using SPARSE 1.3 as Direct Linear Solver

No. of Data Rows : 801
fcross              =  5.98078e+05
Note: Starting dynamic gmin stepping
Warning: Dynamic gmin stepping failed
Note: Starting true gmin stepping
Note: True gmin stepping completed
pmarg               =  5.72671e+01
tdc                 =  8.21509e+01
BUFFER FISSA  RLD=50k  pos=2  C=3.3n
fcross = 5.980778e+05
pmarg = 5.726714e+01
tdc = 8.215092e+01
Doing analysis at TEMP = 27.000000 and TNOM = 27.000000

Using SPARSE 1.3 as Direct Linear Solver

No. of Data Rows : 801
fcross              =  6.11813e+05
pmarg               =  5.14622e+01
tdc                 =  8.21509e+01
BUFFER FISSA  RLD=50k  pos=2  C=4.7n
fcross = 6.118126e+05
pmarg = 5.146220e+01
tdc = 8.215087e+01
Note: Simulation executed from .control section 
