warning, model type mismatch in line
    q121a nmiri nmiri nme1 ls350
warning, model type mismatch in line
    q121b nhi nmiri nme2 ls350

Note: No compatibility mode selected!


Circuit: thd_10k - l46a: thd a 10000 hz, blocco b nei tre modi, livelli lo/hi; variante zxt_vas56_cm330p

Warning: Model issue on line 122 :
  .model lsk489a njf(beta=2.2m betatce=-.5 rd=11 rs=30 lambda=4.3m vto=-1. ...
unrecognized parameter (isr) - ignored
unrecognized parameter (alpha) - ignored
unrecognized parameter (vk) - ignored
unrecognized parameter (mj) - ignored

Doing analysis at TEMP = 27.000000 and TNOM = 27.000000

Using SPARSE 1.3 as Direct Linear Solver

Initial Transient Solution
--------------------------

Node                                   Voltage
----                                   -------
nref                                  -13.6718
vminus                                     -15
ncasc                                  9.86864
nx                                     1.05082
nhi                                     13.729
out                                 -0.0258184
fb                                  -0.0258183
vplus                                       15
nrefm                                 -14.3359
d1n                                    9.18072
g1                                 2.40976e-08
s1                                   0.0604106
d2n                                    9.18159
g2                                  -0.0258183
s2                                   0.0530482
src                                  -0.168542
nte                                   -14.3772
nmiri                                  13.8119
nme1                                   14.5181
nme2                                   14.5179
nve                                    14.4012
ny                                    -1.10162
nvle                                   -14.401
nbb                                  -0.373865
nbn                                    1.05043
nen                                    0.42156
nbp                                   -1.10131
nep                                  -0.473197
in                                 2.31686e-08
rg                                  -0.0258182
rg10                                -0.0258183
vsn                                          0
outa                                -0.0258184
jack                                         0
vs#branch                          9.26743e-12
vmm#branch                           0.0374192
vpp#branch                          -0.0363985

 Reference value :  7.84780e-04 Reference value :  1.67790e-03
No. of Data Rows : 55046
L46A_CASO modo=0 livello=lo freq=10000 ampin=0.282843
Fourier analysis for v(vsn):
  No. Harmonics: 10, THD: 2.28442e-10 %, Gridsize: 8192, Interpolation Degree: 1, No. Periods: 1

Harmonic Frequency       Magnitude       Phase           Norm. Mag       Norm. Phase    
-------- ---------       ---------       -----           ---------       -----------    
 0       0               -5.77420056e-14 0               0               0              
 1       10000           0.2828428511    -2.31030954e-11 1               0              
 2       20000           1.165459129e-13 -94.7041842     4.120518247e-13 -94.7041842    
 3       30000           3.03423841e-13  158.6162888     1.072764752e-12 158.6162888    
 4       40000           1.146563447e-13 -78.0694179     4.053711955e-13 -78.0694179    
 5       50000           4.579630179e-13 -47.9061223     1.619142984e-12 -47.9061223    
 6       60000           1.251966554e-13 -103.225923     4.426368032e-13 -103.225923    
 7       70000           4.163592437e-14 -177.933103     1.472051502e-13 -177.933103    
 8       80000           1.221305558e-13 -75.4249724     4.317965092e-13 -75.4249724    
 9       90000           2.379855917e-13 -79.8496026     8.414057163e-13 -79.8496026    

Fourier analysis for v(out):
  No. Harmonics: 10, THD: 0.000208893 %, Gridsize: 8192, Interpolation Degree: 1, No. Periods: 1

Harmonic Frequency       Magnitude       Phase           Norm. Mag       Norm. Phase    
-------- ---------       ---------       -----           ---------       -----------    
 0       0               -0.0258183558   0               0               0              
 1       10000           0.2821351731    -0.271275052    1               0              
 2       20000           5.893586816e-07 176.4823545     2.088923104e-06 176.7536295    
 3       30000           1.55194682e-09  101.3374244     5.500720817e-09 101.6086995    
 4       40000           2.432397603e-11 24.4105021      8.62139086e-11  24.68177715    
 5       50000           6.174734069e-13 -100.960962     2.188572946e-12 -100.689687    
 6       60000           6.133955853e-13 -147.004302     2.174119514e-12 -146.733027    
 7       70000           5.894880627e-13 -178.632208     2.089381683e-12 -178.360933    
 8       80000           3.599867067e-13 -154.832809     1.275937001e-12 -154.561534    
 9       90000           4.6920161e-13   -122.561839     1.66303834e-12  -122.290564    

Doing analysis at TEMP = 27.000000 and TNOM = 27.000000

Using SPARSE 1.3 as Direct Linear Solver

Initial Transient Solution
--------------------------

Node                                   Voltage
----                                   -------
nref                                  -13.6718
vminus                                     -15
ncasc                                  9.86864
nx                                     1.05082
nhi                                     13.729
out                                 -0.0258184
fb                                  -0.0258183
vplus                                       15
nrefm                                 -14.3359
d1n                                    9.18072
g1                                 2.40976e-08
s1                                   0.0604106
d2n                                    9.18159
g2                                  -0.0258183
s2                                   0.0530482
src                                  -0.168542
nte                                   -14.3772
nmiri                                  13.8119
nme1                                   14.5181
nme2                                   14.5179
nve                                    14.4012
ny                                    -1.10162
nvle                                   -14.401
nbb                                  -0.373865
nbn                                    1.05043
nen                                    0.42156
nbp                                   -1.10131
nep                                  -0.473197
in                                 2.31686e-08
rg                                  -0.0258182
rg10                                -0.0258183
vsn                                          0
outa                                -0.0258184
jack                                         0
vs#branch                          9.26743e-12
vmm#branch                           0.0374192
vpp#branch                          -0.0363985

 Reference value :  3.06586e-04 Reference value :  1.17663e-03 Reference value :  2.01155e-03
No. of Data Rows : 55083
L46A_CASO modo=0 livello=hi freq=10000 ampin=2.82843
Fourier analysis for v(vsn):
  No. Harmonics: 10, THD: 2.21022e-10 %, Gridsize: 8192, Interpolation Degree: 1, No. Periods: 1

Harmonic Frequency       Magnitude       Phase           Norm. Mag       Norm. Phase    
-------- ---------       ---------       -----           ---------       -----------    
 0       0               -6.97830682e-13 0               0               0              
 1       10000           2.828428511     -2.59600215e-11 1               0              
 2       20000           1.174248833e-12 -93.8261002     4.151594527e-13 -93.8261002    
 3       30000           3.850417357e-12 -26.6241905     1.361327444e-12 -26.6241905    
 4       40000           1.569052979e-12 -86.5988694     5.547437287e-13 -86.5988694    
 5       50000           3.686684834e-12 -161.998434     1.303439284e-12 -161.998434    
 6       60000           1.104906227e-12 -96.6769379     3.906431513e-13 -96.6769379    
 7       70000           9.783808734e-13 -127.001596     3.459097055e-13 -127.001596    
 8       80000           1.275132499e-12 -86.4068153     4.508271974e-13 -86.4068153    
 9       90000           1.737356136e-12 -61.6807617     6.142478516e-13 -61.6807617    

Fourier analysis for v(out):
  No. Harmonics: 10, THD: 0.00210557 %, Gridsize: 8192, Interpolation Degree: 1, No. Periods: 1

Harmonic Frequency       Magnitude       Phase           Norm. Mag       Norm. Phase    
-------- ---------       ---------       -----           ---------       -----------    
 0       0               -0.0258168156   0               0               0              
 1       10000           2.821351656     -0.271371772    1               0              
 2       20000           5.938317551e-05 176.2589519     2.104777523e-05 176.5303237    
 3       30000           1.606894044e-06 101.3226723     5.695475927e-07 101.5940441    
 4       40000           2.648911245e-07 23.65558581     9.388802134e-08 23.92695759    
 5       50000           3.360496637e-08 -81.017778      1.191094569e-08 -80.7464062    
 6       60000           3.489982563e-09 -170.630857     1.236989567e-09 -170.359486    
 7       70000           4.605374426e-10 107.9284435     1.632329106e-10 108.1998153    
 8       80000           5.651925311e-11 17.35818617     2.003268645e-11 17.62955795    
 9       90000           1.166448509e-11 -96.5174902     4.134360588e-12 -96.2461184    

Doing analysis at TEMP = 27.000000 and TNOM = 27.000000

Using SPARSE 1.3 as Direct Linear Solver

Initial Transient Solution
--------------------------

Node                                   Voltage
----                                   -------
nref                                  -13.6718
vminus                                     -15
ncasc                                  9.86864
nx                                     1.03989
nhi                                     13.729
out                                 -0.0366646
fb                                  -0.0258173
vplus                                       15
nrefm                                 -14.3359
d1n                                    9.18072
g1                                 2.40976e-08
s1                                   0.0604111
d2n                                    9.18159
g2                                  -0.0258173
s2                                    0.053049
src                                  -0.168541
nte                                   -14.3772
nmiri                                  13.8119
nme1                                   14.5181
nme2                                   14.5179
nve                                    14.4012
ny                                    -1.11255
nvle                                   -14.401
nbb                                  -0.384801
nbn                                    1.03949
nen                                   0.410631
nbp                                   -1.11225
nep                                   -0.48412
in                                 2.31686e-08
rg                                -7.23153e-07
rg10                                -0.0258172
vsn                                          0
outa                                -0.0366646
jack                                         0
vs#branch                          9.26743e-12
vmm#branch                           0.0374227
vpp#branch                          -0.0363947

 Reference value :  5.89804e-04 Reference value :  1.37924e-03 Reference value :  2.17912e-03
No. of Data Rows : 55012
L46A_CASO modo=3 livello=lo freq=10000 ampin=0.199185
Fourier analysis for v(vsn):
  No. Harmonics: 10, THD: 1.69087e-10 %, Gridsize: 8192, Interpolation Degree: 1, No. Periods: 1

Harmonic Frequency       Magnitude       Phase           Norm. Mag       Norm. Phase    
-------- ---------       ---------       -----           ---------       -----------    
 0       0               -2.91607016e-15 0               0               0              
 1       10000           0.1991848952    -1.61585033e-12 1               0              
 2       20000           1.565852237e-14 -134.036554     7.861300103e-14 -134.036554    
 3       30000           2.179647133e-13 32.52811062     1.094283345e-12 32.52811062    
 4       40000           3.502685289e-15 -40.5786765     1.758509493e-14 -40.5786765    
 5       50000           2.409105951e-13 -143.904359     1.20948225e-12  -143.904359    
 6       60000           2.932695427e-14 -78.1911473     1.472348305e-13 -78.1911473    
 7       70000           5.967810613e-14 -104.073676     2.99611605e-13  -104.073676    
 8       80000           6.482611154e-15 140.5331489     3.254569654e-14 140.5331489    
 9       90000           5.624744607e-14 55.57401044     2.8238811e-13   55.57401044    

Fourier analysis for v(out):
  No. Harmonics: 10, THD: 0.000223796 %, Gridsize: 8192, Interpolation Degree: 1, No. Periods: 1

Harmonic Frequency       Magnitude       Phase           Norm. Mag       Norm. Phase    
-------- ---------       ---------       -----           ---------       -----------    
 0       0               -0.0366645899   0               0               0              
 1       10000           0.2820271416    -1.08599504     1               0              
 2       20000           6.311638966e-07 172.2817234     2.23795445e-06  173.3677185    
 3       30000           1.165761125e-09 97.92360283     4.133506861e-09 99.00959787    
 4       40000           2.062758919e-11 23.85440913     7.314043987e-11 24.94040417    
 5       50000           1.411319483e-12 -145.15493      5.00419738e-12  -144.068935    
 6       60000           6.815089554e-13 -148.970251     2.416465847e-12 -147.884256    
 7       70000           7.693227093e-13 -129.726613     2.727832169e-12 -128.640618    
 8       80000           6.153787085e-13 -156.285891     2.181983993e-12 -155.199896    
 9       90000           2.991984034e-13 -163.707771     1.060885139e-12 -162.621776    

Doing analysis at TEMP = 27.000000 and TNOM = 27.000000

Using SPARSE 1.3 as Direct Linear Solver

Initial Transient Solution
--------------------------

Node                                   Voltage
----                                   -------
nref                                  -13.6718
vminus                                     -15
ncasc                                  9.86864
nx                                     1.03989
nhi                                     13.729
out                                 -0.0366646
fb                                  -0.0258173
vplus                                       15
nrefm                                 -14.3359
d1n                                    9.18072
g1                                 2.40976e-08
s1                                   0.0604111
d2n                                    9.18159
g2                                  -0.0258173
s2                                    0.053049
src                                  -0.168541
nte                                   -14.3772
nmiri                                  13.8119
nme1                                   14.5181
nme2                                   14.5179
nve                                    14.4012
ny                                    -1.11255
nvle                                   -14.401
nbb                                  -0.384801
nbn                                    1.03949
nen                                   0.410631
nbp                                   -1.11225
nep                                   -0.48412
in                                 2.31686e-08
rg                                -7.23153e-07
rg10                                -0.0258172
vsn                                          0
outa                                -0.0366646
jack                                         0
vs#branch                          9.26743e-12
vmm#branch                           0.0374227
vpp#branch                          -0.0363947

 Reference value :  7.38085e-04 Reference value :  1.54000e-03
No. of Data Rows : 55037
L46A_CASO modo=3 livello=hi freq=10000 ampin=1.99185
Fourier analysis for v(vsn):
  No. Harmonics: 10, THD: 1.81111e-10 %, Gridsize: 8192, Interpolation Degree: 1, No. Periods: 1

Harmonic Frequency       Magnitude       Phase           Norm. Mag       Norm. Phase    
-------- ---------       ---------       -----           ---------       -----------    
 0       0               -2.53925353e-13 0               0               0              
 1       10000           1.991848952     -1.03601295e-11 1               0              
 2       20000           3.109033903e-13 -83.72928       1.560878349e-13 -83.72928      
 3       30000           2.423467105e-12 -160.614039     1.216692211e-12 -160.614039    
 4       40000           4.98550158e-13  -69.6625785     2.50295163e-13  -69.6625785    
 5       50000           2.262174002e-12 -1.31017206     1.135715638e-12 -1.31017206    
 6       60000           2.009817169e-13 -110.871251     1.009020873e-13 -110.871251    
 7       70000           8.728334528e-13 -146.970422     4.382026318e-13 -146.970422    
 8       80000           4.545500234e-13 -88.3407097     2.28205067e-13  -88.3407097    
 9       90000           8.179865175e-13 -16.5916615     4.106669418e-13 -16.5916615    

Fourier analysis for v(out):
  No. Harmonics: 10, THD: 0.0022507 %, Gridsize: 8192, Interpolation Degree: 1, No. Periods: 1

Harmonic Frequency       Magnitude       Phase           Norm. Mag       Norm. Phase    
-------- ---------       ---------       -----           ---------       -----------    
 0       0               -0.036662466    0               0               0              
 1       10000           2.820271111     -1.08611223     1               0              
 2       20000           6.346452328e-05 171.936078      2.250298669e-05 173.0221902    
 3       30000           1.180596513e-06 98.01048537     4.186110012e-07 99.0965976     
 4       40000           2.242943008e-07 23.00202536     7.952934027e-08 24.08813759    
 5       50000           2.396524497e-08 -97.9269181     8.49749688e-09  -96.8408059    
 6       60000           1.501086339e-09 159.5382427     5.322489506e-10 160.624355     
 7       70000           1.324516588e-10 90.5447471      4.696415826e-11 91.63085933    
 8       80000           1.026442179e-11 -43.6276508     3.639515983e-12 -42.5415386    
 9       90000           8.526693752e-12 -131.105316     3.023359605e-12 -130.019204    

Doing analysis at TEMP = 27.000000 and TNOM = 27.000000

Using SPARSE 1.3 as Direct Linear Solver

Initial Transient Solution
--------------------------

Node                                   Voltage
----                                   -------
nref                                  -13.6718
vminus                                     -15
ncasc                                  9.86864
nx                                    0.994816
nhi                                     13.729
out                                 -0.0813644
fb                                  -0.0258131
vplus                                       15
nrefm                                 -14.3359
d1n                                    9.18072
g1                                 2.40977e-08
s1                                   0.0604133
d2n                                    9.18159
g2                                  -0.0258131
s2                                   0.0530524
src                                  -0.168538
nte                                   -14.3772
nmiri                                  13.8119
nme1                                   14.5181
nme2                                   14.5179
nve                                    14.4012
ny                                    -1.15762
nvle                                   -14.401
nbb                                  -0.429869
nbn                                    0.99442
nen                                    0.36559
nbp                                   -1.15731
nep                                  -0.529134
in                                 2.31686e-08
rg                                -7.23036e-07
rg10                              -2.98038e-06
vsn                                          0
outa                                -0.0813644
jack                                         0
vs#branch                          9.26744e-12
vmm#branch                           0.0374368
vpp#branch                           -0.036379

 Reference value :  1.00155e-04 Reference value :  8.46035e-04 Reference value :  1.68060e-03
No. of Data Rows : 55009
L46A_CASO modo=10 livello=lo freq=10000 ampin=0.0897344
Fourier analysis for v(vsn):
  No. Harmonics: 10, THD: 2.1694e-10 %, Gridsize: 8192, Interpolation Degree: 1, No. Periods: 1

Harmonic Frequency       Magnitude       Phase           Norm. Mag       Norm. Phase    
-------- ---------       ---------       -----           ---------       -----------    
 0       0               -2.36011297e-14 0               0               0              
 1       10000           0.08973435277   -2.68053667e-11 1               0              
 2       20000           4.356199209e-14 -90.2917387     4.854550208e-13 -90.2917387    
 3       30000           1.419095256e-13 -115.11273      1.581440343e-12 -115.11273     
 4       40000           3.977585934e-14 -91.6962539     4.432623418e-13 -91.6962539    
 5       50000           7.212833185e-14 33.10199714     8.037984297e-13 33.10199714    
 6       60000           4.534652503e-14 -93.835174      5.053418633e-13 -93.835174     
 7       70000           7.235857138e-14 -83.6529544     8.0636422e-13   -83.6529544    
 8       80000           3.937509018e-14 -81.9296725     4.387961685e-13 -81.9296725    
 9       90000           1.527375078e-14 -127.639246     1.702107422e-13 -127.639246    

Fourier analysis for v(out):
  No. Harmonics: 10, THD: 0.000268284 %, Gridsize: 8192, Interpolation Degree: 1, No. Periods: 1

Harmonic Frequency       Magnitude       Phase           Norm. Mag       Norm. Phase    
-------- ---------       ---------       -----           ---------       -----------    
 0       0               -0.081364372    0               0               0              
 1       10000           0.2817223006    -2.5822653      1               0              
 2       20000           7.558148018e-07 163.309212      2.682836255e-06 165.8914773    
 3       30000           7.800067124e-10 115.1020335     2.768707734e-09 117.6842988    
 4       40000           3.166182603e-11 13.64864345     1.123866516e-10 16.23090874    
 5       50000           4.263518244e-12 -111.324119     1.513376199e-11 -108.741853    
 6       60000           3.878081446e-12 -103.904943     1.376561755e-11 -101.322677    
 7       70000           3.734102683e-12 -107.876964     1.325455129e-11 -105.294699    
 8       80000           3.55514054e-12  -105.339313     1.261930821e-11 -102.757048    
 9       90000           4.244140824e-12 -105.505185     1.506498e-11    -102.922919    

Doing analysis at TEMP = 27.000000 and TNOM = 27.000000

Using SPARSE 1.3 as Direct Linear Solver

Initial Transient Solution
--------------------------

Node                                   Voltage
----                                   -------
nref                                  -13.6718
vminus                                     -15
ncasc                                  9.86864
nx                                    0.994816
nhi                                     13.729
out                                 -0.0813644
fb                                  -0.0258131
vplus                                       15
nrefm                                 -14.3359
d1n                                    9.18072
g1                                 2.40977e-08
s1                                   0.0604133
d2n                                    9.18159
g2                                  -0.0258131
s2                                   0.0530524
src                                  -0.168538
nte                                   -14.3772
nmiri                                  13.8119
nme1                                   14.5181
nme2                                   14.5179
nve                                    14.4012
ny                                    -1.15762
nvle                                   -14.401
nbb                                  -0.429869
nbn                                    0.99442
nen                                    0.36559
nbp                                   -1.15731
nep                                  -0.529134
in                                 2.31686e-08
rg                                -7.23036e-07
rg10                              -2.98038e-06
vsn                                          0
outa                                -0.0813644
jack                                         0
vs#branch                          9.26744e-12
vmm#branch                           0.0374368
vpp#branch                           -0.036379

 Reference value :  3.11391e-04 Reference value :  1.09115e-03 Reference value :  1.89355e-03
No. of Data Rows : 55013
L46A_CASO modo=10 livello=hi freq=10000 ampin=0.897344
Fourier analysis for v(vsn):
  No. Harmonics: 10, THD: 2.32236e-10 %, Gridsize: 8192, Interpolation Degree: 1, No. Periods: 1

Harmonic Frequency       Magnitude       Phase           Norm. Mag       Norm. Phase    
-------- ---------       ---------       -----           ---------       -----------    
 0       0               -2.75893891e-13 0               0               0              
 1       10000           0.8973435277    -2.80588251e-11 1               0              
 2       20000           4.266495944e-13 -96.3851813     4.754584853e-13 -96.3851813    
 3       30000           1.382122146e-12 -134.242343     1.540237494e-12 -134.242343    
 4       40000           4.537230019e-13 -94.9012352     5.056291019e-13 -94.9012352    
 5       50000           9.799750837e-13 7.52648555      1.09208464e-12  7.52648555     
 6       60000           4.325173005e-13 -86.4233556     4.819974594e-13 -86.4233556    
 7       70000           7.635010595e-13 -101.419744     8.508458979e-13 -101.419744    
 8       80000           4.691242149e-13 -91.5870335     5.2279222e-13   -91.5870335    
 9       90000           3.070197825e-13 -38.0717901     3.421429731e-13 -38.0717901    

Fourier analysis for v(out):
  No. Harmonics: 10, THD: 0.0026998 %, Gridsize: 8192, Interpolation Degree: 1, No. Periods: 1

Harmonic Frequency       Magnitude       Phase           Norm. Mag       Norm. Phase    
-------- ---------       ---------       -----           ---------       -----------    
 0       0               -0.0813589385   0               0               0              
 1       10000           2.817221882     -2.58248759     1               0              
 2       20000           7.605453064e-05 162.6455058     2.699628706e-05 165.2279934    
 3       30000           7.816252031e-07 116.139411      2.774453827e-07 118.7218986    
 4       40000           3.598803534e-07 19.19912369     1.277429924e-07 21.78161129    
 5       50000           3.799021885e-08 -118.754981     1.348499353e-08 -116.172493    
 6       60000           1.951392661e-09 126.782488      6.926655914e-10 129.3649756    
 7       70000           1.343183372e-10 63.08819361     4.767758553e-11 65.6706812     
 8       80000           4.495048538e-11 -87.7663991     1.595560707e-11 -85.1839115    
 9       90000           3.627637365e-11 -109.609935     1.287664769e-11 -107.027447    

Note: Simulation executed from .control section 
