warning, model type mismatch in line
    q121a nmiri nmiri nme1 ls350
warning, model type mismatch in line
    q121b nhi nmiri nme2 ls350

Note: No compatibility mode selected!


Circuit: tb_zout_psrr_noise.cir - l46b esplorazione, variante sv_r10_c220u (blocco da inc/sv_r10_c220u.inc)

Warning: Model issue on line 122 :
  .model lsk489a njf(beta=2.2m betatce=-.5 rd=11 rs=30 lambda=4.3m vto=-1. ...
unrecognized parameter (isr) - ignored
unrecognized parameter (alpha) - ignored
unrecognized parameter (vk) - ignored
unrecognized parameter (mj) - ignored

########## Zout at the jack, load removed, both gain modes ##########
Doing analysis at TEMP = 27.000000 and TNOM = 27.000000

Using SPARSE 1.3 as Direct Linear Solver

No. of Data Rows : 81
z20                 =  1.69338e+03
z1k                 =  5.79336e+01
z20k                =  4.70336e+01
za20                =  2.21176e-02
za1k                =  2.58327e-02
za20k               =  2.68180e-01
za100k              =  1.35098e+00
MODE=0db
z20 = 1.693378e+03
z1k = 5.793361e+01
z20k = 4.703360e+01
za20 = 2.211759e-02
za1k = 2.583268e-02
za20k = 2.681803e-01
za100k = 1.350984e+00
Doing analysis at TEMP = 27.000000 and TNOM = 27.000000

Using SPARSE 1.3 as Direct Linear Solver

No. of Data Rows : 81
z20                 =  1.69338e+03
z1k                 =  5.79379e+01
z20k                =  4.70513e+01
za20                =  3.14069e-02
za1k                =  3.66827e-02
za20k               =  3.80047e-01
za100k              =  1.82965e+00
MODE=3db
z20 = 1.693378e+03
z1k = 5.793792e+01
z20k = 4.705131e+01
za20 = 3.140691e-02
za1k = 3.668267e-02
za20k = 3.800470e-01
za100k = 1.829651e+00
Doing analysis at TEMP = 27.000000 and TNOM = 27.000000

Using SPARSE 1.3 as Direct Linear Solver

No. of Data Rows : 81
z20                 =  1.69338e+03
z1k                 =  5.79558e+01
z20k                =  4.71451e+01
za20                =  6.96766e-02
za1k                =  8.13848e-02
za20k               =  8.39307e-01
za100k              =  3.66967e+00
MODE=10db
z20 = 1.693378e+03
z1k = 5.795577e+01
z20k = 4.714510e+01
za20 = 6.967662e-02
za1k = 8.138483e-02
za20k = 8.393067e-01
za100k = 3.669667e+00
########## PSRR (input source silenced) ##########
Doing analysis at TEMP = 27.000000 and TNOM = 27.000000

Using SPARSE 1.3 as Direct Linear Solver

No. of Data Rows : 81
p100                =  8.06702e+01
p1k                 =  8.05768e+01
p10k                =  7.21174e+01
p100k               =  5.25223e+01
PSRR+ MODE=0db (dB, bigger is better)
p100 = 8.067025e+01
p1k = 8.057678e+01
p10k = 7.211737e+01
p100k = 5.252232e+01
Doing analysis at TEMP = 27.000000 and TNOM = 27.000000

Using SPARSE 1.3 as Direct Linear Solver

No. of Data Rows : 81
p100                =  7.76252e+01
p1k                 =  7.75316e+01
p10k                =  6.90761e+01
p100k               =  4.98882e+01
PSRR+ MODE=3db (dB, bigger is better)
p100 = 7.762520e+01
p1k = 7.753156e+01
p10k = 6.907609e+01
p100k = 4.988821e+01
Doing analysis at TEMP = 27.000000 and TNOM = 27.000000

Using SPARSE 1.3 as Direct Linear Solver

No. of Data Rows : 81
p100                =  7.07073e+01
p1k                 =  7.06129e+01
p10k                =  6.21652e+01
p100k               =  4.38445e+01
PSRR+ MODE=10db (dB, bigger is better)
p100 = 7.070730e+01
p1k = 7.061289e+01
p10k = 6.216518e+01
p100k = 4.384450e+01
########## PSRR from V- ##########
Doing analysis at TEMP = 27.000000 and TNOM = 27.000000

Using SPARSE 1.3 as Direct Linear Solver

No. of Data Rows : 81
p100                =  8.06752e+01
p1k                 =  9.47498e+01
p10k                =  9.01077e+01
p100k               =  6.49939e+01
PSRR- MODE=0db (dB, bigger is better)
p100 = 8.067516e+01
p1k = 9.474977e+01
p10k = 9.010767e+01
p100k = 6.499390e+01
Doing analysis at TEMP = 27.000000 and TNOM = 27.000000

Using SPARSE 1.3 as Direct Linear Solver

No. of Data Rows : 81
p100                =  7.76286e+01
p1k                 =  9.16969e+01
p10k                =  8.70593e+01
p100k               =  6.23548e+01
PSRR- MODE=3db (dB, bigger is better)
p100 = 7.762861e+01
p1k = 9.169688e+01
p10k = 8.705932e+01
p100k = 6.235480e+01
Doing analysis at TEMP = 27.000000 and TNOM = 27.000000

Using SPARSE 1.3 as Direct Linear Solver

No. of Data Rows : 81
p100                =  7.07041e+01
p1k                 =  8.47475e+01
p10k                =  8.01239e+01
p100k               =  5.62943e+01
PSRR- MODE=10db (dB, bigger is better)
p100 = 7.070415e+01
p1k = 8.474750e+01
p10k = 8.012387e+01
p100k = 5.629429e+01
########## output noise 20 Hz - 20 kHz ##########
Doing analysis at TEMP = 27.000000 and TNOM = 27.000000

Using SPNote: Starting dynamic gmin stepping
Note: Dynamic gmin stepping completed
ARSE 1.3 as Direct Linear Solver

No. of Data Rows : 151

No. of Data Rows : 1
MODE=0db  RSRC=430 (phono cathode follower)
onoise_total = 1.246149e-06
inoise_total = 1.247527e-06
Doing analysis at TEMP = 27.000000 and TNOM = 27.000000

Using SPARSE 1.3 as Direct Linear Solver

No. of Data Rows : 151

No. of Data Rows : 1
MODE=3db  RSRC=430 (phono cathode follower)
onoise_total = 1.678367e-06
inoise_total = 1.184047e-06
Doing analysis at TEMP = 27.000000 and TNOM = 27.000000

Using SPARSE 1.3 as Direct Linear Solver

No. of Data Rows : 151

No. of Data Rows : 1
MODE=10db  RSRC=430 (phono cathode follower)
onoise_total = 3.445332e-06
inoise_total = 1.097174e-06
Doing analysis at TEMP = 27.000000 and TNOM = 27.000000

Using SPARSE 1.3 as Direct Linear Solver

No. of Data Rows : 151

No. of Data Rows : 1
RRG=1G  RSRC=1 ohm (intrinsic)
onoise_total = 1.187880e-06
inoise_total = 1.188685e-06
Doing analysis at TEMP = 27.000000 and TNOM = 27.000000

Using SPARSE 1.3 as Direct Linear Solver

No. of Data Rows : 151

No. of Data Rows : 1
RRG=0.1  RSRC=2500 (attenuator at mid-rotation, +10 dB) - WORST CASE
onoise_total = 4.314861e-06
inoise_total = 1.376914e-06
Note: Simulation executed from .control section 
