warning, model type mismatch in line
    q121a nmiri nmiri nme1 ls350
warning, model type mismatch in line
    q121b nhi nmiri nme2 ls350

Note: No compatibility mode selected!


Circuit: tb_e3_sequenza.cir - l47b2b1: e3 negli istanti peggiori della sfumatura v5, curve a-e (generato da genera_e3_sequenza.py)

Warning: Model issue on line 122 :
  .model lsk489a njf(beta=2.2m betatce=-.5 rd=11 rs=30 lambda=4.3m vto=-1. ...
unrecognized parameter (isr) - ignored
unrecognized parameter (alpha) - ignored
unrecognized parameter (vk) - ignored
unrecognized parameter (mj) - ignored

Doing analysis at TEMP = 27.000000 and TNOM = 27.000000

Using SPARSE 1.3 as Direct Linear Solver

No. of Data Rows : 1
Doing analysis at TEMP = 27.000000 and TNOM = 27.000000

Using SPARSE 1.3 as Direct Linear Solver

No. of Data Rows : 151
zmin                =  1.69687e+05 at=  1.90999e+04
z20                 =  1.71241e+05
z1k                 =  1.71236e+05
z20k                =  1.69540e+05
Doing analysis at TEMP = 27.000000 and TNOM = 27.000000

Using SPARSE 1.3 as Direct Linear Solver

No. of Data Rows : 1
Doing analysis at TEMP = 27.000000 and TNOM = 27.000000

Using SPARSE 1.3 as Direct Linear Solver

No. of Data Rows : 151
zmin                =  1.47654e+05 at=  1.90999e+04
z20                 =  1.71240e+05
z1k                 =  1.71160e+05
z20k                =  1.45860e+05
Doing analysis at TEMP = 27.000000 and TNOM = 27.000000

Using SPARSE 1.3 as Direct Linear Solver

No. of Data Rows : 1
Doing analysis at TEMP = 27.000000 and TNOM = 27.000000

Using SPARSE 1.3 as Direct Linear Solver

No. of Data Rows : 151
zmin                =  9.35740e+04 at=  1.90999e+04
z20                 =  1.71240e+05
z1k                 =  1.70692e+05
z20k                =  9.05601e+04
Doing analysis at TEMP = 27.000000 and TNOM = 27.000000

Using SPARSE 1.3 as Direct Linear Solver

No. of Data Rows : 1
Doing analysis at TEMP = 27.000000 and TNOM = 27.000000

Using SPARSE 1.3 as Direct Linear Solver

No. of Data Rows : 151
zmin                =  1.69687e+05 at=  1.90999e+04
z20                 =  1.71241e+05
z1k                 =  1.71236e+05
z20k                =  1.69540e+05
Doing analysis at TEMP = 27.000000 and TNOM = 27.000000

Using SPARSE 1.3 as Direct Linear Solver

No. of Data Rows : 1
Doing analysis at TEMP = 27.000000 and TNOM = 27.000000

Using SPARSE 1.3 as Direct Linear Solver

No. of Data Rows : 151
zmin                =  1.47654e+05 at=  1.90999e+04
z20                 =  1.71240e+05
z1k                 =  1.71160e+05
z20k                =  1.45860e+05
Doing analysis at TEMP = 27.000000 and TNOM = 27.000000

Using SPARSE 1.3 as Direct Linear Solver

No. of Data Rows : 1
Doing analysis at TEMP = 27.000000 and TNOM = 27.000000

Using SPARSE 1.3 as Direct Linear Solver

No. of Data Rows : 151
zmin                =  9.35740e+04 at=  1.90999e+04
z20                 =  1.71240e+05
z1k                 =  1.70692e+05
z20k                =  9.05601e+04
Doing analysis at TEMP = 27.000000 and TNOM = 27.000000

Using SPARSE 1.3 as Direct Linear Solver

No. of Data Rows : 1
Doing analysis at TEMP = 27.000000 and TNOM = 27.000000

Using SPARSE 1.3 as Direct Linear Solver

No. of Data Rows : 151
zmin                =  1.69687e+05 at=  1.90999e+04
z20                 =  1.71241e+05
z1k                 =  1.71236e+05
z20k                =  1.69540e+05
Doing analysis at TEMP = 27.000000 and TNOM = 27.000000

Using SPARSE 1.3 as Direct Linear Solver

No. of Data Rows : 1
Doing analysis at TEMP = 27.000000 and TNOM = 27.000000

Using SPARSE 1.3 as Direct Linear Solver

No. of Data Rows : 151
zmin                =  1.47654e+05 at=  1.90999e+04
z20                 =  1.71240e+05
z1k                 =  1.71160e+05
z20k                =  1.45860e+05
Doing analysis at TEMP = 27.000000 and TNOM = 27.000000

Using SPARSE 1.3 as Direct Linear Solver

No. of Data Rows : 1
Doing analysis at TEMP = 27.000000 and TNOM = 27.000000

Using SPARSE 1.3 as Direct Linear Solver

No. of Data Rows : 151
zmin                =  9.35740e+04 at=  1.90999e+04
z20                 =  1.71240e+05
z1k                 =  1.70692e+05
z20k                =  9.05601e+04
Doing analysis at TEMP = 27.000000 and TNOM = 27.000000

Using SPARSE 1.3 as Direct Linear Solver

No. of Data Rows : 1
Doing analysis at TEMP = 27.000000 and TNOM = 27.000000

Using SPARSE 1.3 as Direct Linear Solver

No. of Data Rows : 151
zmin                =  1.69790e+05 at=  1.90999e+04
z20                 =  1.71362e+05
z1k                 =  1.71358e+05
z20k                =  1.69640e+05
Doing analysis at TEMP = 27.000000 and TNOM = 27.000000

Using SPARSE 1.3 as Direct Linear Solver

No. of Data Rows : 1
Doing analysis at TEMP = 27.000000 and TNOM = 27.000000

Using SPARSE 1.3 as Direct Linear Solver

No. of Data Rows : 151
zmin                =  1.47661e+05 at=  1.90999e+04
z20                 =  1.71362e+05
z1k                 =  1.71281e+05
z20k                =  1.45861e+05
Doing analysis at TEMP = 27.000000 and TNOM = 27.000000

Using SPARSE 1.3 as Direct Linear Solver

No. of Data Rows : 1
Doing analysis at TEMP = 27.000000 and TNOM = 27.000000

Using SPARSE 1.3 as Direct Linear Solver

No. of Data Rows : 151
zmin                =  9.35438e+04 at=  1.90999e+04
z20                 =  1.71362e+05
z1k                 =  1.70812e+05
z20k                =  9.05283e+04
Doing analysis at TEMP = 27.000000 and TNOM = 27.000000

Using SPARSE 1.3 as Direct Linear Solver

No. of Data Rows : 1
Doing analysis at TEMP = 27.000000 and TNOM = 27.000000

Using SPARSE 1.3 as Direct Linear Solver

No. of Data Rows : 151
zmin                =  1.69790e+05 at=  1.90999e+04
z20                 =  1.71362e+05
z1k                 =  1.71358e+05
z20k                =  1.69640e+05
Doing analysis at TEMP = 27.000000 and TNOM = 27.000000

Using SPARSE 1.3 as Direct Linear Solver

No. of Data Rows : 1
Doing analysis at TEMP = 27.000000 and TNOM = 27.000000

Using SPARSE 1.3 as Direct Linear Solver

No. of Data Rows : 151
zmin                =  1.47661e+05 at=  1.90999e+04
z20                 =  1.71362e+05
z1k                 =  1.71281e+05
z20k                =  1.45861e+05
Doing analysis at TEMP = 27.000000 and TNOM = 27.000000

Using SPARSE 1.3 as Direct Linear Solver

No. of Data Rows : 1
Doing analysis at TEMP = 27.000000 and TNOM = 27.000000

Using SPARSE 1.3 as Direct Linear Solver

No. of Data Rows : 151
zmin                =  9.35438e+04 at=  1.90999e+04
z20                 =  1.71362e+05
z1k                 =  1.70812e+05
z20k                =  9.05283e+04
Doing analysis at TEMP = 27.000000 and TNOM = 27.000000

Using SPARSE 1.3 as Direct Linear Solver

No. of Data Rows : 1
Doing analysis at TEMP = 27.000000 and TNOM = 27.000000

Using SPARSE 1.3 as Direct Linear Solver

No. of Data Rows : 151
zmin                =  1.69790e+05 at=  1.90999e+04
z20                 =  1.71362e+05
z1k                 =  1.71358e+05
z20k                =  1.69640e+05
Doing analysis at TEMP = 27.000000 and TNOM = 27.000000

Using SPARSE 1.3 as Direct Linear Solver

No. of Data Rows : 1
Doing analysis at TEMP = 27.000000 and TNOM = 27.000000

Using SPARSE 1.3 as Direct Linear Solver

No. of Data Rows : 151
zmin                =  1.47661e+05 at=  1.90999e+04
z20                 =  1.71362e+05
z1k                 =  1.71281e+05
z20k                =  1.45861e+05
Doing analysis at TEMP = 27.000000 and TNOM = 27.000000

Using SPARSE 1.3 as Direct Linear Solver

No. of Data Rows : 1
Doing analysis at TEMP = 27.000000 and TNOM = 27.000000

Using SPARSE 1.3 as Direct Linear Solver

No. of Data Rows : 151
zmin                =  9.35438e+04 at=  1.90999e+04
z20                 =  1.71362e+05
z1k                 =  1.70812e+05
z20k                =  9.05283e+04
Note: Simulation executed from .control section 
