warning, model type mismatch in line
    q121a nmiri nmiri nme1 ls350
warning, model type mismatch in line
    q121b nhi nmiri nme2 ls350

Note: No compatibility mode selected!


Circuit: tb_zout_psrr_noise.cir - l46b esplorazione, variante sv_r10_c1000u_esr0 (blocco da inc/sv_r10_c1000u_esr0.inc)

Warning: Model issue on line 122 :
  .model lsk489a njf(beta=2.2m betatce=-.5 rd=11 rs=30 lambda=4.3m vto=-1. ...
unrecognized parameter (isr) - ignored
unrecognized parameter (alpha) - ignored
unrecognized parameter (vk) - ignored
unrecognized parameter (mj) - ignored

########## Zout at the jack, load removed, both gain modes ##########
Doing analysis at TEMP = 27.000000 and TNOM = 27.000000

Using SPARSE 1.3 as Direct Linear Solver

No. of Data Rows : 81
z20                 =  1.69338e+03
z1k                 =  5.79336e+01
z20k                =  4.70336e+01
za20                =  2.21148e-02
za1k                =  2.58283e-02
za20k               =  2.68149e-01
za100k              =  1.35081e+00
MODE=0db
z20 = 1.693378e+03
z1k = 5.793361e+01
z20k = 4.703360e+01
za20 = 2.211477e-02
za1k = 2.582826e-02
za20k = 2.681495e-01
za100k = 1.350815e+00
Doing analysis at TEMP = 27.000000 and TNOM = 27.000000

Using SPARSE 1.3 as Direct Linear Solver

No. of Data Rows : 81
z20                 =  1.69338e+03
z1k                 =  5.79379e+01
z20k                =  4.70513e+01
za20                =  3.14029e-02
za1k                =  3.66764e-02
za20k               =  3.80003e-01
za100k              =  1.82942e+00
MODE=3db
z20 = 1.693378e+03
z1k = 5.793792e+01
z20k = 4.705132e+01
za20 = 3.140290e-02
za1k = 3.667639e-02
za20k = 3.800034e-01
za100k = 1.829421e+00
Doing analysis at TEMP = 27.000000 and TNOM = 27.000000

Using SPARSE 1.3 as Direct Linear Solver

No. of Data Rows : 81
z20                 =  1.69338e+03
z1k                 =  5.79558e+01
z20k                =  4.71451e+01
za20                =  6.96677e-02
za1k                =  8.13709e-02
za20k               =  8.39210e-01
za100k              =  3.66920e+00
MODE=10db
z20 = 1.693378e+03
z1k = 5.795576e+01
z20k = 4.714510e+01
za20 = 6.966774e-02
za1k = 8.137090e-02
za20k = 8.392102e-01
za100k = 3.669197e+00
########## PSRR (input source silenced) ##########
Doing analysis at TEMP = 27.000000 and TNOM = 27.000000

Using SPARSE 1.3 as Direct Linear Solver

No. of Data Rows : 81
p100                =  8.90370e+01
p1k                 =  8.98042e+01
p10k                =  8.85778e+01
p100k               =  6.69873e+01
PSRR+ MODE=0db (dB, bigger is better)
p100 = 8.903698e+01
p1k = 8.980421e+01
p10k = 8.857778e+01
p100k = 6.698731e+01
Doing analysis at TEMP = 27.000000 and TNOM = 27.000000

Using SPARSE 1.3 as Direct Linear Solver

No. of Data Rows : 81
p100                =  8.59933e+01
p1k                 =  8.67608e+01
p10k                =  8.55391e+01
p100k               =  6.43557e+01
PSRR+ MODE=3db (dB, bigger is better)
p100 = 8.599331e+01
p1k = 8.676083e+01
p10k = 8.553915e+01
p100k = 6.435570e+01
Doing analysis at TEMP = 27.000000 and TNOM = 27.000000

Using SPARSE 1.3 as Direct Linear Solver

No. of Data Rows : 81
p100                =  7.90818e+01
p1k                 =  7.98506e+01
p10k                =  7.86399e+01
p100k               =  5.83222e+01
PSRR+ MODE=10db (dB, bigger is better)
p100 = 7.908175e+01
p1k = 7.985056e+01
p10k = 7.863987e+01
p100k = 5.832220e+01
########## PSRR from V- ##########
Doing analysis at TEMP = 27.000000 and TNOM = 27.000000

Using SPARSE 1.3 as Direct Linear Solver

No. of Data Rows : 81
p100                =  8.06783e+01
p1k                 =  9.47523e+01
p10k                =  9.01113e+01
p100k               =  6.50115e+01
PSRR- MODE=0db (dB, bigger is better)
p100 = 8.067826e+01
p1k = 9.475230e+01
p10k = 9.011134e+01
p100k = 6.501149e+01
Doing analysis at TEMP = 27.000000 and TNOM = 27.000000

Using SPARSE 1.3 as Direct Linear Solver

No. of Data Rows : 81
p100                =  7.76317e+01
p1k                 =  9.16994e+01
p10k                =  8.70630e+01
p100k               =  6.23724e+01
PSRR- MODE=3db (dB, bigger is better)
p100 = 7.763172e+01
p1k = 9.169941e+01
p10k = 8.706299e+01
p100k = 6.237240e+01
Doing analysis at TEMP = 27.000000 and TNOM = 27.000000

Using SPARSE 1.3 as Direct Linear Solver

No. of Data Rows : 81
p100                =  7.07073e+01
p1k                 =  8.47500e+01
p10k                =  8.01275e+01
p100k               =  5.63119e+01
PSRR- MODE=10db (dB, bigger is better)
p100 = 7.070725e+01
p1k = 8.475003e+01
p10k = 8.012754e+01
p100k = 5.631190e+01
########## output noise 20 Hz - 20 kHz ##########
Doing analysis at TEMP = 27.000000 and TNOM = 27.000000

Using SPNote: Starting dynamic gmin stepping
Note: Dynamic gmin stepping completed
ARSE 1.3 as Direct Linear Solver

No. of Data Rows : 151

No. of Data Rows : 1
MODE=0db  RSRC=430 (phono cathode follower)
onoise_total = 1.246149e-06
inoise_total = 1.247527e-06
Doing analysis at TEMP = 27.000000 and TNOM = 27.000000

Using SPARSE 1.3 as Direct Linear Solver

No. of Data Rows : 151

No. of Data Rows : 1
MODE=3db  RSRC=430 (phono cathode follower)
onoise_total = 1.678367e-06
inoise_total = 1.184047e-06
Doing analysis at TEMP = 27.000000 and TNOM = 27.000000

Using SPARSE 1.3 as Direct Linear Solver

No. of Data Rows : 151

No. of Data Rows : 1
MODE=10db  RSRC=430 (phono cathode follower)
onoise_total = 3.445332e-06
inoise_total = 1.097174e-06
Doing analysis at TEMP = 27.000000 and TNOM = 27.000000

Using SPARSE 1.3 as Direct Linear Solver

No. of Data Rows : 151

No. of Data Rows : 1
RRG=1G  RSRC=1 ohm (intrinsic)
onoise_total = 1.187880e-06
inoise_total = 1.188685e-06
Doing analysis at TEMP = 27.000000 and TNOM = 27.000000

Using SPARSE 1.3 as Direct Linear Solver

No. of Data Rows : 151

No. of Data Rows : 1
RRG=0.1  RSRC=2500 (attenuator at mid-rotation, +10 dB) - WORST CASE
onoise_total = 4.314860e-06
inoise_total = 1.376914e-06
Note: Simulation executed from .control section 
