warning, model type mismatch in line
    q121a nmiri nmiri nme1 ls350
warning, model type mismatch in line
    q121b nhi nmiri nme2 ls350

Note: No compatibility mode selected!


Circuit: thd_1k - l46a: thd a 1000 hz, blocco b nei tre modi, livelli lo/hi; variante drv_cm470p

Warning: Model issue on line 122 :
  .model lsk489a njf(beta=2.2m betatce=-.5 rd=11 rs=30 lambda=4.3m vto=-1. ...
unrecognized parameter (isr) - ignored
unrecognized parameter (alpha) - ignored
unrecognized parameter (vk) - ignored
unrecognized parameter (mj) - ignored

Doing analysis at TEMP = 27.000000 and TNOM = 27.000000

Using SPARSE 1.3 as Direct Linear Solver

Initial Transient Solution
--------------------------

Node                                   Voltage
----                                   -------
nref                                  -13.6698
vminus                                     -15
ncasc                                  9.86821
nx                                     1.72153
nhi                                    13.7267
out                                 -0.0151684
fb                                  -0.0151683
vplus                                       15
nrefm                                 -14.3349
d1n                                    9.18038
g1                                 2.41015e-08
s1                                    0.062405
d2n                                    9.18089
g2                                  -0.0151683
s2                                   0.0580753
src                                  -0.165744
nte                                   -14.3753
nmiri                                  13.8067
nme1                                   14.5133
nme2                                    14.513
nve                                     14.386
ny                                    -1.66491
nvle                                  -14.3861
nbb                                   -0.95138
nbn                                    1.00524
nen                                   0.437452
nbp                                   -1.00718
nep                                  -0.467789
in                                 2.31723e-08
rg                                  -0.0151683
rg10                                -0.0151683
nd1                                    1.00723
nd2                                   -1.00806
vsn                                          0
outa                                -0.0151684
jack                                         0
vs#branch                          9.26893e-12
vmm#branch                           0.0398463
vpp#branch                          -0.0388258


No. of Data Rows : 10063
L46A_CASO modo=0 livello=lo freq=1000 ampin=0.282843
Fourier analysis for v(vsn):
  No. Harmonics: 10, THD: 1.87364e-10 %, Gridsize: 8192, Interpolation Degree: 1, No. Periods: 1

Harmonic Frequency       Magnitude       Phase           Norm. Mag       Norm. Phase    
-------- ---------       ---------       -----           ---------       -----------    
 0       0               -3.80880223e-14 0               0               0              
 1       1000            0.2828428511    -1.62107546e-11 1               0              
 2       2000            8.443990806e-14 -88.5646153     2.985400116e-13 -88.5646153    
 3       3000            3.398309103e-13 -12.6587649     1.201483117e-12 -12.6587649    
 4       4000            7.574038337e-14 -89.8134273     2.677825622e-13 -89.8134273    
 5       5000            3.40669781e-13  -165.485008     1.204448971e-12 -165.485008    
 6       6000            8.384923672e-14 -89.5946679     2.964516741e-13 -89.5946679    
 7       7000            1.203412669e-13 -127.920478     4.25470421e-13  -127.920478    
 8       8000            7.369339614e-14 -88.0065587     2.60545373e-13  -88.0065587    
 9       9000            9.742306233e-14 -38.2528434     3.444423712e-13 -38.2528434    

Fourier analysis for v(out):
  No. Harmonics: 10, THD: 2.67933e-05 %, Gridsize: 8192, Interpolation Degree: 1, No. Periods: 1

Harmonic Frequency       Magnitude       Phase           Norm. Mag       Norm. Phase    
-------- ---------       ---------       -----           ---------       -----------    
 0       0               -0.0151684016   0               0               0              
 1       1000            0.2821177352    -0.0451512473   1               0              
 2       2000            7.558808478e-08 170.5675198     2.679309925e-07 170.6126711    
 3       3000            2.529899586e-10 97.076718       8.967531177e-10 97.12186925    
 4       4000            2.459672765e-11 -179.837275     8.718603826e-11 -179.792124    
 5       5000            2.166485531e-11 -179.14675      7.679366666e-11 -179.101598    
 6       6000            1.792491019e-11 -178.884912     6.353698457e-11 -178.839761    
 7       7000            1.546750726e-11 -178.281738     5.482642646e-11 -178.236587    
 8       8000            1.34148958e-11  -178.957547     4.755070002e-11 -178.912396    
 9       9000            1.193164616e-11 -178.76416      4.229314459e-11 -178.719009    

Doing analysis at TEMP = 27.000000 and TNOM = 27.000000

Using SPARSE 1.3 as Direct Linear Solver

Initial Transient Solution
--------------------------

Node                                   Voltage
----                                   -------
nref                                  -13.6698
vminus                                     -15
ncasc                                  9.86821
nx                                     1.72153
nhi                                    13.7267
out                                 -0.0151684
fb                                  -0.0151683
vplus                                       15
nrefm                                 -14.3349
d1n                                    9.18038
g1                                 2.41015e-08
s1                                    0.062405
d2n                                    9.18089
g2                                  -0.0151683
s2                                   0.0580753
src                                  -0.165744
nte                                   -14.3753
nmiri                                  13.8067
nme1                                   14.5133
nme2                                    14.513
nve                                     14.386
ny                                    -1.66491
nvle                                  -14.3861
nbb                                   -0.95138
nbn                                    1.00524
nen                                   0.437452
nbp                                   -1.00718
nep                                  -0.467789
in                                 2.31723e-08
rg                                  -0.0151683
rg10                                -0.0151683
nd1                                    1.00723
nd2                                   -1.00806
vsn                                          0
outa                                -0.0151684
jack                                         0
vs#branch                          9.26893e-12
vmm#branch                           0.0398463
vpp#branch                          -0.0388258

 Reference value :  3.97832e-03Note: Starting dynamic gmin stepping
Note: Dynamic gmin stepping completed

No. of Data Rows : 10090
L46A_CASO modo=0 livello=hi freq=1000 ampin=2.82843
Fourier analysis for v(vsn):
  No. Harmonics: 10, THD: 2.21261e-10 %, Gridsize: 8192, Interpolation Degree: 1, No. Periods: 1

Harmonic Frequency       Magnitude       Phase           Norm. Mag       Norm. Phase    
-------- ---------       ---------       -----           ---------       -----------    
 0       0               -7.2165017e-13  0               0               0              
 1       1000            2.828428511     -2.847296e-11   1               0              
 2       2000            1.418708517e-12 -91.7957595     5.015889605e-13 -91.7957595    
 3       3000            4.529231728e-12 -65.451597      1.601324449e-12 -65.451597     
 4       4000            1.392257741e-12 -88.7061929     4.922372035e-13 -88.7061929    
 5       5000            2.305044023e-12 146.6413869     8.149557304e-13 146.6413869    
 6       6000            1.411254452e-12 -88.8816875     4.989535521e-13 -88.8816875    
 7       7000            6.544360829e-13 -74.7223703     2.313779826e-13 -74.7223703    
 8       8000            1.442111722e-12 -90.3883196     5.098632391e-13 -90.3883196    
 9       9000            2.210739731e-12 -92.4908878     7.816141443e-13 -92.4908878    

Fourier analysis for v(out):
  No. Harmonics: 10, THD: 0.000269526 %, Gridsize: 8192, Interpolation Degree: 1, No. Periods: 1

Harmonic Frequency       Magnitude       Phase           Norm. Mag       Norm. Phase    
-------- ---------       ---------       -----           ---------       -----------    
 0       0               -0.0151693434   0               0               0              
 1       1000            2.821177327     -0.0451567522   1               0              
 2       2000            7.599330218e-06 170.6193123     2.693673363e-06 170.664469     
 3       3000            2.596859564e-07 89.18144284     9.204878897e-08 89.22659959    
 4       4000            2.34005233e-08  1.028708995     8.294594983e-09 1.073865747    
 5       5000            2.910064235e-09 -93.4908493     1.031507026e-09 -93.4456925    
 6       6000            5.317687635e-10 -178.773488     1.884917897e-10 -178.728332    
 7       7000            1.716632186e-10 165.8265335     6.084807818e-11 165.8716902    
 8       8000            1.391014374e-10 -179.225288     4.930616592e-11 -179.180132    
 9       9000            1.288054836e-10 -178.400104     4.565664211e-11 -178.354947    

Doing analysis at TEMP = 27.000000 and TNOM = 27.000000

Using SPARSE 1.3 as Direct Linear Solver

Initial Transient Solution
--------------------------

Node                                   Voltage
----                                   -------
nref                                  -13.6698
vminus                                     -15
ncasc                                  9.86821
nx                                      1.7151
nhi                                    13.7267
out                                 -0.0215409
fb                                   -0.015168
vplus                                       15
nrefm                                 -14.3349
d1n                                    9.18038
g1                                 2.41015e-08
s1                                   0.0624052
d2n                                    9.18089
g2                                   -0.015168
s2                                   0.0580756
src                                  -0.165744
nte                                   -14.3753
nmiri                                  13.8067
nme1                                   14.5133
nme2                                    14.513
nve                                     14.386
ny                                    -1.67134
nvle                                  -14.3861
nbb                                  -0.957812
nbn                                   0.998813
nen                                   0.431031
nbp                                   -1.01361
nep                                  -0.474207
in                                 2.31723e-08
rg                                -4.24861e-07
rg10                                 -0.015168
nd1                                     1.0008
nd2                                   -1.01449
vsn                                          0
outa                                -0.0215409
jack                                         0
vs#branch                          9.26893e-12
vmm#branch                           0.0398484
vpp#branch                          -0.0388236

Note: Starting dynamic gmin stepping
Note: Dynamic gmin stepping completed

No. of Data Rows : 10018
L46A_CASO modo=3 livello=lo freq=1000 ampin=0.199185
Fourier analysis for v(vsn):
  No. Harmonics: 10, THD: 2.17816e-10 %, Gridsize: 8192, Interpolation Degree: 1, No. Periods: 1

Harmonic Frequency       Magnitude       Phase           Norm. Mag       Norm. Phase    
-------- ---------       ---------       -----           ---------       -----------    
 0       0               -4.64837587e-14 0               0               0              
 1       1000            0.1991848952    -2.795667e-11   1               0              
 2       2000            9.747789765e-14 -90.2014058     4.893839845e-13 -90.2014058    
 3       3000            2.957916572e-13 -130.474147     1.485010482e-12 -130.474147    
 4       4000            9.7112162e-14   -89.3371841     4.87547823e-13  -89.3371841    
 5       5000            1.949217035e-13 9.368920634     9.785968125e-13 9.368920634    
 6       6000            9.577120177e-14 -89.9855365     4.808155844e-13 -89.9855365    
 7       7000            1.537077074e-13 -92.119154      7.716835521e-13 -92.119154     
 8       8000            9.663865536e-14 -87.8690346     4.851706013e-13 -87.8690346    
 9       9000            4.091387861e-14 -78.1311675     2.054065324e-13 -78.1311675    

Fourier analysis for v(out):
  No. Harmonics: 10, THD: 2.84881e-05 %, Gridsize: 8192, Interpolation Degree: 1, No. Periods: 1

Harmonic Frequency       Magnitude       Phase           Norm. Mag       Norm. Phase    
-------- ---------       ---------       -----           ---------       -----------    
 0       0               -0.021540942    0               0               0              
 1       1000            0.2821398518    -0.134348195    1               0              
 2       2000            8.037581019e-08 169.1369039     2.848793237e-07 169.2712521    
 3       3000            2.575705351e-10 98.32679006     9.129179496e-10 98.46113825    
 4       4000            3.177515782e-11 -179.185975     1.126220122e-10 -179.051626    
 5       5000            2.677597933e-11 -179.179994     9.490321611e-11 -179.045646    
 6       6000            2.228147971e-11 -179.06393      7.897317434e-11 -178.929582    
 7       7000            1.903710087e-11 -178.315091     6.747398761e-11 -178.180743    
 8       8000            1.656126987e-11 -178.165023     5.869879692e-11 -178.030675    
 9       9000            1.49379547e-11  -178.119991     5.294521352e-11 -177.985643    

Doing analysis at TEMP = 27.000000 and TNOM = 27.000000

Using SPARSE 1.3 as Direct Linear Solver

Initial Transient Solution
--------------------------

Node                                   Voltage
----                                   -------
nref                                  -13.6698
vminus                                     -15
ncasc                                  9.86821
nx                                      1.7151
nhi                                    13.7267
out                                 -0.0215409
fb                                   -0.015168
vplus                                       15
nrefm                                 -14.3349
d1n                                    9.18038
g1                                 2.41015e-08
s1                                   0.0624052
d2n                                    9.18089
g2                                   -0.015168
s2                                   0.0580756
src                                  -0.165744
nte                                   -14.3753
nmiri                                  13.8067
nme1                                   14.5133
nme2                                    14.513
nve                                     14.386
ny                                    -1.67134
nvle                                  -14.3861
nbb                                  -0.957812
nbn                                   0.998813
nen                                   0.431031
nbp                                   -1.01361
nep                                  -0.474207
in                                 2.31723e-08
rg                                -4.24861e-07
rg10                                 -0.015168
nd1                                     1.0008
nd2                                   -1.01449
vsn                                          0
outa                                -0.0215409
jack                                         0
vs#branch                          9.26893e-12
vmm#branch                           0.0398484
vpp#branch                          -0.0388236

 Reference value :  3.43084e-03
No. of Data Rows : 10044
L46A_CASO modo=3 livello=hi freq=1000 ampin=1.99185
Fourier analysis for v(vsn):
  No. Harmonics: 10, THD: 1.98323e-10 %, Gridsize: 8192, Interpolation Degree: 1, No. Periods: 1

Harmonic Frequency       Magnitude       Phase           Norm. Mag       Norm. Phase    
-------- ---------       ---------       -----           ---------       -----------    
 0       0               -1.38561038e-13 0               0               0              
 1       1000            1.991848952     -8.04594694e-12 1               0              
 2       2000            2.579141173e-13 -84.4035349     1.29484777e-13  -84.4035349    
 3       3000            2.842335333e-12 -83.2567225     1.426983372e-12 -83.2567225    
 4       4000            2.502289806e-13 -92.6304743     1.256264841e-13 -92.6304743    
 5       5000            2.340654449e-12 97.91652493     1.17511644e-12  97.91652493    
 6       6000            2.697781446e-13 -89.015311      1.354410656e-13 -89.015311     
 7       7000            8.789326003e-13 -1.59320008     4.412646851e-13 -1.59320008    
 8       8000            2.756134408e-13 -88.4461598     1.383706533e-13 -88.4461598    
 9       9000            9.984734042e-13 -150.227197     5.012796796e-13 -150.227197    

Fourier analysis for v(out):
  No. Harmonics: 10, THD: 0.000286123 %, Gridsize: 8192, Interpolation Degree: 1, No. Periods: 1

Harmonic Frequency       Magnitude       Phase           Norm. Mag       Norm. Phase    
-------- ---------       ---------       -----           ---------       -----------    
 0       0               -0.0215419955   0               0               0              
 1       1000            2.821398487     -0.134353905    1               0              
 2       2000            8.068419209e-06 169.1761453     2.859723377e-06 169.3104992    
 3       3000            2.616819151e-07 88.41857517     9.274900953e-08 88.55292908    
 4       4000            1.884878851e-08 -0.160130848    6.680654504e-09 -0.0257769427  
 5       5000            2.055093571e-09 -98.8192909     7.283953615e-10 -98.684937     
 6       6000            4.191990505e-10 179.9016563     1.485784629e-10 180.0360102    
 7       7000            2.042152504e-10 174.9133815     7.238086053e-11 175.0477354    
 8       8000            1.76830251e-10  -179.478121     6.267468129e-11 -179.343767    
 9       9000            1.60407702e-10  -179.357918     5.685396897e-11 -179.223564    

Doing analysis at TEMP = 27.000000 and TNOM = 27.000000

Using SPARSE 1.3 as Direct Linear Solver

Initial Transient Solution
--------------------------

Node                                   Voltage
----                                   -------
nref                                  -13.6698
vminus                                     -15
ncasc                                  9.86821
nx                                     1.68859
nhi                                    13.7268
out                                 -0.0478057
fb                                  -0.0151665
vplus                                       15
nrefm                                 -14.3349
d1n                                    9.18038
g1                                 2.41015e-08
s1                                    0.062406
d2n                                    9.18089
g2                                  -0.0151665
s2                                   0.0580768
src                                  -0.165743
nte                                   -14.3753
nmiri                                  13.8067
nme1                                   14.5133
nme2                                    14.513
nve                                     14.386
ny                                    -1.69785
nvle                                  -14.3861
nbb                                   -0.98432
nbn                                   0.972309
nen                                   0.404566
nbp                                   -1.04011
nep                                  -0.500657
in                                 2.31723e-08
rg                                 -4.2482e-07
rg10                              -1.75113e-06
nd1                                   0.974292
nd2                                     -1.041
vsn                                          0
outa                                -0.0478057
jack                                         0
vs#branch                          9.26893e-12
vmm#branch                           0.0398567
vpp#branch                          -0.0388145


No. of Data Rows : 10010
L46A_CASO modo=10 livello=lo freq=1000 ampin=0.0897344
Fourier analysis for v(vsn):
  No. Harmonics: 10, THD: 2.01553e-10 %, Gridsize: 8192, Interpolation Degree: 1, No. Periods: 1

Harmonic Frequency       Magnitude       Phase           Norm. Mag       Norm. Phase    
-------- ---------       ---------       -----           ---------       -----------    
 0       0               -1.43204676e-14 0               0               0              
 1       1000            0.08973435277   -1.78933742e-11 1               0              
 2       2000            2.605801544e-14 -89.2465764     2.903906323e-13 -89.2465764    
 3       3000            1.05128499e-13  173.3441189     1.17155243e-12  173.3441189    
 4       4000            2.778489559e-14 -88.1875256     3.096349919e-13 -88.1875256    
 5       5000            1.229174992e-13 -31.6406168     1.369793122e-12 -31.6406168    
 6       6000            2.610283298e-14 -87.0775989     2.908900792e-13 -87.0775989    
 7       7000            2.227228531e-14 -170.040585     2.4820244e-13   -170.040585    
 8       8000            2.721099856e-14 -90.3743737     3.03239481e-13  -90.3743737    
 9       9000            5.640550124e-14 -65.8615402     6.285831401e-13 -65.8615402    

Fourier analysis for v(out):
  No. Harmonics: 10, THD: 3.38436e-05 %, Gridsize: 8192, Interpolation Degree: 1, No. Periods: 1

Harmonic Frequency       Magnitude       Phase           Norm. Mag       Norm. Phase    
-------- ---------       ---------       -----           ---------       -----------    
 0       0               -0.0478057169   0               0               0              
 1       1000            0.282083131     -0.315667872    1               0              
 2       2000            9.546639331e-08 163.1486788     3.384335425e-07 163.4643467    
 3       3000            3.782769957e-10 99.65614586     1.341012468e-09 99.97181373    
 4       4000            5.908334226e-11 -178.462878     2.094536531e-10 -178.14721     
 5       5000            4.838398981e-11 -178.73416      1.715238683e-10 -178.418492    
 6       6000            4.089151058e-11 -178.980562     1.44962623e-10  -178.664895    
 7       7000            3.520469481e-11 -179.624962     1.248025526e-10 -179.309294    
 8       8000            3.080314832e-11 -178.160819     1.091988316e-10 -177.845151    
 9       9000            2.679662762e-11 -179.118043     9.499549838e-11 -178.802375    

Doing analysis at TEMP = 27.000000 and TNOM = 27.000000

Using SPARSE 1.3 as Direct Linear Solver

Initial Transient Solution
--------------------------

Node                                   Voltage
----                                   -------
nref                                  -13.6698
vminus                                     -15
ncasc                                  9.86821
nx                                     1.68859
nhi                                    13.7268
out                                 -0.0478057
fb                                  -0.0151665
vplus                                       15
nrefm                                 -14.3349
d1n                                    9.18038
g1                                 2.41015e-08
s1                                    0.062406
d2n                                    9.18089
g2                                  -0.0151665
s2                                   0.0580768
src                                  -0.165743
nte                                   -14.3753
nmiri                                  13.8067
nme1                                   14.5133
nme2                                    14.513
nve                                     14.386
ny                                    -1.69785
nvle                                  -14.3861
nbb                                   -0.98432
nbn                                   0.972309
nen                                   0.404566
nbp                                   -1.04011
nep                                  -0.500657
in                                 2.31723e-08
rg                                 -4.2482e-07
rg10                              -1.75113e-06
nd1                                   0.974292
nd2                                     -1.041
vsn                                          0
outa                                -0.0478057
jack                                         0
vs#branch                          9.26893e-12
vmm#branch                           0.0398567
vpp#branch                          -0.0388145

 Reference value :  3.28243e-03
No. of Data Rows : 10027
L46A_CASO modo=10 livello=hi freq=1000 ampin=0.897344
Fourier analysis for v(vsn):
  No. Harmonics: 10, THD: 1.60244e-10 %, Gridsize: 8192, Interpolation Degree: 1, No. Periods: 1

Harmonic Frequency       Magnitude       Phase           Norm. Mag       Norm. Phase    
-------- ---------       ---------       -----           ---------       -----------    
 0       0               -1.45313449e-14 0               0               0              
 1       1000            0.8973435277    -2.08016182e-12 1               0              
 2       2000            3.493741498e-14 -103.094371     3.893426977e-14 -103.094371    
 3       3000            9.650452677e-13 58.91945641     1.075446847e-12 58.91945641    
 4       4000            4.334855957e-14 -78.2001497     4.830765279e-14 -78.2001497    
 5       5000            1.026687521e-12 -119.365182     1.144140999e-12 -119.365182    
 6       6000            4.933598385e-14 -99.6236362     5.49800409e-14  -99.6236362    
 7       7000            2.258155748e-13 -61.924485      2.516489704e-13 -61.924485     
 8       8000            3.223020355e-14 -88.8049903     3.591735222e-14 -88.8049903    
 9       9000            1.571625955e-13 129.6312132     1.751420617e-13 129.6312132    

Fourier analysis for v(out):
  No. Harmonics: 10, THD: 0.000340093 %, Gridsize: 8192, Interpolation Degree: 1, No. Periods: 1

Harmonic Frequency       Magnitude       Phase           Norm. Mag       Norm. Phase    
-------- ---------       ---------       -----           ---------       -----------    
 0       0               -0.0478074085   0               0               0              
 1       1000            2.820831242     -0.315676622    1               0              
 2       2000            9.585741186e-06 163.2117414     3.398197327e-06 163.527418     
 3       3000            3.833946124e-07 87.2739306      1.359154729e-07 87.58960722    
 4       4000            2.604956933e-08 -1.80452753     9.234713845e-09 -1.4888509     
 5       5000            3.181915533e-09 -102.668102     1.128006343e-09 -102.352425    
 6       6000            7.037852622e-10 178.9810241     2.494956989e-10 179.2967008    
 7       7000            3.728185518e-10 175.741169      1.32166202e-10  176.0568457    
 8       8000            3.243978415e-10 -179.537567     1.150007972e-10 -179.221891    
 9       9000            2.913498902e-10 -179.408884     1.032851189e-10 -179.093207    

Note: Simulation executed from .control section 
