warning, model type mismatch in line
    q121a nmiri nmiri nme1 ls350
warning, model type mismatch in line
    q121b nhi nmiri nme2 ls350

Note: No compatibility mode selected!


Circuit: tb_ac__a_r133.cir - l40 esplorazione da tb_ac.cir, alter c124 = 1n; alter r128 = 1.33k

Warning: Model issue on line 122 :
  .model lsk489a njf(beta=2.2m betatce=-.5 rd=11 rs=30 lambda=4.3m vto=-1. ...
unrecognized parameter (isr) - ignored
unrecognized parameter (alpha) - ignored
unrecognized parameter (vk) - ignored
unrecognized parameter (mj) - ignored

Note: Starting dynamic gmin stepping
Warning: Dynamic gmin stepping failed
Note: Starting true gmin stepping
Note: True gmin stepping completed
 Capacitor: Fixed capacitor
     device                  c124
      model                     C
capacitance                 1e-09

 Resistor: Simple linear resistor
     device                  r128
      model                     R
 resistance                  1330

Doing analysis at TEMP = 27.000000 and TNOM = 27.000000

Using SPARSE 1.3 as Direct Linear Solver

No. of Data Rows : 1636
g1k                 =  -6.92488e-03
g20                 =  -9.56424e-03
g20k                =  -3.79339e-03
g100k               =  5.54768e-02
fhi                 =  4.93389e-01
flo                 =  9.12867e+05
MODE=0db  RSRC=1.5
g1k = -6.92488e-03
g20 = -9.56424e-03
g20k = -3.79339e-03
g100k = 5.547677e-02
fhi = 4.933894e-01
flo = 9.128669e+05
Doing analysis at TEMP = 27.000000 and TNOM = 27.000000

Using SPARSE 1.3 as Direct Linear Solver

No. of Data Rows : 1636
g1k                 =  -1.06459e-02
g20                 =  -1.32853e-02
g20k                =  -7.49606e-03
g100k               =  5.22155e-02
fhi                 =  4.93389e-01
Note: Starting dynamic gmin stepping
Warning: Dynamic gmin stepping failed
Note: Starting true gmin stepping
Note: True gmin stepping completed
flo                 =  9.15450e+05
MODE=0db  RSRC=430
g1k = -1.06459e-02
g20 = -1.32854e-02
g20k = -7.49606e-03
g100k = 5.221546e-02
fhi = 4.933894e-01
flo = 9.154501e+05
Doing analysis at TEMP = 27.000000 and TNOM = 27.000000

Using SPARSE 1.3 as Direct Linear Solver

No. of Data Rows : 1636
g1k                 =  -2.85992e-02
g20                 =  -3.12389e-02
g20k                =  -2.53610e-02
g100k               =  3.64702e-02
fhi                 =  4.93389e-01
flo                 =  9.27528e+05
MODE=0db  RSRC=2500
g1k = -2.85992e-02
g20 = -3.12389e-02
g20k = -2.53610e-02
g100k = 3.647022e-02
fhi = 4.933894e-01
flo = 9.275283e+05
Doing analysis at TEMP = 27.000000 and TNOM = 27.000000

Using SPARSE 1.3 as Direct Linear Solver

No. of Data Rows : 1636
g1k                 =  -9.33384e-02
g20                 =  -9.59788e-02
g20k                =  -8.97872e-02
g100k               =  -2.04452e-02
fhi                 =  4.93390e-01
flo                 =  9.63094e+05
MODE=0db  RSRC=10k
g1k = -9.33384e-02
g20 = -9.59788e-02
g20k = -8.97872e-02
g100k = -2.04452e-02
fhi = 4.933895e-01
flo = 9.630936e+05
Doing analysis at TEMP = 27.000000 and TNOM = 27.000000

Using SPARSE 1.3 as Direct Linear Solver

No. of Data Rows : 1636
g1k                 =  3.03938e+00
g20                 =  3.03681e+00
g20k                =  3.01381e+00
g100k               =  2.46218e+00
fhi                 =  4.93381e-01
flo                 =  3.03096e+05
MODE=3db  RSRC=1.5
g1k = 3.039378e+00
g20 = 3.036810e+00
g20k = 3.013810e+00
g100k = 2.462180e+00
fhi = 4.933812e-01
flo = 3.030964e+05
Doing analysis at TEMP = 27.000000 and TNOM = 27.000000

Using SPARSE 1.3 as Direct Linear Solver

No. of Data Rows : 1636
g1k                 =  3.03566e+00
g20                 =  3.03309e+00
g20k                =  3.01012e+00
g100k               =  2.45904e+00
fhi                 =  4.93381e-01
flo                 =  3.03407e+05
MODE=3db  RSRC=430
g1k = 3.035657e+00
g20 = 3.033089e+00
g20k = 3.010115e+00
g100k = 2.459044e+00
fhi = 4.933812e-01
flo = 3.034074e+05
Doing analysis at TEMP = 27.000000 and TNOM = 27.000000

Using SPARSE 1.3 as Direct Linear Solver

No. of Data Rows : 1636
g1k                 =  3.01770e+00
g20                 =  3.01514e+00
g20k                =  2.99229e+00
g100k               =  2.44390e+00
fhi                 =  4.93381e-01
flo                 =  3.04914e+05
MODE=3db  RSRC=2500
g1k = 3.017704e+00
g20 = 3.015136e+00
g20k = 2.992287e+00
g100k = 2.443901e+00
fhi = 4.933813e-01
flo = 3.049137e+05
Doing analysis at TEMP = 27.000000 and TNOM = 27.000000

Using SPARSE 1.3 as Direct Linear Solver

No. of Data Rows : 1636
g1k                 =  2.95297e+00
g20                 =  2.95040e+00
g20k                =  2.92799e+00
g100k               =  2.38914e+00
fhi                 =  4.93381e-01
flo                 =  3.10354e+05
MODE=3db  RSRC=10k
g1k = 2.952965e+00
g20 = 2.950396e+00
g20k = 2.927993e+00
g100k = 2.389135e+00
fhi = 4.933814e-01
flo = 3.103538e+05
Doing analysis at TEMP = 27.000000 and TNOM = 27.000000

Using SPARSE 1.3 as Direct Linear Solver

No. of Data Rows : 1636
g1k                 =  9.96289e+00
g20                 =  9.96060e+00
g20k                =  9.82882e+00
g100k               =  7.46609e+00
fhi                 =  4.93350e-01
flo                 =  1.13364e+05
MODE=10db  RSRC=1.5
g1k = 9.962890e+00
g20 = 9.960596e+00
g20k = 9.828825e+00
g100k = 7.466094e+00
fhi = 4.933498e-01
flo = 1.133644e+05
Doing analysis at TEMP = 27.000000 and TNOM = 27.000000

Using SPARSE 1.3 as Direct Linear Solver

No. of Data Rows : 1636
g1k                 =  9.95917e+00
g20                 =  9.95687e+00
g20k                =  9.82516e+00
g100k               =  7.46322e+00
fhi                 =  4.93350e-01
flo                 =  1.13390e+05
MODE=10db  RSRC=430
g1k = 9.959169e+00
g20 = 9.956875e+00
g20k = 9.825161e+00
g100k = 7.463220e+00
fhi = 4.933499e-01
flo = 1.133904e+05
Doing analysis at TEMP = 27.000000 and TNOM = 27.000000

Using SPARSE 1.3 as Direct Linear Solver

No. of Data Rows : 1636
g1k                 =  9.94122e+00
g20                 =  9.93892e+00
g20k                =  9.80748e+00
g100k               =  7.44934e+00
fhi                 =  4.93350e-01
flo                 =  1.13515e+05
MODE=10db  RSRC=2500
g1k = 9.941216e+00
g20 = 9.938921e+00
g20k = 9.807480e+00
g100k = 7.449338e+00
fhi = 4.933499e-01
flo = 1.135153e+05
Doing analysis at TEMP = 27.000000 and TNOM = 27.000000

Using SPARSE 1.3 as Direct Linear Solver

No. of Data Rows : 1636
g1k                 =  9.87648e+00
g20                 =  9.87418e+00
g20k                =  9.74371e+00
g100k               =  7.39905e+00
fhi                 =  4.93350e-01
flo                 =  1.13960e+05
MODE=10db  RSRC=10k
g1k = 9.876479e+00
g20 = 9.874182e+00
g20k = 9.743715e+00
g100k = 7.399050e+00
fhi = 4.933502e-01
flo = 1.139601e+05
Doing analysis at TEMP = 27.000000 and TNOM = 27.000000

Using SPARSE 1.3 as Direct Linear Solver

No. of Data Rows : 801
g1kb                =  -1.47283e-02
g20b                =  -2.22135e-02
g5b                 =  -1.32856e-01
LF corner, RLOAD=50k, RBLEED=220k, COUT=4.7u
g1kb = -1.47283e-02
g20b = -2.22135e-02
g5b = -1.32856e-01
Note: Simulation executed from .control section 
