warning, model type mismatch in line
    q121a nmiri nmiri nme1 ls350
warning, model type mismatch in line
    q121b nhi nmiri nme2 ls350

Note: No compatibility mode selected!


Circuit: thd_10k - l46a: thd a 10000 hz, blocco b nei tre modi, livelli lo/hi; variante zxt_cm330p

Warning: Model issue on line 122 :
  .model lsk489a njf(beta=2.2m betatce=-.5 rd=11 rs=30 lambda=4.3m vto=-1. ...
unrecognized parameter (isr) - ignored
unrecognized parameter (alpha) - ignored
unrecognized parameter (vk) - ignored
unrecognized parameter (mj) - ignored

Doing analysis at TEMP = 27.000000 and TNOM = 27.000000

Using SPARSE 1.3 as Direct Linear Solver

Initial Transient Solution
--------------------------

Node                                   Voltage
----                                   -------
nref                                  -13.6698
vminus                                     -15
ncasc                                  9.86821
nx                                     1.06085
nhi                                    13.7267
out                                 -0.0151389
fb                                  -0.0151388
vplus                                       15
nrefm                                 -14.3349
d1n                                    9.18038
g1                                 2.41015e-08
s1                                     0.06241
d2n                                    9.18089
g2                                  -0.0151388
s2                                   0.0580887
src                                  -0.165737
nte                                   -14.3752
nmiri                                  13.8067
nme1                                   14.5133
nme2                                    14.513
nve                                    14.3859
ny                                    -1.09027
nvle                                   -14.386
nbb                                   -0.37655
nbn                                    1.06046
nen                                   0.431622
nbp                                   -1.08997
nep                                  -0.461899
in                                 2.31723e-08
rg                                  -0.0151388
rg10                                -0.0151388
vsn                                          0
outa                                -0.0151389
jack                                         0
vs#branch                          9.26893e-12
vmm#branch                           0.0334907
vpp#branch                          -0.0324702

 Reference value :  8.37537e-04 Reference value :  1.62954e-03
No. of Data Rows : 55052
L46A_CASO modo=0 livello=lo freq=10000 ampin=0.282843
Fourier analysis for v(vsn):
  No. Harmonics: 10, THD: 1.91113e-10 %, Gridsize: 8192, Interpolation Degree: 1, No. Periods: 1

Harmonic Frequency       Magnitude       Phase           Norm. Mag       Norm. Phase    
-------- ---------       ---------       -----           ---------       -----------    
 0       0               -4.51123514e-14 0               0               0              
 1       10000           0.2828428511    -2.21874371e-11 1               0              
 2       20000           9.466844762e-14 -92.9324664     3.347033423e-13 -92.9324664    
 3       30000           3.931991622e-13 -58.5466616     1.390168288e-12 -58.5466616    
 4       40000           1.005642137e-13 -102.792117     3.55548013e-13  -102.792117    
 5       50000           2.660501587e-13 144.2650489     9.406288957e-13 144.2650489    
 6       60000           1.099914538e-13 -68.8247932     3.888783237e-13 -68.8247932    
 7       70000           5.80115237e-14  -50.3583462     2.051016084e-13 -50.3583462    
 8       80000           1.026208164e-13 -95.9460263     3.628191981e-13 -95.9460263    
 9       90000           1.474252666e-13 -91.41191       5.212267731e-13 -91.41191      

Fourier analysis for v(out):
  No. Harmonics: 10, THD: 0.000208136 %, Gridsize: 8192, Interpolation Degree: 1, No. Periods: 1

Harmonic Frequency       Magnitude       Phase           Norm. Mag       Norm. Phase    
-------- ---------       ---------       -----           ---------       -----------    
 0       0               -0.015138834    0               0               0              
 1       10000           0.282149409     -0.27112307     1               0              
 2       20000           5.872534727e-07 171.9358399     2.08135638e-06  172.206963     
 3       30000           7.800717437e-10 121.2638406     2.764747041e-09 121.5349637    
 4       40000           3.034532763e-11 39.18040705     1.075505624e-10 39.45153012    
 5       50000           5.420213073e-13 -140.379492     1.921043568e-12 -140.108369    
 6       60000           3.94827981e-13  -154.809626     1.399357817e-12 -154.538503    
 7       70000           1.72749174e-13  -144.316794     6.122613355e-13 -144.045671    
 8       80000           3.010176826e-13 -128.645059     1.066873341e-12 -128.373936    
 9       90000           4.480980762e-13 -103.917532     1.588158833e-12 -103.646409    

Doing analysis at TEMP = 27.000000 and TNOM = 27.000000

Using SPARSE 1.3 as Direct Linear Solver

Initial Transient Solution
--------------------------

Node                                   Voltage
----                                   -------
nref                                  -13.6698
vminus                                     -15
ncasc                                  9.86821
nx                                     1.06085
nhi                                    13.7267
out                                 -0.0151389
fb                                  -0.0151388
vplus                                       15
nrefm                                 -14.3349
d1n                                    9.18038
g1                                 2.41015e-08
s1                                     0.06241
d2n                                    9.18089
g2                                  -0.0151388
s2                                   0.0580887
src                                  -0.165737
nte                                   -14.3752
nmiri                                  13.8067
nme1                                   14.5133
nme2                                    14.513
nve                                    14.3859
ny                                    -1.09027
nvle                                   -14.386
nbb                                   -0.37655
nbn                                    1.06046
nen                                   0.431622
nbp                                   -1.08997
nep                                  -0.461899
in                                 2.31723e-08
rg                                  -0.0151388
rg10                                -0.0151388
vsn                                          0
outa                                -0.0151389
jack                                         0
vs#branch                          9.26893e-12
vmm#branch                           0.0334907
vpp#branch                          -0.0324702

 Reference value :  2.96627e-04 Reference value :  1.14439e-03 Reference value :  1.89303e-03
No. of Data Rows : 55090
L46A_CASO modo=0 livello=hi freq=10000 ampin=2.82843
Fourier analysis for v(vsn):
  No. Harmonics: 10, THD: 2.06855e-10 %, Gridsize: 8192, Interpolation Degree: 1, No. Periods: 1

Harmonic Frequency       Magnitude       Phase           Norm. Mag       Norm. Phase    
-------- ---------       ---------       -----           ---------       -----------    
 0       0               -8.758827e-13   0               0               0              
 1       10000           2.828428511     -2.60054635e-11 1               0              
 2       20000           1.1776576e-12   -95.4514275     4.163646333e-13 -95.4514275    
 3       30000           2.723674031e-12 1.978488447     9.629637165e-13 1.978488447    
 4       40000           1.261611397e-12 -86.0048029     4.460467685e-13 -86.0048029    
 5       50000           4.000670718e-12 -136.21458      1.414450004e-12 -136.21458     
 6       60000           1.140428104e-12 -81.6219133     4.032020252e-13 -81.6219133    
 7       70000           1.821422532e-12 -107.230227     6.439697964e-13 -107.230227    
 8       80000           1.483415977e-12 -91.1454212     5.244664913e-13 -91.1454212    
 9       90000           1.005125915e-12 -54.1757681     3.553655011e-13 -54.1757681    

Fourier analysis for v(out):
  No. Harmonics: 10, THD: 0.00209906 %, Gridsize: 8192, Interpolation Degree: 1, No. Periods: 1

Harmonic Frequency       Magnitude       Phase           Norm. Mag       Norm. Phase    
-------- ---------       ---------       -----           ---------       -----------    
 0       0               -0.0151310304   0               0               0              
 1       10000           2.821493957     -0.271273109    1               0              
 2       20000           5.921842177e-05 171.3791437     2.098832132e-05 171.6504168    
 3       30000           8.006246605e-07 121.611961      2.837591265e-07 121.8832341    
 4       40000           3.208146378e-07 38.64673786     1.137038189e-07 38.91801097    
 5       50000           4.057568236e-08 -83.5870385     1.438092124e-08 -83.3157654    
 6       60000           3.325871274e-09 -178.006791     1.178762501e-09 -177.735517    
 7       70000           4.330875998e-10 109.5867171     1.534958453e-10 109.8579902    
 8       80000           5.972477033e-11 17.71413322     2.116778247e-11 17.98540633    
 9       90000           1.035742766e-11 -81.4276525     3.670901948e-12 -81.1563793    

Doing analysis at TEMP = 27.000000 and TNOM = 27.000000

Using SPARSE 1.3 as Direct Linear Solver

Initial Transient Solution
--------------------------

Node                                   Voltage
----                                   -------
nref                                  -13.6698
vminus                                     -15
ncasc                                  9.86821
nx                                     1.05444
nhi                                    13.7267
out                                  -0.021499
fb                                  -0.0151385
vplus                                       15
nrefm                                 -14.3349
d1n                                    9.18038
g1                                 2.41015e-08
s1                                   0.0624102
d2n                                    9.18089
g2                                  -0.0151385
s2                                    0.058089
src                                  -0.165737
nte                                   -14.3752
nmiri                                  13.8067
nme1                                   14.5133
nme2                                    14.513
nve                                    14.3859
ny                                    -1.09669
nvle                                   -14.386
nbb                                  -0.382963
nbn                                    1.05404
nen                                   0.425213
nbp                                   -1.09638
nep                                  -0.468304
in                                 2.31723e-08
rg                                -4.24034e-07
rg10                                -0.0151384
vsn                                          0
outa                                 -0.021499
jack                                         0
vs#branch                          9.26893e-12
vmm#branch                           0.0334927
vpp#branch                           -0.032468

 Reference value :  5.19054e-04 Reference value :  1.40313e-03
No. of Data Rows : 55016
L46A_CASO modo=3 livello=lo freq=10000 ampin=0.199185
Fourier analysis for v(vsn):
  No. Harmonics: 10, THD: 2.08576e-10 %, Gridsize: 8192, Interpolation Degree: 1, No. Periods: 1

Harmonic Frequency       Magnitude       Phase           Norm. Mag       Norm. Phase    
-------- ---------       ---------       -----           ---------       -----------    
 0       0               -4.13506035e-14 0               0               0              
 1       10000           0.1991848952    -1.69977203e-11 1               0              
 2       20000           6.225093697e-14 -76.9653955     3.125284019e-13 -76.9653955    
 3       30000           2.536579726e-13 -175.25846      1.273479961e-12 -175.25846     
 4       40000           6.659385312e-14 -92.8682655     3.343318431e-13 -92.8682655    
 5       50000           2.703810077e-13 -23.2813162     1.357437307e-12 -23.2813162    
 6       60000           5.747598398e-14 -90.7213028     2.885559366e-13 -90.7213028    
 7       70000           9.105648009e-14 -147.613943     4.571455081e-13 -147.613943    
 8       80000           5.722240859e-14 -96.132831      2.872828712e-13 -96.132831     
 9       90000           1.09417514e-13  -44.3688853     5.493263629e-13 -44.3688853    

Fourier analysis for v(out):
  No. Harmonics: 10, THD: 0.000223065 %, Gridsize: 8192, Interpolation Degree: 1, No. Periods: 1

Harmonic Frequency       Magnitude       Phase           Norm. Mag       Norm. Phase    
-------- ---------       ---------       -----           ---------       -----------    
 0       0               -0.0214989025   0               0               0              
 1       10000           0.2820457762    -1.08583152     1               0              
 2       20000           6.291454988e-07 166.039194      2.230650312e-06 167.1250255    
 3       30000           4.535719602e-10 -176.598499     1.60815016e-09  -175.512668    
 4       40000           3.048430798e-11 41.48825934     1.080828381e-10 42.57409086    
 5       50000           1.256048665e-12 -92.5086683     4.453350379e-12 -91.4228368    
 6       60000           6.328870074e-13 -106.110178     2.24391592e-12  -105.024346    
 7       70000           1.167762004e-12 -102.109562     4.140327926e-12 -101.02373     
 8       80000           7.251307771e-13 -122.034348     2.570968396e-12 -120.948516    
 9       90000           9.193100142e-13 -74.7718519     3.259435495e-12 -73.6860204    

Doing analysis at TEMP = 27.000000 and TNOM = 27.000000

Using SPARSE 1.3 as Direct Linear Solver

Initial Transient Solution
--------------------------

Node                                   Voltage
----                                   -------
nref                                  -13.6698
vminus                                     -15
ncasc                                  9.86821
nx                                     1.05444
nhi                                    13.7267
out                                  -0.021499
fb                                  -0.0151385
vplus                                       15
nrefm                                 -14.3349
d1n                                    9.18038
g1                                 2.41015e-08
s1                                   0.0624102
d2n                                    9.18089
g2                                  -0.0151385
s2                                    0.058089
src                                  -0.165737
nte                                   -14.3752
nmiri                                  13.8067
nme1                                   14.5133
nme2                                    14.513
nve                                    14.3859
ny                                    -1.09669
nvle                                   -14.386
nbb                                  -0.382963
nbn                                    1.05404
nen                                   0.425213
nbp                                   -1.09638
nep                                  -0.468304
in                                 2.31723e-08
rg                                -4.24034e-07
rg10                                -0.0151384
vsn                                          0
outa                                 -0.021499
jack                                         0
vs#branch                          9.26893e-12
vmm#branch                           0.0334927
vpp#branch                           -0.032468

 Reference value :  2.98194e-05 Reference value :  7.80619e-04 Reference value :  1.56850e-03
No. of Data Rows : 55047
L46A_CASO modo=3 livello=hi freq=10000 ampin=1.99185
Fourier analysis for v(vsn):
  No. Harmonics: 10, THD: 2.10965e-10 %, Gridsize: 8192, Interpolation Degree: 1, No. Periods: 1

Harmonic Frequency       Magnitude       Phase           Norm. Mag       Norm. Phase    
-------- ---------       ---------       -----           ---------       -----------    
 0       0               -2.43808446e-13 0               0               0              
 1       10000           1.991848952     -2.33171854e-11 1               0              
 2       20000           1.086855341e-12 -82.9293927     5.456514863e-13 -82.9293927    
 3       30000           1.575560001e-12 72.32004661     7.910037555e-13 72.32004661    
 4       40000           6.328415659e-13 -93.2928452     3.177156407e-13 -93.2928452    
 5       50000           3.209532466e-12 -99.0071705     1.611333261e-12 -99.0071705    
 6       60000           9.111791644e-13 -98.5943076     4.574539468e-13 -98.5943076    
 7       70000           9.608548636e-13 -50.1056778     4.82393438e-13  -50.1056778    
 8       80000           8.133342229e-13 -76.1767806     4.083312754e-13 -76.1767806    
 9       90000           9.367599532e-13 -131.679859     4.702966821e-13 -131.679859    

Fourier analysis for v(out):
  No. Harmonics: 10, THD: 0.00224644 %, Gridsize: 8192, Interpolation Degree: 1, No. Periods: 1

Harmonic Frequency       Magnitude       Phase           Norm. Mag       Norm. Phase    
-------- ---------       ---------       -----           ---------       -----------    
 0       0               -0.0214880311   0               0               0              
 1       10000           2.820457261     -1.08602516     1               0              
 2       20000           6.335724774e-05 165.2376938     2.246346669e-05 166.323719     
 3       30000           4.736793244e-07 -171.959542     1.679441596e-07 -170.873517    
 4       40000           3.249125494e-07 41.87541079     1.151985367e-07 42.96143595    
 5       50000           3.42822236e-08  -101.046858     1.215484598e-08 -99.9608329    
 6       60000           1.587465407e-09 135.0411106     5.628397313e-10 136.1271357    
 7       70000           9.784463505e-11 96.84398298     3.469105396e-11 97.93000815    
 8       80000           1.62694362e-11  -40.756747      5.768368278e-12 -39.6707218    
 9       90000           1.187455941e-11 -106.083143     4.210153996e-12 -104.997118    

Doing analysis at TEMP = 27.000000 and TNOM = 27.000000

Using SPARSE 1.3 as Direct Linear Solver

Initial Transient Solution
--------------------------

Node                                   Voltage
----                                   -------
nref                                  -13.6698
vminus                                     -15
ncasc                                  9.86821
nx                                     1.02801
nhi                                    13.7267
out                                 -0.0477121
fb                                  -0.0151368
vplus                                       15
nrefm                                 -14.3349
d1n                                    9.18038
g1                                 2.41015e-08
s1                                    0.062411
d2n                                    9.18089
g2                                  -0.0151368
s2                                   0.0580903
src                                  -0.165735
nte                                   -14.3752
nmiri                                  13.8067
nme1                                   14.5133
nme2                                    14.513
nve                                    14.3859
ny                                    -1.12312
nvle                                   -14.386
nbb                                  -0.409393
nbn                                    1.02761
nen                                     0.3988
nbp                                   -1.12281
nep                                  -0.494702
in                                 2.31723e-08
rg                                -4.23989e-07
rg10                               -1.7477e-06
vsn                                          0
outa                                -0.0477121
jack                                         0
vs#branch                          9.26893e-12
vmm#branch                            0.033501
vpp#branch                          -0.0324588

 Reference value :  1.16753e-04 Reference value :  9.17713e-04 Reference value :  1.67431e-03
No. of Data Rows : 55009
L46A_CASO modo=10 livello=lo freq=10000 ampin=0.0897344
Fourier analysis for v(vsn):
  No. Harmonics: 10, THD: 2.39712e-10 %, Gridsize: 8192, Interpolation Degree: 1, No. Periods: 1

Harmonic Frequency       Magnitude       Phase           Norm. Mag       Norm. Phase    
-------- ---------       ---------       -----           ---------       -----------    
 0       0               -2.35109241e-14 0               0               0              
 1       10000           0.08973435277   -2.75674342e-11 1               0              
 2       20000           4.405901787e-14 -88.4586998     4.909938781e-13 -88.4586998    
 3       30000           1.448511407e-13 -131.056293     1.614221714e-12 -131.056293    
 4       40000           4.599511568e-14 -94.3074916     5.125697602e-13 -94.3074916    
 5       50000           1.000279964e-13 11.65954156     1.114712407e-12 11.65954156    
 6       60000           4.48117851e-14  -83.5898825     4.993827193e-13 -83.5898825    
 7       70000           8.075449622e-14 -102.91226      8.999284413e-13 -102.91226     
 8       80000           4.856076122e-14 -88.7352266     5.411613247e-13 -88.7352266    
 9       90000           1.838421056e-14 -51.036154      2.048737189e-13 -51.036154     

Fourier analysis for v(out):
  No. Harmonics: 10, THD: 0.000271171 %, Gridsize: 8192, Interpolation Degree: 1, No. Periods: 1

Harmonic Frequency       Magnitude       Phase           Norm. Mag       Norm. Phase    
-------- ---------       ---------       -----           ---------       -----------    
 0       0               -0.0477119157   0               0               0              
 1       10000           0.2817590293    -2.5821081      1               0              
 2       20000           7.640463556e-07 151.43682       2.711701405e-06 154.0189281    
 3       30000           2.280546961e-09 -131.290417     8.093962303e-09 -128.708309    
 4       40000           5.748064192e-11 34.61610008     2.040063882e-10 37.19820818    
 5       50000           3.807563263e-12 -107.811789     1.351354479e-11 -105.229681    
 6       60000           4.22437315e-12  -97.6204994     1.499285812e-11 -95.0383913    
 7       70000           3.55742266e-12  -97.3216843     1.262576276e-11 -94.7395761    
 8       80000           3.474076454e-12 -93.5249391     1.232995607e-11 -90.942831     
 9       90000           4.000090693e-12 -104.353632     1.419685006e-11 -101.771524    

Doing analysis at TEMP = 27.000000 and TNOM = 27.000000

Using SPARSE 1.3 as Direct Linear Solver

Initial Transient Solution
--------------------------

Node                                   Voltage
----                                   -------
nref                                  -13.6698
vminus                                     -15
ncasc                                  9.86821
nx                                     1.02801
nhi                                    13.7267
out                                 -0.0477121
fb                                  -0.0151368
vplus                                       15
nrefm                                 -14.3349
d1n                                    9.18038
g1                                 2.41015e-08
s1                                    0.062411
d2n                                    9.18089
g2                                  -0.0151368
s2                                   0.0580903
src                                  -0.165735
nte                                   -14.3752
nmiri                                  13.8067
nme1                                   14.5133
nme2                                    14.513
nve                                    14.3859
ny                                    -1.12312
nvle                                   -14.386
nbb                                  -0.409393
nbn                                    1.02761
nen                                     0.3988
nbp                                   -1.12281
nep                                  -0.494702
in                                 2.31723e-08
rg                                -4.23989e-07
rg10                               -1.7477e-06
vsn                                          0
outa                                -0.0477121
jack                                         0
vs#branch                          9.26893e-12
vmm#branch                            0.033501
vpp#branch                          -0.0324588

 Reference value :  2.65056e-04 Reference value :  1.06158e-03 Reference value :  1.82794e-03
No. of Data Rows : 55015
L46A_CASO modo=10 livello=hi freq=10000 ampin=0.897344
Fourier analysis for v(vsn):
  No. Harmonics: 10, THD: 1.87374e-10 %, Gridsize: 8192, Interpolation Degree: 1, No. Periods: 1

Harmonic Frequency       Magnitude       Phase           Norm. Mag       Norm. Phase    
-------- ---------       ---------       -----           ---------       -----------    
 0       0               -1.34300557e-13 0               0               0              
 1       10000           0.8973435277    -1.66442584e-11 1               0              
 2       20000           2.83001787e-13  -96.5904302     3.15377309e-13  -96.5904302    
 3       30000           8.024964163e-13 48.02036603     8.943023397e-13 48.02036603    
 4       40000           2.40512661e-13  -84.1716504     2.680274093e-13 -84.1716504    
 5       50000           1.27787763e-12  -115.114039     1.424067361e-12 -115.114039    
 6       60000           3.154872722e-13 -85.7970223     3.515791472e-13 -85.7970223    
 7       70000           4.928099767e-13 -81.7938137     5.491876428e-13 -81.7938137    
 8       80000           2.510817633e-13 -86.0228797     2.798056214e-13 -86.0228797    
 9       90000           8.196330263e-14 -112.607933     9.13399385e-14  -112.607933    

Fourier analysis for v(out):
  No. Harmonics: 10, THD: 0.00274566 %, Gridsize: 8192, Interpolation Degree: 1, No. Periods: 1

Harmonic Frequency       Magnitude       Phase           Norm. Mag       Norm. Phase    
-------- ---------       ---------       -----           ---------       -----------    
 0       0               -0.0476873515   0               0               0              
 1       10000           2.817588346     -2.5825019      1               0              
 2       20000           7.732110107e-05 149.9811525     2.744229872e-05 152.5636544    
 3       30000           2.413536654e-06 -130.650021     8.565966201e-07 -128.06752     
 4       40000           6.199197414e-07 36.75140538     2.20017854e-07  39.33390728    
 5       50000           6.09645715e-08  -122.445964     2.163714639e-08 -119.863462    
 6       60000           2.548120419e-09 91.79618637     9.043622083e-10 94.37868827    
 7       70000           9.805422888e-11 85.25311555     3.480076464e-11 87.83561745    
 8       80000           3.020086553e-11 -64.8149448     1.071869337e-11 -62.2324429    
 9       90000           1.901964458e-11 -107.069688     6.750327672e-12 -104.487186    

Note: Simulation executed from .control section 
