warning, model type mismatch in line
    q121a nmiri nmiri nme1 ls350
warning, model type mismatch in line
    q121b nhi nmiri nme2 ls350
warning, model type mismatch in line
    q121a nmiri nmiri nme1 ls350
warning, model type mismatch in line
    q121b nhi nmiri nme2 ls350

Note: No compatibility mode selected!


Circuit: tb_loop_blocka__g15_cf220p_cm470p_r1.33k.cir - l40 esplorazione da tb_loop_blocka.cir, rg0l40 fb 0 7.87k; alter c137 = 220p; alter c124 = 470p; alter r128 = 1.33k

Warning: Model issue on line 122 :
  .model lsk489a njf(beta=2.2m betatce=-.5 rd=11 rs=30 lambda=4.3m vto=-1. ...
unrecognized parameter (isr) - ignored
unrecognized parameter (alpha) - ignored
unrecognized parameter (vk) - ignored
unrecognized parameter (mj) - ignored

Note: Starting dynamic gmin stepping
Warning: Dynamic gmin stepping failed
Note: Starting true gmin stepping
Warning: True gmin stepping failed
Note: Starting source stepping
Note: Source stepping completed
 Capacitor: Fixed capacitor
     device                  c137
      model                     C
capacitance               2.2e-10

 Capacitor: Fixed capacitor
     device                  c124
      model                     C
capacitance               4.7e-10

 Resistor: Simple linear resistor
     device                  r128
      model                     R
 resistance                  1330

 Resistor: Simple linear resistor
     device                rg0l40
      model                     R
 resistance                  7870

Doing analysis at TEMP = 27.000000 and TNOM = 27.000000

Using SPARSE 1.3 as Direct Linear Solver

No. of Data Rows : 801
fcross              =  9.17748e+05
Note: Starting dynamic gmin stepping
Note: Dynamic gmin stepping completed
pmarg               =  7.07229e+01
tdc                 =  8.03354e+01
BLOCK A  carico=1  rsrc=1m  Cwire=1f
fcross = 9.177475e+05
pmarg = 7.072291e+01
tdc = 8.033540e+01
Doing analysis at TEMP = 27.000000 and TNOM = 27.000000

Using SPARSE 1.3 as Direct Linear Solver

No. of Data Rows : 801
fcross              =  9.20489e+05
Note: Starting dynamic gmin stepping
Warning: Dynamic gmin stepping failed
Note: Starting true gmin stepping
Warning: True gmin stepping failed
Note: Starting source stepping
Note: Source stepping completed
pmarg               =  7.04117e+01
tdc                 =  8.03354e+01
BLOCK A  carico=1  rsrc=1m  Cwire=47p
fcross = 9.204885e+05
pmarg = 7.041167e+01
tdc = 8.033540e+01
Doing analysis at TEMP = 27.000000 and TNOM = 27.000000

Using SPARSE 1.3 as Direct Linear Solver

No. of Data Rows : 801
fcross              =  9.23608e+05
Note: Starting dynamic gmin stepping
Note: Dynamic gmin stepping completed
pmarg               =  7.00563e+01
tdc                 =  8.03354e+01
BLOCK A  carico=1  rsrc=1m  Cwire=100p
fcross = 9.236076e+05
pmarg = 7.005626e+01
tdc = 8.033540e+01
Doing analysis at TEMP = 27.000000 and TNOM = 27.000000

Using SPARSE 1.3 as Direct Linear Solver

No. of Data Rows : 801
fcross              =  9.30770e+05
Note: Starting dynamic gmin stepping
Warning: Dynamic gmin stepping failed
Note: Starting true gmin stepping
Warning: True gmin stepping failed
Note: Starting source stepping
Note: Source stepping completed
pmarg               =  6.92341e+01
tdc                 =  8.03354e+01
BLOCK A  carico=1  rsrc=1m  Cwire=220p
fcross = 9.307702e+05
pmarg = 6.923407e+01
tdc = 8.033540e+01
Doing analysis at TEMP = 27.000000 and TNOM = 27.000000

Using SPARSE 1.3 as Direct Linear Solver

No. of Data Rows : 801
fcross              =  9.46499e+05
Note: Starting dynamic gmin stepping
Note: Dynamic gmin stepping completed
pmarg               =  6.74282e+01
tdc                 =  8.03354e+01
BLOCK A  carico=1  rsrc=1m  Cwire=470p
fcross = 9.464990e+05
pmarg = 6.742817e+01
tdc = 8.033539e+01
Doing analysis at TEMP = 27.000000 and TNOM = 27.000000

Using SPARSE 1.3 as Direct Linear Solver

No. of Data Rows : 801
fcross              =  9.83144e+05
Note: Starting dynamic gmin stepping
Warning: Dynamic gmin stepping failed
Note: Starting true gmin stepping
Warning: True gmin stepping failed
Note: Starting source stepping
Note: Source stepping completed
pmarg               =  6.31366e+01
tdc                 =  8.03354e+01
BLOCK A  carico=1  rsrc=1m  Cwire=1n
fcross = 9.831438e+05
pmarg = 6.313663e+01
tdc = 8.033538e+01
Doing analysis at TEMP = 27.000000 and TNOM = 27.000000

Using SPARSE 1.3 as Direct Linear Solver

No. of Data Rows : 801
fcross              =  1.08476e+06
Note: Starting dynamic gmin stepping
Note: Dynamic gmin stepping completed
pmarg               =  5.01885e+01
tdc                 =  8.03354e+01
BLOCK A  carico=1  rsrc=1m  Cwire=2.2n
fcross = 1.084765e+06
pmarg = 5.018848e+01
tdc = 8.033536e+01
Doing analysis at TEMP = 27.000000 and TNOM = 27.000000

Using SPARSE 1.3 as Direct Linear Solver

No. of Data Rows : 801
fcross              =  1.17557e+06
pmarg               =  1.91119e+01
tdc                 =  8.03353e+01
BLOCK A  carico=1  rsrc=1m  Cwire=4.7n
fcross = 1.175571e+06
pmarg = 1.911191e+01
tdc = 8.033531e+01
Doing analysis at TEMP = 27.000000 and TNOM = 27.000000

Using SPARSE 1.3 as Direct Linear Solver
 Reference value :  9.77237e+02
No. of Data Rows : 801
fcross              =  9.17723e+05
pmarg               =  7.05992e+01
tdc                 =  8.03354e+01
BLOCK A  carico=1  rsrc=430  Cwire=1f
fcross = 9.177231e+05
pmarg = 7.059921e+01
tdc = 8.033540e+01
Doing analysis at TEMP = 27.000000 and TNOM = 27.000000

Using SPARSE 1.3 as Direct Linear Solver

No. of Data Rows : 801
fcross              =  9.20465e+05
pmarg               =  7.02876e+01
tdc                 =  8.03354e+01
BLOCK A  carico=1  rsrc=430  Cwire=47p
fcross = 9.204647e+05
pmarg = 7.028759e+01
tdc = 8.033540e+01
Doing analysis at TEMP = 27.000000 and TNOM = 27.000000

Using SPARSE 1.3 as Direct Linear Solver

No. of Data Rows : 801
fcross              =  9.23583e+05
pmarg               =  6.99318e+01
tdc                 =  8.03354e+01
BLOCK A  carico=1  rsrc=430  Cwire=100p
fcross = 9.235827e+05
pmarg = 6.993179e+01
tdc = 8.033540e+01
Doing analysis at TEMP = 27.000000 and TNOM = 27.000000

Using SPARSE 1.3 as Direct Linear Solver

No. of Data Rows : 801
fcross              =  9.30745e+05
pmarg               =  6.91086e+01
tdc                 =  8.03354e+01
BLOCK A  carico=1  rsrc=430  Cwire=220p
fcross = 9.307454e+05
pmarg = 6.910864e+01
tdc = 8.033540e+01
Doing analysis at TEMP = 27.000000 and TNOM = 27.000000

Using SPARSE 1.3 as Direct Linear Solver

No. of Data Rows : 801
fcross              =  9.46471e+05
pmarg               =  6.73008e+01
tdc                 =  8.03354e+01
BLOCK A  carico=1  rsrc=430  Cwire=470p
fcross = 9.464712e+05
pmarg = 6.730075e+01
tdc = 8.033539e+01
Doing analysis at TEMP = 27.000000 and TNOM = 27.000000

Using SPARSE 1.3 as Direct Linear Solver

No. of Data Rows : 801
fcross              =  9.83111e+05
pmarg               =  6.30045e+01
tdc                 =  8.03354e+01
BLOCK A  carico=1  rsrc=430  Cwire=1n
fcross = 9.831114e+05
pmarg = 6.300452e+01
tdc = 8.033538e+01
Doing analysis at TEMP = 27.000000 and TNOM = 27.000000

Using SPARSE 1.3 as Direct Linear Solver

No. of Data Rows : 801
fcross              =  1.08471e+06
pmarg               =  5.00440e+01
tdc                 =  8.03354e+01
BLOCK A  carico=1  rsrc=430  Cwire=2.2n
fcross = 1.084713e+06
pmarg = 5.004404e+01
tdc = 8.033536e+01
Doing analysis at TEMP = 27.000000 and TNOM = 27.000000

Using SPARSE 1.3 as Direct Linear Solver

No. of Data Rows : 801
fcross              =  1.17553e+06
Note: Starting dynamic gmin stepping
Warning: Dynamic gmin stepping failed
Note: Starting true gmin stepping
Warning: True gmin stepping failed
Note: Starting source stepping
Note: Source stepping completed
pmarg               =  1.89563e+01
tdc                 =  8.03353e+01
BLOCK A  carico=1  rsrc=430  Cwire=4.7n
fcross = 1.175531e+06
pmarg = 1.895630e+01
tdc = 8.033531e+01
Doing analysis at TEMP = 27.000000 and TNOM = 27.000000

Using SPARSE 1.3 as Direct Linear Solver

No. of Data Rows : 801
fcross              =  9.16809e+05
Note: Starting dynamic gmin stepping
Warning: Dynamic gmin stepping failed
Note: Starting true gmin stepping
Warning: True gmin stepping failed
Note: Starting source stepping
Note: Source stepping completed
pmarg               =  7.07340e+01
tdc                 =  8.02329e+01
BLOCK A  carico=2  rsrc=1m  Cwire=1f
fcross = 9.168089e+05
pmarg = 7.073404e+01
tdc = 8.023286e+01
Doing analysis at TEMP = 27.000000 and TNOM = 27.000000

Using SPARSE 1.3 as Direct Linear Solver

No. of Data Rows : 801
fcross              =  9.19539e+05
Note: Starting dynamic gmin stepping
Warning: Dynamic gmin stepping failed
Note: Starting true gmin stepping
Warning: True gmin stepping failed
Note: Starting source stepping
Note: Source stepping completed
pmarg               =  7.04235e+01
tdc                 =  8.02329e+01
BLOCK A  carico=2  rsrc=1m  Cwire=47p
fcross = 9.195393e+05
pmarg = 7.042354e+01
tdc = 8.023285e+01
Doing analysis at TEMP = 27.000000 and TNOM = 27.000000

Using SPARSE 1.3 as Direct Linear Solver

No. of Data Rows : 801
fcross              =  9.22645e+05
Note: Starting dynamic gmin stepping
Warning: Dynamic gmin stepping failed
Note: Starting true gmin stepping
Warning: True gmin stepping failed
Note: Starting source stepping
Note: Source stepping completed
pmarg               =  7.00690e+01
tdc                 =  8.02329e+01
BLOCK A  carico=2  rsrc=1m  Cwire=100p
fcross = 9.226445e+05
pmarg = 7.006904e+01
tdc = 8.023285e+01
Doing analysis at TEMP = 27.000000 and TNOM = 27.000000

Using SPARSE 1.3 as Direct Linear Solver

No. of Data Rows : 801
fcross              =  9.29777e+05
Note: Starting dynamic gmin stepping
Warning: Dynamic gmin stepping failed
Note: Starting true gmin stepping
Warning: True gmin stepping failed
Note: Starting source stepping
Note: Source stepping completed
pmarg               =  6.92489e+01
tdc                 =  8.02329e+01
BLOCK A  carico=2  rsrc=1m  Cwire=220p
fcross = 9.297774e+05
pmarg = 6.924893e+01
tdc = 8.023285e+01
Doing analysis at TEMP = 27.000000 and TNOM = 27.000000

Using SPARSE 1.3 as Direct Linear Solver
 Reference value :  1.00000e+00
No. of Data Rows : 801
fcross              =  9.45409e+05
Note: Starting dynamic gmin stepping
Warning: Dynamic gmin stepping failed
Note: Starting true gmin stepping
Warning: True gmin stepping failed
Note: Starting source stepping
Note: Source stepping completed
pmarg               =  6.74489e+01
tdc                 =  8.02328e+01
BLOCK A  carico=2  rsrc=1m  Cwire=470p
fcross = 9.454087e+05
pmarg = 6.744887e+01
tdc = 8.023285e+01
Doing analysis at TEMP = 27.000000 and TNOM = 27.000000

Using SPARSE 1.3 as Direct Linear Solver

No. of Data Rows : 801
fcross              =  9.81800e+05
Note: Starting dynamic gmin stepping
Warning: Dynamic gmin stepping failed
Note: Starting true gmin stepping
Warning: True gmin stepping failed
Note: Starting source stepping
Note: Source stepping completed
pmarg               =  6.31741e+01
tdc                 =  8.02328e+01
BLOCK A  carico=2  rsrc=1m  Cwire=1n
fcross = 9.818002e+05
pmarg = 6.317411e+01
tdc = 8.023284e+01
Doing analysis at TEMP = 27.000000 and TNOM = 27.000000

Using SPARSE 1.3 as Direct Linear Solver

No. of Data Rows : 801
fcross              =  1.08254e+06
Note: Starting dynamic gmin stepping
Warning: Dynamic gmin stepping failed
Note: Starting true gmin stepping
Warning: True gmin stepping failed
Note: Starting source stepping
Note: Source stepping completed
pmarg               =  5.03034e+01
tdc                 =  8.02328e+01
BLOCK A  carico=2  rsrc=1m  Cwire=2.2n
fcross = 1.082535e+06
pmarg = 5.030340e+01
tdc = 8.023281e+01
Doing analysis at TEMP = 27.000000 and TNOM = 27.000000

Using SPARSE 1.3 as Direct Linear Solver

No. of Data Rows : 801
fcross              =  1.17373e+06
Note: Starting dynamic gmin stepping
Warning: Dynamic gmin stepping failed
Note: Starting true gmin stepping
Warning: True gmin stepping failed
Note: Starting source stepping
Note: Source stepping completed
pmarg               =  1.93284e+01
tdc                 =  8.02328e+01
BLOCK A  carico=2  rsrc=1m  Cwire=4.7n
fcross = 1.173729e+06
pmarg = 1.932838e+01
tdc = 8.023277e+01
Doing analysis at TEMP = 27.000000 and TNOM = 27.000000

Using SPARSE 1.3 as Direct Linear Solver

No. of Data Rows : 801
fcross              =  9.16785e+05
Note: Starting dynamic gmin stepping
Warning: Dynamic gmin stepping failed
Note: Starting true gmin stepping
Warning: True gmin stepping failed
Note: Starting source stepping
Note: Source stepping completed
pmarg               =  7.06104e+01
tdc                 =  8.02329e+01
BLOCK A  carico=2  rsrc=430  Cwire=1f
fcross = 9.167853e+05
pmarg = 7.061044e+01
tdc = 8.023286e+01
Doing analysis at TEMP = 27.000000 and TNOM = 27.000000

Using SPARSE 1.3 as Direct Linear Solver

No. of Data Rows : 801
fcross              =  9.19516e+05
Note: Starting dynamic gmin stepping
Warning: Dynamic gmin stepping failed
Note: Starting true gmin stepping
Warning: True gmin stepping failed
Note: Starting source stepping
Note: Source stepping completed
pmarg               =  7.02996e+01
tdc                 =  8.02329e+01
BLOCK A  carico=2  rsrc=430  Cwire=47p
fcross = 9.195155e+05
pmarg = 7.029958e+01
tdc = 8.023285e+01
Doing analysis at TEMP = 27.000000 and TNOM = 27.000000

Using SPARSE 1.3 as Direct Linear Solver

No. of Data Rows : 801
fcross              =  9.22620e+05
Note: Starting dynamic gmin stepping
Warning: Dynamic gmin stepping failed
Note: Starting true gmin stepping
Warning: True gmin stepping failed
Note: Starting source stepping
Note: Source stepping completed
pmarg               =  6.99447e+01
tdc                 =  8.02329e+01
BLOCK A  carico=2  rsrc=430  Cwire=100p
fcross = 9.226204e+05
pmarg = 6.994468e+01
tdc = 8.023285e+01
Doing analysis at TEMP = 27.000000 and TNOM = 27.000000

Using SPARSE 1.3 as Direct Linear Solver
 Reference value :  1.00000e+00
No. of Data Rows : 801
fcross              =  9.29753e+05
Note: Starting dynamic gmin stepping
Warning: Dynamic gmin stepping failed
Note: Starting true gmin stepping
Warning: True gmin stepping failed
Note: Starting source stepping
Note: Source stepping completed
pmarg               =  6.91236e+01
tdc                 =  8.02329e+01
BLOCK A  carico=2  rsrc=430  Cwire=220p
fcross = 9.297527e+05
pmarg = 6.912364e+01
tdc = 8.023285e+01
Doing analysis at TEMP = 27.000000 and TNOM = 27.000000

Using SPARSE 1.3 as Direct Linear Solver

No. of Data Rows : 801
fcross              =  9.45382e+05
Note: Starting dynamic gmin stepping
Warning: Dynamic gmin stepping failed
Note: Starting true gmin stepping
Warning: True gmin stepping failed
Note: Starting source stepping
Note: Source stepping completed
pmarg               =  6.73216e+01
tdc                 =  8.02328e+01
BLOCK A  carico=2  rsrc=430  Cwire=470p
fcross = 9.453818e+05
pmarg = 6.732156e+01
tdc = 8.023285e+01
Doing analysis at TEMP = 27.000000 and TNOM = 27.000000

Using SPARSE 1.3 as Direct Linear Solver

No. of Data Rows : 801
fcross              =  9.81768e+05
Note: Starting dynamic gmin stepping
Warning: Dynamic gmin stepping failed
Note: Starting true gmin stepping
Warning: True gmin stepping failed
Note: Starting source stepping
Note: Source stepping completed
pmarg               =  6.30422e+01
tdc                 =  8.02328e+01
BLOCK A  carico=2  rsrc=430  Cwire=1n
fcross = 9.817679e+05
pmarg = 6.304217e+01
tdc = 8.023284e+01
Doing analysis at TEMP = 27.000000 and TNOM = 27.000000

Using SPARSE 1.3 as Direct Linear Solver

No. of Data Rows : 801
fcross              =  1.08248e+06
Note: Starting dynamic gmin stepping
Warning: Dynamic gmin stepping failed
Note: Starting true gmin stepping
Warning: True gmin stepping failed
Note: Starting source stepping
Note: Source stepping completed
pmarg               =  5.01592e+01
tdc                 =  8.02328e+01
BLOCK A  carico=2  rsrc=430  Cwire=2.2n
fcross = 1.082485e+06
pmarg = 5.015918e+01
tdc = 8.023281e+01
Doing analysis at TEMP = 27.000000 and TNOM = 27.000000

Using SPARSE 1.3 as Direct Linear Solver

No. of Data Rows : 801
fcross              =  1.17369e+06
Note: Starting dynamic gmin stepping
Warning: Dynamic gmin stepping failed
Note: Starting true gmin stepping
Warning: True gmin stepping failed
Note: Starting source stepping
Note: Source stepping completed
pmarg               =  1.91731e+01
tdc                 =  8.02328e+01
BLOCK A  carico=2  rsrc=430  Cwire=4.7n
fcross = 1.173688e+06
pmarg = 1.917305e+01
tdc = 8.023277e+01
Doing analysis at TEMP = 27.000000 and TNOM = 27.000000

Using SPARSE 1.3 as Direct Linear Solver

No. of Data Rows : 801
fcross              =  9.04181e+05
Note: Starting dynamic gmin stepping
Warning: Dynamic gmin stepping failed
Note: Starting true gmin stepping
Warning: True gmin stepping failed
Note: Starting source stepping
Note: Source stepping completed
pmarg               =  7.06194e+01
tdc                 =  7.84191e+01
BLOCK A TRIM  cand=1  pos=0  rsrc=1m  Cwire=1f
fcross = 9.041806e+05
pmarg = 7.061943e+01
tdc = 7.841910e+01
Doing analysis at TEMP = 27.000000 and TNOM = 27.000000

Using SPARSE 1.3 as Direct Linear Solver
 Reference value :  1.00000e+00
No. of Data Rows : 801
fcross              =  9.06703e+05
Note: Starting dynamic gmin stepping
Warning: Dynamic gmin stepping failed
Note: Starting true gmin stepping
Warning: True gmin stepping failed
Note: Starting source stepping
Note: Source stepping completed
pmarg               =  7.03191e+01
tdc                 =  7.84191e+01
BLOCK A TRIM  cand=1  pos=0  rsrc=1m  Cwire=47p
fcross = 9.067027e+05
pmarg = 7.031906e+01
tdc = 7.841910e+01
Doing analysis at TEMP = 27.000000 and TNOM = 27.000000

Using SPARSE 1.3 as Direct Linear Solver

No. of Data Rows : 801
fcross              =  9.09568e+05
Note: Starting dynamic gmin stepping
Warning: Dynamic gmin stepping failed
Note: Starting true gmin stepping
Warning: True gmin stepping failed
Note: Starting source stepping
Note: Source stepping completed
pmarg               =  6.99764e+01
tdc                 =  7.84191e+01
BLOCK A TRIM  cand=1  pos=0  rsrc=1m  Cwire=100p
fcross = 9.095676e+05
pmarg = 6.997643e+01
tdc = 7.841910e+01
Doing analysis at TEMP = 27.000000 and TNOM = 27.000000

Using SPARSE 1.3 as Direct Linear Solver

No. of Data Rows : 801
fcross              =  9.16238e+05
Note: Starting dynamic gmin stepping
Warning: Dynamic gmin stepping failed
Note: Starting true gmin stepping
Warning: True gmin stepping failed
Note: Starting source stepping
Note: Source stepping completed
pmarg               =  6.91820e+01
tdc                 =  7.84191e+01
BLOCK A TRIM  cand=1  pos=0  rsrc=1m  Cwire=220p
fcross = 9.162383e+05
pmarg = 6.918204e+01
tdc = 7.841910e+01
Doing analysis at TEMP = 27.000000 and TNOM = 27.000000

Using SPARSE 1.3 as Direct Linear Solver

No. of Data Rows : 801
fcross              =  9.30649e+05
Note: Starting dynamic gmin stepping
Warning: Dynamic gmin stepping failed
Note: Starting true gmin stepping
Warning: True gmin stepping failed
Note: Starting source stepping
Note: Source stepping completed
pmarg               =  6.74482e+01
tdc                 =  7.84191e+01
BLOCK A TRIM  cand=1  pos=0  rsrc=1m  Cwire=470p
fcross = 9.306495e+05
pmarg = 6.744824e+01
tdc = 7.841910e+01
Doing analysis at TEMP = 27.000000 and TNOM = 27.000000

Using SPARSE 1.3 as Direct Linear Solver

No. of Data Rows : 801
fcross              =  9.63957e+05
Note: Starting dynamic gmin stepping
Warning: Dynamic gmin stepping failed
Note: Starting true gmin stepping
Warning: True gmin stepping failed
Note: Starting source stepping
Note: Source stepping completed
pmarg               =  6.33616e+01
tdc                 =  7.84191e+01
BLOCK A TRIM  cand=1  pos=0  rsrc=1m  Cwire=1n
fcross = 9.639575e+05
pmarg = 6.336159e+01
tdc = 7.841909e+01
Doing analysis at TEMP = 27.000000 and TNOM = 27.000000

Using SPARSE 1.3 as Direct Linear Solver

No. of Data Rows : 801
fcross              =  1.05255e+06
Note: Starting dynamic gmin stepping
Warning: Dynamic gmin stepping failed
Note: Starting true gmin stepping
Warning: True gmin stepping failed
Note: Starting source stepping
Note: Source stepping completed
pmarg               =  5.14394e+01
tdc                 =  7.84191e+01
BLOCK A TRIM  cand=1  pos=0  rsrc=1m  Cwire=2.2n
fcross = 1.052547e+06
pmarg = 5.143936e+01
tdc = 7.841907e+01
Doing analysis at TEMP = 27.000000 and TNOM = 27.000000

Using SPARSE 1.3 as Direct Linear Solver

No. of Data Rows : 801
fcross              =  1.13972e+06
Note: Starting dynamic gmin stepping
Warning: Dynamic gmin stepping failed
Note: Starting true gmin stepping
Warning: True gmin stepping failed
Note: Starting source stepping
Note: Source stepping completed
pmarg               =  2.26181e+01
tdc                 =  7.84190e+01
BLOCK A TRIM  cand=1  pos=0  rsrc=1m  Cwire=4.7n
fcross = 1.139717e+06
pmarg = 2.261812e+01
tdc = 7.841904e+01
Doing analysis at TEMP = 27.000000 and TNOM = 27.000000

Using SPARSE 1.3 as Direct Linear Solver
 Reference value :  1.00000e+00
No. of Data Rows : 801
fcross              =  9.04157e+05
Note: Starting dynamic gmin stepping
Warning: Dynamic gmin stepping failed
Note: Starting true gmin stepping
Warning: True gmin stepping failed
Note: Starting source stepping
Note: Source stepping completed
pmarg               =  7.04975e+01
tdc                 =  7.84191e+01
BLOCK A TRIM  cand=1  pos=0  rsrc=430  Cwire=1f
fcross = 9.041575e+05
pmarg = 7.049754e+01
tdc = 7.841910e+01
Doing analysis at TEMP = 27.000000 and TNOM = 27.000000

Using SPARSE 1.3 as Direct Linear Solver

No. of Data Rows : 801
fcross              =  9.06679e+05
Note: Starting dynamic gmin stepping
Warning: Dynamic gmin stepping failed
Note: Starting true gmin stepping
Warning: True gmin stepping failed
Note: Starting source stepping
Note: Source stepping completed
pmarg               =  7.01968e+01
tdc                 =  7.84191e+01
BLOCK A TRIM  cand=1  pos=0  rsrc=430  Cwire=47p
fcross = 9.066794e+05
pmarg = 7.019685e+01
tdc = 7.841910e+01
Doing analysis at TEMP = 27.000000 and TNOM = 27.000000

Using SPARSE 1.3 as Direct Linear Solver

No. of Data Rows : 801
fcross              =  9.09544e+05
Note: Starting dynamic gmin stepping
Warning: Dynamic gmin stepping failed
Note: Starting true gmin stepping
Warning: True gmin stepping failed
Note: Starting source stepping
Note: Source stepping completed
pmarg               =  6.98538e+01
tdc                 =  7.84191e+01
BLOCK A TRIM  cand=1  pos=0  rsrc=430  Cwire=100p
fcross = 9.095440e+05
pmarg = 6.985384e+01
tdc = 7.841910e+01
Doing analysis at TEMP = 27.000000 and TNOM = 27.000000

Using SPARSE 1.3 as Direct Linear Solver

No. of Data Rows : 801
fcross              =  9.16214e+05
Note: Starting dynamic gmin stepping
Warning: Dynamic gmin stepping failed
Note: Starting true gmin stepping
Warning: True gmin stepping failed
Note: Starting source stepping
Note: Source stepping completed
pmarg               =  6.90586e+01
tdc                 =  7.84191e+01
BLOCK A TRIM  cand=1  pos=0  rsrc=430  Cwire=220p
fcross = 9.162135e+05
pmarg = 6.905859e+01
tdc = 7.841910e+01
Doing analysis at TEMP = 27.000000 and TNOM = 27.000000

Using SPARSE 1.3 as Direct Linear Solver

No. of Data Rows : 801
fcross              =  9.30623e+05
Note: Starting dynamic gmin stepping
Warning: Dynamic gmin stepping failed
Note: Starting true gmin stepping
Warning: True gmin stepping failed
Note: Starting source stepping
Note: Source stepping completed
pmarg               =  6.73229e+01
tdc                 =  7.84191e+01
BLOCK A TRIM  cand=1  pos=0  rsrc=430  Cwire=470p
fcross = 9.306233e+05
pmarg = 6.732293e+01
tdc = 7.841909e+01
Doing analysis at TEMP = 27.000000 and TNOM = 27.000000

Using SPARSE 1.3 as Direct Linear Solver

No. of Data Rows : 801
fcross              =  9.63926e+05
Note: Starting dynamic gmin stepping
Warning: Dynamic gmin stepping failed
Note: Starting true gmin stepping
Warning: True gmin stepping failed
Note: Starting source stepping
Note: Source stepping completed
pmarg               =  6.32320e+01
tdc                 =  7.84191e+01
BLOCK A TRIM  cand=1  pos=0  rsrc=430  Cwire=1n
fcross = 9.639265e+05
pmarg = 6.323204e+01
tdc = 7.841909e+01
Doing analysis at TEMP = 27.000000 and TNOM = 27.000000

Using SPARSE 1.3 as Direct Linear Solver
 Reference value :  1.00000e+00
No. of Data Rows : 801
fcross              =  1.05250e+06
Note: Starting dynamic gmin stepping
Warning: Dynamic gmin stepping failed
Note: Starting true gmin stepping
Warning: True gmin stepping failed
Note: Starting source stepping
Note: Source stepping completed
pmarg               =  5.12990e+01
tdc                 =  7.84191e+01
BLOCK A TRIM  cand=1  pos=0  rsrc=430  Cwire=2.2n
fcross = 1.052500e+06
pmarg = 5.129898e+01
tdc = 7.841907e+01
Doing analysis at TEMP = 27.000000 and TNOM = 27.000000

Using SPARSE 1.3 as Direct Linear Solver

No. of Data Rows : 801
fcross              =  1.13968e+06
Note: Starting dynamic gmin stepping
Note: Dynamic gmin stepping completed
pmarg               =  2.24672e+01
tdc                 =  7.84190e+01
BLOCK A TRIM  cand=1  pos=0  rsrc=430  Cwire=4.7n
fcross = 1.139676e+06
pmarg = 2.246722e+01
tdc = 7.841904e+01
Doing analysis at TEMP = 27.000000 and TNOM = 27.000000

Using SPARSE 1.3 as Direct Linear Solver

No. of Data Rows : 801
fcross              =  9.05302e+05
Note: Starting dynamic gmin stepping
Warning: Dynamic gmin stepping failed
Note: Starting true gmin stepping
Note: True gmin stepping completed
pmarg               =  7.06277e+01
tdc                 =  7.85652e+01
BLOCK A TRIM  cand=1  pos=6  rsrc=1m  Cwire=1f
fcross = 9.053018e+05
pmarg = 7.062768e+01
tdc = 7.856516e+01
Doing analysis at TEMP = 27.000000 and TNOM = 27.000000

Using SPARSE 1.3 as Direct Linear Solver

No. of Data Rows : 801
fcross              =  9.05862e+05
Note: Starting dynamic gmin stepping
Warning: Dynamic gmin stepping failed
Note: Starting true gmin stepping
Note: True gmin stepping completed
pmarg               =  7.05517e+01
tdc                 =  7.85652e+01
BLOCK A TRIM  cand=1  pos=6  rsrc=1m  Cwire=47p
fcross = 9.058620e+05
pmarg = 7.055170e+01
tdc = 7.856516e+01
Doing analysis at TEMP = 27.000000 and TNOM = 27.000000

Using SPARSE 1.3 as Direct Linear Solver

No. of Data Rows : 801
fcross              =  9.06293e+05
Note: Starting dynamic gmin stepping
Warning: Dynamic gmin stepping failed
Note: Starting true gmin stepping
Note: True gmin stepping completed
pmarg               =  7.04676e+01
tdc                 =  7.85652e+01
BLOCK A TRIM  cand=1  pos=6  rsrc=1m  Cwire=100p
fcross = 9.062930e+05
pmarg = 7.046763e+01
tdc = 7.856516e+01
Doing analysis at TEMP = 27.000000 and TNOM = 27.000000

Using SPARSE 1.3 as Direct Linear Solver

No. of Data Rows : 801
fcross              =  9.06479e+05
Note: Starting dynamic gmin stepping
Warning: Dynamic gmin stepping failed
Note: Starting true gmin stepping
Note: True gmin stepping completed
pmarg               =  7.02995e+01
tdc                 =  7.85652e+01
BLOCK A TRIM  cand=1  pos=6  rsrc=1m  Cwire=220p
fcross = 9.064786e+05
pmarg = 7.029951e+01
tdc = 7.856516e+01
Doing analysis at TEMP = 27.000000 and TNOM = 27.000000

Using SPARSE 1.3 as Direct Linear Solver

No. of Data Rows : 801
fcross              =  9.04488e+05
Note: Starting dynamic gmin stepping
Warning: Dynamic gmin stepping failed
Note: Starting true gmin stepping
Note: True gmin stepping completed
pmarg               =  7.01036e+01
tdc                 =  7.85652e+01
BLOCK A TRIM  cand=1  pos=6  rsrc=1m  Cwire=470p
fcross = 9.044877e+05
pmarg = 7.010363e+01
tdc = 7.856516e+01
Doing analysis at TEMP = 27.000000 and TNOM = 27.000000

Using SPARSE 1.3 as Direct Linear Solver
 Reference value :  1.00000e+00
No. of Data Rows : 801
fcross              =  8.99314e+05
Note: Starting dynamic gmin stepping
Warning: Dynamic gmin stepping failed
Note: Starting true gmin stepping
Note: True gmin stepping completed
pmarg               =  7.00980e+01
tdc                 =  7.85652e+01
BLOCK A TRIM  cand=1  pos=6  rsrc=1m  Cwire=1n
fcross = 8.993143e+05
pmarg = 7.009795e+01
tdc = 7.856516e+01
Doing analysis at TEMP = 27.000000 and TNOM = 27.000000

Using SPARSE 1.3 as Direct Linear Solver

No. of Data Rows : 801
fcross              =  8.94837e+05
Note: Starting dynamic gmin stepping
Warning: Dynamic gmin stepping failed
Note: Starting true gmin stepping
Note: True gmin stepping completed
pmarg               =  7.02692e+01
tdc                 =  7.85652e+01
BLOCK A TRIM  cand=1  pos=6  rsrc=1m  Cwire=2.2n
fcross = 8.948367e+05
pmarg = 7.026916e+01
tdc = 7.856515e+01
Doing analysis at TEMP = 27.000000 and TNOM = 27.000000

Using SPARSE 1.3 as Direct Linear Solver

No. of Data Rows : 801
fcross              =  8.92889e+05
Note: Starting dynamic gmin stepping
Warning: Dynamic gmin stepping failed
Note: Starting true gmin stepping
Warning: True gmin stepping failed
Note: Starting source stepping
Note: Source stepping completed
pmarg               =  7.04010e+01
tdc                 =  7.85651e+01
BLOCK A TRIM  cand=1  pos=6  rsrc=1m  Cwire=4.7n
fcross = 8.928888e+05
pmarg = 7.040102e+01
tdc = 7.856515e+01
Doing analysis at TEMP = 27.000000 and TNOM = 27.000000

Using SPARSE 1.3 as Direct Linear Solver

No. of Data Rows : 801
fcross              =  9.05280e+05
Note: Starting dynamic gmin stepping
Warning: Dynamic gmin stepping failed
Note: Starting true gmin stepping
Warning: True gmin stepping failed
Note: Starting source stepping
Note: Source stepping completed
pmarg               =  7.05056e+01
tdc                 =  7.85652e+01
BLOCK A TRIM  cand=1  pos=6  rsrc=430  Cwire=1f
fcross = 9.052795e+05
pmarg = 7.050561e+01
tdc = 7.856516e+01
Doing analysis at TEMP = 27.000000 and TNOM = 27.000000

Using SPARSE 1.3 as Direct Linear Solver

No. of Data Rows : 801
fcross              =  9.05840e+05
Note: Starting dynamic gmin stepping
Warning: Dynamic gmin stepping failed
Note: Starting true gmin stepping
Warning: True gmin stepping failed
Note: Starting source stepping
Note: Source stepping completed
pmarg               =  7.04296e+01
tdc                 =  7.85652e+01
BLOCK A TRIM  cand=1  pos=6  rsrc=430  Cwire=47p
fcross = 9.058396e+05
pmarg = 7.042957e+01
tdc = 7.856516e+01
Doing analysis at TEMP = 27.000000 and TNOM = 27.000000

Using SPARSE 1.3 as Direct Linear Solver

No. of Data Rows : 801
fcross              =  9.06271e+05
Note: Starting dynamic gmin stepping
Warning: Dynamic gmin stepping failed
Note: Starting true gmin stepping
Warning: True gmin stepping failed
Note: Starting source stepping
Note: Source stepping completed
pmarg               =  7.03454e+01
tdc                 =  7.85652e+01
BLOCK A TRIM  cand=1  pos=6  rsrc=430  Cwire=100p
fcross = 9.062706e+05
pmarg = 7.034544e+01
tdc = 7.856516e+01
Doing analysis at TEMP = 27.000000 and TNOM = 27.000000

Using SPARSE 1.3 as Direct Linear Solver
 Reference value :  1.00000e+00
No. of Data Rows : 801
fcross              =  9.06456e+05
Note: Starting dynamic gmin stepping
Warning: Dynamic gmin stepping failed
Note: Starting true gmin stepping
Warning: True gmin stepping failed
Note: Starting source stepping
Note: Source stepping completed
pmarg               =  7.01773e+01
tdc                 =  7.85652e+01
BLOCK A TRIM  cand=1  pos=6  rsrc=430  Cwire=220p
fcross = 9.064562e+05
pmarg = 7.017729e+01
tdc = 7.856516e+01
Doing analysis at TEMP = 27.000000 and TNOM = 27.000000

Using SPARSE 1.3 as Direct Linear Solver

No. of Data Rows : 801
fcross              =  9.04466e+05
Note: Starting dynamic gmin stepping
Warning: Dynamic gmin stepping failed
Note: Starting true gmin stepping
Warning: True gmin stepping failed
Note: Starting source stepping
Note: Source stepping completed
pmarg               =  6.99817e+01
tdc                 =  7.85652e+01
BLOCK A TRIM  cand=1  pos=6  rsrc=430  Cwire=470p
fcross = 9.044655e+05
pmarg = 6.998169e+01
tdc = 7.856516e+01
Doing analysis at TEMP = 27.000000 and TNOM = 27.000000

Using SPARSE 1.3 as Direct Linear Solver

No. of Data Rows : 801
fcross              =  8.99292e+05
Note: Starting dynamic gmin stepping
Warning: Dynamic gmin stepping failed
Note: Starting true gmin stepping
Warning: True gmin stepping failed
Note: Starting source stepping
Note: Source stepping completed
pmarg               =  6.99767e+01
tdc                 =  7.85652e+01
BLOCK A TRIM  cand=1  pos=6  rsrc=430  Cwire=1n
fcross = 8.992925e+05
pmarg = 6.997670e+01
tdc = 7.856516e+01
Doing analysis at TEMP = 27.000000 and TNOM = 27.000000

Using SPARSE 1.3 as Direct Linear Solver

No. of Data Rows : 801
fcross              =  8.94815e+05
Note: Starting dynamic gmin stepping
Warning: Dynamic gmin stepping failed
Note: Starting true gmin stepping
Warning: True gmin stepping failed
Note: Starting source stepping
Note: Source stepping completed
pmarg               =  7.01485e+01
tdc                 =  7.85652e+01
BLOCK A TRIM  cand=1  pos=6  rsrc=430  Cwire=2.2n
fcross = 8.948150e+05
pmarg = 7.014851e+01
tdc = 7.856516e+01
Doing analysis at TEMP = 27.000000 and TNOM = 27.000000

Using SPARSE 1.3 as Direct Linear Solver

No. of Data Rows : 801
fcross              =  8.92867e+05
Note: Starting dynamic gmin stepping
Warning: Dynamic gmin stepping failed
Note: Starting true gmin stepping
Warning: True gmin stepping failed
Note: Starting source stepping
Note: Source stepping completed
pmarg               =  7.02806e+01
tdc                 =  7.85651e+01
BLOCK A TRIM  cand=1  pos=6  rsrc=430  Cwire=4.7n
fcross = 8.928672e+05
pmarg = 7.028063e+01
tdc = 7.856515e+01
Doing analysis at TEMP = 27.000000 and TNOM = 27.000000

Using SPARSE 1.3 as Direct Linear Solver

No. of Data Rows : 801
fcross              =  9.05597e+05
Note: Starting dynamic gmin stepping
Warning: Dynamic gmin stepping failed
Note: Starting true gmin stepping
Warning: True gmin stepping failed
Note: Starting source stepping
Note: Source stepping completed
pmarg               =  7.06299e+01
tdc                 =  7.86040e+01
BLOCK A TRIM  cand=1  pos=12  rsrc=1m  Cwire=1f
fcross = 9.055973e+05
pmarg = 7.062986e+01
tdc = 7.860399e+01
Doing analysis at TEMP = 27.000000 and TNOM = 27.000000

Using SPARSE 1.3 as Direct Linear Solver
 Reference value :  1.00000e+00
No. of Data Rows : 801
fcross              =  9.05744e+05
Note: Starting dynamic gmin stepping
Warning: Dynamic gmin stepping failed
Note: Starting true gmin stepping
Warning: True gmin stepping failed
Note: Starting source stepping
Note: Source stepping completed
pmarg               =  7.06106e+01
tdc                 =  7.86040e+01
BLOCK A TRIM  cand=1  pos=12  rsrc=1m  Cwire=47p
fcross = 9.057440e+05
pmarg = 7.061061e+01
tdc = 7.860399e+01
Doing analysis at TEMP = 27.000000 and TNOM = 27.000000

Using SPARSE 1.3 as Direct Linear Solver

No. of Data Rows : 801
fcross              =  9.05871e+05
Note: Starting dynamic gmin stepping
Warning: Dynamic gmin stepping failed
Note: Starting true gmin stepping
Warning: True gmin stepping failed
Note: Starting source stepping
Note: Source stepping completed
pmarg               =  7.05891e+01
tdc                 =  7.86040e+01
BLOCK A TRIM  cand=1  pos=12  rsrc=1m  Cwire=100p
fcross = 9.058707e+05
pmarg = 7.058910e+01
tdc = 7.860399e+01
Doing analysis at TEMP = 27.000000 and TNOM = 27.000000

Using SPARSE 1.3 as Direct Linear Solver

No. of Data Rows : 801
fcross              =  9.06001e+05
Note: Starting dynamic gmin stepping
Warning: Dynamic gmin stepping failed
Note: Starting true gmin stepping
Warning: True gmin stepping failed
Note: Starting source stepping
Note: Source stepping completed
pmarg               =  7.05437e+01
tdc                 =  7.86040e+01
BLOCK A TRIM  cand=1  pos=12  rsrc=1m  Cwire=220p
fcross = 9.060008e+05
pmarg = 7.054370e+01
tdc = 7.860399e+01
Doing analysis at TEMP = 27.000000 and TNOM = 27.000000

Using SPARSE 1.3 as Direct Linear Solver

No. of Data Rows : 801
fcross              =  9.05695e+05
Note: Starting dynamic gmin stepping
Warning: Dynamic gmin stepping failed
Note: Starting true gmin stepping
Warning: True gmin stepping failed
Note: Starting source stepping
Note: Source stepping completed
pmarg               =  7.04769e+01
tdc                 =  7.86040e+01
BLOCK A TRIM  cand=1  pos=12  rsrc=1m  Cwire=470p
fcross = 9.056955e+05
pmarg = 7.047690e+01
tdc = 7.860399e+01
Doing analysis at TEMP = 27.000000 and TNOM = 27.000000

Using SPARSE 1.3 as Direct Linear Solver

No. of Data Rows : 801
fcross              =  9.04271e+05
Note: Starting dynamic gmin stepping
Warning: Dynamic gmin stepping failed
Note: Starting true gmin stepping
Warning: True gmin stepping failed
Note: Starting source stepping
Note: Source stepping completed
pmarg               =  7.04455e+01
tdc                 =  7.86040e+01
BLOCK A TRIM  cand=1  pos=12  rsrc=1m  Cwire=1n
fcross = 9.042706e+05
pmarg = 7.044551e+01
tdc = 7.860399e+01
Doing analysis at TEMP = 27.000000 and TNOM = 27.000000

Using SPARSE 1.3 as Direct Linear Solver

No. of Data Rows : 801
fcross              =  9.02537e+05
Note: Starting dynamic gmin stepping
Warning: Dynamic gmin stepping failed
Note: Starting true gmin stepping
Warning: True gmin stepping failed
Note: Starting source stepping
Note: Source stepping completed
pmarg               =  7.04910e+01
tdc                 =  7.86040e+01
BLOCK A TRIM  cand=1  pos=12  rsrc=1m  Cwire=2.2n
fcross = 9.025371e+05
pmarg = 7.049099e+01
tdc = 7.860399e+01
Doing analysis at TEMP = 27.000000 and TNOM = 27.000000

Using SPARSE 1.3 as Direct Linear Solver
 Reference value :  6.16595e+01
No. of Data Rows : 801
fcross              =  9.01669e+05
Note: Starting dynamic gmin stepping
Warning: Dynamic gmin stepping failed
Note: Starting true gmin stepping
Warning: True gmin stepping failed
Note: Starting source stepping
Note: Source stepping completed
pmarg               =  7.05411e+01
tdc                 =  7.86040e+01
BLOCK A TRIM  cand=1  pos=12  rsrc=1m  Cwire=4.7n
fcross = 9.016690e+05
pmarg = 7.054114e+01
tdc = 7.860399e+01
Doing analysis at TEMP = 27.000000 and TNOM = 27.000000

Using SPARSE 1.3 as Direct Linear Solver

No. of Data Rows : 801
fcross              =  9.05575e+05
Note: Starting dynamic gmin stepping
Warning: Dynamic gmin stepping failed
Note: Starting true gmin stepping
Warning: True gmin stepping failed
Note: Starting source stepping
Note: Source stepping completed
pmarg               =  7.05078e+01
tdc                 =  7.86040e+01
BLOCK A TRIM  cand=1  pos=12  rsrc=430  Cwire=1f
fcross = 9.055749e+05
pmarg = 7.050776e+01
tdc = 7.860399e+01
Doing analysis at TEMP = 27.000000 and TNOM = 27.000000

Using SPARSE 1.3 as Direct Linear Solver

No. of Data Rows : 801
fcross              =  9.05722e+05
Note: Starting dynamic gmin stepping
Warning: Dynamic gmin stepping failed
Note: Starting true gmin stepping
Warning: True gmin stepping failed
Note: Starting source stepping
Note: Source stepping completed
pmarg               =  7.04885e+01
tdc                 =  7.86040e+01
BLOCK A TRIM  cand=1  pos=12  rsrc=430  Cwire=47p
fcross = 9.057216e+05
pmarg = 7.048849e+01
tdc = 7.860399e+01
Doing analysis at TEMP = 27.000000 and TNOM = 27.000000

Using SPARSE 1.3 as Direct Linear Solver

No. of Data Rows : 801
fcross              =  9.05848e+05
Note: Starting dynamic gmin stepping
Warning: Dynamic gmin stepping failed
Note: Starting true gmin stepping
Warning: True gmin stepping failed
Note: Starting source stepping
Note: Source stepping completed
pmarg               =  7.04670e+01
tdc                 =  7.86040e+01
BLOCK A TRIM  cand=1  pos=12  rsrc=430  Cwire=100p
fcross = 9.058483e+05
pmarg = 7.046697e+01
tdc = 7.860399e+01
Doing analysis at TEMP = 27.000000 and TNOM = 27.000000

Using SPARSE 1.3 as Direct Linear Solver

No. of Data Rows : 801
fcross              =  9.05978e+05
Note: Starting dynamic gmin stepping
Warning: Dynamic gmin stepping failed
Note: Starting true gmin stepping
Warning: True gmin stepping failed
Note: Starting source stepping
Note: Source stepping completed
pmarg               =  7.04216e+01
tdc                 =  7.86040e+01
BLOCK A TRIM  cand=1  pos=12  rsrc=430  Cwire=220p
fcross = 9.059783e+05
pmarg = 7.042155e+01
tdc = 7.860399e+01
Doing analysis at TEMP = 27.000000 and TNOM = 27.000000

Using SPARSE 1.3 as Direct Linear Solver

No. of Data Rows : 801
fcross              =  9.05673e+05
Note: Starting dynamic gmin stepping
Warning: Dynamic gmin stepping failed
Note: Starting true gmin stepping
Warning: True gmin stepping failed
Note: Starting source stepping
Note: Source stepping completed
pmarg               =  7.03548e+01
tdc                 =  7.86040e+01
BLOCK A TRIM  cand=1  pos=12  rsrc=430  Cwire=470p
fcross = 9.056731e+05
pmarg = 7.035479e+01
tdc = 7.860399e+01
Doing analysis at TEMP = 27.000000 and TNOM = 27.000000

Using SPARSE 1.3 as Direct Linear Solver
 Reference value :  1.00000e+00
No. of Data Rows : 801
fcross              =  9.04248e+05
Note: Starting dynamic gmin stepping
Warning: Dynamic gmin stepping failed
Note: Starting true gmin stepping
Warning: True gmin stepping failed
Note: Starting source stepping
Note: Source stepping completed
pmarg               =  7.03236e+01
tdc                 =  7.86040e+01
BLOCK A TRIM  cand=1  pos=12  rsrc=430  Cwire=1n
fcross = 9.042484e+05
pmarg = 7.032358e+01
tdc = 7.860399e+01
Doing analysis at TEMP = 27.000000 and TNOM = 27.000000

Using SPARSE 1.3 as Direct Linear Solver

No. of Data Rows : 801
fcross              =  9.02515e+05
Note: Starting dynamic gmin stepping
Warning: Dynamic gmin stepping failed
Note: Starting true gmin stepping
Warning: True gmin stepping failed
Note: Starting source stepping
Note: Source stepping completed
pmarg               =  7.03693e+01
tdc                 =  7.86040e+01
BLOCK A TRIM  cand=1  pos=12  rsrc=430  Cwire=2.2n
fcross = 9.025149e+05
pmarg = 7.036930e+01
tdc = 7.860399e+01
Doing analysis at TEMP = 27.000000 and TNOM = 27.000000

Using SPARSE 1.3 as Direct Linear Solver

No. of Data Rows : 801
fcross              =  9.01647e+05
Note: Starting dynamic gmin stepping
Warning: Dynamic gmin stepping failed
Note: Starting true gmin stepping
Note: True gmin stepping completed
pmarg               =  7.04196e+01
tdc                 =  7.86040e+01
BLOCK A TRIM  cand=1  pos=12  rsrc=430  Cwire=4.7n
fcross = 9.016469e+05
pmarg = 7.041957e+01
tdc = 7.860399e+01
Doing analysis at TEMP = 27.000000 and TNOM = 27.000000

Using SPARSE 1.3 as Direct Linear Solver

No. of Data Rows : 801
fcross              =  9.08974e+05
pmarg               =  7.06555e+01
tdc                 =  7.90595e+01
BLOCK A TRIM  cand=2  pos=0  rsrc=1m  Cwire=1f
fcross = 9.089745e+05
pmarg = 7.065547e+01
tdc = 7.905954e+01
Doing analysis at TEMP = 27.000000 and TNOM = 27.000000

Using SPARSE 1.3 as Direct Linear Solver

No. of Data Rows : 801
fcross              =  9.11550e+05
pmarg               =  7.03519e+01
tdc                 =  7.90595e+01
BLOCK A TRIM  cand=2  pos=0  rsrc=1m  Cwire=47p
fcross = 9.115504e+05
pmarg = 7.035186e+01
tdc = 7.905954e+01
Doing analysis at TEMP = 27.000000 and TNOM = 27.000000

Using SPARSE 1.3 as Direct Linear Solver

No. of Data Rows : 801
fcross              =  9.14537e+05
pmarg               =  7.00038e+01
tdc                 =  7.90595e+01
BLOCK A TRIM  cand=2  pos=0  rsrc=1m  Cwire=100p
fcross = 9.145375e+05
pmarg = 7.000383e+01
tdc = 7.905954e+01
Doing analysis at TEMP = 27.000000 and TNOM = 27.000000

Using SPARSE 1.3 as Direct Linear Solver

No. of Data Rows : 801
fcross              =  9.21419e+05
pmarg               =  6.91985e+01
tdc                 =  7.90595e+01
BLOCK A TRIM  cand=2  pos=0  rsrc=1m  Cwire=220p
fcross = 9.214193e+05
pmarg = 6.919848e+01
tdc = 7.905953e+01
Doing analysis at TEMP = 27.000000 and TNOM = 27.000000

Using SPARSE 1.3 as Direct Linear Solver

No. of Data Rows : 801
fcross              =  9.36244e+05
pmarg               =  6.74405e+01
tdc                 =  7.90595e+01
BLOCK A TRIM  cand=2  pos=0  rsrc=1m  Cwire=470p
fcross = 9.362444e+05
pmarg = 6.744048e+01
tdc = 7.905953e+01
Doing analysis at TEMP = 27.000000 and TNOM = 27.000000

Using SPARSE 1.3 as Direct Linear Solver

No. of Data Rows : 801
fcross              =  9.70678e+05
pmarg               =  6.32827e+01
tdc                 =  7.90595e+01
BLOCK A TRIM  cand=2  pos=0  rsrc=1m  Cwire=1n
fcross = 9.706783e+05
pmarg = 6.328272e+01
tdc = 7.905952e+01
Doing analysis at TEMP = 27.000000 and TNOM = 27.000000

Using SPARSE 1.3 as Direct Linear Solver

No. of Data Rows : 801
fcross              =  1.06340e+06
pmarg               =  5.10232e+01
tdc                 =  7.90595e+01
BLOCK A TRIM  cand=2  pos=0  rsrc=1m  Cwire=2.2n
fcross = 1.063399e+06
pmarg = 5.102319e+01
tdc = 7.905950e+01
Doing analysis at TEMP = 27.000000 and TNOM = 27.000000

Using SPARSE 1.3 as Direct Linear Solver

No. of Data Rows : 801
fcross              =  1.15092e+06
pmarg               =  2.15422e+01
tdc                 =  7.90595e+01
BLOCK A TRIM  cand=2  pos=0  rsrc=1m  Cwire=4.7n
fcross = 1.150920e+06
pmarg = 2.154220e+01
tdc = 7.905947e+01
Doing analysis at TEMP = 27.000000 and TNOM = 27.000000

Using SPARSE 1.3 as Direct Linear Solver

No. of Data Rows : 801
fcross              =  9.08952e+05
pmarg               =  7.05329e+01
tdc                 =  7.90595e+01
BLOCK A TRIM  cand=2  pos=0  rsrc=430  Cwire=1f
fcross = 9.089519e+05
pmarg = 7.053291e+01
tdc = 7.905954e+01
Doing analysis at TEMP = 27.000000 and TNOM = 27.000000

Using SPARSE 1.3 as Direct Linear Solver

No. of Data Rows : 801
fcross              =  9.11528e+05
pmarg               =  7.02290e+01
tdc                 =  7.90595e+01
BLOCK A TRIM  cand=2  pos=0  rsrc=430  Cwire=47p
fcross = 9.115276e+05
pmarg = 7.022897e+01
tdc = 7.905954e+01
Doing analysis at TEMP = 27.000000 and TNOM = 27.000000

Using SPARSE 1.3 as Direct Linear Solver

No. of Data Rows : 801
fcross              =  9.14514e+05
pmarg               =  6.98806e+01
tdc                 =  7.90595e+01
BLOCK A TRIM  cand=2  pos=0  rsrc=430  Cwire=100p
fcross = 9.145139e+05
pmarg = 6.988056e+01
tdc = 7.905954e+01
Doing analysis at TEMP = 27.000000 and TNOM = 27.000000

Using SPARSE 1.3 as Direct Linear Solver
 Reference value :  1.00000e+00
No. of Data Rows : 801
fcross              =  9.21395e+05
pmarg               =  6.90743e+01
tdc                 =  7.90595e+01
BLOCK A TRIM  cand=2  pos=0  rsrc=430  Cwire=220p
fcross = 9.213950e+05
pmarg = 6.907431e+01
tdc = 7.905953e+01
Doing analysis at TEMP = 27.000000 and TNOM = 27.000000

Using SPARSE 1.3 as Direct Linear Solver

No. of Data Rows : 801
fcross              =  9.36218e+05
pmarg               =  6.73144e+01
tdc                 =  7.90595e+01
BLOCK A TRIM  cand=2  pos=0  rsrc=430  Cwire=470p
fcross = 9.362181e+05
pmarg = 6.731440e+01
tdc = 7.905953e+01
Doing analysis at TEMP = 27.000000 and TNOM = 27.000000

Using SPARSE 1.3 as Direct Linear Solver

No. of Data Rows : 801
fcross              =  9.70648e+05
pmarg               =  6.31522e+01
tdc                 =  7.90595e+01
BLOCK A TRIM  cand=2  pos=0  rsrc=430  Cwire=1n
fcross = 9.706478e+05
pmarg = 6.315223e+01
tdc = 7.905952e+01
Doing analysis at TEMP = 27.000000 and TNOM = 27.000000

Using SPARSE 1.3 as Direct Linear Solver

No. of Data Rows : 801
fcross              =  1.06335e+06
pmarg               =  5.08813e+01
tdc                 =  7.90595e+01
BLOCK A TRIM  cand=2  pos=0  rsrc=430  Cwire=2.2n
fcross = 1.063353e+06
pmarg = 5.088133e+01
tdc = 7.905950e+01
Doing analysis at TEMP = 27.000000 and TNOM = 27.000000

Using SPARSE 1.3 as Direct Linear Solver

No. of Data Rows : 801
fcross              =  1.15088e+06
Note: Starting dynamic gmin stepping
Warning: Dynamic gmin stepping failed
Note: Starting true gmin stepping
Warning: True gmin stepping failed
Note: Starting source stepping
Note: Source stepping completed
pmarg               =  2.13897e+01
tdc                 =  7.90595e+01
BLOCK A TRIM  cand=2  pos=0  rsrc=430  Cwire=4.7n
fcross = 1.150881e+06
pmarg = 2.138975e+01
tdc = 7.905947e+01
Doing analysis at TEMP = 27.000000 and TNOM = 27.000000

Using SPARSE 1.3 as Direct Linear Solver

No. of Data Rows : 801
fcross              =  9.10099e+05
Note: Starting dynamic gmin stepping
Warning: Dynamic gmin stepping failed
Note: Starting true gmin stepping
Note: True gmin stepping completed
pmarg               =  7.06643e+01
tdc                 =  7.92163e+01
BLOCK A TRIM  cand=2  pos=6  rsrc=1m  Cwire=1f
fcross = 9.100994e+05
pmarg = 7.066427e+01
tdc = 7.921626e+01
Doing analysis at TEMP = 27.000000 and TNOM = 27.000000

Using SPARSE 1.3 as Direct Linear Solver

No. of Data Rows : 801
fcross              =  9.10623e+05
Note: Starting dynamic gmin stepping
Warning: Dynamic gmin stepping failed
Note: Starting true gmin stepping
Warning: True gmin stepping failed
Note: Starting source stepping
Note: Source stepping completed
pmarg               =  7.05882e+01
tdc                 =  7.92163e+01
BLOCK A TRIM  cand=2  pos=6  rsrc=1m  Cwire=47p
fcross = 9.106233e+05
pmarg = 7.058820e+01
tdc = 7.921626e+01
Doing analysis at TEMP = 27.000000 and TNOM = 27.000000

Using SPARSE 1.3 as Direct Linear Solver

No. of Data Rows : 801
fcross              =  9.10899e+05
Note: Starting dynamic gmin stepping
Warning: Dynamic gmin stepping failed
Note: Starting true gmin stepping
Note: True gmin stepping completed
pmarg               =  7.05073e+01
tdc                 =  7.92163e+01
BLOCK A TRIM  cand=2  pos=6  rsrc=1m  Cwire=100p
fcross = 9.108987e+05
pmarg = 7.050725e+01
tdc = 7.921626e+01
Doing analysis at TEMP = 27.000000 and TNOM = 27.000000

Using SPARSE 1.3 as Direct Linear Solver

No. of Data Rows : 801
fcross              =  9.10447e+05
Note: Starting dynamic gmin stepping
Warning: Dynamic gmin stepping failed
Note: Starting true gmin stepping
Warning: True gmin stepping failed
Note: Starting source stepping
Note: Source stepping completed
pmarg               =  7.03714e+01
tdc                 =  7.92163e+01
BLOCK A TRIM  cand=2  pos=6  rsrc=1m  Cwire=220p
fcross = 9.104471e+05
pmarg = 7.037141e+01
tdc = 7.921626e+01
Doing analysis at TEMP = 27.000000 and TNOM = 27.000000

Using SPARSE 1.3 as Direct Linear Solver
 Reference value :  1.04713e+02
No. of Data Rows : 801
fcross              =  9.07795e+05
Note: Starting dynamic gmin stepping
Warning: Dynamic gmin stepping failed
Note: Starting true gmin stepping
Note: True gmin stepping completed
pmarg               =  7.02953e+01
tdc                 =  7.92163e+01
BLOCK A TRIM  cand=2  pos=6  rsrc=1m  Cwire=470p
fcross = 9.077945e+05
pmarg = 7.029534e+01
tdc = 7.921626e+01
Doing analysis at TEMP = 27.000000 and TNOM = 27.000000

Using SPARSE 1.3 as Direct Linear Solver

No. of Data Rows : 801
fcross              =  9.04383e+05
Note: Starting dynamic gmin stepping
Warning: Dynamic gmin stepping failed
Note: Starting true gmin stepping
Warning: True gmin stepping failed
Note: Starting source stepping
Note: Source stepping completed
pmarg               =  7.03719e+01
tdc                 =  7.92163e+01
BLOCK A TRIM  cand=2  pos=6  rsrc=1m  Cwire=1n
fcross = 9.043830e+05
pmarg = 7.037185e+01
tdc = 7.921625e+01
Doing analysis at TEMP = 27.000000 and TNOM = 27.000000

Using SPARSE 1.3 as Direct Linear Solver

No. of Data Rows : 801
fcross              =  9.02418e+05
Note: Starting dynamic gmin stepping
Warning: Dynamic gmin stepping failed
Note: Starting true gmin stepping
Note: True gmin stepping completed
pmarg               =  7.04788e+01
tdc                 =  7.92163e+01
BLOCK A TRIM  cand=2  pos=6  rsrc=1m  Cwire=2.2n
fcross = 9.024181e+05
pmarg = 7.047883e+01
tdc = 7.921625e+01
Doing analysis at TEMP = 27.000000 and TNOM = 27.000000

Using SPARSE 1.3 as Direct Linear Solver

No. of Data Rows : 801
fcross              =  9.01654e+05
Note: Starting dynamic gmin stepping
Warning: Dynamic gmin stepping failed
Note: Starting true gmin stepping
Warning: True gmin stepping failed
Note: Starting source stepping
Note: Source stepping completed
pmarg               =  7.05399e+01
tdc                 =  7.92162e+01
BLOCK A TRIM  cand=2  pos=6  rsrc=1m  Cwire=4.7n
fcross = 9.016539e+05
pmarg = 7.053991e+01
tdc = 7.921624e+01
Doing analysis at TEMP = 27.000000 and TNOM = 27.000000

Using SPARSE 1.3 as Direct Linear Solver

No. of Data Rows : 801
fcross              =  9.10078e+05
Note: Starting dynamic gmin stepping
Warning: Dynamic gmin stepping failed
Note: Starting true gmin stepping
Warning: True gmin stepping failed
Note: Starting source stepping
Note: Source stepping completed
pmarg               =  7.05415e+01
tdc                 =  7.92163e+01
BLOCK A TRIM  cand=2  pos=6  rsrc=430  Cwire=1f
fcross = 9.100776e+05
pmarg = 7.054154e+01
tdc = 7.921626e+01
Doing analysis at TEMP = 27.000000 and TNOM = 27.000000

Using SPARSE 1.3 as Direct Linear Solver

No. of Data Rows : 801
fcross              =  9.10602e+05
Note: Starting dynamic gmin stepping
Warning: Dynamic gmin stepping failed
Note: Starting true gmin stepping
Warning: True gmin stepping failed
Note: Starting source stepping
Note: Source stepping completed
pmarg               =  7.04654e+01
tdc                 =  7.92163e+01
BLOCK A TRIM  cand=2  pos=6  rsrc=430  Cwire=47p
fcross = 9.106016e+05
pmarg = 7.046540e+01
tdc = 7.921626e+01
Doing analysis at TEMP = 27.000000 and TNOM = 27.000000

Using SPARSE 1.3 as Direct Linear Solver
 Reference value :  1.00000e+00
No. of Data Rows : 801
fcross              =  9.10877e+05
Note: Starting dynamic gmin stepping
Warning: Dynamic gmin stepping failed
Note: Starting true gmin stepping
Warning: True gmin stepping failed
Note: Starting source stepping
Note: Source stepping completed
pmarg               =  7.03844e+01
tdc                 =  7.92163e+01
BLOCK A TRIM  cand=2  pos=6  rsrc=430  Cwire=100p
fcross = 9.108769e+05
pmarg = 7.038442e+01
tdc = 7.921626e+01
Doing analysis at TEMP = 27.000000 and TNOM = 27.000000

Using SPARSE 1.3 as Direct Linear Solver

No. of Data Rows : 801
fcross              =  9.10425e+05
Note: Starting dynamic gmin stepping
Warning: Dynamic gmin stepping failed
Note: Starting true gmin stepping
Warning: True gmin stepping failed
Note: Starting source stepping
Note: Source stepping completed
pmarg               =  7.02486e+01
tdc                 =  7.92163e+01
BLOCK A TRIM  cand=2  pos=6  rsrc=430  Cwire=220p
fcross = 9.104254e+05
pmarg = 7.024864e+01
tdc = 7.921626e+01
Doing analysis at TEMP = 27.000000 and TNOM = 27.000000

Using SPARSE 1.3 as Direct Linear Solver

No. of Data Rows : 801
fcross              =  9.07773e+05
Note: Starting dynamic gmin stepping
Warning: Dynamic gmin stepping failed
Note: Starting true gmin stepping
Warning: True gmin stepping failed
Note: Starting source stepping
Note: Source stepping completed
pmarg               =  7.01729e+01
tdc                 =  7.92163e+01
BLOCK A TRIM  cand=2  pos=6  rsrc=430  Cwire=470p
fcross = 9.077729e+05
pmarg = 7.017292e+01
tdc = 7.921626e+01
Doing analysis at TEMP = 27.000000 and TNOM = 27.000000

Using SPARSE 1.3 as Direct Linear Solver

No. of Data Rows : 801
fcross              =  9.04362e+05
Note: Starting dynamic gmin stepping
Warning: Dynamic gmin stepping failed
Note: Starting true gmin stepping
Warning: True gmin stepping failed
Note: Starting source stepping
Note: Source stepping completed
pmarg               =  7.02499e+01
tdc                 =  7.92163e+01
BLOCK A TRIM  cand=2  pos=6  rsrc=430  Cwire=1n
fcross = 9.043617e+05
pmarg = 7.024989e+01
tdc = 7.921626e+01
Doing analysis at TEMP = 27.000000 and TNOM = 27.000000

Using SPARSE 1.3 as Direct Linear Solver

No. of Data Rows : 801
fcross              =  9.02397e+05
Note: Starting dynamic gmin stepping
Warning: Dynamic gmin stepping failed
Note: Starting true gmin stepping
Warning: True gmin stepping failed
Note: Starting source stepping
Note: Source stepping completed
pmarg               =  7.03571e+01
tdc                 =  7.92163e+01
BLOCK A TRIM  cand=2  pos=6  rsrc=430  Cwire=2.2n
fcross = 9.023968e+05
pmarg = 7.035714e+01
tdc = 7.921625e+01
Doing analysis at TEMP = 27.000000 and TNOM = 27.000000

Using SPARSE 1.3 as Direct Linear Solver

No. of Data Rows : 801
fcross              =  9.01633e+05
Note: Starting dynamic gmin stepping
Warning: Dynamic gmin stepping failed
Note: Starting true gmin stepping
Warning: True gmin stepping failed
Note: Starting source stepping
Note: Source stepping completed
pmarg               =  7.04183e+01
tdc                 =  7.92162e+01
BLOCK A TRIM  cand=2  pos=6  rsrc=430  Cwire=4.7n
fcross = 9.016327e+05
pmarg = 7.041832e+01
tdc = 7.921625e+01
Doing analysis at TEMP = 27.000000 and TNOM = 27.000000

Using SPARSE 1.3 as Direct Linear Solver
 Reference value :  6.91831e+07
No. of Data Rows : 801
fcross              =  9.10400e+05
Note: Starting dynamic gmin stepping
Warning: Dynamic gmin stepping failed
Note: Starting true gmin stepping
Warning: True gmin stepping failed
Note: Starting source stepping
Note: Source stepping completed
pmarg               =  7.06666e+01
tdc                 =  7.92584e+01
BLOCK A TRIM  cand=2  pos=12  rsrc=1m  Cwire=1f
fcross = 9.103996e+05
pmarg = 7.066661e+01
tdc = 7.925841e+01
Doing analysis at TEMP = 27.000000 and TNOM = 27.000000

Using SPARSE 1.3 as Direct Linear Solver

No. of Data Rows : 801
fcross              =  9.10540e+05
Note: Starting dynamic gmin stepping
Warning: Dynamic gmin stepping failed
Note: Starting true gmin stepping
Warning: True gmin stepping failed
Note: Starting source stepping
Note: Source stepping completed
pmarg               =  7.06472e+01
tdc                 =  7.92584e+01
BLOCK A TRIM  cand=2  pos=12  rsrc=1m  Cwire=47p
fcross = 9.105404e+05
pmarg = 7.064718e+01
tdc = 7.925841e+01
Doing analysis at TEMP = 27.000000 and TNOM = 27.000000

Using SPARSE 1.3 as Direct Linear Solver

No. of Data Rows : 801
fcross              =  9.10637e+05
Note: Starting dynamic gmin stepping
Warning: Dynamic gmin stepping failed
Note: Starting true gmin stepping
Warning: True gmin stepping failed
Note: Starting source stepping
Note: Source stepping completed
pmarg               =  7.06259e+01
tdc                 =  7.92584e+01
BLOCK A TRIM  cand=2  pos=12  rsrc=1m  Cwire=100p
fcross = 9.106368e+05
pmarg = 7.062595e+01
tdc = 7.925841e+01
Doing analysis at TEMP = 27.000000 and TNOM = 27.000000

Using SPARSE 1.3 as Direct Linear Solver

No. of Data Rows : 801
fcross              =  9.10621e+05
Note: Starting dynamic gmin stepping
Warning: Dynamic gmin stepping failed
Note: Starting true gmin stepping
Warning: True gmin stepping failed
Note: Starting source stepping
Note: Source stepping completed
pmarg               =  7.05858e+01
tdc                 =  7.92584e+01
BLOCK A TRIM  cand=2  pos=12  rsrc=1m  Cwire=220p
fcross = 9.106212e+05
pmarg = 7.058581e+01
tdc = 7.925841e+01
Doing analysis at TEMP = 27.000000 and TNOM = 27.000000

Using SPARSE 1.3 as Direct Linear Solver

No. of Data Rows : 801
fcross              =  9.10014e+05
Note: Starting dynamic gmin stepping
Warning: Dynamic gmin stepping failed
Note: Starting true gmin stepping
Warning: True gmin stepping failed
Note: Starting source stepping
Note: Source stepping completed
pmarg               =  7.05483e+01
tdc                 =  7.92584e+01
BLOCK A TRIM  cand=2  pos=12  rsrc=1m  Cwire=470p
fcross = 9.100141e+05
pmarg = 7.054835e+01
tdc = 7.925841e+01
Doing analysis at TEMP = 27.000000 and TNOM = 27.000000

Using SPARSE 1.3 as Direct Linear Solver

No. of Data Rows : 801
fcross              =  9.08858e+05
Note: Starting dynamic gmin stepping
Warning: Dynamic gmin stepping failed
Note: Starting true gmin stepping
Warning: True gmin stepping failed
Note: Starting source stepping
Note: Source stepping completed
pmarg               =  7.05589e+01
tdc                 =  7.92584e+01
BLOCK A TRIM  cand=2  pos=12  rsrc=1m  Cwire=1n
fcross = 9.088582e+05
pmarg = 7.055894e+01
tdc = 7.925841e+01
Doing analysis at TEMP = 27.000000 and TNOM = 27.000000

Using SPARSE 1.3 as Direct Linear Solver

No. of Data Rows : 801
fcross              =  9.08034e+05
Note: Starting dynamic gmin stepping
Warning: Dynamic gmin stepping failed
Note: Starting true gmin stepping
Warning: True gmin stepping failed
Note: Starting source stepping
Note: Source stepping completed
pmarg               =  7.05957e+01
tdc                 =  7.92584e+01
BLOCK A TRIM  cand=2  pos=12  rsrc=1m  Cwire=2.2n
fcross = 9.080341e+05
pmarg = 7.059568e+01
tdc = 7.925840e+01
Doing analysis at TEMP = 27.000000 and TNOM = 27.000000

Using SPARSE 1.3 as Direct Linear Solver

No. of Data Rows : 801
fcross              =  9.07697e+05
Note: Starting dynamic gmin stepping
Warning: Dynamic gmin stepping failed
Note: Starting true gmin stepping
Note: True gmin stepping completed
pmarg               =  7.06199e+01
tdc                 =  7.92584e+01
BLOCK A TRIM  cand=2  pos=12  rsrc=1m  Cwire=4.7n
fcross = 9.076966e+05
pmarg = 7.061995e+01
tdc = 7.925840e+01
Doing analysis at TEMP = 27.000000 and TNOM = 27.000000

Using SPARSE 1.3 as Direct Linear Solver
 Reference value :  1.00000e+00
No. of Data Rows : 801
fcross              =  9.10376e+05
Note: Starting dynamic gmin stepping
Warning: Dynamic gmin stepping failed
Note: Starting true gmin stepping
Note: True gmin stepping completed
pmarg               =  7.05439e+01
tdc                 =  7.92584e+01
BLOCK A TRIM  cand=2  pos=12  rsrc=430  Cwire=1f
fcross = 9.103760e+05
pmarg = 7.054388e+01
tdc = 7.925840e+01
Doing analysis at TEMP = 27.000000 and TNOM = 27.000000

Using SPARSE 1.3 as Direct Linear Solver

No. of Data Rows : 801
fcross              =  9.10517e+05
Note: Starting dynamic gmin stepping
Warning: Dynamic gmin stepping failed
Note: Starting true gmin stepping
Note: True gmin stepping completed
pmarg               =  7.05244e+01
tdc                 =  7.92584e+01
BLOCK A TRIM  cand=2  pos=12  rsrc=430  Cwire=47p
fcross = 9.105168e+05
pmarg = 7.052444e+01
tdc = 7.925840e+01
Doing analysis at TEMP = 27.000000 and TNOM = 27.000000

Using SPARSE 1.3 as Direct Linear Solver

No. of Data Rows : 801
fcross              =  9.10613e+05
Note: Starting dynamic gmin stepping
Warning: Dynamic gmin stepping failed
Note: Starting true gmin stepping
Note: True gmin stepping completed
pmarg               =  7.05032e+01
tdc                 =  7.92584e+01
BLOCK A TRIM  cand=2  pos=12  rsrc=430  Cwire=100p
fcross = 9.106132e+05
pmarg = 7.050320e+01
tdc = 7.925840e+01
Doing analysis at TEMP = 27.000000 and TNOM = 27.000000

Using SPARSE 1.3 as Direct Linear Solver

No. of Data Rows : 801
fcross              =  9.10598e+05
Note: Starting dynamic gmin stepping
Warning: Dynamic gmin stepping failed
Note: Starting true gmin stepping
Note: True gmin stepping completed
pmarg               =  7.04631e+01
tdc                 =  7.92584e+01
BLOCK A TRIM  cand=2  pos=12  rsrc=430  Cwire=220p
fcross = 9.105976e+05
pmarg = 7.046306e+01
tdc = 7.925840e+01
Doing analysis at TEMP = 27.000000 and TNOM = 27.000000

Using SPARSE 1.3 as Direct Linear Solver

No. of Data Rows : 801
fcross              =  9.09991e+05
Note: Starting dynamic gmin stepping
Warning: Dynamic gmin stepping failed
Note: Starting true gmin stepping
Note: True gmin stepping completed
pmarg               =  7.04257e+01
tdc                 =  7.92584e+01
BLOCK A TRIM  cand=2  pos=12  rsrc=430  Cwire=470p
fcross = 9.099906e+05
pmarg = 7.042568e+01
tdc = 7.925840e+01
Doing analysis at TEMP = 27.000000 and TNOM = 27.000000

Using SPARSE 1.3 as Direct Linear Solver

No. of Data Rows : 801
fcross              =  9.08835e+05
Note: Starting dynamic gmin stepping
Warning: Dynamic gmin stepping failed
Note: Starting true gmin stepping
Note: True gmin stepping completed
pmarg               =  7.04364e+01
tdc                 =  7.92584e+01
BLOCK A TRIM  cand=2  pos=12  rsrc=430  Cwire=1n
fcross = 9.088348e+05
pmarg = 7.043643e+01
tdc = 7.925840e+01
Doing analysis at TEMP = 27.000000 and TNOM = 27.000000

Using SPARSE 1.3 as Direct Linear Solver

No. of Data Rows : 801
fcross              =  9.08011e+05
Note: Starting dynamic gmin stepping
Warning: Dynamic gmin stepping failed
Note: Starting true gmin stepping
Note: True gmin stepping completed
pmarg               =  7.04733e+01
tdc                 =  7.92584e+01
BLOCK A TRIM  cand=2  pos=12  rsrc=430  Cwire=2.2n
fcross = 9.080106e+05
pmarg = 7.047327e+01
tdc = 7.925840e+01
Doing analysis at TEMP = 27.000000 and TNOM = 27.000000

Using SPARSE 1.3 as Direct Linear Solver
 Reference value :  1.62181e+01
No. of Data Rows : 801
fcross              =  9.07673e+05
pmarg               =  7.04976e+01
tdc                 =  7.92584e+01
BLOCK A TRIM  cand=2  pos=12  rsrc=430  Cwire=4.7n
fcross = 9.076731e+05
pmarg = 7.049759e+01
tdc = 7.925840e+01
Note: Simulation executed from .control section 
