warning, model type mismatch in line
    q121a nmiri nmiri nme1 ls350
warning, model type mismatch in line
    q121b nhi nmiri nme2 ls350
warning, model type mismatch in line
    q121a nmiri nmiri nme1 ls350
warning, model type mismatch in line
    q121b nhi nmiri nme2 ls350

Note: No compatibility mode selected!


Circuit: tb_loop_blocka.cir - loop gain of block a, loaded as preamp_audio.py wires it since l17 (adr-023)

Doing analysis at TEMP = 27.000000 and TNOM = 27.000000

Using SPARSE 1.3 as Direct Linear Solver

No. of Data Rows : 801
fcross              =  1.01006e+06
pmarg               =  6.93637e+01
tdc                 =  7.22854e+01
BLOCK A  carico=1  rsrc=1m  Cwire=1f
fcross = 1.010063e+06
pmarg = 6.936366e+01
tdc = 7.228545e+01
Doing analysis at TEMP = 27.000000 and TNOM = 27.000000

Using SPARSE 1.3 as Direct Linear Solver

No. of Data Rows : 801
fcross              =  1.01158e+06
pmarg               =  6.91000e+01
tdc                 =  7.22854e+01
BLOCK A  carico=1  rsrc=1m  Cwire=47p
fcross = 1.011576e+06
pmarg = 6.909995e+01
tdc = 7.228545e+01
Doing analysis at TEMP = 27.000000 and TNOM = 27.000000

Using SPARSE 1.3 as Direct Linear Solver

No. of Data Rows : 801
fcross              =  1.01327e+06
pmarg               =  6.88011e+01
tdc                 =  7.22854e+01
BLOCK A  carico=1  rsrc=1m  Cwire=100p
fcross = 1.013274e+06
pmarg = 6.880107e+01
tdc = 7.228545e+01
Doing analysis at TEMP = 27.000000 and TNOM = 27.000000

Using SPARSE 1.3 as Direct Linear Solver

No. of Data Rows : 801
fcross              =  1.01708e+06
pmarg               =  6.81185e+01
tdc                 =  7.22854e+01
BLOCK A  carico=1  rsrc=1m  Cwire=220p
fcross = 1.017081e+06
pmarg = 6.811854e+01
tdc = 7.228545e+01
Doing analysis at TEMP = 27.000000 and TNOM = 27.000000

Using SPARSE 1.3 as Direct Linear Solver

No. of Data Rows : 801
fcross              =  1.02487e+06
pmarg               =  6.66705e+01
tdc                 =  7.22854e+01
BLOCK A  carico=1  rsrc=1m  Cwire=470p
fcross = 1.024872e+06
pmarg = 6.667050e+01
tdc = 7.228545e+01
Doing analysis at TEMP = 27.000000 and TNOM = 27.000000

Using SPARSE 1.3 as Direct Linear Solver

No. of Data Rows : 801
fcross              =  1.04070e+06
pmarg               =  6.34873e+01
tdc                 =  7.22854e+01
BLOCK A  carico=1  rsrc=1m  Cwire=1n
fcross = 1.040704e+06
pmarg = 6.348731e+01
tdc = 7.228545e+01
Doing analysis at TEMP = 27.000000 and TNOM = 27.000000

Using SPARSE 1.3 as Direct Linear Solver

No. of Data Rows : 801
fcross              =  1.06903e+06
pmarg               =  5.58881e+01
tdc                 =  7.22854e+01
BLOCK A  carico=1  rsrc=1m  Cwire=2.2n
fcross = 1.069031e+06
pmarg = 5.588814e+01
tdc = 7.228544e+01
Doing analysis at TEMP = 27.000000 and TNOM = 27.000000

Using SPARSE 1.3 as Direct Linear Solver

No. of Data Rows : 801
fcross              =  1.06954e+06
pmarg               =  4.10392e+01
tdc                 =  7.22854e+01
BLOCK A  carico=1  rsrc=1m  Cwire=4.7n
fcross = 1.069543e+06
pmarg = 4.103917e+01
tdc = 7.228544e+01
Doing analysis at TEMP = 27.000000 and TNOM = 27.000000

Using SPARSE 1.3 as Direct Linear Solver

No. of Data Rows : 801
fcross              =  1.01005e+06
pmarg               =  6.92431e+01
tdc                 =  7.22854e+01
BLOCK A  carico=1  rsrc=430  Cwire=1f
fcross = 1.010049e+06
pmarg = 6.924311e+01
tdc = 7.228545e+01
Doing analysis at TEMP = 27.000000 and TNOM = 27.000000

Using SPARSE 1.3 as Direct Linear Solver

No. of Data Rows : 801
fcross              =  1.01156e+06
pmarg               =  6.89792e+01
tdc                 =  7.22854e+01
BLOCK A  carico=1  rsrc=430  Cwire=47p
fcross = 1.011562e+06
pmarg = 6.897922e+01
tdc = 7.228545e+01
Doing analysis at TEMP = 27.000000 and TNOM = 27.000000

Using SPARSE 1.3 as Direct Linear Solver

No. of Data Rows : 801
fcross              =  1.01326e+06
pmarg               =  6.86801e+01
tdc                 =  7.22854e+01
BLOCK A  carico=1  rsrc=430  Cwire=100p
fcross = 1.013260e+06
pmarg = 6.868014e+01
tdc = 7.228545e+01
Doing analysis at TEMP = 27.000000 and TNOM = 27.000000

Using SPARSE 1.3 as Direct Linear Solver

No. of Data Rows : 801
fcross              =  1.01707e+06
pmarg               =  6.79972e+01
tdc                 =  7.22854e+01
BLOCK A  carico=1  rsrc=430  Cwire=220p
fcross = 1.017067e+06
pmarg = 6.799717e+01
tdc = 7.228545e+01
Doing analysis at TEMP = 27.000000 and TNOM = 27.000000

Using SPARSE 1.3 as Direct Linear Solver

No. of Data Rows : 801
fcross              =  1.02486e+06
pmarg               =  6.65482e+01
tdc                 =  7.22854e+01
BLOCK A  carico=1  rsrc=430  Cwire=470p
fcross = 1.024857e+06
pmarg = 6.654823e+01
tdc = 7.228545e+01
Doing analysis at TEMP = 27.000000 and TNOM = 27.000000

Using SPARSE 1.3 as Direct Linear Solver

No. of Data Rows : 801
fcross              =  1.04069e+06
pmarg               =  6.33632e+01
tdc                 =  7.22854e+01
BLOCK A  carico=1  rsrc=430  Cwire=1n
fcross = 1.040688e+06
pmarg = 6.336321e+01
tdc = 7.228545e+01
Doing analysis at TEMP = 27.000000 and TNOM = 27.000000

Using SPARSE 1.3 as Direct Linear Solver

No. of Data Rows : 801
fcross              =  1.06901e+06
pmarg               =  5.57608e+01
tdc                 =  7.22854e+01
BLOCK A  carico=1  rsrc=430  Cwire=2.2n
fcross = 1.069013e+06
pmarg = 5.576083e+01
tdc = 7.228544e+01
Doing analysis at TEMP = 27.000000 and TNOM = 27.000000

Using SPARSE 1.3 as Direct Linear Solver

No. of Data Rows : 801
fcross              =  1.06953e+06
pmarg               =  4.09120e+01
tdc                 =  7.22854e+01
BLOCK A  carico=1  rsrc=430  Cwire=4.7n
fcross = 1.069526e+06
pmarg = 4.091204e+01
tdc = 7.228544e+01
Doing analysis at TEMP = 27.000000 and TNOM = 27.000000

Using SPARSE 1.3 as Direct Linear Solver

No. of Data Rows : 801
fcross              =  1.00928e+06
pmarg               =  6.93729e+01
tdc                 =  7.22312e+01
BLOCK A  carico=2  rsrc=1m  Cwire=1f
fcross = 1.009280e+06
pmarg = 6.937295e+01
tdc = 7.223122e+01
Doing analysis at TEMP = 27.000000 and TNOM = 27.000000

Using SPARSE 1.3 as Direct Linear Solver

No. of Data Rows : 801
fcross              =  1.01079e+06
pmarg               =  6.91097e+01
tdc                 =  7.22312e+01
BLOCK A  carico=2  rsrc=1m  Cwire=47p
fcross = 1.010789e+06
pmarg = 6.910967e+01
tdc = 7.223122e+01
Doing analysis at TEMP = 27.000000 and TNOM = 27.000000

Using SPARSE 1.3 as Direct Linear Solver

No. of Data Rows : 801
fcross              =  1.01248e+06
pmarg               =  6.88113e+01
tdc                 =  7.22312e+01
BLOCK A  carico=2  rsrc=1m  Cwire=100p
fcross = 1.012481e+06
pmarg = 6.881129e+01
tdc = 7.223122e+01
Doing analysis at TEMP = 27.000000 and TNOM = 27.000000

Using SPARSE 1.3 as Direct Linear Solver

No. of Data Rows : 801
fcross              =  1.01628e+06
pmarg               =  6.81299e+01
tdc                 =  7.22312e+01
BLOCK A  carico=2  rsrc=1m  Cwire=220p
fcross = 1.016277e+06
pmarg = 6.812991e+01
tdc = 7.223122e+01
Doing analysis at TEMP = 27.000000 and TNOM = 27.000000

Using SPARSE 1.3 as Direct Linear Solver

No. of Data Rows : 801
fcross              =  1.02402e+06
pmarg               =  6.66849e+01
tdc                 =  7.22312e+01
BLOCK A  carico=2  rsrc=1m  Cwire=470p
fcross = 1.024022e+06
pmarg = 6.668485e+01
tdc = 7.223122e+01
Doing analysis at TEMP = 27.000000 and TNOM = 27.000000

Using SPARSE 1.3 as Direct Linear Solver

No. of Data Rows : 801
fcross              =  1.03981e+06
pmarg               =  6.35076e+01
tdc                 =  7.22312e+01
BLOCK A  carico=2  rsrc=1m  Cwire=1n
fcross = 1.039805e+06
pmarg = 6.350759e+01
tdc = 7.223122e+01
Doing analysis at TEMP = 27.000000 and TNOM = 27.000000

Using SPARSE 1.3 as Direct Linear Solver

No. of Data Rows : 801
fcross              =  1.06802e+06
pmarg               =  5.59246e+01
tdc                 =  7.22312e+01
BLOCK A  carico=2  rsrc=1m  Cwire=2.2n
fcross = 1.068021e+06
pmarg = 5.592457e+01
tdc = 7.223121e+01
Doing analysis at TEMP = 27.000000 and TNOM = 27.000000

Using SPARSE 1.3 as Direct Linear Solver

No. of Data Rows : 801
fcross              =  1.06861e+06
pmarg               =  4.11005e+01
tdc                 =  7.22312e+01
BLOCK A  carico=2  rsrc=1m  Cwire=4.7n
fcross = 1.068614e+06
pmarg = 4.110046e+01
tdc = 7.223120e+01
Doing analysis at TEMP = 27.000000 and TNOM = 27.000000

Using SPARSE 1.3 as Direct Linear Solver

No. of Data Rows : 801
fcross              =  1.00927e+06
pmarg               =  6.92525e+01
tdc                 =  7.22312e+01
BLOCK A  carico=2  rsrc=430  Cwire=1f
fcross = 1.009266e+06
pmarg = 6.925249e+01
tdc = 7.223122e+01
Doing analysis at TEMP = 27.000000 and TNOM = 27.000000

Using SPARSE 1.3 as Direct Linear Solver

No. of Data Rows : 801
fcross              =  1.01077e+06
pmarg               =  6.89890e+01
tdc                 =  7.22312e+01
BLOCK A  carico=2  rsrc=430  Cwire=47p
fcross = 1.010774e+06
pmarg = 6.898903e+01
tdc = 7.223122e+01
Doing analysis at TEMP = 27.000000 and TNOM = 27.000000

Using SPARSE 1.3 as Direct Linear Solver

No. of Data Rows : 801
fcross              =  1.01247e+06
pmarg               =  6.86904e+01
tdc                 =  7.22312e+01
BLOCK A  carico=2  rsrc=430  Cwire=100p
fcross = 1.012467e+06
pmarg = 6.869045e+01
tdc = 7.223122e+01
Doing analysis at TEMP = 27.000000 and TNOM = 27.000000

Using SPARSE 1.3 as Direct Linear Solver

No. of Data Rows : 801
fcross              =  1.01626e+06
pmarg               =  6.80086e+01
tdc                 =  7.22312e+01
BLOCK A  carico=2  rsrc=430  Cwire=220p
fcross = 1.016263e+06
pmarg = 6.800863e+01
tdc = 7.223122e+01
Doing analysis at TEMP = 27.000000 and TNOM = 27.000000

Using SPARSE 1.3 as Direct Linear Solver

No. of Data Rows : 801
fcross              =  1.02401e+06
pmarg               =  6.65627e+01
tdc                 =  7.22312e+01
BLOCK A  carico=2  rsrc=430  Cwire=470p
fcross = 1.024007e+06
pmarg = 6.656268e+01
tdc = 7.223122e+01
Doing analysis at TEMP = 27.000000 and TNOM = 27.000000

Using SPARSE 1.3 as Direct Linear Solver

No. of Data Rows : 801
fcross              =  1.03979e+06
pmarg               =  6.33836e+01
tdc                 =  7.22312e+01
BLOCK A  carico=2  rsrc=430  Cwire=1n
fcross = 1.039789e+06
pmarg = 6.338359e+01
tdc = 7.223122e+01
Doing analysis at TEMP = 27.000000 and TNOM = 27.000000

Using SPARSE 1.3 as Direct Linear Solver

No. of Data Rows : 801
fcross              =  1.06800e+06
pmarg               =  5.57974e+01
tdc                 =  7.22312e+01
BLOCK A  carico=2  rsrc=430  Cwire=2.2n
fcross = 1.068003e+06
pmarg = 5.579738e+01
tdc = 7.223121e+01
Doing analysis at TEMP = 27.000000 and TNOM = 27.000000

Using SPARSE 1.3 as Direct Linear Solver

No. of Data Rows : 801
fcross              =  1.06860e+06
pmarg               =  4.09734e+01
tdc                 =  7.22312e+01
BLOCK A  carico=2  rsrc=430  Cwire=4.7n
fcross = 1.068597e+06
pmarg = 4.097345e+01
tdc = 7.223120e+01
Note: Simulation executed from .control section 
