warning, model type mismatch in line
    q121a nmiri nmiri nme1 ls350
warning, model type mismatch in line
    q121b nhi nmiri nme2 ls350

Note: No compatibility mode selected!


Circuit: thd_10k - l46a: thd a 10000 hz, blocco b nei tre modi, livelli lo/hi; variante drv_r3.48k_cm1n

Warning: Model issue on line 122 :
  .model lsk489a njf(beta=2.2m betatce=-.5 rd=11 rs=30 lambda=4.3m vto=-1. ...
unrecognized parameter (isr) - ignored
unrecognized parameter (alpha) - ignored
unrecognized parameter (vk) - ignored
unrecognized parameter (mj) - ignored

Doing analysis at TEMP = 27.000000 and TNOM = 27.000000

Using SPARSE 1.3 as Direct Linear Solver

Initial Transient Solution
--------------------------

Node                                   Voltage
----                                   -------
nref                                  -13.6698
vminus                                     -15
ncasc                                  9.86821
nx                                     1.72153
nhi                                    13.7267
out                                 -0.0151684
fb                                  -0.0151683
vplus                                       15
nrefm                                 -14.3349
d1n                                    9.18038
g1                                 2.41015e-08
s1                                    0.062405
d2n                                    9.18089
g2                                  -0.0151683
s2                                   0.0580753
src                                  -0.165744
nte                                   -14.3753
nmiri                                  13.8067
nme1                                   14.5133
nme2                                    14.513
nve                                     14.386
ny                                    -1.66491
nvle                                  -14.3861
nbb                                   -0.95138
nbn                                    1.00524
nen                                   0.437452
nbp                                   -1.00718
nep                                  -0.467789
in                                 2.31723e-08
rg                                  -0.0151683
rg10                                -0.0151683
nd1                                    1.00723
nd2                                   -1.00806
vsn                                          0
outa                                -0.0151684
jack                                         0
vs#branch                          9.26893e-12
vmm#branch                           0.0398463
vpp#branch                          -0.0388258

 Reference value :  8.35828e-04 Reference value :  1.63467e-03
No. of Data Rows : 55051
L46A_CASO modo=0 livello=lo freq=10000 ampin=0.282843
Fourier analysis for v(vsn):
  No. Harmonics: 10, THD: 2.19588e-10 %, Gridsize: 8192, Interpolation Degree: 1, No. Periods: 1

Harmonic Frequency       Magnitude       Phase           Norm. Mag       Norm. Phase    
-------- ---------       ---------       -----           ---------       -----------    
 0       0               -6.14439055e-14 0               0               0              
 1       10000           0.2828428511    -2.56934145e-11 1               0              
 2       20000           1.499006508e-13 -101.086274     5.299785737e-13 -101.086274    
 3       30000           3.151462268e-13 -1.17590315     1.114209624e-12 -1.17590315    
 4       40000           1.236752946e-13 -79.4951747     4.372579829e-13 -79.4951747    
 5       50000           4.120738211e-13 -140.582339     1.456900252e-12 -140.582339    
 6       60000           1.332001794e-13 -97.1672644     4.709335197e-13 -97.1672644    
 7       70000           1.758415774e-13 -101.72528      6.216935542e-13 -101.72528     
 8       80000           1.346240656e-13 -94.301278      4.759677151e-13 -94.301278     
 9       90000           1.09905341e-13  -68.7371232     3.885738692e-13 -68.7371232    

Fourier analysis for v(out):
  No. Harmonics: 10, THD: 0.000526543 %, Gridsize: 8192, Interpolation Degree: 1, No. Periods: 1

Harmonic Frequency       Magnitude       Phase           Norm. Mag       Norm. Phase    
-------- ---------       ---------       -----           ---------       -----------    
 0       0               -0.0151677352   0               0               0              
 1       10000           0.2821367288    -1.13486769     1               0              
 2       20000           1.485047369e-06 150.2128876     5.26357336e-06  151.3477553    
 3       30000           3.937471619e-08 -97.2868789     1.395589875e-07 -96.1520112    
 4       40000           1.265754974e-09 80.83296547     4.486317606e-09 81.96783316    
 5       50000           3.050415604e-11 -100.599642     1.081183445e-10 -99.4647744    
 6       60000           6.912035124e-13 -86.0923636     2.449888447e-12 -84.9574959    
 7       70000           1.054344919e-12 -108.207168     3.736999871e-12 -107.0723      
 8       80000           1.071104728e-12 -93.9094238     3.796403015e-12 -92.7745561    
 9       90000           1.072451836e-12 -95.6750347     3.80117768e-12  -94.540167     

Doing analysis at TEMP = 27.000000 and TNOM = 27.000000

Using SPARSE 1.3 as Direct Linear Solver

Initial Transient Solution
--------------------------

Node                                   Voltage
----                                   -------
nref                                  -13.6698
vminus                                     -15
ncasc                                  9.86821
nx                                     1.72153
nhi                                    13.7267
out                                 -0.0151684
fb                                  -0.0151683
vplus                                       15
nrefm                                 -14.3349
d1n                                    9.18038
g1                                 2.41015e-08
s1                                    0.062405
d2n                                    9.18089
g2                                  -0.0151683
s2                                   0.0580753
src                                  -0.165744
nte                                   -14.3753
nmiri                                  13.8067
nme1                                   14.5133
nme2                                    14.513
nve                                     14.386
ny                                    -1.66491
nvle                                  -14.3861
nbb                                   -0.95138
nbn                                    1.00524
nen                                   0.437452
nbp                                   -1.00718
nep                                  -0.467789
in                                 2.31723e-08
rg                                  -0.0151683
rg10                                -0.0151683
nd1                                    1.00723
nd2                                   -1.00806
vsn                                          0
outa                                -0.0151684
jack                                         0
vs#branch                          9.26893e-12
vmm#branch                           0.0398463
vpp#branch                          -0.0388258

 Reference value :  1.76557e-04 Reference value :  9.73757e-04 Reference value :  1.68896e-03Note: Starting dynamic gmin stepping
Note: Dynamic gmin stepping completed

No. of Data Rows : 55086
L46A_CASO modo=0 livello=hi freq=10000 ampin=2.82843
Fourier analysis for v(vsn):
  No. Harmonics: 10, THD: 2.13104e-10 %, Gridsize: 8192, Interpolation Degree: 1, No. Periods: 1

Harmonic Frequency       Magnitude       Phase           Norm. Mag       Norm. Phase    
-------- ---------       ---------       -----           ---------       -----------    
 0       0               -6.70505318e-13 0               0               0              
 1       10000           2.828428511     -2.53913528e-11 1               0              
 2       20000           1.201959665e-12 -96.564054      4.249567066e-13 -96.564054     
 3       30000           4.331271747e-12 -51.6392976     1.531335061e-12 -51.6392976    
 4       40000           1.208366526e-12 -89.1113107     4.272218731e-13 -89.1113107    
 5       50000           2.624002117e-12 158.2060801     9.277243906e-13 158.2060801    
 6       60000           1.38300344e-12  -81.3717835     4.889653157e-13 -81.3717835    
 7       70000           8.768021664e-13 -133.672431     3.099962269e-13 -133.672431    
 8       80000           1.234414246e-12 -90.982687      4.36431128e-13  -90.982687     
 9       90000           1.890806866e-12 -79.5497362     6.685008507e-13 -79.5497362    

Fourier analysis for v(out):
  No. Harmonics: 10, THD: 0.00675247 %, Gridsize: 8192, Interpolation Degree: 1, No. Periods: 1

Harmonic Frequency       Magnitude       Phase           Norm. Mag       Norm. Phase    
-------- ---------       ---------       -----           ---------       -----------    
 0       0               -0.0150600878   0               0               0              
 1       10000           2.821364648     -1.13811154     1               0              
 2       20000           0.0001816245118 133.5755375     6.437470319e-05 134.7136491    
 3       30000           5.512765584e-05 -96.9888707     1.953935869e-05 -95.8507591    
 4       40000           1.599780407e-05 80.92621047     5.670236239e-06 82.064322      
 5       50000           3.450875012e-06 -100.185351     1.223122653e-06 -99.0472397    
 6       60000           5.836950527e-07 77.31578974     2.068839464e-07 78.45390127    
 7       70000           7.85110077e-08  -107.134555     2.782731674e-08 -105.996443    
 8       80000           7.481321879e-09 63.76041417     2.651667832e-09 64.89852571    
 9       90000           3.443785211e-10 -178.140654     1.220609755e-10 -177.002542    

Doing analysis at TEMP = 27.000000 and TNOM = 27.000000

Using SPARSE 1.3 as Direct Linear Solver

Initial Transient Solution
--------------------------

Node                                   Voltage
----                                   -------
nref                                  -13.6698
vminus                                     -15
ncasc                                  9.86821
nx                                      1.7151
nhi                                    13.7267
out                                 -0.0215409
fb                                   -0.015168
vplus                                       15
nrefm                                 -14.3349
d1n                                    9.18038
g1                                 2.41015e-08
s1                                   0.0624052
d2n                                    9.18089
g2                                   -0.015168
s2                                   0.0580756
src                                  -0.165744
nte                                   -14.3753
nmiri                                  13.8067
nme1                                   14.5133
nme2                                    14.513
nve                                     14.386
ny                                    -1.67134
nvle                                  -14.3861
nbb                                  -0.957812
nbn                                   0.998813
nen                                   0.431031
nbp                                   -1.01361
nep                                  -0.474207
in                                 2.31723e-08
rg                                -4.24861e-07
rg10                                 -0.015168
nd1                                     1.0008
nd2                                   -1.01449
vsn                                          0
outa                                -0.0215409
jack                                         0
vs#branch                          9.26893e-12
vmm#branch                           0.0398484
vpp#branch                          -0.0388236

 Reference value :  2.10692e-04 Reference value :  9.24252e-04 Reference value :  1.62453e-03Note: Starting dynamic gmin stepping
Note: Dynamic gmin stepping completed

No. of Data Rows : 55013
L46A_CASO modo=3 livello=lo freq=10000 ampin=0.199185
Fourier analysis for v(vsn):
  No. Harmonics: 10, THD: 2.12234e-10 %, Gridsize: 8192, Interpolation Degree: 1, No. Periods: 1

Harmonic Frequency       Magnitude       Phase           Norm. Mag       Norm. Phase    
-------- ---------       ---------       -----           ---------       -----------    
 0       0               -4.33620154e-14 0               0               0              
 1       10000           0.1991848952    -2.02501403e-11 1               0              
 2       20000           6.130262005e-14 -98.0031419     3.077674138e-13 -98.0031419    
 3       30000           2.993038072e-13 -46.6022974     1.502643094e-12 -46.6022974    
 4       40000           7.716846312e-14 -82.8192687     3.874212603e-13 -82.8192687    
 5       50000           2.160033947e-13 158.4123095     1.084436621e-12 158.4123095    
 6       60000           6.390672705e-14 -90.132893      3.208412315e-13 -90.132893     
 7       70000           4.853422852e-14 -178.658905     2.43664202e-13  -178.658905    
 8       80000           7.450479142e-14 -90.5378901     3.740484004e-13 -90.5378901    
 9       90000           1.440946935e-13 -72.4372307     7.234217905e-13 -72.4372307    

Fourier analysis for v(out):
  No. Harmonics: 10, THD: 0.000585024 %, Gridsize: 8192, Interpolation Degree: 1, No. Periods: 1

Harmonic Frequency       Magnitude       Phase           Norm. Mag       Norm. Phase    
-------- ---------       ---------       -----           ---------       -----------    
 0       0               -0.0215400132   0               0               0              
 1       10000           0.281922831     -2.31429428     1               0              
 2       20000           1.648328491e-06 137.6629862     5.846736444e-06 139.9772805    
 3       30000           5.700795096e-08 -104.403806     2.022111893e-07 -102.089512    
 4       40000           1.778018439e-09 71.22342634     6.306755763e-09 73.53772062    
 5       50000           4.232935102e-11 -112.455451     1.501451687e-10 -110.141156    
 6       60000           1.248360798e-12 -88.8979158     4.428023065e-12 -86.5836215    
 7       70000           1.829806582e-12 -100.657444     6.490451927e-12 -98.3431498    
 8       80000           2.326353019e-12 -90.7790913     8.251736868e-12 -88.464797     
 9       90000           2.083880276e-12 -90.4330282     7.391669092e-12 -88.1187339    

Doing analysis at TEMP = 27.000000 and TNOM = 27.000000

Using SPARSE 1.3 as Direct Linear Solver

Initial Transient Solution
--------------------------

Node                                   Voltage
----                                   -------
nref                                  -13.6698
vminus                                     -15
ncasc                                  9.86821
nx                                      1.7151
nhi                                    13.7267
out                                 -0.0215409
fb                                   -0.015168
vplus                                       15
nrefm                                 -14.3349
d1n                                    9.18038
g1                                 2.41015e-08
s1                                   0.0624052
d2n                                    9.18089
g2                                   -0.015168
s2                                   0.0580756
src                                  -0.165744
nte                                   -14.3753
nmiri                                  13.8067
nme1                                   14.5133
nme2                                    14.513
nve                                     14.386
ny                                    -1.67134
nvle                                  -14.3861
nbb                                  -0.957812
nbn                                   0.998813
nen                                   0.431031
nbp                                   -1.01361
nep                                  -0.474207
in                                 2.31723e-08
rg                                -4.24861e-07
rg10                                 -0.015168
nd1                                     1.0008
nd2                                   -1.01449
vsn                                          0
outa                                -0.0215409
jack                                         0
vs#branch                          9.26893e-12
vmm#branch                           0.0398484
vpp#branch                          -0.0388236

 Reference value :  6.58947e-05 Reference value :  7.41535e-04 Reference value :  1.48321e-03 Reference value :  2.19205e-03
No. of Data Rows : 55041
L46A_CASO modo=3 livello=hi freq=10000 ampin=1.99185
Fourier analysis for v(vsn):
  No. Harmonics: 10, THD: 2.1295e-10 %, Gridsize: 8192, Interpolation Degree: 1, No. Periods: 1

Harmonic Frequency       Magnitude       Phase           Norm. Mag       Norm. Phase    
-------- ---------       ---------       -----           ---------       -----------    
 0       0               -3.84425131e-13 0               0               0              
 1       10000           1.991848952     -1.95779542e-11 1               0              
 2       20000           5.694699003e-13 -104.681533     2.859001431e-13 -104.681533    
 3       30000           2.39588036e-12  15.6191469      1.202842393e-12 15.6191469     
 4       40000           7.12976349e-13  -80.7619557     3.579469962e-13 -80.7619557    
 5       50000           2.86512252e-12  -143.882936     1.43842359e-12  -143.882936    
 6       60000           4.825628218e-13 -71.2680931     2.422687832e-13 -71.2680931    
 7       70000           1.465189461e-12 -106.888319     7.355926563e-13 -106.888319    
 8       80000           7.828778497e-13 -89.5717874     3.930407721e-13 -89.5717874    
 9       90000           4.660983869e-13 3.541541151     2.340028778e-13 3.541541151    

Fourier analysis for v(out):
  No. Harmonics: 10, THD: 0.00838056 %, Gridsize: 8192, Interpolation Degree: 1, No. Periods: 1

Harmonic Frequency       Magnitude       Phase           Norm. Mag       Norm. Phase    
-------- ---------       ---------       -----           ---------       -----------    
 0       0               -0.0213881645   0               0               0              
 1       10000           2.819219169     -2.31889689     1               0              
 2       20000           0.0002213129564 119.5084581     7.850150809e-05 121.827355     
 3       30000           7.944913898e-05 -104.252007     2.818125666e-05 -101.93311     
 4       40000           2.250183345e-05 71.19911541     7.981583587e-06 73.51801231    
 5       50000           4.815716123e-06 -113.02888      1.70817373e-06  -110.709983    
 6       60000           8.132378668e-07 61.66669917     2.884620947e-07 63.98559606    
 7       70000           1.081772813e-07 -125.591611     3.837136271e-08 -123.272714    
 8       80000           1.004446073e-08 40.02510166     3.562852025e-09 42.34399855    
 9       90000           6.349673814e-10 144.7437221     2.252281016e-10 147.062619     

Doing analysis at TEMP = 27.000000 and TNOM = 27.000000

Using SPARSE 1.3 as Direct Linear Solver

Initial Transient Solution
--------------------------

Node                                   Voltage
----                                   -------
nref                                  -13.6698
vminus                                     -15
ncasc                                  9.86821
nx                                     1.68859
nhi                                    13.7268
out                                 -0.0478057
fb                                  -0.0151665
vplus                                       15
nrefm                                 -14.3349
d1n                                    9.18038
g1                                 2.41015e-08
s1                                    0.062406
d2n                                    9.18089
g2                                  -0.0151665
s2                                   0.0580768
src                                  -0.165743
nte                                   -14.3753
nmiri                                  13.8067
nme1                                   14.5133
nme2                                    14.513
nve                                     14.386
ny                                    -1.69785
nvle                                  -14.3861
nbb                                   -0.98432
nbn                                   0.972309
nen                                   0.404566
nbp                                   -1.04011
nep                                  -0.500657
in                                 2.31723e-08
rg                                 -4.2482e-07
rg10                              -1.75113e-06
nd1                                   0.974292
nd2                                     -1.041
vsn                                          0
outa                                -0.0478057
jack                                         0
vs#branch                          9.26893e-12
vmm#branch                           0.0398567
vpp#branch                          -0.0388145

 Reference value :  7.20076e-04 Reference value :  1.41544e-03 Reference value :  2.13388e-03
No. of Data Rows : 55009
L46A_CASO modo=10 livello=lo freq=10000 ampin=0.0897344
Fourier analysis for v(vsn):
  No. Harmonics: 10, THD: 2.24087e-10 %, Gridsize: 8192, Interpolation Degree: 1, No. Periods: 1

Harmonic Frequency       Magnitude       Phase           Norm. Mag       Norm. Phase    
-------- ---------       ---------       -----           ---------       -----------    
 0       0               -1.98612828e-14 0               0               0              
 1       10000           0.08973435277   -2.57922692e-11 1               0              
 2       20000           4.566030484e-14 -93.9664623     5.088386268e-13 -93.9664623    
 3       30000           9.516117685e-14 6.890581481     1.06047655e-12  6.890581481    
 4       40000           3.3206641e-14   -89.0219401     3.700549453e-13 -89.0219401    
 5       50000           1.385183695e-13 -136.177709     1.543649285e-12 -136.177709    
 6       60000           4.152978319e-14 -91.3377992     4.628080763e-13 -91.3377992    
 7       70000           6.80467274e-14  -99.5408464     7.583130128e-13 -99.5408464    
 8       80000           4.762022681e-14 -85.5438326     5.306800054e-13 -85.5438326    
 9       90000           1.952352653e-14 -51.2143446     2.175702607e-13 -51.2143446    

Fourier analysis for v(out):
  No. Harmonics: 10, THD: 0.00088401 %, Gridsize: 8192, Interpolation Degree: 1, No. Periods: 1

Harmonic Frequency       Magnitude       Phase           Norm. Mag       Norm. Phase    
-------- ---------       ---------       -----           ---------       -----------    
 0       0               -0.0478036791   0               0               0              
 1       10000           0.2809636098    -5.3071906      1               0              
 2       20000           2.480587859e-06 105.4399386     8.828858158e-06 110.7471292    
 3       30000           1.251474326e-07 -122.444705     4.45422212e-07  -117.137514    
 4       40000           3.749052842e-09 47.15349013     1.334355308e-08 52.46068073    
 5       50000           8.86610845e-11  -139.071086     3.155607395e-10 -133.763895    
 6       60000           7.436865668e-12 -81.7092212     2.646914194e-11 -76.4020306    
 7       70000           7.969129682e-12 -93.7940811     2.836356526e-11 -88.4868905    
 8       80000           8.115254167e-12 -92.0668778     2.888364857e-11 -86.7596872    
 9       90000           7.94180359e-12  -91.7819358     2.826630678e-11 -86.4747452    

Doing analysis at TEMP = 27.000000 and TNOM = 27.000000

Using SPARSE 1.3 as Direct Linear Solver

Initial Transient Solution
--------------------------

Node                                   Voltage
----                                   -------
nref                                  -13.6698
vminus                                     -15
ncasc                                  9.86821
nx                                     1.68859
nhi                                    13.7268
out                                 -0.0478057
fb                                  -0.0151665
vplus                                       15
nrefm                                 -14.3349
d1n                                    9.18038
g1                                 2.41015e-08
s1                                    0.062406
d2n                                    9.18089
g2                                  -0.0151665
s2                                   0.0580768
src                                  -0.165743
nte                                   -14.3753
nmiri                                  13.8067
nme1                                   14.5133
nme2                                    14.513
nve                                     14.386
ny                                    -1.69785
nvle                                  -14.3861
nbb                                   -0.98432
nbn                                   0.972309
nen                                   0.404566
nbp                                   -1.04011
nep                                  -0.500657
in                                 2.31723e-08
rg                                 -4.2482e-07
rg10                              -1.75113e-06
nd1                                   0.974292
nd2                                     -1.041
vsn                                          0
outa                                -0.0478057
jack                                         0
vs#branch                          9.26893e-12
vmm#branch                           0.0398567
vpp#branch                          -0.0388145

 Reference value :  5.78014e-04 Reference value :  1.28073e-03 Reference value :  1.99437e-03
No. of Data Rows : 55013
L46A_CASO modo=10 livello=hi freq=10000 ampin=0.897344
Fourier analysis for v(vsn):
  No. Harmonics: 10, THD: 1.91474e-10 %, Gridsize: 8192, Interpolation Degree: 1, No. Periods: 1

Harmonic Frequency       Magnitude       Phase           Norm. Mag       Norm. Phase    
-------- ---------       ---------       -----           ---------       -----------    
 0       0               -1.21317886e-13 0               0               0              
 1       10000           0.8973435277    -1.79065069e-11 1               0              
 2       20000           3.238896702e-13 -89.1984855     3.60942783e-13  -89.1984855    
 3       30000           1.282453165e-12 -68.4231257     1.429166339e-12 -68.4231257    
 4       40000           3.14479781e-13  -82.621735      3.504563986e-13 -82.621735     
 5       50000           7.833261297e-13 128.4379329     8.729389644e-13 128.4379329    
 6       60000           2.968335411e-13 -92.9655272     3.307914215e-13 -92.9655272    
 7       70000           1.548362181e-13 -35.1820632     1.725495458e-13 -35.1820632    
 8       80000           3.088438822e-13 -92.4394543     3.441757506e-13 -92.4394543    
 9       90000           5.315751812e-13 -99.2620847     5.923876028e-13 -99.2620847    

Fourier analysis for v(out):
  No. Harmonics: 10, THD: 0.0158511 %, Gridsize: 8192, Interpolation Degree: 1, No. Periods: 1

Harmonic Frequency       Magnitude       Phase           Norm. Mag       Norm. Phase    
-------- ---------       ---------       -----           ---------       -----------    
 0       0               -0.0474684526   0               0               0              
 1       10000           2.809588051     -5.31731287     1               0              
 2       20000           0.0004073061457 89.97484548     0.0001449700591 95.29215835    
 3       30000           0.0001734675452 -122.478457     6.174127382e-05 -117.161144    
 4       40000           4.741697578e-05 46.95383531     1.687684277e-05 52.27114818    
 5       50000           9.866783472e-06 -143.541555     3.511825682e-06 -138.224242    
 6       60000           1.608668016e-06 24.64926754     5.725636597e-07 29.96658041    
 7       70000           2.029374848e-07 -170.834599     7.223033454e-08 -165.517286    
 8       80000           1.785428243e-08 -22.2967449     6.35476878e-09  -16.979432     
 9       90000           2.329961035e-09 71.30809986     8.292892028e-10 76.62541273    

Note: Simulation executed from .control section 
