warning, model type mismatch in line
    q121a nmiri nmiri nme1 ls350
warning, model type mismatch in line
    q121b nhi nmiri nme2 ls350

Note: No compatibility mode selected!


Circuit: tb_zout_psrr_noise__b0_r169.cir - l40 esplorazione da tb_zout_psrr_noise.cir, rg0l40 fb 0 7.87k; alter r138 = 6.49k; alter c137 = 220p

Warning: Model issue on line 122 :
  .model lsk489a njf(beta=2.2m betatce=-.5 rd=11 rs=30 lambda=4.3m vto=-1. ...
unrecognized parameter (isr) - ignored
unrecognized parameter (alpha) - ignored
unrecognized parameter (vk) - ignored
unrecognized parameter (mj) - ignored

 Resistor: Simple linear resistor
     device                  r138
      model                     R
 resistance                  6490

 Capacitor: Fixed capacitor
     device                  c137
      model                     C
capacitance               2.2e-10

 Resistor: Simple linear resistor
     device                rg0l40
      model                     R
 resistance                  7870

########## Zout at the jack, load removed, both gain modes ##########
Doing analysis at TEMP = 27.000000 and TNOM = 27.000000

Using SPARSE 1.3 as Direct Linear Solver

No. of Data Rows : 81
z20                 =  1.69338e+03
z1k                 =  5.79361e+01
z20k                =  4.70384e+01
za20                =  2.72887e-02
za1k                =  3.17566e-02
za20k               =  3.26080e-01
za100k              =  1.62402e+00
MODE=0db
z20 = 1.693378e+03
z1k = 5.793612e+01
z20k = 4.703836e+01
za20 = 2.728874e-02
za1k = 3.175655e-02
za20k = 3.260798e-01
za100k = 1.624024e+00
Doing analysis at TEMP = 27.000000 and TNOM = 27.000000

Using SPARSE 1.3 as Direct Linear Solver

No. of Data Rows : 81
z20                 =  1.69338e+03
z1k                 =  5.79386e+01
z20k                =  4.70473e+01
za20                =  3.25851e-02
za1k                =  3.79200e-02
za20k               =  3.89102e-01
za100k              =  1.90771e+00
MODE=3db
z20 = 1.693378e+03
z1k = 5.793860e+01
z20k = 4.704728e+01
za20 = 3.258505e-02
za1k = 3.792001e-02
za20k = 3.891021e-01
za100k = 1.907712e+00
Doing analysis at TEMP = 27.000000 and TNOM = 27.000000

Using SPARSE 1.3 as Direct Linear Solver

No. of Data Rows : 81
z20                 =  1.69338e+03
z1k                 =  5.79573e+01
z20k                =  4.71311e+01
za20                =  7.22630e-02
za1k                =  8.40946e-02
za20k               =  8.59969e-01
za100k              =  3.91706e+00
MODE=10db
z20 = 1.693379e+03
z1k = 5.795726e+01
z20k = 4.713112e+01
za20 = 7.226304e-02
za1k = 8.409461e-02
za20k = 8.599687e-01
za100k = 3.917061e+00
########## PSRR (input source silenced) ##########
Doing analysis at TEMP = 27.000000 and TNOM = 27.000000

Using SPARSE 1.3 as Direct Linear Solver

No. of Data Rows : 81
p100                =  7.65048e+01
p1k                 =  5.79504e+01
p10k                =  3.79680e+01
p100k               =  1.80053e+01
PSRR+ MODE=0db (dB, bigger is better)
p100 = 7.650479e+01
p1k = 5.795044e+01
p10k = 3.796800e+01
p100k = 1.800533e+01
Doing analysis at TEMP = 27.000000 and TNOM = 27.000000

Using SPARSE 1.3 as Direct Linear Solver

No. of Data Rows : 81
p100                =  7.49642e+01
p1k                 =  5.64097e+01
p10k                =  3.64287e+01
p100k               =  1.66069e+01
PSRR+ MODE=3db (dB, bigger is better)
p100 = 7.496420e+01
p1k = 5.640970e+01
p10k = 3.642874e+01
p100k = 1.660688e+01
Doing analysis at TEMP = 27.000000 and TNOM = 27.000000

Using SPARSE 1.3 as Direct Linear Solver

No. of Data Rows : 81
p100                =  6.80472e+01
p1k                 =  4.94914e+01
p10k                =  2.95179e+01
p100k               =  1.03578e+01
PSRR+ MODE=10db (dB, bigger is better)
p100 = 6.804721e+01
p1k = 4.949142e+01
p10k = 2.951791e+01
p100k = 1.035778e+01
########## PSRR from V- ##########
Doing analysis at TEMP = 27.000000 and TNOM = 27.000000

Using SPARSE 1.3 as Direct Linear Solver

No. of Data Rows : 81
p100                =  8.17069e+01
p1k                 =  9.39097e+01
p10k                =  8.81177e+01
p100k               =  6.06926e+01
PSRR- MODE=0db (dB, bigger is better)
p100 = 8.170688e+01
p1k = 9.390968e+01
p10k = 8.811770e+01
p100k = 6.069256e+01
Doing analysis at TEMP = 27.000000 and TNOM = 27.000000

Using SPARSE 1.3 as Direct Linear Solver

No. of Data Rows : 81
p100                =  8.01659e+01
p1k                 =  9.23662e+01
p10k                =  8.65760e+01
p100k               =  5.92926e+01
PSRR- MODE=3db (dB, bigger is better)
p100 = 8.016593e+01
p1k = 9.236619e+01
p10k = 8.657599e+01
p100k = 5.929257e+01
Doing analysis at TEMP = 27.000000 and TNOM = 27.000000

Using SPARSE 1.3 as Direct Linear Solver

No. of Data Rows : 81
p100                =  7.32461e+01
p1k                 =  8.54286e+01
p10k                =  7.96503e+01
p100k               =  5.30343e+01
PSRR- MODE=10db (dB, bigger is better)
p100 = 7.324614e+01
p1k = 8.542860e+01
p10k = 7.965030e+01
p100k = 5.303432e+01
########## output noise 20 Hz - 20 kHz ##########
Doing analysis at TEMP = 27.000000 and TNOM = 27.000000

Using SPARSE 1.3 as Direct Linear Solver

No. of Data Rows : 151

No. of Data Rows : 1
MODE=0db  RSRC=430 (phono cathode follower)
onoise_total = 1.429099e-06
inoise_total = 1.201872e-06
Doing analysis at TEMP = 27.000000 and TNOM = 27.000000

Using SPARSE 1.3 as Direct Linear Solver

No. of Data Rows : 151

No. of Data Rows : 1
MODE=3db  RSRC=430 (phono cathode follower)
onoise_total = 1.663588e-06
inoise_total = 1.171945e-06
Doing analysis at TEMP = 27.000000 and TNOM = 27.000000

Using SPARSE 1.3 as Direct Linear Solver

No. of Data Rows : 151

No. of Data Rows : 1
MODE=10db  RSRC=430 (phono cathode follower)
onoise_total = 3.409084e-06
inoise_total = 1.084181e-06
Doing analysis at TEMP = 27.000000 and TNOM = 27.000000

Using SPARSE 1.3 as Direct Linear Solver

No. of Data Rows : 151

No. of Data Rows : 1
RRG=1G  RSRC=1 ohm (intrinsic)
onoise_total = 1.356964e-06
inoise_total = 1.140718e-06
Doing analysis at TEMP = 27.000000 and TNOM = 27.000000

Using SPARSE 1.3 as Direct Linear Solver

No. of Data Rows : 151

No. of Data Rows : 1
RRG=0.1  RSRC=2500 (attenuator at mid-rotation, +10 dB) - WORST CASE
onoise_total = 4.288028e-06
inoise_total = 1.366524e-06
Note: Simulation executed from .control section 
