
Note: No compatibility mode selected!


Circuit: tb_e3_e5_ldr.cir - l44, variante specchio_fc100 (modelli da inc/specchio_fc100_modelli.lib)

Warning: Model issue on line 122 :
  .model lsk489a njf(beta=2.2m betatce=-.5 rd=11 rs=30 lambda=4.3m vto=-1. ...
unrecognized parameter (isr) - ignored
unrecognized parameter (alpha) - ignored
unrecognized parameter (vk) - ignored
unrecognized parameter (mj) - ignored

Doing analysis at TEMP = 27.000000 and TNOM = 27.000000

Using SPARSE 1.3 as Direct Linear Solver

No. of Data Rows : 1
punto di lavoro: serie curva B a 20 mA = 88.3219 ohm (atteso 88,3 dalla tabella)
Doing analysis at TEMP = 27.000000 and TNOM = 27.000000

Using SPARSE 1.3 as Direct Linear Solver

No. of Data Rows : 1
Doing analysis at TEMP = 27.000000 and TNOM = 27.000000

Using SPARSE 1.3 as Direct Linear Solver

No. of Data Rows : 151
zmin                =  7.63420e+05 at=  1.90999e+04
z20                 =  9.97593e+05
z1k                 =  9.96567e+05
z20k                =  7.49312e+05
E3 stato=gioco pos=0 csel=1f
zmin = 7.634200e+05
Doing analysis at TEMP = 27.000000 and TNOM = 27.000000

Using SPARSE 1.3 as Direct Linear Solver

No. of Data Rows : 1
Doing analysis at TEMP = 27.000000 and TNOM = 27.000000

Using SPARSE 1.3 as Direct Linear Solver

No. of Data Rows : 151
zmin                =  2.77558e+05 at=  1.90999e+04
z20                 =  9.97587e+05
z1k                 =  9.81520e+05
z20k                =  2.66064e+05
E3 stato=gioco pos=0 csel=22p
zmin = 2.775577e+05
Doing analysis at TEMP = 27.000000 and TNOM = 27.000000

Using SPARSE 1.3 as Direct Linear Solver

No. of Data Rows : 1
Doing analysis at TEMP = 27.000000 and TNOM = 27.000000

Using SPARSE 1.3 as Direct Linear Solver

No. of Data Rows : 151
zmin                =  1.10713e+05 at=  1.90999e+04
z20                 =  9.97550e+05
z1k                 =  9.02936e+05
z20k                =  1.05801e+05
E3 stato=gioco pos=0 csel=68p
zmin = 1.107130e+05
Doing analysis at TEMP = 27.000000 and TNOM = 27.000000

Using SPARSE 1.3 as Direct Linear Solver

No. of Data Rows : 1
Doing analysis at TEMP = 27.000000 and TNOM = 27.000000

Using SPARSE 1.3 as Direct Linear Solver

No. of Data Rows : 151
zmin                =  7.63419e+05 at=  1.90999e+04
z20                 =  9.97593e+05
z1k                 =  9.96567e+05
z20k                =  7.49311e+05
E3 stato=gioco pos=6 csel=1f
zmin = 7.634190e+05
Doing analysis at TEMP = 27.000000 and TNOM = 27.000000

Using SPARSE 1.3 as Direct Linear Solver

No. of Data Rows : 1
Doing analysis at TEMP = 27.000000 and TNOM = 27.000000

Using SPARSE 1.3 as Direct Linear Solver

No. of Data Rows : 151
zmin                =  2.77558e+05 at=  1.90999e+04
z20                 =  9.97587e+05
z1k                 =  9.81520e+05
z20k                =  2.66064e+05
E3 stato=gioco pos=6 csel=22p
zmin = 2.775576e+05
Doing analysis at TEMP = 27.000000 and TNOM = 27.000000

Using SPARSE 1.3 as Direct Linear Solver

No. of Data Rows : 1
Doing analysis at TEMP = 27.000000 and TNOM = 27.000000

Using SPARSE 1.3 as Direct Linear Solver

No. of Data Rows : 151
zmin                =  1.10713e+05 at=  1.90999e+04
z20                 =  9.97550e+05
z1k                 =  9.02936e+05
z20k                =  1.05801e+05
E3 stato=gioco pos=6 csel=68p
zmin = 1.107130e+05
Doing analysis at TEMP = 27.000000 and TNOM = 27.000000

Using SPARSE 1.3 as Direct Linear Solver

No. of Data Rows : 1
Doing analysis at TEMP = 27.000000 and TNOM = 27.000000

Using SPARSE 1.3 as Direct Linear Solver

No. of Data Rows : 151
zmin                =  7.63419e+05 at=  1.90999e+04
z20                 =  9.97593e+05
z1k                 =  9.96567e+05
z20k                =  7.49311e+05
E3 stato=gioco pos=12 csel=1f
zmin = 7.634188e+05
Doing analysis at TEMP = 27.000000 and TNOM = 27.000000

Using SPARSE 1.3 as Direct Linear Solver

No. of Data Rows : 1
Doing analysis at TEMP = 27.000000 and TNOM = 27.000000

Using SPARSE 1.3 as Direct Linear Solver

No. of Data Rows : 151
zmin                =  2.77558e+05 at=  1.90999e+04
z20                 =  9.97587e+05
z1k                 =  9.81520e+05
z20k                =  2.66064e+05
E3 stato=gioco pos=12 csel=22p
zmin = 2.775576e+05
Doing analysis at TEMP = 27.000000 and TNOM = 27.000000

Using SPARSE 1.3 as Direct Linear Solver

No. of Data Rows : 1
Doing analysis at TEMP = 27.000000 and TNOM = 27.000000

Using SPARSE 1.3 as Direct Linear Solver

No. of Data Rows : 151
zmin                =  1.10713e+05 at=  1.90999e+04
z20                 =  9.97550e+05
z1k                 =  9.02936e+05
z20k                =  1.05801e+05
E3 stato=gioco pos=12 csel=68p
zmin = 1.107130e+05
Doing analysis at TEMP = 27.000000 and TNOM = 27.000000

Using SPARSE 1.3 as Direct Linear Solver

No. of Data Rows : 1
Doing analysis at TEMP = 27.000000 and TNOM = 27.000000

Using SPARSE 1.3 as Direct Linear Solver

No. of Data Rows : 151
zmin                =  1.55055e+06 at=  1.90999e+04
z20                 =  3.85423e+08
z1k                 =  2.88561e+07
z20k                =  1.48324e+06
E3 stato=mute pos=0 csel=1f
zmin = 1.550553e+06
Doing analysis at TEMP = 27.000000 and TNOM = 27.000000

Using SPARSE 1.3 as Direct Linear Solver

No. of Data Rows : 1
Doing analysis at TEMP = 27.000000 and TNOM = 27.000000

Using SPARSE 1.3 as Direct Linear Solver

No. of Data Rows : 151
zmin                =  3.04464e+05 at=  1.90999e+04
z20                 =  2.34429e+08
z1k                 =  5.78751e+06
z20k                =  2.90858e+05
E3 stato=mute pos=0 csel=22p
zmin = 3.044640e+05
Doing analysis at TEMP = 27.000000 and TNOM = 27.000000

Using SPARSE 1.3 as Direct Linear Solver

No. of Data Rows : 1
Doing analysis at TEMP = 27.000000 and TNOM = 27.000000

Using SPARSE 1.3 as Direct Linear Solver

No. of Data Rows : 151
zmin                =  1.13575e+05 at=  1.90999e+04
z20                 =  1.04506e+08
z1k                 =  2.16558e+06
z20k                =  1.08477e+05
E3 stato=mute pos=0 csel=68p
zmin = 1.135751e+05
Doing analysis at TEMP = 27.000000 and TNOM = 27.000000

Using SPARSE 1.3 as Direct Linear Solver

No. of Data Rows : 1
Doing analysis at TEMP = 27.000000 and TNOM = 27.000000

Using SPARSE 1.3 as Direct Linear Solver

No. of Data Rows : 151
zmin                =  1.55055e+06 at=  1.90999e+04
z20                 =  3.85423e+08
z1k                 =  2.88561e+07
z20k                =  1.48324e+06
E3 stato=mute pos=6 csel=1f
zmin = 1.550553e+06
Doing analysis at TEMP = 27.000000 and TNOM = 27.000000

Using SPARSE 1.3 as Direct Linear Solver

No. of Data Rows : 1
Doing analysis at TEMP = 27.000000 and TNOM = 27.000000

Using SPARSE 1.3 as Direct Linear Solver

No. of Data Rows : 151
zmin                =  3.04464e+05 at=  1.90999e+04
z20                 =  2.34429e+08
z1k                 =  5.78751e+06
z20k                =  2.90858e+05
E3 stato=mute pos=6 csel=22p
zmin = 3.044640e+05
Doing analysis at TEMP = 27.000000 and TNOM = 27.000000

Using SPARSE 1.3 as Direct Linear Solver

No. of Data Rows : 1
Doing analysis at TEMP = 27.000000 and TNOM = 27.000000

Using SPARSE 1.3 as Direct Linear Solver

No. of Data Rows : 151
zmin                =  1.13575e+05 at=  1.90999e+04
z20                 =  1.04506e+08
z1k                 =  2.16558e+06
z20k                =  1.08477e+05
E3 stato=mute pos=6 csel=68p
zmin = 1.135751e+05
Doing analysis at TEMP = 27.000000 and TNOM = 27.000000

Using SPARSE 1.3 as Direct Linear Solver

No. of Data Rows : 1
Doing analysis at TEMP = 27.000000 and TNOM = 27.000000

Using SPARSE 1.3 as Direct Linear Solver

No. of Data Rows : 151
zmin                =  1.55055e+06 at=  1.90999e+04
z20                 =  3.85423e+08
z1k                 =  2.88561e+07
z20k                =  1.48324e+06
E3 stato=mute pos=12 csel=1f
zmin = 1.550553e+06
Doing analysis at TEMP = 27.000000 and TNOM = 27.000000

Using SPARSE 1.3 as Direct Linear Solver

No. of Data Rows : 1
Doing analysis at TEMP = 27.000000 and TNOM = 27.000000

Using SPARSE 1.3 as Direct Linear Solver

No. of Data Rows : 151
zmin                =  3.04464e+05 at=  1.90999e+04
z20                 =  2.34429e+08
z1k                 =  5.78751e+06
z20k                =  2.90858e+05
E3 stato=mute pos=12 csel=22p
zmin = 3.044640e+05
Doing analysis at TEMP = 27.000000 and TNOM = 27.000000

Using SPARSE 1.3 as Direct Linear Solver

No. of Data Rows : 1
Doing analysis at TEMP = 27.000000 and TNOM = 27.000000

Using SPARSE 1.3 as Direct Linear Solver

No. of Data Rows : 151
zmin                =  1.13575e+05 at=  1.90999e+04
z20                 =  1.04506e+08
z1k                 =  2.16558e+06
z20Note: Starting dynamic gmin stepping
Note: Dynamic gmin stepping completed
Note: Starting dynamic gmin stepping
Note: Dynamic gmin stepping completed
Note: Starting dynamic gmin stepping
Note: Dynamic gmin stepping completed
Note: Starting dynamic gmin stepping
Note: Dynamic gmin stepping completed
Note: Starting dynamic gmin stepping
Note: Dynamic gmin stepping completed
Note: Starting dynamic gmin stepping
Note: Dynamic gmin stepping completed
k                =  1.08477e+05
E3 stato=mute pos=12 csel=68p
zmin = 1.135751e+05
Doing analysis at TEMP = 27.000000 and TNOM = 27.000000

Using SPARSE 1.3 as Direct Linear Solver

No. of Data Rows : 1
Doing analysis at TEMP = 27.000000 and TNOM = 27.000000

Using SPARSE 1.3 as Direct Linear Solver

No. of Data Rows : 151
zmin                =  2.00226e+06 at=  1.90999e+04
z20                 =  4.48731e+06
z1k                 =  4.45748e+06
z20k                =  1.93703e+06
E3 stato=meta pos=0 csel=1f
zmin = 2.002259e+06
Doing analysis at TEMP = 27.000000 and TNOM = 27.000000

Using SPARSE 1.3 as Direct Linear Solver

No. of Data Rows : 1
Doing analysis at TEMP = 27.000000 and TNOM = 27.000000

Using SPARSE 1.3 as Direct Linear Solver

No. of Data Rows : 151
zmin                =  3.24851e+05 at=  1.90999e+04
z20                 =  4.48684e+06
z1k                 =  3.62487e+06
z20k                =  3.10471e+05
E3 stato=meta pos=0 csel=22p
zmin = 3.248512e+05
Doing analysis at TEMP = 27.000000 and TNOM = 27.000000

Using SPARSE 1.3 as Direct Linear Solver

No. of Data Rows : 1
Doing analysis at TEMP = 27.000000 and TNOM = 27.000000

Using SPARSE 1.3 as Direct Linear Solver

No. of Data Rows : 151
zmin                =  1.16391e+05 at=  1.90999e+04
z20                 =  4.48364e+06
z1k                 =  1.98630e+06
z20k                =  1.11177e+05
E3 stato=meta pos=0 csel=68p
zmin = 1.163911e+05
Doing analysis at TEMP = 27.000000 and TNOM = 27.000000

Using SPARSE 1.3 as Direct Linear Solver

No. of Data Rows : 1
Doing analysis at TEMP = 27.000000 and TNOM = 27.000000

Using SPARSE 1.3 as Direct Linear Solver

No. of Data Rows : 151
zmin                =  2.00226e+06 at=  1.90999e+04
z20                 =  4.48731e+06
z1k                 =  4.45748e+06
z20k                =  1.93703e+06
E3 stato=meta pos=6 csel=1f
zmin = 2.002258e+06
Doing analysis at TEMP = 27.000000 and TNOM = 27.000000

Using SPARSE 1.3 as Direct Linear Solver

No. of Data Rows : 1
Doing analysis at TEMP = 27.000000 and TNOM = 27.000000

Using SPARSE 1.3 as Direct Linear Solver

No. of Data Rows : 151
zmin                =  3.24851e+05 at=  1.90999e+04
z20                 =  4.48684e+06
z1k                 =  3.62487e+06
z20k                =  3.10471e+05
E3 stato=meta pos=6 csel=22p
zmin = 3.248512e+05
Doing analysis at TEMP = 27.000000 and TNOM = 27.000000

Using SPARSE 1.3 as Direct Linear Solver

No. of Data Rows : 1
Doing analysis at TEMP = 27.000000 and TNOM = 27.000000

Using SPARSE 1.3 as Direct Linear Solver

No. of Data Rows : 151
zmin                =  1.16391e+05 at=  1.90999e+04
z20                 =  4.48364e+06
z1k                 =  1.98630e+06
z20k                =  1.11177e+05
E3 stato=meta pos=6 csel=68p
zmin = 1.163911e+05
Doing analysis at TEMP = 27.000000 and TNOM = 27.000000

Using SPARSE 1.3 as Direct Linear Solver

No. of Data Rows : 1
Doing analysis at TEMP = 27.000000 and TNOM = 27.000000

Using SPARSE 1.3 as Direct Linear Solver

No. of Data Rows : 151
zmin                =  2.00226e+06 at=  1.90999e+04
z20                 =  4.48731e+06
z1k                 =  4.45748e+06
z20k                =  1.93703e+06
E3 stato=meta pos=12 csel=1f
zmin = 2.002258e+06
Doing analysis at TEMP = 27.000000 and TNOM = 27.000000

Using SPARSE 1.3 as Direct Linear Solver

No. of Data Rows : 1
Doing analysis at TEMP = 27.000000 and TNOM = 27.000000

Using SPARSE 1.3 as Direct Linear Solver

No. of Data Rows : 151
zmin                =  3.24851e+05 at=  1.90999e+04
z20                 =  4.48684e+06
z1k                 =  3.62487e+06
z20k                =  3.10471e+05
E3 stato=meta pos=12 csel=22p
zmin = 3.248512e+05
Doing analysis at TEMP = 27.000000 and TNOM = 27.000000

Using SPARSE 1.3 as Direct Linear Solver

No. of Data Rows : 1
Doing analysis at TEMP = 27.000000 and TNOM = 27.000000

Using SPARSE 1.3 as Direct Linear Solver

No. of Data Rows : 151
zmin                =  1.16391e+05 at=  1.90999e+04
z20                 =  4.48364e+06
z1k                 =  1.98630e+06
z20k                =  1.11177e+05
E3 stato=meta pos=12 csel=68p
zmin = 1.163911e+05
Doing analysis at TEMP = 27.000000 and TNOM = 27.000000

Using SPARSE 1.3 as Direct Linear Solver

No. of Data Rows : 151

No. of Data Rows : 1
E5 ldr=nessuna pos=0 mode=0db att=max rsrc=1.5
onu = 1.669425e+00
Doing analysis at TEMP = 27.000000 and TNOM = 27.000000

Using SPARSE 1.3 as Direct Linear Solver

No. of Data Rows : 151

No. of Data Rows : 1
E5 ldr=nessuna pos=0 mode=0db att=max rsrc=430
onu = 1.711315e+00
Doing analysis at TEMP = 27.000000 and TNOM = 27.000000

Using SPARSE 1.3 as Direct Linear Solver

No. of Data Rows : 151

No. of Data Rows : 1
E5 ldr=nessuna pos=0 mode=0db att=mid rsrc=1.5
onu = 1.603353e+00
Doing analysis at TEMP = 27.000000 and TNOM = 27.000000

Using SPARSE 1.3 as Direct Linear Solver

No. of Data Rows : 151

No. of Data Rows : 1
E5 ldr=nessuna pos=0 mode=0db att=mid rsrc=430
onu = 1.614302e+00
Doing analysis at TEMP = 27.000000 and TNOM = 27.000000

Using SPARSE 1.3 as Direct Linear Solver

No. of Data Rows : 151

No. of Data Rows : 1
E5 ldr=nessuna pos=0 mode=3db att=max rsrc=1.5
onu = 2.302637e+00
Doing analysis at TEMP = 27.000000 and TNOM = 27.000000

Using SPARSE 1.3 as Direct Linear Solver

No. of Data Rows : 151

No. of Data Rows : 1
E5 ldr=nessuna pos=0 mode=3db att=max rsrc=430
onu = 2.363753e+00
Doing analysis at TEMP = 27.000000 and TNOM = 27.000000

Using SPARSE 1.3 as Direct Linear Solver

No. of Data Rows : 151

No. of Data Rows : 1
E5 ldr=nessuna pos=0 mode=3db att=mid rsrc=1.5
onu = 2.206055e+00
Doing analysis at TEMP = 27.000000 and TNOM = 27.000000

Using SPARSE 1.3 as Direct Linear Solver

No. of Data Rows : 151

No. of Data Rows : 1
E5 ldr=nessuna pos=0 mode=3db att=mid rsrc=430
onu = 2.222076e+00
Doing analysis at TEMP = 27.000000 and TNOM = 27.000000

Using SPARSE 1.3 as Direct Linear Solver

No. of Data Rows : 151

No. of Data Rows : 1
E5 ldr=nessuna pos=0 mode=10db att=max rsrc=1.5
onu = 4.905875e+00
Doing analysis at TEMP = 27.000000 and TNOM = 27.000000

Using SPARSE 1.3 as Direct Linear Solver

No. of Data Rows : 151

No. of Data Rows : 1
E5 ldr=nessuna pos=0 mode=10db att=max rsrc=430
onu = 5.046521e+00
Doing analysis at TEMP = 27.000000 and TNOM = 27.000000

Using SPARSE 1.3 as Direct Linear Solver

No. of Data Rows : 151

No. of Data Rows : 1
E5 ldr=nessuna pos=0 mode=10db att=mid rsrc=1.5
onu = 4.682994e+00
Doing analysis at TEMP = 27.000000 and TNOM = 27.000000

Using SPARSE 1.3 as Direct Linear Solver

No. of Data Rows : 151

No. of Data Rows : 1
E5 ldr=nessuna pos=0 mode=10db att=mid rsrc=430
onu = 4.720025e+00
Doing analysis at TEMP = 27.000000 and TNOM = 27.000000

Using SPARSE 1.3 as Direct Linear Solver

No. of Data Rows : 151

No. of Data Rows : 1
E5 ldr=nessuna pos=6 mode=0db att=max rsrc=1.5
onu = 1.374456e+00
Doing analysis at TEMP = 27.000000 and TNOM = 27.000000

Using SPARSE 1.3 as Direct Linear Solver

No. of Data Rows : 151

No. of Data Rows : 1
E5 ldr=nessuna pos=6 mode=0db att=max rsrc=430
onu = 1.387327e+00
Doing analysis at TEMP = 27.000000 and TNOM = 27.000000

Using SPARSE 1.3 as Direct Linear Solver

No. of Data Rows : 151
 Reference value :  2.00000e+04
No. of Data Rows : 1
E5 ldr=nessuna pos=6 mode=0db att=mid rsrc=1.5
onu = 1.532144e+00
Doing analysis at TEMP = 27.000000 and TNOM = 27.000000

Using SPARSE 1.3 as Direct Linear Solver

No. of Data Rows : 151

No. of Data Rows : 1
E5 ldr=nessuna pos=6 mode=0db att=mid rsrc=430
onu = 1.535029e+00
Doing analysis at TEMP = 27.000000 and TNOM = 27.000000

Using SPARSE 1.3 as Direct Linear Solver

No. of Data Rows : 151

No. of Data Rows : 1
E5 ldr=nessuna pos=6 mode=3db att=max rsrc=1.5
onu = 1.869232e+00
Doing analysis at TEMP = 27.000000 and TNOM = 27.000000

Using SPARSE 1.3 as Direct Linear Solver

No. of Data Rows : 151

No. of Data Rows : 1
E5 ldr=nessuna pos=6 mode=3db att=max rsrc=430
onu = 1.888284e+00
Doing analysis at TEMP = 27.000000 and TNOM = 27.000000

Using SPARSE 1.3 as Direct Linear Solver

No. of Data Rows : 151

No. of Data Rows : 1
E5 ldr=nessuna pos=6 mode=3db att=mid rsrc=1.5
onu = 2.101675e+00
Doing analysis at TEMP = 27.000000 and TNOM = 27.000000

Using SPARSE 1.3 as Direct Linear Solver

No. of Data Rows : 151

No. of Data Rows : 1
E5 ldr=nessuna pos=6 mode=3db att=mid rsrc=430
onu = 2.105910e+00
Doing analysis at TEMP = 27.000000 and TNOM = 27.000000

Using SPARSE 1.3 as Direct Linear Solver

No. of Data Rows : 151

No. of Data Rows : 1
E5 ldr=nessuna pos=6 mode=10db att=max rsrc=1.5
onu = 3.897846e+00
Doing analysis at TEMP = 27.000000 and TNOM = 27.000000

Using SPARSE 1.3 as Direct Linear Solver

No. of Data Rows : 151

No. of Data Rows : 1
E5 ldr=nessuna pos=6 mode=10db att=max rsrc=430
onu = 3.942660e+00
Doing analysis at TEMP = 27.000000 and TNOM = 27.000000

Using SPARSE 1.3 as Direct Linear Solver

No. of Data Rows : 151

No. of Data Rows : 1
E5 ldr=nessuna pos=6 mode=10db att=mid rsrc=1.5
onu = 4.441119e+00
Doing analysis at TEMP = 27.000000 and TNOM = 27.000000

Using SPARSE 1.3 as Direct Linear Solver

No. of Data Rows : 151

No. of Data Rows : 1
E5 ldr=nessuna pos=6 mode=10db att=mid rsrc=430
onu = 4.450954e+00
Doing analysis at TEMP = 27.000000 and TNOM = 27.000000

Using SPARSE 1.3 as Direct Linear Solver

No. of Data Rows : 151

No. of Data Rows : 1
E5 ldr=nessuna pos=12 mode=0db att=max rsrc=1.5
onu = 1.264686e+00
Doing analysis at TEMP = 27.000000 and TNOM = 27.000000

Using SPARSE 1.3 as Direct Linear Solver

No. of Data Rows : 151

No. of Data Rows : 1
E5 ldr=nessuna pos=12 mode=0db att=max rsrc=430
onu = 1.268263e+00
Doing analysis at TEMP = 27.000000 and TNOM = 27.000000

Using SPARSE 1.3 as Direct Linear Solver

No. of Data Rows : 151

No. of Data Rows : 1
E5 ldr=nessuna pos=12 mode=0db att=mid rsrc=1.5
onu = 1.508427e+00
Doing analysis at TEMP = 27.000000 and TNOM = 27.000000

Using SPARSE 1.3 as Direct Linear Solver

No. of Data Rows : 151

No. of Data Rows : 1
E5 ldr=nessuna pos=12 mode=0db att=mid rsrc=430
onu = 1.509175e+00
Doing analysis at TEMP = 27.000000 and TNOM = 27.000000

Using SPARSE 1.3 as Direct Linear Solver

No. of Data Rows : 151

No. of Data Rows : 1
E5 ldr=nessuna pos=12 mode=3db att=max rsrc=1.5
onu = 1.706057e+00
Doing analysis at TEMP = 27.000000 and TNOM = 27.000000

Using SPARSE 1.3 as Direct Linear Solver

No. of Data Rows : 151

No. of Data Rows : 1
E5 ldr=nessuna pos=12 mode=3db att=max rsrc=430
onu = 1.711397e+00
Doing analysis at TEMP = 27.000000 and TNOM = 27.000000

Using SPARSE 1.3 as Direct Linear Solver

No. of Data Rows : 151

No. of Data Rows : 1
E5 ldr=nessuna pos=12 mode=3db att=mid rsrc=1.5
onu = 2.066838e+00
Doing analysis at TEMP = 27.000000 and TNOM = 27.000000

Using SPARSE 1.3 as Direct Linear Solver

No. of Data Rows : 151

No. of Data Rows : 1
E5 ldr=nessuna pos=12 mode=3db att=mid rsrc=430
onu = 2.067936e+00
Doing analysis at TEMP = 27.000000 and TNOM = 27.000000

Using SPARSE 1.3 as Direct Linear Solver

No. of Data Rows : 151

No. of Data Rows : 1
E5 ldr=nessuna pos=12 mode=10db att=max rsrc=1.5
onu = 3.511383e+00
Doing analysis at TEMP = 27.000000 and TNOM = 27.000000

Using SPARSE 1.3 as Direct Linear Solver

No. of Data Rows : 151

No. of Data Rows : 1
E5 ldr=nessuna pos=12 mode=10db att=max rsrc=430
onu = 3.524113e+00
Doing analysis at TEMP = 27.000000 and TNOM = 27.000000

Using SPARSE 1.3 as Direct Linear Solver

No. of Data Rows : 151

No. of Data Rows : 1
E5 ldr=nessuna pos=12 mode=10db att=mid rsrc=1.5
onu = 4.360135e+00
Doing analysis at TEMP = 27.000000 and TNOM = 27.000000

Using SPARSE 1.3 as Direct Linear Solver

No. of Data Rows : 151

No. of Data Rows : 1
E5 ldr=nessuna pos=12 mode=10db att=mid rsrc=430
onu = 4.362690e+00
Doing analysis at TEMP = 27.000000 and TNOM = 27.000000

Using SPARSE 1.3 as Direct Linear Solver

No. of Data Rows : 151

No. of Data Rows : 1
E5 ldr=curvab pos=0 mode=0db att=max rsrc=1.5
onu = 1.678146e+00
Doing analysis at TEMP = 27.000000 and TNOM = 27.000000

Using SPARSE 1.3 as Direct Linear Solver

No. of Data Rows : 151

No. of Data Rows : 1
E5 ldr=curvab pos=0 mode=0db att=max rsrc=430
onu = 1.719816e+00
Doing analysis at TEMP = 27.000000 and TNOM = 27.000000

Using SPARSE 1.3 as Direct Linear Solver

No. of Data Rows : 151

No. of Data Rows : 1
E5 ldr=curvab pos=0 mode=0db att=mid rsrc=1.5
onu = 1.605616e+00
Doing analysis at TEMP = 27.000000 and TNOM = 27.000000

Using SPARSE 1.3 as Direct Linear Solver

No. of Data Rows : 151

No. of Data Rows : 1
E5 ldr=curvab pos=0 mode=0db att=mid rsrc=430
onu = 1.616548e+00
Doing analysis at TEMP = 27.000000 and TNOM = 27.000000

Using SPARSE 1.3 as Direct Linear Solver

No. of Data Rows : 151

No. of Data Rows : 1
E5 ldr=curvab pos=0 mode=3db att=max rsrc=1.5
onu = 2.315367e+00
Doing analysis at TEMP = 27.000000 and TNOM = 27.000000

Using SPARSE 1.3 as Direct Linear Solver

No. of Data Rows : 151

No. of Data Rows : 1
E5 ldr=curvab pos=0 mode=3db att=max rsrc=430
onu = 2.376146e+00
Doing analysis at TEMP = 27.000000 and TNOM = 27.000000

Using SPARSE 1.3 as Direct Linear Solver

No. of Data Rows : 151

No. of Data Rows : 1
E5 ldr=curvab pos=0 mode=3db att=mid rsrc=1.5
onu = 2.209367e+00
Doing analysis at TEMP = 27.000000 and TNOM = 27.000000

Using SPARSE 1.3 as Direct Linear Solver

No. of Data Rows : 151

No. of Data Rows : 1
E5 ldr=curvab pos=0 mode=3db att=mid rsrc=430
onu = 2.225361e+00
Doing analysis at TEMP = 27.000000 and TNOM = 27.000000

Using SPARSE 1.3 as Direct Linear Solver

No. of Data Rows : 151

No. of Data Rows : 1
E5 ldr=curvab pos=0 mode=10db att=max rsrc=1.5
onu = 4.935195e+00
Doing analysis at TEMP = 27.000000 and TNOM = 27.000000

Using SPARSE 1.3 as Direct Linear Solver

No. of Data Rows : 151

No. of Data Rows : 1
E5 ldr=curvab pos=0 mode=10db att=max rsrc=430
onu = 5.075004e+00
Doing analysis at TEMP = 27.000000 and TNOM = 27.000000

Using SPARSE 1.3 as Direct Linear Solver

No. of Data Rows : 151

No. of Data Rows : 1
E5 ldr=curvab pos=0 mode=10db att=mid rsrc=1.5
onu = 4.690651e+00
Doing analysis at TEMP = 27.000000 and TNOM = 27.000000

Using SPARSE 1.3 as Direct Linear Solver

No. of Data Rows : 151

No. of Data Rows : 1
E5 ldr=curvab pos=0 mode=10db att=mid rsrc=430
onu = 4.727615e+00
Doing analysis at TEMP = 27.000000 and TNOM = 27.000000

Using SPARSE 1.3 as Direct Linear Solver

No. of Data Rows : 151

No. of Data Rows : 1
E5 ldr=curvab pos=6 mode=0db att=max rsrc=1.5
onu = 1.377119e+00
Doing analysis at TEMP = 27.000000 and TNOM = 27.000000

Using SPARSE 1.3 as Direct Linear Solver

No. of Data Rows : 151

No. of Data Rows : 1
E5 ldr=curvab pos=6 mode=0db att=max rsrc=430
onu = 1.389964e+00
Doing analysis at TEMP = 27.000000 and TNOM = 27.000000

Using SPARSE 1.3 as Direct Linear Solver

No. of Data Rows : 151

No. of Data Rows : 1
E5 ldr=curvab pos=6 mode=0db att=mid rsrc=1.5
onu = 1.532739e+00
Doing analysis at TEMP = 27.000000 and TNOM = 27.000000

Using SPARSE 1.3 as Direct Linear Solver

No. of Data Rows : 151

No. of Data Rows : 1
E5 ldr=curvab pos=6 mode=0db att=mid rsrc=430
onu = 1.535622e+00
Doing analysis at TEMP = 27.000000 and TNOM = 27.000000

Using SPARSE 1.3 as Direct Linear Solver

No. of Data Rows : 151

No. of Data Rows : 1
E5 ldr=curvab pos=6 mode=3db att=max rsrc=1.5
onu = 1.873175e+00
Doing analysis at TEMP = 27.000000 and TNOM = 27.000000

Using SPARSE 1.3 as Direct Linear Solver

No. of Data Rows : 151

No. of Data Rows : 1
E5 ldr=curvab pos=6 mode=3db att=max rsrc=430
onu = 1.892185e+00
Doing analysis at TEMP = 27.000000 and TNOM = 27.000000

Using SPARSE 1.3 as Direct Linear Solver

No. of Data Rows : 151

No. of Data Rows : 1
E5 ldr=curvab pos=6 mode=3db att=mid rsrc=1.5
onu = 2.102548e+00
Doing analysis at TEMP = 27.000000 and TNOM = 27.000000

Using SPARSE 1.3 as Direct Linear Solver

No. of Data Rows : 151

No. of Data Rows : 1
E5 ldr=curvab pos=6 mode=3db att=mid rsrc=430
onu = 2.106781e+00
Doing analysis at TEMP = 27.000000 and TNOM = 27.000000

Using SPARSE 1.3 as Direct Linear Solver

No. of Data Rows : 151

No. of Data Rows : 1
E5 ldr=curvab pos=6 mode=10db att=max rsrc=1.5
onu = 3.907126e+00
Doing analysis at TEMP = 27.000000 and TNOM = 27.000000

Using SPARSE 1.3 as Direct Linear Solver

No. of Data Rows : 151

No. of Data Rows : 1
E5 ldr=curvab pos=6 mode=10db att=max rsrc=430
onu = 3.951827e+00
Doing analysis at TEMP = 27.000000 and TNOM = 27.000000

Using SPARSE 1.3 as Direct Linear Solver

No. of Data Rows : 151

No. of Data Rows : 1
E5 ldr=curvab pos=6 mode=10db att=mid rsrc=1.5
onu = 4.443148e+00
Doing analysis at TEMP = 27.000000 and TNOM = 27.000000

Using SPARSE 1.3 as Direct Linear Solver

No. of Data Rows : 151

No. of Data Rows : 1
E5 ldr=curvab pos=6 mode=10db att=mid rsrc=430
onu = 4.452977e+00
Doing analysis at TEMP = 27.000000 and TNOM = 27.000000

Using SPARSE 1.3 as Direct Linear Solver

No. of Data Rows : 151

No. of Data Rows : 1
E5 ldr=curvab pos=12 mode=0db att=max rsrc=1.5
onu = 1.265424e+00
Doing analysis at TEMP = 27.000000 and TNOM = 27.000000

Using SPARSE 1.3 as Direct Linear Solver

No. of Data Rows : 151

No. of Data Rows : 1
E5 ldr=curvab pos=12 mode=0db att=max rsrc=430
onu = 1.268999e+00
Doing analysis at TEMP = 27.000000 and TNOM = 27.000000

Using SPARSE 1.3 as Direct Linear Solver
 Reference value :  1.51716e+04
No. of Data Rows : 151

No. of Data Rows : 1
E5 ldr=curvab pos=12 mode=0db att=mid rsrc=1.5
onu = 1.508582e+00
Doing analysis at TEMP = 27.000000 and TNOM = 27.000000

Using SPARSE 1.3 as Direct Linear Solver

No. of Data Rows : 151

No. of Data Rows : 1
E5 ldr=curvab pos=12 mode=0db att=mid rsrc=430
onu = 1.509329e+00
Doing analysis at TEMP = 27.000000 and TNOM = 27.000000

Using SPARSE 1.3 as Direct Linear Solver

No. of Data Rows : 151

No. of Data Rows : 1
E5 ldr=curvab pos=12 mode=3db att=max rsrc=1.5
onu = 1.707159e+00
Doing analysis at TEMP = 27.000000 and TNOM = 27.000000

Using SPARSE 1.3 as Direct Linear Solver

No. of Data Rows : 151

No. of Data Rows : 1
E5 ldr=curvab pos=12 mode=3db att=max rsrc=430
onu = 1.712494e+00
Doing analysis at TEMP = 27.000000 and TNOM = 27.000000

Using SPARSE 1.3 as Direct Linear Solver

No. of Data Rows : 151

No. of Data Rows : 1
E5 ldr=curvab pos=12 mode=3db att=mid rsrc=1.5
onu = 2.067064e+00
Doing analysis at TEMP = 27.000000 and TNOM = 27.000000

Using SPARSE 1.3 as Direct Linear Solver

No. of Data Rows : 151

No. of Data Rows : 1
E5 ldr=curvab pos=12 mode=3db att=mid rsrc=430
onu = 2.068162e+00
Doing analysis at TEMP = 27.000000 and TNOM = 27.000000

Using SPARSE 1.3 as Direct Linear Solver

No. of Data Rows : 151

No. of Data Rows : 1
E5 ldr=curvab pos=12 mode=10db att=max rsrc=1.5
onu = 3.514011e+00
Doing analysis at TEMP = 27.000000 and TNOM = 27.000000

Using SPARSE 1.3 as Direct Linear Solver

No. of Data Rows : 151

No. of Data Rows : 1
E5 ldr=curvab pos=12 mode=10db att=max rsrc=430
onu = 3.526729e+00
Doing analysis at TEMP = 27.000000 and TNOM = 27.000000

Using SPARSE 1.3 as Direct Linear Solver

No. of Data Rows : 151

No. of Data Rows : 1
E5 ldr=curvab pos=12 mode=10db att=mid rsrc=1.5
onu = 4.360662e+00
Doing analysis at TEMP = 27.000000 and TNOM = 27.000000

Using SPARSE 1.3 as Direct Linear Solver

No. of Data Rows : 151

No. of Data Rows : 1
E5 ldr=curvab pos=12 mode=10db att=mid rsrc=430
onu = 4.363217e+00
Doing analysis at TEMP = 27.000000 and TNOM = 27.000000

Using SPARSE 1.3 as Direct Linear Solver

No. of Data Rows : 151

No. of Data Rows : 1
E5 ldr=curvad pos=0 mode=0db att=max rsrc=1.5
onu = 1.681068e+00
Doing analysis at TEMP = 27.000000 and TNOM = 27.000000

Using SPARSE 1.3 as Direct Linear Solver

No. of Data Rows : 151

No. of Data Rows : 1
E5 ldr=curvad pos=0 mode=0db att=max rsrc=430
onu = 1.722665e+00
Doing analysis at TEMP = 27.000000 and TNOM = 27.000000

Using SPARSE 1.3 as Direct Linear Solver

No. of Data Rows : 151

No. of Data Rows : 1
E5 ldr=curvad pos=0 mode=0db att=mid rsrc=1.5
onu = 1.606377e+00
Doing analysis at TEMP = 27.000000 and TNOM = 27.000000

Using SPARSE 1.3 as Direct Linear Solver

No. of Data Rows : 151

No. of Data Rows : 1
E5 ldr=curvad pos=0 mode=0db att=mid rsrc=430
onu = 1.617302e+00
Doing analysis at TEMP = 27.000000 and TNOM = 27.000000

Using SPARSE 1.3 as Direct Linear Solver

No. of Data Rows : 151

No. of Data Rows : 1
E5 ldr=curvad pos=0 mode=3db att=max rsrc=1.5
onu = 2.319633e+00
Doing analysis at TEMP = 27.000000 and TNOM = 27.000000

Using SPARSE 1.3 as Direct Linear Solver

No. of Data Rows : 151

No. of Data Rows : 1
E5 ldr=curvad pos=0 mode=3db att=max rsrc=430
onu = 2.380299e+00
Doing analysis at TEMP = 27.000000 and TNOM = 27.000000

Using SPARSE 1.3 as Direct Linear Solver

No. of Data Rows : 151

No. of Data Rows : 1
E5 ldr=curvad pos=0 mode=3db att=mid rsrc=1.5
onu = 2.210479e+00
Doing analysis at TEMP = 27.000000 and TNOM = 27.000000

Using SPARSE 1.3 as Direct Linear Solver

No. of Data Rows : 151

No. of Data Rows : 1
E5 ldr=curvad pos=0 mode=3db att=mid rsrc=430
onu = 2.226465e+00
Doing analysis at TEMP = 27.000000 and TNOM = 27.000000

Using SPARSE 1.3 as Direct Linear Solver

No. of Data Rows : 151

No. of Data Rows : 1
E5 ldr=curvad pos=0 mode=10db att=max rsrc=1.5
onu = 4.945017e+00
Doing analysis at TEMP = 27.000000 and TNOM = 27.000000

Using SPARSE 1.3 as Direct Linear Solver

No. of Data Rows : 151

No. of Data Rows : 1
E5 ldr=curvad pos=0 mode=10db att=max rsrc=430
onu = 5.084548e+00
Doing analysis at TEMP = 27.000000 and TNOM = 27.000000

Using SPARSE 1.3 as Direct Linear Solver

No. of Data Rows : 151

No. of Data Rows : 1
E5 ldr=curvad pos=0 mode=10db att=mid rsrc=1.5
onu = 4.693224e+00
Doing analysis at TEMP = 27.000000 and TNOM = 27.000000

Using SPARSE 1.3 as Direct Linear Solver

No. of Data Rows : 151

No. of Data Rows : 1
E5 ldr=curvad pos=0 mode=10db att=mid rsrc=430
onu = 4.730166e+00
Doing analysis at TEMP = 27.000000 and TNOM = 27.000000

Using SPARSE 1.3 as Direct Linear Solver

No. of Data Rows : 151

No. of Data Rows : 1
E5 ldr=curvad pos=6 mode=0db att=max rsrc=1.5
onu = 1.378013e+00
Doing analysis at TEMP = 27.000000 and TNOM = 27.000000

Using SPARSE 1.3 as Direct Linear Solver

No. of Data Rows : 151

No. of Data Rows : 1
E5 ldr=curvad pos=6 mode=0db att=max rsrc=430
onu = 1.390849e+00
Doing analysis at TEMP = 27.000000 and TNOM = 27.000000

Using SPARSE 1.3 as Direct Linear Solver

No. of Data Rows : 151

No. of Data Rows : 1
E5 ldr=curvad pos=6 mode=0db att=mid rsrc=1.5
onu = 1.532939e+00
Doing analysis at TEMP = 27.000000 and TNOM = 27.000000

Using SPARSE 1.3 as Direct Linear Solver

No. of Data Rows : 151

No. of Data Rows : 1
E5 ldr=curvad pos=6 mode=0db att=mid rsrc=430
onu = 1.535822e+00
Doing analysis at TEMP = 27.000000 and TNOM = 27.000000

Using SPARSE 1.3 as Direct Linear Solver

No. of Data Rows : 151

No. of Data Rows : 1
E5 ldr=curvad pos=6 mode=3db att=max rsrc=1.5
onu = 1.874500e+00
Doing analysis at TEMP = 27.000000 and TNOM = 27.000000

Using SPARSE 1.3 as Direct Linear Solver

No. of Data Rows : 151

No. of Data Rows : 1
E5 ldr=curvad pos=6 mode=3db att=max rsrc=430
onu = 1.893494e+00
Doing analysis at TEMP = 27.000000 and TNOM = 27.000000

Using SPARSE 1.3 as Direct Linear Solver

No. of Data Rows : 151

No. of Data Rows : 1
E5 ldr=curvad pos=6 mode=3db att=mid rsrc=1.5
onu = 2.102842e+00
Doing analysis at TEMP = 27.000000 and TNOM = 27.000000

Using SPARSE 1.3 as Direct Linear Solver

No. of Data Rows : 151

No. of Data Rows : 1
E5 ldr=curvad pos=6 mode=3db att=mid rsrc=430
onu = 2.107074e+00
Doing analysis at TEMP = 27.000000 and TNOM = 27.000000

Using SPARSE 1.3 as Direct Linear Solver

No. of Data Rows : 151

No. of Data Rows : 1
E5 ldr=curvad pos=6 mode=10db att=max rsrc=1.5
onu = 3.910242e+00
Doing analysis at TEMP = 27.000000 and TNOM = 27.000000

Using SPARSE 1.3 as Direct Linear Solver

No. of Data Rows : 151

No. of Data Rows : 1
E5 ldr=curvad pos=6 mode=10db att=max rsrc=430
onu = 3.954905e+00
Doing analysis at TEMP = 27.000000 and TNOM = 27.000000

Using SPARSE 1.3 as Direct Linear Solver

No. of Data Rows : 151

No. of Data Rows : 1
E5 ldr=curvad pos=6 mode=10db att=mid rsrc=1.5
onu = 4.443830e+00
Doing analysis at TEMP = 27.000000 and TNOM = 27.000000

Using SPARSE 1.3 as Direct Linear Solver

No. of Data Rows : 151

No. of Data Rows : 1
E5 ldr=curvad pos=6 mode=10db att=mid rsrc=430
onu = 4.453658e+00
Doing analysis at TEMP = 27.000000 and TNOM = 27.000000

Using SPARSE 1.3 as Direct Linear Solver

No. of Data Rows : 151

No. of Data Rows : 1
E5 ldr=curvad pos=12 mode=0db att=max rsrc=1.5
onu = 1.265672e+00
Doing analysis at TEMP = 27.000000 and TNOM = 27.000000

Using SPARSE 1.3 as Direct Linear Solver

No. of Data Rows : 151

No. of Data Rows : 1
E5 ldr=curvad pos=12 mode=0db att=max rsrc=430
onu = 1.269246e+00
Doing analysis at TEMP = 27.000000 and TNOM = 27.000000

Using SPARSE 1.3 as Direct Linear Solver

No. of Data Rows : 151

No. of Data Rows : 1
E5 ldr=curvad pos=12 mode=0db att=mid rsrc=1.5
onu = 1.508633e+00
Doing analysis at TEMP = 27.000000 and TNOM = 27.000000

Using SPARSE 1.3 as Direct Linear Solver

No. of Data Rows : 151

No. of Data Rows : 1
E5 ldr=curvad pos=12 mode=0db att=mid rsrc=430
onu = 1.509380e+00
Doing analysis at TEMP = 27.000000 and TNOM = 27.000000

Using SPARSE 1.3 as Direct Linear Solver

No. of Data Rows : 151

No. of Data Rows : 1
E5 ldr=curvad pos=12 mode=3db att=max rsrc=1.5
onu = 1.707530e+00
Doing analysis at TEMP = 27.000000 and TNOM = 27.000000

Using SPARSE 1.3 as Direct Linear Solver

No. of Data Rows : 151

No. of Data Rows : 1
E5 ldr=curvad pos=12 mode=3db att=max rsrc=430
onu = 1.712863e+00
Doing analysis at TEMP = 27.000000 and TNOM = 27.000000

Using SPARSE 1.3 as Direct Linear Solver

No. of Data Rows : 151

No. of Data Rows : 1
E5 ldr=curvad pos=12 mode=3db att=mid rsrc=1.5
onu = 2.067140e+00
Doing analysis at TEMP = 27.000000 and TNOM = 27.000000

Using SPARSE 1.3 as Direct Linear Solver

No. of Data Rows : 151

No. of Data Rows : 1
E5 ldr=curvad pos=12 mode=3db att=mid rsrc=430
onu = 2.068238e+00
Doing analysis at TEMP = 27.000000 and TNOM = 27.000000

Using SPARSE 1.3 as Direct Linear Solver

No. of Data Rows : 151
 Reference value :  2.00000e+04
No. of Data Rows : 1
E5 ldr=curvad pos=12 mode=10db att=max rsrc=1.5
onu = 3.514894e+00
Doing analysis at TEMP = 27.000000 and TNOM = 27.000000

Using SPARSE 1.3 as Direct Linear Solver

No. of Data Rows : 151

No. of Data Rows : 1
E5 ldr=curvad pos=12 mode=10db att=max rsrc=430
onu = 3.527608e+00
Doing analysis at TEMP = 27.000000 and TNOM = 27.000000

Using SPARSE 1.3 as Direct Linear Solver

No. of Data Rows : 151

No. of Data Rows : 1
E5 ldr=curvad pos=12 mode=10db att=mid rsrc=1.5
onu = 4.360839e+00
Doing analysis at TEMP = 27.000000 and TNOM = 27.000000

Using SPARSE 1.3 as Direct Linear Solver

No. of Data Rows : 151

No. of Data Rows : 1
E5 ldr=curvad pos=12 mode=10db att=mid rsrc=430
onu = 4.363393e+00
Doing analysis at TEMP = 27.000000 and TNOM = 27.000000

Using SPARSE 1.3 as Direct Linear Solver

No. of Data Rows : 2000
hmax                =  9.41831e-08 at=  2.00000e+04
CIO lato=serie_lato_sorgente mode=0db
hmax = 9.418311e-08
hintv = 7.689914e-06
eamax = 1.300405e+08
Doing analysis at TEMP = 27.000000 and TNOM = 27.000000

Using SPARSE 1.3 as Direct Linear Solver

No. of Data Rows : 2000
hmax                =  2.94740e-07 at=  2.00000e+04
CIO lato=serie_lato_sorgente mode=10db
hmax = 2.947396e-07
hintv = 2.413161e-05
eamax = 4.143943e+07
Doing analysis at TEMP = 27.000000 and TNOM = 27.000000

Using SPARSE 1.3 as Direct Linear Solver

No. of Data Rows : 2000
hmax                =  5.63980e-06 at=  2.00000e+04
CIO lato=nodo_ain mode=0db
hmax = 5.639804e-06
hintv = 4.604818e-04
eamax = 2.171639e+06
Doing analysis at TEMP = 27.000000 and TNOM = 27.000000

Using SPARSE 1.3 as Direct Linear Solver

No. of Data Rows : 2000
hmax                =  1.76494e-05 at=  2.00000e+04
CIO lato=nodo_ain mode=10db
hmax = 1.764938e-05
hintv = 1.445031e-03
eamax = 6.920266e+05
Note: Simulation executed from .control section 
