warning, model type mismatch in line
    q121a nmiri nmiri nme1 ls350
warning, model type mismatch in line
    q121b nhi nmiri nme2 ls350

Note: No compatibility mode selected!


Circuit: tb_zout_psrr_noise.cir - l46a esplorazione, variante drv_vas56_cm330p (blocco da inc/drv_vas56_cm330p.inc)

Warning: Model issue on line 122 :
  .model lsk489a njf(beta=2.2m betatce=-.5 rd=11 rs=30 lambda=4.3m vto=-1. ...
unrecognized parameter (isr) - ignored
unrecognized parameter (alpha) - ignored
unrecognized parameter (vk) - ignored
unrecognized parameter (mj) - ignored

Note: Starting dynamic gmin stepping
Note: Dynamic gmin stepping completed
Note: Starting dynamic gmin stepping
Note: Dynamic gmin stepping completed
Note: Starting dynamic gmin stepping
Note: Dynamic gmin stepping completed
########## Zout at the jack, load removed, both gain modes ##########
Doing analysis at TEMP = 27.000000 and TNOM = 27.000000

Using SPARSE 1.3 as Direct Linear Solver

No. of Data Rows : 81
z20                 =  1.69338e+03
z1k                 =  5.79193e+01
z20k                =  4.70163e+01
za20                =  1.21872e-03
za1k                =  8.98380e-03
za20k               =  1.78150e-01
za100k              =  8.99224e-01
MODE=0db
z20 = 1.693378e+03
z1k = 5.791925e+01
z20k = 4.701625e+01
za20 = 1.218719e-03
za1k = 8.983804e-03
za20k = 1.781504e-01
za100k = 8.992240e-01
Doing analysis at TEMP = 27.000000 and TNOM = 27.000000

Using SPARSE 1.3 as Direct Linear Solver

No. of Data Rows : 81
z20                 =  1.69338e+03
z1k                 =  5.79175e+01
z20k                =  4.70219e+01
za20                =  1.73060e-03
za1k                =  1.27579e-02
za20k               =  2.52536e-01
za100k              =  1.22511e+00
MODE=3db
z20 = 1.693378e+03
z1k = 5.791749e+01
z20k = 4.702187e+01
za20 = 1.730602e-03
za1k = 1.275785e-02
za20k = 2.525357e-01
za100k = 1.225111e+00
Doing analysis at TEMP = 27.000000 and TNOM = 27.000000

Using SPARSE 1.3 as Direct Linear Solver

No. of Data Rows : 81
z20                 =  1.69338e+03
z1k                 =  5.79103e+01
z20k                =  4.70545e+01
za20                =  3.83952e-03
za1k                =  2.83111e-02
za20k               =  5.58565e-01
za100k              =  2.52745e+00
MODE=10db
z20 = 1.693377e+03
z1k = 5.791026e+01
z20k = 4.705448e+01
za20 = 3.839515e-03
za1k = 2.831115e-02
za20k = 5.585654e-01
za100k = 2.527453e+00
########## PSRR (input source silenced) ##########
Doing analysis at TEMP = 27.000000 and TNOM = 27.000000

Using SPARSE 1.3 as Direct Linear Solver

No. of Data Rows : 81
p100                =  7.91674e+01
p1k                 =  6.24774e+01
p10k                =  4.25264e+01
p100k               =  2.24420e+01
PSRR+ MODE=0db (dB, bigger is better)
p100 = 7.916745e+01
p1k = 6.247739e+01
p10k = 4.252637e+01
p100k = 2.244203e+01
Doing analysis at TEMP = 27.000000 and TNOM = 27.000000

Using SPARSE 1.3 as Direct Linear Solver

No. of Data Rows : 81
p100                =  7.61213e+01
p1k                 =  5.94311e+01
p10k                =  3.94839e+01
p100k               =  1.97558e+01
PSRR+ MODE=3db (dB, bigger is better)
p100 = 7.612125e+01
p1k = 5.943108e+01
p10k = 3.948395e+01
p100k = 1.975578e+01
Doing analysis at TEMP = 27.000000 and TNOM = 27.000000

Using SPARSE 1.3 as Direct Linear Solver

No. of Data Rows : 81
p100                =  6.91986e+01
p1k                 =  5.25075e+01
p10k                =  3.25675e+01
p100k               =  1.34655e+01
PSRR+ MODE=10db (dB, bigger is better)
p100 = 6.919859e+01
p1k = 5.250748e+01
p10k = 3.256746e+01
p100k = 1.346546e+01
########## PSRR from V- ##########
Doing analysis at TEMP = 27.000000 and TNOM = 27.000000

Using SPARSE 1.3 as Direct Linear Solver

No. of Data Rows : 81
p100                =  8.11495e+01
p1k                 =  1.00390e+02
p10k                =  1.01373e+02
p100k               =  7.99250e+01
PSRR- MODE=0db (dB, bigger is better)
p100 = 8.114953e+01
p1k = 1.003899e+02
p10k = 1.013732e+02
p100k = 7.992499e+01
Doing analysis at TEMP = 27.000000 and TNOM = 27.000000

Using SPARSE 1.3 as Direct Linear Solver

No. of Data Rows : 81
p100                =  7.81034e+01
p1k                 =  9.73437e+01
p10k                =  9.83215e+01
p100k               =  7.72250e+01
PSRR- MODE=3db (dB, bigger is better)
p100 = 7.810338e+01
p1k = 9.734373e+01
p10k = 9.832155e+01
p100k = 7.722499e+01
Doing analysis at TEMP = 27.000000 and TNOM = 27.000000

Using SPARSE 1.3 as Direct Linear Solver

No. of Data Rows : 81
p100                =  7.11805e+01
p1k                 =  9.04212e+01
p10k                =  9.13834e+01
p100k               =  7.09054e+01
PSRR- MODE=10db (dB, bigger is better)
p100 = 7.118048e+01
p1k = 9.042119e+01
p10k = 9.138340e+01
p100k = 7.090540e+01
########## output noise 20 Hz - 20 kHz ##########
Doing analysis at TEMP = 27.000000 and TNOM = 27.000000

Using SPNote: Starting dynamic gmin stepping
Note: Dynamic gmin stepping completed
ARSE 1.3 as Direct Linear Solver

No. of Data Rows : 151

No. of Data Rows : 1
MODE=0db  RSRC=430 (phono cathode follower)
onoise_total = 1.245890e-06
inoise_total = 1.247233e-06
Doing analysis at TEMP = 27.000000 and TNOM = 27.000000

Using SPARSE 1.3 as Direct Linear Solver

No. of Data Rows : 151

No. of Data Rows : 1
MODE=3db  RSRC=430 (phono cathode follower)
onoise_total = 1.678155e-06
inoise_total = 1.183732e-06
Doing analysis at TEMP = 27.000000 and TNOM = 27.000000

Using SPARSE 1.3 as Direct Linear Solver

No. of Data Rows : 151

No. of Data Rows : 1
MODE=10db  RSRC=430 (phono cathode follower)
onoise_total = 3.446698e-06
inoise_total = 1.096812e-06
Doing analysis at TEMP = 27.000000 and TNOM = 27.000000

Using SPARSE 1.3 as Direct Linear Solver

No. of Data Rows : 151

No. of Data Rows : 1
RRG=1G  RSRC=1 ohm (intrinsic)
onoise_total = 1.187606e-06
inoise_total = 1.188376e-06
Doing analysis at TEMP = 27.000000 and TNOM = 27.000000

Using SPARSE 1.3 as Direct Linear Solver

No. of Data Rows : 151

No. of Data Rows : 1
RRG=0.1  RSRC=2500 (attenuator at mid-rotation, +10 dB) - WORST CASE
onoise_total = 4.317040e-06
inoise_total = 1.376611e-06
Note: Simulation executed from .control section 
