warning, model type mismatch in line
    q121a nmiri nmiri nme1 ls350
warning, model type mismatch in line
    q121b nhi nmiri nme2 ls350

Note: No compatibility mode selected!


Circuit: thd_1k - l46a: thd a 1000 hz, blocco b nei tre modi, livelli lo/hi; variante cm1n

Warning: Model issue on line 122 :
  .model lsk489a njf(beta=2.2m betatce=-.5 rd=11 rs=30 lambda=4.3m vto=-1. ...
unrecognized parameter (isr) - ignored
unrecognized parameter (alpha) - ignored
unrecognized parameter (vk) - ignored
unrecognized parameter (mj) - ignored

Doing analysis at TEMP = 27.000000 and TNOM = 27.000000

Using SPARSE 1.3 as Direct Linear Solver

Initial Transient Solution
--------------------------

Node                                   Voltage
----                                   -------
nref                                  -13.6698
vminus                                     -15
ncasc                                   9.8682
nx                                     1.00492
nhi                                     13.717
out                                  -0.015454
fb                                   -0.015454
vplus                                       15
nrefm                                 -14.3349
d1n                                    9.18037
g1                                 2.41013e-08
s1                                   0.0622974
d2n                                    9.18089
g2                                   -0.015454
s2                                   0.0578861
src                                  -0.165895
nte                                   -14.3752
nmiri                                  13.8068
nme1                                   14.5134
nme2                                   14.5131
nve                                    14.3767
ny                                    -1.00633
nvle                                   -14.386
nbb                                  -0.292858
nbn                                    1.00295
nen                                   0.435299
nbp                                   -1.00545
nep                                  -0.466207
in                                 2.31721e-08
rg                                  -0.0154539
rg10                                -0.0154539
vsn                                          0
outa                                 -0.015454
jack                                         0
vs#branch                          9.26882e-12
vmm#branch                           0.0336152
vpp#branch                          -0.0325947


No. of Data Rows : 10063
L46A_CASO modo=0 livello=lo freq=1000 ampin=0.282843
Fourier analysis for v(vsn):
  No. Harmonics: 10, THD: 2.06306e-10 %, Gridsize: 8192, Interpolation Degree: 1, No. Periods: 1

Harmonic Frequency       Magnitude       Phase           Norm. Mag       Norm. Phase    
-------- ---------       ---------       -----           ---------       -----------    
 0       0               -6.58795934e-14 0               0               0              
 1       1000            0.2828428511    -2.62467218e-11 1               0              
 2       2000            1.286675997e-13 -88.900388      4.549084385e-13 -88.900388     
 3       3000            4.28484283e-13  -65.352306      1.514919968e-12 -65.352306     
 4       4000            1.324745925e-13 -88.525049      4.683681839e-13 -88.525049     
 5       5000            2.208991012e-13 144.3910673     7.809958794e-13 144.3910673    
 6       6000            1.274571366e-13 -90.8860534     4.506288072e-13 -90.8860534    
 7       7000            8.110838646e-14 -76.7350237     2.867613098e-13 -76.7350237    
 8       8000            1.325550016e-13 -88.02857       4.686524729e-13 -88.02857      
 9       9000            1.833101308e-13 -94.4136872     6.480988652e-13 -94.4136872    

Fourier analysis for v(out):
  No. Harmonics: 10, THD: 4.3997e-05 %, Gridsize: 8192, Interpolation Degree: 1, No. Periods: 1

Harmonic Frequency       Magnitude       Phase           Norm. Mag       Norm. Phase    
-------- ---------       ---------       -----           ---------       -----------    
 0       0               -0.0154540173   0               0               0              
 1       1000            0.282108883     -0.113607383    1               0              
 2       2000            1.24118966e-07  174.2982267     4.399683012e-07 174.4118341    
 3       3000            3.883021358e-10 67.08297423     1.376426477e-09 67.19658162    
 4       4000            2.178456772e-11 179.0101144     7.722042457e-11 179.1237218    
 5       5000            1.883421997e-11 -179.994343     6.676223654e-11 -179.880736    
 6       6000            1.553977547e-11 -178.876274     5.508431817e-11 -178.762666    
 7       7000            1.343807606e-11 -179.707612     4.76343599e-11  -179.594004    
 8       8000            1.156779708e-11 -178.609927     4.100472468e-11 -178.496319    
 9       9000            1.044749429e-11 -178.714208     3.703355307e-11 -178.6006      

Doing analysis at TEMP = 27.000000 and TNOM = 27.000000

Using SPARSE 1.3 as Direct Linear Solver

Initial Transient Solution
--------------------------

Node                                   Voltage
----                                   -------
nref                                  -13.6698
vminus                                     -15
ncasc                                   9.8682
nx                                     1.00492
nhi                                     13.717
out                                  -0.015454
fb                                   -0.015454
vplus                                       15
nrefm                                 -14.3349
d1n                                    9.18037
g1                                 2.41013e-08
s1                                   0.0622974
d2n                                    9.18089
g2                                   -0.015454
s2                                   0.0578861
src                                  -0.165895
nte                                   -14.3752
nmiri                                  13.8068
nme1                                   14.5134
nme2                                   14.5131
nve                                    14.3767
ny                                    -1.00633
nvle                                   -14.386
nbb                                  -0.292858
nbn                                    1.00295
nen                                   0.435299
nbp                                   -1.00545
nep                                  -0.466207
in                                 2.31721e-08
rg                                  -0.0154539
rg10                                -0.0154539
vsn                                          0
outa                                 -0.015454
jack                                         0
vs#branch                          9.26882e-12
vmm#branch                           0.0336152
vpp#branch                          -0.0325947


No. of Data Rows : 10096
L46A_CASO modo=0 livello=hi freq=1000 ampin=2.82843
Fourier analysis for v(vsn):
  No. Harmonics: 10, THD: 2.14176e-10 %, Gridsize: 8192, Interpolation Degree: 1, No. Periods: 1

Harmonic Frequency       Magnitude       Phase           Norm. Mag       Norm. Phase    
-------- ---------       ---------       -----           ---------       -----------    
 0       0               -5.87365226e-13 0               0               0              
 1       1000            2.828428511     -2.40891106e-11 1               0              
 2       2000            1.217744799e-12 -89.9232133     4.305375917e-13 -89.9232133    
 3       3000            3.153703461e-12 2.08424096      1.115002005e-12 2.08424096     
 4       4000            1.251954707e-12 -89.9697005     4.426326147e-13 -89.9697005    
 5       5000            4.00769095e-12  -141.124045     1.416932029e-12 -141.124045    
 6       6000            1.173423226e-12 -89.511392      4.148675568e-13 -89.511392     
 7       7000            2.073632191e-12 -105.322908     7.331393326e-13 -105.322908    
 8       8000            1.181329632e-12 -87.2302666     4.176628921e-13 -87.2302666    
 9       9000            7.528731473e-13 -38.6799099     2.661807235e-13 -38.6799099    

Fourier analysis for v(out):
  No. Harmonics: 10, THD: 0.000440931 %, Gridsize: 8192, Interpolation Degree: 1, No. Periods: 1

Harmonic Frequency       Magnitude       Phase           Norm. Mag       Norm. Phase    
-------- ---------       ---------       -----           ---------       -----------    
 0       0               -0.0154544265   0               0               0              
 1       1000            2.821088053     -0.113617349    1               0              
 2       2000            1.243219079e-05 174.4312922     4.40687797e-06  174.5449096    
 3       3000            4.124501439e-07 63.29111508     1.462025063e-07 63.40473243    
 4       4000            1.937785994e-08 22.04945096     6.868931271e-09 22.16306831    
 5       5000            3.490308381e-09 -102.963012     1.237220645e-09 -102.849394    
 6       6000            4.405087471e-10 -174.039574     1.561485281e-10 -173.925957    
 7       7000            1.403147823e-10 162.4514837     4.973782443e-11 162.565101     
 8       8000            1.119348598e-10 -179.240108     3.967790359e-11 -179.126491    
 9       9000            1.033672687e-10 -179.225427     3.664092252e-11 -179.111809    

Doing analysis at TEMP = 27.000000 and TNOM = 27.000000

Using SPARSE 1.3 as Direct Linear Solver

Initial Transient Solution
--------------------------

Node                                   Voltage
----                                   -------
nref                                  -13.6698
vminus                                     -15
ncasc                                   9.8682
nx                                     0.99837
nhi                                     13.717
out                                 -0.0219462
fb                                  -0.0154533
vplus                                       15
nrefm                                 -14.3349
d1n                                    9.18037
g1                                 2.41013e-08
s1                                   0.0622977
d2n                                    9.18089
g2                                  -0.0154533
s2                                   0.0578866
src                                  -0.165894
nte                                   -14.3752
nmiri                                  13.8068
nme1                                   14.5134
nme2                                   14.5131
nve                                    14.3767
ny                                    -1.01288
nvle                                   -14.386
nbb                                  -0.299409
nbn                                   0.996394
nen                                   0.428757
nbp                                   -1.01201
nep                                  -0.472744
in                                 2.31721e-08
rg                                -4.32854e-07
rg10                                -0.0154533
vsn                                          0
outa                                -0.0219462
jack                                         0
vs#branch                          9.26882e-12
vmm#branch                           0.0336172
vpp#branch                          -0.0325924

 Reference value :  9.37153e-04
No. of Data Rows : 10018
L46A_CASO modo=3 livello=lo freq=1000 ampin=0.199185
Fourier analysis for v(vsn):
  No. Harmonics: 10, THD: 2.21796e-10 %, Gridsize: 8192, Interpolation Degree: 1, No. Periods: 1

Harmonic Frequency       Magnitude       Phase           Norm. Mag       Norm. Phase    
-------- ---------       ---------       -----           ---------       -----------    
 0       0               -4.82309505e-14 0               0               0              
 1       1000            0.1991848952    -2.71372094e-11 1               0              
 2       2000            9.255473606e-14 -89.0234746     4.646674437e-13 -89.0234746    
 3       3000            2.381843306e-13 -169.461914     1.195795145e-12 -169.461914    
 4       4000            9.500555112e-14 -90.1550769     4.769716652e-13 -90.1550769    
 5       5000            2.760956229e-13 -31.3245826     1.38612731e-12  -31.3245826    
 6       6000            9.233495744e-14 -89.1022788     4.635640537e-13 -89.1022788    
 7       7000            1.017996619e-13 -131.086639     5.110812334e-13 -131.086639    
 8       8000            9.455916765e-14 -89.4022267     4.747306144e-13 -89.4022267    
 9       9000            1.29577826e-13  -58.4487411     6.505404231e-13 -58.4487411    

Fourier analysis for v(out):
  No. Harmonics: 10, THD: 4.35985e-05 %, Gridsize: 8192, Interpolation Degree: 1, No. Periods: 1

Harmonic Frequency       Magnitude       Phase           Norm. Mag       Norm. Phase    
-------- ---------       ---------       -----           ---------       -----------    
 0       0               -0.0219461543   0               0               0              
 1       1000            0.2821247365    -0.231813911    1               0              
 2       2000            1.230012816e-07 172.8694609     4.359819104e-07 173.1012748    
 3       3000            4.849070855e-10 57.41523005     1.718768412e-09 57.64704396    
 4       4000            2.760705254e-11 179.4890729     9.785406583e-11 179.7208868    
 5       5000            2.248262308e-11 -177.718664     7.969036446e-11 -177.48685     
 6       6000            1.90419687e-11  -178.18752      6.749485683e-11 -177.955706    
 7       7000            1.644881039e-11 -178.363116     5.830332567e-11 -178.131302    
 8       8000            1.440946682e-11 -177.658201     5.107480824e-11 -177.426387    
 9       9000            1.27290839e-11  -178.061314     4.511863816e-11 -177.8295      

Doing analysis at TEMP = 27.000000 and TNOM = 27.000000

Using SPARSE 1.3 as Direct Linear Solver

Initial Transient Solution
--------------------------

Node                                   Voltage
----                                   -------
nref                                  -13.6698
vminus                                     -15
ncasc                                   9.8682
nx                                     0.99837
nhi                                     13.717
out                                 -0.0219462
fb                                  -0.0154533
vplus                                       15
nrefm                                 -14.3349
d1n                                    9.18037
g1                                 2.41013e-08
s1                                   0.0622977
d2n                                    9.18089
g2                                  -0.0154533
s2                                   0.0578866
src                                  -0.165894
nte                                   -14.3752
nmiri                                  13.8068
nme1                                   14.5134
nme2                                   14.5131
nve                                    14.3767
ny                                    -1.01288
nvle                                   -14.386
nbb                                  -0.299409
nbn                                   0.996394
nen                                   0.428757
nbp                                   -1.01201
nep                                  -0.472744
in                                 2.31721e-08
rg                                -4.32854e-07
rg10                                -0.0154533
vsn                                          0
outa                                -0.0219462
jack                                         0
vs#branch                          9.26882e-12
vmm#branch                           0.0336172
vpp#branch                          -0.0325924


No. of Data Rows : 10045
L46A_CASO modo=3 livello=hi freq=1000 ampin=1.99185
Fourier analysis for v(vsn):
  No. Harmonics: 10, THD: 2.05486e-10 %, Gridsize: 8192, Interpolation Degree: 1, No. Periods: 1

Harmonic Frequency       Magnitude       Phase           Norm. Mag       Norm. Phase    
-------- ---------       ---------       -----           ---------       -----------    
 0       0               -3.74430521e-13 0               0               0              
 1       1000            1.991848952     -2.14704888e-11 1               0              
 2       2000            7.683551356e-13 -90.1970901     3.857497001e-13 -90.1970901    
 3       3000            2.866251835e-12 -133.545649     1.438990558e-12 -133.545649    
 4       4000            7.845468484e-13 -89.3343127     3.938786863e-13 -89.3343127    
 5       5000            2.063198733e-12 15.51397131     1.03582088e-12  15.51397131    
 6       6000            7.305250844e-13 -90.0484856     3.667572703e-13 -90.0484856    
 7       7000            1.326913616e-12 -104.405253     6.661718071e-13 -104.405253    
 8       8000            7.643878555e-13 -88.308965      3.837579426e-13 -88.308965     
 9       9000            4.422852524e-13 -35.2061248     2.220475865e-13 -35.2061248    

Fourier analysis for v(out):
  No. Harmonics: 10, THD: 0.000436247 %, Gridsize: 8192, Interpolation Degree: 1, No. Periods: 1

Harmonic Frequency       Magnitude       Phase           Norm. Mag       Norm. Phase    
-------- ---------       ---------       -----           ---------       -----------    
 0       0               -0.0219464535   0               0               0              
 1       1000            2.821246106     -0.231826051    1               0              
 2       2000            1.229671311e-05 173.0736964     4.358610574e-06 173.3055225    
 3       3000            5.175161436e-07 53.82311755     1.834353063e-07 54.0549436     
 4       4000            1.474399974e-08 45.53869126     5.226059404e-09 45.77051731    
 5       5000            3.146900565e-09 -115.868094     1.115429299e-09 -115.636268    
 6       6000            2.855134e-10    -168.839722     1.012011676e-10 -168.607896    
 7       7000            1.586510802e-10 173.3115737     5.623439937e-11 173.5433997    
 8       8000            1.400969552e-10 -178.982572     4.965782849e-11 -178.750746    
 9       9000            1.25083243e-10  -179.230373     4.433616861e-11 -178.998547    

Doing analysis at TEMP = 27.000000 and TNOM = 27.000000

Using SPARSE 1.3 as Direct Linear Solver

Initial Transient Solution
--------------------------

Node                                   Voltage
----                                   -------
nref                                  -13.6698
vminus                                     -15
ncasc                                   9.8682
nx                                    0.971367
nhi                                     13.717
out                                 -0.0487014
fb                                  -0.0154507
vplus                                       15
nrefm                                 -14.3349
d1n                                    9.18037
g1                                 2.41013e-08
s1                                   0.0622989
d2n                                    9.18089
g2                                  -0.0154507
s2                                   0.0578886
src                                  -0.165893
nte                                   -14.3752
nmiri                                  13.8068
nme1                                   14.5134
nme2                                   14.5131
nve                                    14.3767
ny                                    -1.03988
nvle                                   -14.386
nbb                                  -0.326409
nbn                                   0.969392
nen                                   0.401796
nbp                                     -1.039
nep                                  -0.499686
in                                 2.31721e-08
rg                                -4.32779e-07
rg10                              -1.78393e-06
vsn                                          0
outa                                -0.0487014
jack                                         0
vs#branch                          9.26882e-12
vmm#branch                           0.0336255
vpp#branch                          -0.0325829

 Reference value :  1.35036e-03
No. of Data Rows : 10010
L46A_CASO modo=10 livello=lo freq=1000 ampin=0.0897344
Fourier analysis for v(vsn):
  No. Harmonics: 10, THD: 2.38561e-10 %, Gridsize: 8192, Interpolation Degree: 1, No. Periods: 1

Harmonic Frequency       Magnitude       Phase           Norm. Mag       Norm. Phase    
-------- ---------       ---------       -----           ---------       -----------    
 0       0               -2.17583655e-14 0               0               0              
 1       1000            0.08973435277   -2.70817687e-11 1               0              
 2       2000            4.043792349e-14 -88.1171137     4.506403874e-13 -88.1171137    
 3       3000            1.160284437e-13 -173.193449     1.293021458e-12 -173.193449    
 4       4000            4.292744769e-14 -89.7781872     4.783836554e-13 -89.7781872    
 5       5000            1.350496762e-13 -31.0121016     1.504994153e-12 -31.0121016    
 6       6000            4.190628277e-14 -90.3700824     4.670037893e-13 -90.3700824    
 7       7000            4.377588201e-14 -147.894004     4.878386109e-13 -147.894004    
 8       8000            4.176409083e-14 -87.5475279     4.654192017e-13 -87.5475279    
 9       9000            7.232381323e-14 -57.7379679     8.05976875e-13  -57.7379679    

Fourier analysis for v(out):
  No. Harmonics: 10, THD: 4.00085e-05 %, Gridsize: 8192, Interpolation Degree: 1, No. Periods: 1

Harmonic Frequency       Magnitude       Phase           Norm. Mag       Norm. Phase    
-------- ---------       ---------       -----           ---------       -----------    
 0       0               -0.0487013757   0               0               0              
 1       1000            0.2820402414    -0.532672522    1               0              
 2       2000            1.128353518e-07 166.5991188     4.000682712e-07 167.1317913    
 3       3000            1.035090189e-09 45.18598169     3.670008874e-09 45.71865422    
 4       4000            4.990243784e-11 179.0677789     1.76933751e-10  179.6004514    
 5       5000            3.970479449e-11 -177.815673     1.407770547e-10 -177.283       
 6       6000            3.303870899e-11 -177.796774     1.171418264e-10 -177.264102    
 7       7000            2.919324959e-11 -177.758848     1.035073912e-10 -177.226176    
 8       8000            2.537703826e-11 -176.571897     8.99766577e-11  -176.039224    
 9       9000            2.236898124e-11 -176.680566     7.931131078e-11 -176.147894    

Doing analysis at TEMP = 27.000000 and TNOM = 27.000000

Using SPARSE 1.3 as Direct Linear Solver

Initial Transient Solution
--------------------------

Node                                   Voltage
----                                   -------
nref                                  -13.6698
vminus                                     -15
ncasc                                   9.8682
nx                                    0.971367
nhi                                     13.717
out                                 -0.0487014
fb                                  -0.0154507
vplus                                       15
nrefm                                 -14.3349
d1n                                    9.18037
g1                                 2.41013e-08
s1                                   0.0622989
d2n                                    9.18089
g2                                  -0.0154507
s2                                   0.0578886
src                                  -0.165893
nte                                   -14.3752
nmiri                                  13.8068
nme1                                   14.5134
nme2                                   14.5131
nve                                    14.3767
ny                                    -1.03988
nvle                                   -14.386
nbb                                  -0.326409
nbn                                   0.969392
nen                                   0.401796
nbp                                     -1.039
nep                                  -0.499686
in                                 2.31721e-08
rg                                -4.32779e-07
rg10                              -1.78393e-06
vsn                                          0
outa                                -0.0487014
jack                                         0
vs#branch                          9.26882e-12
vmm#branch                           0.0336255
vpp#branch                          -0.0325829


No. of Data Rows : 10027
L46A_CASO modo=10 livello=hi freq=1000 ampin=0.897344
Fourier analysis for v(vsn):
  No. Harmonics: 10, THD: 2.2434e-10 %, Gridsize: 8192, Interpolation Degree: 1, No. Periods: 1

Harmonic Frequency       Magnitude       Phase           Norm. Mag       Norm. Phase    
-------- ---------       ---------       -----           ---------       -----------    
 0       0               -2.15676001e-13 0               0               0              
 1       1000            0.8973435277    -2.68242513e-11 1               0              
 2       2000            4.103634368e-13 -88.9437494     4.573091844e-13 -88.9437494    
 3       3000            1.279204907e-12 -32.3907656     1.42554648e-12  -32.3907656    
 4       4000            4.070953742e-13 -89.7721441     4.536672541e-13 -89.7721441    
 5       5000            1.078342854e-12 -173.326065     1.201705725e-12 -173.326065    
 6       6000            4.137716979e-13 -90.6334614     4.61107352e-13  -90.6334614    
 7       7000            3.49223185e-13  -140.231372     3.891744625e-13 -140.231372    
 8       8000            4.13252771e-13  -88.6206584     4.605290597e-13 -88.6206584    
 9       9000            6.747804247e-13 -65.0104362     7.519755857e-13 -65.0104362    

Fourier analysis for v(out):
  No. Harmonics: 10, THD: 0.000399826 %, Gridsize: 8192, Interpolation Degree: 1, No. Periods: 1

Harmonic Frequency       Magnitude       Phase           Norm. Mag       Norm. Phase    
-------- ---------       ---------       -----           ---------       -----------    
 0       0               -0.0487012331   0               0               0              
 1       1000            2.820399131     -0.532696289    1               0              
 2       2000            1.122216158e-05 167.1553534     3.978926763e-06 167.6880497    
 3       3000            1.107335433e-06 42.76806044     3.926165701e-07 43.30075673    
 4       4000            2.640641112e-08 79.22135573     9.362650425e-09 79.75405202    
 5       5000            6.329273795e-09 -126.178316     2.24410571e-09  -125.64562     
 6       6000            4.04986228e-10  -159.207625     1.435918142e-10 -158.674928    
 7       7000            2.707860156e-10 173.2408662     9.600982096e-11 173.7735625    
 8       8000            2.468001584e-10 -178.49284      8.750540153e-11 -177.960144    
 9       9000            2.192656711e-10 -178.180698     7.77427807e-11  -177.648002    

Note: Simulation executed from .control section 
