warning, model type mismatch in line
    q121a nmiri nmiri nme1 ls350
warning, model type mismatch in line
    q121b nhi nmiri nme2 ls350

Note: No compatibility mode selected!


Circuit: tb_e3_e5_ldr.cir - l44, variante ctrl (modelli da inc/ctrl_modelli.lib)

Warning: Model issue on line 122 :
  .model lsk489a njf(beta=2.2m betatce=-.5 rd=11 rs=30 lambda=4.3m vto=-1. ...
unrecognized parameter (isr) - ignored
unrecognized parameter (alpha) - ignored
unrecognized parameter (vk) - ignored
unrecognized parameter (mj) - ignored

Doing analysis at TEMP = 27.000000 and TNOM = 27.000000

Using SPARSE 1.3 as Direct Linear Solver

No. of Data Rows : 1
punto di lavoro: serie curva B a 20 mA = 88.3219 ohm (atteso 88,3 dalla tabella)
Doing analysis at TEMP = 27.000000 and TNOM = 27.000000

Using SPARSE 1.3 as Direct Linear Solver

No. of Data Rows : 1
Doing analysis at TEMP = 27.000000 and TNOM = 27.000000

Using SPARSE 1.3 as Direct Linear Solver

No. of Data Rows : 151
zmin                =  7.63420e+05 at=  1.90999e+04
z20                 =  9.97593e+05
z1k                 =  9.96567e+05
z20k                =  7.49312e+05
E3 stato=gioco pos=0 csel=1f
zmin = 7.634200e+05
Doing analysis at TEMP = 27.000000 and TNOM = 27.000000

Using SPARSE 1.3 as Direct Linear Solver

No. of Data Rows : 1
Doing analysis at TEMP = 27.000000 and TNOM = 27.000000

Using SPARSE 1.3 as Direct Linear Solver

No. of Data Rows : 151
zmin                =  2.77558e+05 at=  1.90999e+04
z20                 =  9.97587e+05
z1k                 =  9.81520e+05
z20k                =  2.66064e+05
E3 stato=gioco pos=0 csel=22p
zmin = 2.775577e+05
Doing analysis at TEMP = 27.000000 and TNOM = 27.000000

Using SPARSE 1.3 as Direct Linear Solver

No. of Data Rows : 1
Doing analysis at TEMP = 27.000000 and TNOM = 27.000000

Using SPARSE 1.3 as Direct Linear Solver

No. of Data Rows : 151
zmin                =  1.10713e+05 at=  1.90999e+04
z20                 =  9.97550e+05
z1k                 =  9.02936e+05
z20k                =  1.05801e+05
E3 stato=gioco pos=0 csel=68p
zmin = 1.107130e+05
Doing analysis at TEMP = 27.000000 and TNOM = 27.000000

Using SPARSE 1.3 as Direct Linear Solver

No. of Data Rows : 1
Doing analysis at TEMP = 27.000000 and TNOM = 27.000000

Using SPARSE 1.3 as Direct Linear Solver

No. of Data Rows : 151
zmin                =  7.63419e+05 at=  1.90999e+04
z20                 =  9.97593e+05
z1k                 =  9.96567e+05
z20k                =  7.49311e+05
E3 stato=gioco pos=6 csel=1f
zmin = 7.634190e+05
Doing analysis at TEMP = 27.000000 and TNOM = 27.000000

Using SPARSE 1.3 as Direct Linear Solver

No. of Data Rows : 1
Doing analysis at TEMP = 27.000000 and TNOM = 27.000000

Using SPARSE 1.3 as Direct Linear Solver

No. of Data Rows : 151
zmin                =  2.77558e+05 at=  1.90999e+04
z20                 =  9.97587e+05
z1k                 =  9.81520e+05
z20k                =  2.66064e+05
E3 stato=gioco pos=6 csel=22p
zmin = 2.775576e+05
Doing analysis at TEMP = 27.000000 and TNOM = 27.000000

Using SPARSE 1.3 as Direct Linear Solver

No. of Data Rows : 1
Doing analysis at TEMP = 27.000000 and TNOM = 27.000000

Using SPARSE 1.3 as Direct Linear Solver

No. of Data Rows : 151
zmin                =  1.10713e+05 at=  1.90999e+04
z20                 =  9.97550e+05
z1k                 =  9.02936e+05
z20k                =  1.05801e+05
E3 stato=gioco pos=6 csel=68p
zmin = 1.107130e+05
Doing analysis at TEMP = 27.000000 and TNOM = 27.000000

Using SPARSE 1.3 as Direct Linear Solver

No. of Data Rows : 1
Doing analysis at TEMP = 27.000000 and TNOM = 27.000000

Using SPARSE 1.3 as Direct Linear Solver

No. of Data Rows : 151
zmin                =  7.63419e+05 at=  1.90999e+04
z20                 =  9.97593e+05
z1k                 =  9.96567e+05
z20k                =  7.49311e+05
E3 stato=gioco pos=12 csel=1f
zmin = 7.634188e+05
Doing analysis at TEMP = 27.000000 and TNOM = 27.000000

Using SPARSE 1.3 as Direct Linear Solver

No. of Data Rows : 1
Doing analysis at TEMP = 27.000000 and TNOM = 27.000000

Using SPARSE 1.3 as Direct Linear Solver

No. of Data Rows : 151
zmin                =  2.77558e+05 at=  1.90999e+04
z20                 =  9.97587e+05
z1k                 =  9.81520e+05
z20k                =  2.66064e+05
E3 stato=gioco pos=12 csel=22p
zmin = 2.775576e+05
Doing analysis at TEMP = 27.000000 and TNOM = 27.000000

Using SPARSE 1.3 as Direct Linear Solver

No. of Data Rows : 1
Doing analysis at TEMP = 27.000000 and TNOM = 27.000000

Using SPARSE 1.3 as Direct Linear Solver

No. of Data Rows : 151
zmin                =  1.10713e+05 at=  1.90999e+04
z20                 =  9.97550e+05
z1k                 =  9.02936e+05
z20k                =  1.05801e+05
E3 stato=gioco pos=12 csel=68p
zmin = 1.107130e+05
Doing analysis at TEMP = 27.000000 and TNOM = 27.000000

Using SPARSE 1.3 as Direct Linear Solver

No. of Data Rows : 1
Doing analysis at TEMP = 27.000000 and TNOM = 27.000000

Using SPARSE 1.3 as Direct Linear Solver

No. of Data Rows : 151
zmin                =  1.55055e+06 at=  1.90999e+04
z20                 =  3.85423e+08
z1k                 =  2.88561e+07
z20k                =  1.48324e+06
E3 stato=mute pos=0 csel=1f
zmin = 1.550553e+06
Doing analysis at TEMP = 27.000000 and TNOM = 27.000000

Using SPARSE 1.3 as Direct Linear Solver

No. of Data Rows : 1
Doing analysis at TEMP = 27.000000 and TNOM = 27.000000

Using SPARSE 1.3 as Direct Linear Solver

No. of Data Rows : 151
zmin                =  3.04464e+05 at=  1.90999e+04
z20                 =  2.34429e+08
z1k                 =  5.78751e+06
z20k                =  2.90858e+05
E3 stato=mute pos=0 csel=22p
zmin = 3.044640e+05
Doing analysis at TEMP = 27.000000 and TNOM = 27.000000

Using SPARSE 1.3 as Direct Linear Solver

No. of Data Rows : 1
Doing analysis at TEMP = 27.000000 and TNOM = 27.000000

Using SPARSE 1.3 as Direct Linear Solver

No. of Data Rows : 151
zmin                =  1.13575e+05 at=  1.90999e+04
z20                 =  1.04506e+08
z1k                 =  2.16558e+06
z20k                =  1.08477e+05
E3 stato=mute pos=0 csel=68p
zmin = 1.135751e+05
Doing analysis at TEMP = 27.000000 and TNOM = 27.000000

Using SPARSE 1.3 as Direct Linear Solver

No. of Data Rows : 1
Doing analysis at TEMP = 27.000000 and TNOM = 27.000000

Using SPARSE 1.3 as Direct Linear Solver

No. of Data Rows : 151
zmin                =  1.55055e+06 at=  1.90999e+04
z20                 =  3.85423e+08
z1k                 =  2.88561e+07
z20k                =  1.48324e+06
E3 stato=mute pos=6 csel=1f
zmin = 1.550553e+06
Doing analysis at TEMP = 27.000000 and TNOM = 27.000000

Using SPARSE 1.3 as Direct Linear Solver

No. of Data Rows : 1
Doing analysis at TEMP = 27.000000 and TNOM = 27.000000

Using SPARSE 1.3 as Direct Linear Solver

No. of Data Rows : 151
zmin                =  3.04464e+05 at=  1.90999e+04
z20                 =  2.34429e+08
z1k                 =  5.78751e+06
z20k                =  2.90858e+05
E3 stato=mute pos=6 csel=22p
zmin = 3.044640e+05
Doing analysis at TEMP = 27.000000 and TNOM = 27.000000

Using SPARSE 1.3 as Direct Linear Solver

No. of Data Rows : 1
Doing analysis at TEMP = 27.000000 and TNOM = 27.000000

Using SPARSE 1.3 as Direct Linear Solver

No. of Data Rows : 151
zmin                =  1.13575e+05 at=  1.90999e+04
z20                 =  1.04506e+08
z1k                 =  2.16558e+06
z20k                =  1.08477e+05
E3 stato=mute pos=6 csel=68p
zmin = 1.135751e+05
Doing analysis at TEMP = 27.000000 and TNOM = 27.000000

Using SPARSE 1.3 as Direct Linear Solver

No. of Data Rows : 1
Doing analysis at TEMP = 27.000000 and TNOM = 27.000000

Using SPARSE 1.3 as Direct Linear Solver

No. of Data Rows : 151
zmin                =  1.55055e+06 at=  1.90999e+04
z20                 =  3.85423e+08
z1k                 =  2.88561e+07
z20k                =  1.48324e+06
E3 stato=mute pos=12 csel=1f
zmin = 1.550553e+06
Doing analysis at TEMP = 27.000000 and TNOM = 27.000000

Using SPARSE 1.3 as Direct Linear Solver

No. of Data Rows : 1
Doing analysis at TEMP = 27.000000 and TNOM = 27.000000

Using SPARSE 1.3 as Direct Linear Solver

No. of Data Rows : 151
zmin                =  3.04464e+05 at=  1.90999e+04
z20                 =  2.34429e+08
z1k                 =  5.78751e+06
z20k                =  2.90858e+05
E3 stato=mute pos=12 csel=22p
zmin = 3.044640e+05
Doing analysis at TEMP = 27.000000 and TNOM = 27.000000

Using SPARSE 1.3 as Direct Linear Solver

No. of Data Rows : 1
Doing analysis at TEMP = 27.000000 and TNOM = 27.000000

Using SPARSE 1.3 as Direct Linear Solver

No. of Data Rows : 151
zmin                =  1.13575e+05 at=  1.90999e+04
z20                 =  1.04506e+08
z1k                 =  2.16558e+06
z20Note: Starting dynamic gmin stepping
Note: Dynamic gmin stepping completed
Note: Starting dynamic gmin stepping
Note: Dynamic gmin stepping completed
Note: Starting dynamic gmin stepping
Note: Dynamic gmin stepping completed
Note: Starting dynamic gmin stepping
Note: Dynamic gmin stepping completed
Note: Starting dynamic gmin stepping
Note: Dynamic gmin stepping completed
Note: Starting dynamic gmin stepping
Note: Dynamic gmin stepping completed
k                =  1.08477e+05
E3 stato=mute pos=12 csel=68p
zmin = 1.135751e+05
Doing analysis at TEMP = 27.000000 and TNOM = 27.000000

Using SPARSE 1.3 as Direct Linear Solver

No. of Data Rows : 1
Doing analysis at TEMP = 27.000000 and TNOM = 27.000000

Using SPARSE 1.3 as Direct Linear Solver

No. of Data Rows : 151
zmin                =  2.00226e+06 at=  1.90999e+04
z20                 =  4.48731e+06
z1k                 =  4.45748e+06
z20k                =  1.93703e+06
E3 stato=meta pos=0 csel=1f
zmin = 2.002259e+06
Doing analysis at TEMP = 27.000000 and TNOM = 27.000000

Using SPARSE 1.3 as Direct Linear Solver

No. of Data Rows : 1
Doing analysis at TEMP = 27.000000 and TNOM = 27.000000

Using SPARSE 1.3 as Direct Linear Solver

No. of Data Rows : 151
zmin                =  3.24851e+05 at=  1.90999e+04
z20                 =  4.48684e+06
z1k                 =  3.62487e+06
z20k                =  3.10471e+05
E3 stato=meta pos=0 csel=22p
zmin = 3.248512e+05
Doing analysis at TEMP = 27.000000 and TNOM = 27.000000

Using SPARSE 1.3 as Direct Linear Solver

No. of Data Rows : 1
Doing analysis at TEMP = 27.000000 and TNOM = 27.000000

Using SPARSE 1.3 as Direct Linear Solver

No. of Data Rows : 151
zmin                =  1.16391e+05 at=  1.90999e+04
z20                 =  4.48364e+06
z1k                 =  1.98630e+06
z20k                =  1.11177e+05
E3 stato=meta pos=0 csel=68p
zmin = 1.163911e+05
Doing analysis at TEMP = 27.000000 and TNOM = 27.000000

Using SPARSE 1.3 as Direct Linear Solver

No. of Data Rows : 1
Doing analysis at TEMP = 27.000000 and TNOM = 27.000000

Using SPARSE 1.3 as Direct Linear Solver

No. of Data Rows : 151
zmin                =  2.00226e+06 at=  1.90999e+04
z20                 =  4.48731e+06
z1k                 =  4.45748e+06
z20k                =  1.93703e+06
E3 stato=meta pos=6 csel=1f
zmin = 2.002258e+06
Doing analysis at TEMP = 27.000000 and TNOM = 27.000000

Using SPARSE 1.3 as Direct Linear Solver

No. of Data Rows : 1
Doing analysis at TEMP = 27.000000 and TNOM = 27.000000

Using SPARSE 1.3 as Direct Linear Solver

No. of Data Rows : 151
zmin                =  3.24851e+05 at=  1.90999e+04
z20                 =  4.48684e+06
z1k                 =  3.62487e+06
z20k                =  3.10471e+05
E3 stato=meta pos=6 csel=22p
zmin = 3.248512e+05
Doing analysis at TEMP = 27.000000 and TNOM = 27.000000

Using SPARSE 1.3 as Direct Linear Solver

No. of Data Rows : 1
Doing analysis at TEMP = 27.000000 and TNOM = 27.000000

Using SPARSE 1.3 as Direct Linear Solver

No. of Data Rows : 151
zmin                =  1.16391e+05 at=  1.90999e+04
z20                 =  4.48364e+06
z1k                 =  1.98630e+06
z20k                =  1.11177e+05
E3 stato=meta pos=6 csel=68p
zmin = 1.163911e+05
Doing analysis at TEMP = 27.000000 and TNOM = 27.000000

Using SPARSE 1.3 as Direct Linear Solver

No. of Data Rows : 1
Doing analysis at TEMP = 27.000000 and TNOM = 27.000000

Using SPARSE 1.3 as Direct Linear Solver

No. of Data Rows : 151
zmin                =  2.00226e+06 at=  1.90999e+04
z20                 =  4.48731e+06
z1k                 =  4.45748e+06
z20k                =  1.93703e+06
E3 stato=meta pos=12 csel=1f
zmin = 2.002258e+06
Doing analysis at TEMP = 27.000000 and TNOM = 27.000000

Using SPARSE 1.3 as Direct Linear Solver

No. of Data Rows : 1
Doing analysis at TEMP = 27.000000 and TNOM = 27.000000

Using SPARSE 1.3 as Direct Linear Solver

No. of Data Rows : 151
zmin                =  3.24851e+05 at=  1.90999e+04
z20                 =  4.48684e+06
z1k                 =  3.62487e+06
z20k                =  3.10471e+05
E3 stato=meta pos=12 csel=22p
zmin = 3.248512e+05
Doing analysis at TEMP = 27.000000 and TNOM = 27.000000

Using SPARSE 1.3 as Direct Linear Solver

No. of Data Rows : 1
Doing analysis at TEMP = 27.000000 and TNOM = 27.000000

Using SPARSE 1.3 as Direct Linear Solver

No. of Data Rows : 151
zmin                =  1.16391e+05 at=  1.90999e+04
z20                 =  4.48364e+06
z1k                 =  1.98630e+06
z20k                =  1.11177e+05
E3 stato=meta pos=12 csel=68p
zmin = 1.163911e+05
Doing analysis at TEMP = 27.000000 and TNOM = 27.000000

Using SPARSE 1.3 as Direct Linear Solver

No. of Data Rows : 151

No. of Data Rows : 1
E5 ldr=nessuna pos=0 mode=0db att=max rsrc=1.5
onu = 1.668889e+00
Doing analysis at TEMP = 27.000000 and TNOM = 27.000000

Using SPARSE 1.3 as Direct Linear Solver

No. of Data Rows : 151

No. of Data Rows : 1
E5 ldr=nessuna pos=0 mode=0db att=max rsrc=430
onu = 1.710792e+00
Doing analysis at TEMP = 27.000000 and TNOM = 27.000000

Using SPARSE 1.3 as Direct Linear Solver

No. of Data Rows : 151

No. of Data Rows : 1
E5 ldr=nessuna pos=0 mode=0db att=mid rsrc=1.5
onu = 1.603005e+00
Doing analysis at TEMP = 27.000000 and TNOM = 27.000000

Using SPARSE 1.3 as Direct Linear Solver

No. of Data Rows : 151

No. of Data Rows : 1
E5 ldr=nessuna pos=0 mode=0db att=mid rsrc=430
onu = 1.613956e+00
Doing analysis at TEMP = 27.000000 and TNOM = 27.000000

Using SPARSE 1.3 as Direct Linear Solver

No. of Data Rows : 151

No. of Data Rows : 1
E5 ldr=nessuna pos=0 mode=3db att=max rsrc=1.5
onu = 2.301853e+00
Doing analysis at TEMP = 27.000000 and TNOM = 27.000000

Using SPARSE 1.3 as Direct Linear Solver

No. of Data Rows : 151

No. of Data Rows : 1
E5 ldr=nessuna pos=0 mode=3db att=max rsrc=430
onu = 2.362990e+00
Doing analysis at TEMP = 27.000000 and TNOM = 27.000000

Using SPARSE 1.3 as Direct Linear Solver

No. of Data Rows : 151

No. of Data Rows : 1
E5 ldr=nessuna pos=0 mode=3db att=mid rsrc=1.5
onu = 2.205544e+00
Doing analysis at TEMP = 27.000000 and TNOM = 27.000000

Using SPARSE 1.3 as Direct Linear Solver

No. of Data Rows : 151

No. of Data Rows : 1
E5 ldr=nessuna pos=0 mode=3db att=mid rsrc=430
onu = 2.221568e+00
Doing analysis at TEMP = 27.000000 and TNOM = 27.000000

Using SPARSE 1.3 as Direct Linear Solver

No. of Data Rows : 151

No. of Data Rows : 1
E5 ldr=nessuna pos=0 mode=10db att=max rsrc=1.5
onu = 4.904064e+00
Doing analysis at TEMP = 27.000000 and TNOM = 27.000000

Using SPARSE 1.3 as Direct Linear Solver

No. of Data Rows : 151

No. of Data Rows : 1
E5 ldr=nessuna pos=0 mode=10db att=max rsrc=430
onu = 5.044761e+00
Doing analysis at TEMP = 27.000000 and TNOM = 27.000000

Using SPARSE 1.3 as Direct Linear Solver

No. of Data Rows : 151

No. of Data Rows : 1
E5 ldr=nessuna pos=0 mode=10db att=mid rsrc=1.5
onu = 4.681809e+00
Doing analysis at TEMP = 27.000000 and TNOM = 27.000000

Using SPARSE 1.3 as Direct Linear Solver

No. of Data Rows : 151

No. of Data Rows : 1
E5 ldr=nessuna pos=0 mode=10db att=mid rsrc=430
onu = 4.718850e+00
Doing analysis at TEMP = 27.000000 and TNOM = 27.000000

Using SPARSE 1.3 as Direct Linear Solver

No. of Data Rows : 151

No. of Data Rows : 1
E5 ldr=nessuna pos=6 mode=0db att=max rsrc=1.5
onu = 1.374048e+00
Doing analysis at TEMP = 27.000000 and TNOM = 27.000000

Using SPARSE 1.3 as Direct Linear Solver

No. of Data Rows : 151

No. of Data Rows : 1
E5 ldr=nessuna pos=6 mode=0db att=max rsrc=430
onu = 1.386924e+00
Doing analysis at TEMP = 27.000000 and TNOM = 27.000000

Using SPARSE 1.3 as Direct Linear Solver

No. of Data Rows : 151

No. of Data Rows : 1
E5 ldr=nessuna pos=6 mode=0db att=mid rsrc=1.5
onu = 1.531833e+00
Doing analysis at TEMP = 27.000000 and TNOM = 27.000000

Using SPARSE 1.3 as Direct Linear Solver

No. of Data Rows : 151

No. of Data Rows : 1
E5 ldr=nessuna pos=6 mode=0db att=mid rsrc=430
onu = 1.534719e+00
Doing analysis at TEMP = 27.000000 and TNOM = 27.000000

Using SPARSE 1.3 as Direct Linear Solver

No. of Data Rows : 151

No. of Data Rows : 1
E5 ldr=nessuna pos=6 mode=3db att=max rsrc=1.5
onu = 1.868628e+00
Doing analysis at TEMP = 27.000000 and TNOM = 27.000000

Using SPARSE 1.3 as Direct Linear Solver
 Reference value :  2.00000e+01
No. of Data Rows : 151

No. of Data Rows : 1
E5 ldr=nessuna pos=6 mode=3db att=max rsrc=430
onu = 1.887686e+00
Doing analysis at TEMP = 27.000000 and TNOM = 27.000000

Using SPARSE 1.3 as Direct Linear Solver

No. of Data Rows : 151

No. of Data Rows : 1
E5 ldr=nessuna pos=6 mode=3db att=mid rsrc=1.5
onu = 2.101218e+00
Doing analysis at TEMP = 27.000000 and TNOM = 27.000000

Using SPARSE 1.3 as Direct Linear Solver

No. of Data Rows : 151

No. of Data Rows : 1
E5 ldr=nessuna pos=6 mode=3db att=mid rsrc=430
onu = 2.105454e+00
Doing analysis at TEMP = 27.000000 and TNOM = 27.000000

Using SPARSE 1.3 as Direct Linear Solver

No. of Data Rows : 151

No. of Data Rows : 1
E5 ldr=nessuna pos=6 mode=10db att=max rsrc=1.5
onu = 3.896420e+00
Doing analysis at TEMP = 27.000000 and TNOM = 27.000000

Using SPARSE 1.3 as Direct Linear Solver

No. of Data Rows : 151

No. of Data Rows : 1
E5 ldr=nessuna pos=6 mode=10db att=max rsrc=430
onu = 3.941251e+00
Doing analysis at TEMP = 27.000000 and TNOM = 27.000000

Using SPARSE 1.3 as Direct Linear Solver

No. of Data Rows : 151

No. of Data Rows : 1
E5 ldr=nessuna pos=6 mode=10db att=mid rsrc=1.5
onu = 4.440056e+00
Doing analysis at TEMP = 27.000000 and TNOM = 27.000000

Using SPARSE 1.3 as Direct Linear Solver

No. of Data Rows : 151

No. of Data Rows : 1
E5 ldr=nessuna pos=6 mode=10db att=mid rsrc=430
onu = 4.449894e+00
Doing analysis at TEMP = 27.000000 and TNOM = 27.000000

Using SPARSE 1.3 as Direct Linear Solver

No. of Data Rows : 151

No. of Data Rows : 1
E5 ldr=nessuna pos=12 mode=0db att=max rsrc=1.5
onu = 1.264309e+00
Doing analysis at TEMP = 27.000000 and TNOM = 27.000000

Using SPARSE 1.3 as Direct Linear Solver

No. of Data Rows : 151

No. of Data Rows : 1
E5 ldr=nessuna pos=12 mode=0db att=max rsrc=430
onu = 1.267888e+00
Doing analysis at TEMP = 27.000000 and TNOM = 27.000000

Using SPARSE 1.3 as Direct Linear Solver

No. of Data Rows : 151

No. of Data Rows : 1
E5 ldr=nessuna pos=12 mode=0db att=mid rsrc=1.5
onu = 1.508126e+00
Doing analysis at TEMP = 27.000000 and TNOM = 27.000000

Using SPARSE 1.3 as Direct Linear Solver

No. of Data Rows : 151

No. of Data Rows : 1
E5 ldr=nessuna pos=12 mode=0db att=mid rsrc=430
onu = 1.508873e+00
Doing analysis at TEMP = 27.000000 and TNOM = 27.000000

Using SPARSE 1.3 as Direct Linear Solver

No. of Data Rows : 151

No. of Data Rows : 1
E5 ldr=nessuna pos=12 mode=3db att=max rsrc=1.5
onu = 1.705494e+00
Doing analysis at TEMP = 27.000000 and TNOM = 27.000000

Using SPARSE 1.3 as Direct Linear Solver

No. of Data Rows : 151

No. of Data Rows : 1
E5 ldr=nessuna pos=12 mode=3db att=max rsrc=430
onu = 1.710835e+00
Doing analysis at TEMP = 27.000000 and TNOM = 27.000000

Using SPARSE 1.3 as Direct Linear Solver

No. of Data Rows : 151

No. of Data Rows : 1
E5 ldr=nessuna pos=12 mode=3db att=mid rsrc=1.5
onu = 2.066394e+00
Doing analysis at TEMP = 27.000000 and TNOM = 27.000000

Using SPARSE 1.3 as Direct Linear Solver

No. of Data Rows : 151

No. of Data Rows : 1
E5 ldr=nessuna pos=12 mode=3db att=mid rsrc=430
onu = 2.067492e+00
Doing analysis at TEMP = 27.000000 and TNOM = 27.000000

Using SPARSE 1.3 as Direct Linear Solver

No. of Data Rows : 151

No. of Data Rows : 1
E5 ldr=nessuna pos=12 mode=10db att=max rsrc=1.5
onu = 3.510037e+00
Doing analysis at TEMP = 27.000000 and TNOM = 27.000000

Using SPARSE 1.3 as Direct Linear Solver

No. of Data Rows : 151

No. of Data Rows : 1
E5 ldr=nessuna pos=12 mode=10db att=max rsrc=430
onu = 3.522772e+00
Doing analysis at TEMP = 27.000000 and TNOM = 27.000000

Using SPARSE 1.3 as Direct Linear Solver

No. of Data Rows : 151

No. of Data Rows : 1
E5 ldr=nessuna pos=12 mode=10db att=mid rsrc=1.5
onu = 4.359100e+00
Doing analysis at TEMP = 27.000000 and TNOM = 27.000000

Using SPARSE 1.3 as Direct Linear Solver

No. of Data Rows : 151

No. of Data Rows : 1
E5 ldr=nessuna pos=12 mode=10db att=mid rsrc=430
onu = 4.361656e+00
Doing analysis at TEMP = 27.000000 and TNOM = 27.000000

Using SPARSE 1.3 as Direct Linear Solver

No. of Data Rows : 151

No. of Data Rows : 1
E5 ldr=curvab pos=0 mode=0db att=max rsrc=1.5
onu = 1.677612e+00
Doing analysis at TEMP = 27.000000 and TNOM = 27.000000

Using SPARSE 1.3 as Direct Linear Solver

No. of Data Rows : 151

No. of Data Rows : 1
E5 ldr=curvab pos=0 mode=0db att=max rsrc=430
onu = 1.719295e+00
Doing analysis at TEMP = 27.000000 and TNOM = 27.000000

Using SPARSE 1.3 as Direct Linear Solver

No. of Data Rows : 151

No. of Data Rows : 1
E5 ldr=curvab pos=0 mode=0db att=mid rsrc=1.5
onu = 1.605268e+00
Doing analysis at TEMP = 27.000000 and TNOM = 27.000000

Using SPARSE 1.3 as Direct Linear Solver

No. of Data Rows : 151

No. of Data Rows : 1
E5 ldr=curvab pos=0 mode=0db att=mid rsrc=430
onu = 1.616202e+00
Doing analysis at TEMP = 27.000000 and TNOM = 27.000000

Using SPARSE 1.3 as Direct Linear Solver

No. of Data Rows : 151

No. of Data Rows : 1
E5 ldr=curvab pos=0 mode=3db att=max rsrc=1.5
onu = 2.314588e+00
Doing analysis at TEMP = 27.000000 and TNOM = 27.000000

Using SPARSE 1.3 as Direct Linear Solver

No. of Data Rows : 151

No. of Data Rows : 1
E5 ldr=curvab pos=0 mode=3db att=max rsrc=430
onu = 2.375386e+00
Doing analysis at TEMP = 27.000000 and TNOM = 27.000000

Using SPARSE 1.3 as Direct Linear Solver

No. of Data Rows : 151

No. of Data Rows : 1
E5 ldr=curvab pos=0 mode=3db att=mid rsrc=1.5
onu = 2.208856e+00
Doing analysis at TEMP = 27.000000 and TNOM = 27.000000

Using SPARSE 1.3 as Direct Linear Solver

No. of Data Rows : 151

No. of Data Rows : 1
E5 ldr=curvab pos=0 mode=3db att=mid rsrc=430
onu = 2.224855e+00
Doing analysis at TEMP = 27.000000 and TNOM = 27.000000

Using SPARSE 1.3 as Direct Linear Solver

No. of Data Rows : 151

No. of Data Rows : 1
E5 ldr=curvab pos=0 mode=10db att=max rsrc=1.5
onu = 4.933396e+00
Doing analysis at TEMP = 27.000000 and TNOM = 27.000000

Using SPARSE 1.3 as Direct Linear Solver

No. of Data Rows : 151

No. of Data Rows : 1
E5 ldr=curvab pos=0 mode=10db att=max rsrc=430
onu = 5.073254e+00
Doing analysis at TEMP = 27.000000 and TNOM = 27.000000

Using SPARSE 1.3 as Direct Linear Solver

No. of Data Rows : 151

No. of Data Rows : 1
E5 ldr=curvab pos=0 mode=10db att=mid rsrc=1.5
onu = 4.689469e+00
Doing analysis at TEMP = 27.000000 and TNOM = 27.000000

Using SPARSE 1.3 as Direct Linear Solver

No. of Data Rows : 151

No. of Data Rows : 1
E5 ldr=curvab pos=0 mode=10db att=mid rsrc=430
onu = 4.726442e+00
Doing analysis at TEMP = 27.000000 and TNOM = 27.000000

Using SPARSE 1.3 as Direct Linear Solver

No. of Data Rows : 151

No. of Data Rows : 1
E5 ldr=curvab pos=6 mode=0db att=max rsrc=1.5
onu = 1.376712e+00
Doing analysis at TEMP = 27.000000 and TNOM = 27.000000

Using SPARSE 1.3 as Direct Linear Solver

No. of Data Rows : 151

No. of Data Rows : 1
E5 ldr=curvab pos=6 mode=0db att=max rsrc=430
onu = 1.389561e+00
Doing analysis at TEMP = 27.000000 and TNOM = 27.000000

Using SPARSE 1.3 as Direct Linear Solver

No. of Data Rows : 151

No. of Data Rows : 1
E5 ldr=curvab pos=6 mode=0db att=mid rsrc=1.5
onu = 1.532429e+00
Doing analysis at TEMP = 27.000000 and TNOM = 27.000000

Using SPARSE 1.3 as Direct Linear Solver

No. of Data Rows : 151

No. of Data Rows : 1
E5 ldr=curvab pos=6 mode=0db att=mid rsrc=430
onu = 1.535312e+00
Doing analysis at TEMP = 27.000000 and TNOM = 27.000000

Using SPARSE 1.3 as Direct Linear Solver

No. of Data Rows : 151

No. of Data Rows : 1
E5 ldr=curvab pos=6 mode=3db att=max rsrc=1.5
onu = 1.872572e+00
Doing analysis at TEMP = 27.000000 and TNOM = 27.000000

Using SPARSE 1.3 as Direct Linear Solver

No. of Data Rows : 151

No. of Data Rows : 1
E5 ldr=curvab pos=6 mode=3db att=max rsrc=430
onu = 1.891588e+00
Doing analysis at TEMP = 27.000000 and TNOM = 27.000000

Using SPARSE 1.3 as Direct Linear Solver

No. of Data Rows : 151

No. of Data Rows : 1
E5 ldr=curvab pos=6 mode=3db att=mid rsrc=1.5
onu = 2.102092e+00
Doing analysis at TEMP = 27.000000 and TNOM = 27.000000

Using SPARSE 1.3 as Direct Linear Solver

No. of Data Rows : 151

No. of Data Rows : 1
E5 ldr=curvab pos=6 mode=3db att=mid rsrc=430
onu = 2.106326e+00
Doing analysis at TEMP = 27.000000 and TNOM = 27.000000

Using SPARSE 1.3 as Direct Linear Solver

No. of Data Rows : 151

No. of Data Rows : 1
E5 ldr=curvab pos=6 mode=10db att=max rsrc=1.5
onu = 3.905704e+00
Doing analysis at TEMP = 27.000000 and TNOM = 27.000000

Using SPARSE 1.3 as Direct Linear Solver

No. of Data Rows : 151

No. of Data Rows : 1
E5 ldr=curvab pos=6 mode=10db att=max rsrc=430
onu = 3.950421e+00
Doing analysis at TEMP = 27.000000 and TNOM = 27.000000

Using SPARSE 1.3 as Direct Linear Solver

No. of Data Rows : 151

No. of Data Rows : 1
E5 ldr=curvab pos=6 mode=10db att=mid rsrc=1.5
onu = 4.442086e+00
Doing analysis at TEMP = 27.000000 and TNOM = 27.000000

Using SPARSE 1.3 as Direct Linear Solver

No. of Data Rows : 151

No. of Data Rows : 1
E5 ldr=curvab pos=6 mode=10db att=mid rsrc=430
onu = 4.451918e+00
Doing analysis at TEMP = 27.000000 and TNOM = 27.000000

Using SPARSE 1.3 as Direct Linear Solver

No. of Data Rows : 151

No. of Data Rows : 1
E5 ldr=curvab pos=12 mode=0db att=max rsrc=1.5
onu = 1.265048e+00
Doing analysis at TEMP = 27.000000 and TNOM = 27.000000

Using SPARSE 1.3 as Direct Linear Solver

No. of Data Rows : 151

No. of Data Rows : 1
E5 ldr=curvab pos=12 mode=0db att=max rsrc=430
onu = 1.268623e+00
Doing analysis at TEMP = 27.000000 and TNOM = 27.000000

Using SPARSE 1.3 as Direct Linear Solver

No. of Data Rows : 151

No. of Data Rows : 1
E5 ldr=curvab pos=12 mode=0db att=mid rsrc=1.5
onu = 1.508280e+00
Doing analysis at TEMP = 27.000000 and TNOM = 27.000000

Using SPARSE 1.3 as Direct Linear Solver

No. of Data Rows : 151

No. of Data Rows : 1
E5 ldr=curvab pos=12 mode=0db att=mid rsrc=430
onu = 1.509027e+00
Doing analysis at TEMP = 27.000000 and TNOM = 27.000000

Using SPARSE 1.3 as Direct Linear Solver

No. of Data Rows : 151

No. of Data Rows : 1
E5 ldr=curvab pos=12 mode=3db att=max rsrc=1.5
onu = 1.706596e+00
Doing analysis at TEMP = 27.000000 and TNOM = 27.000000

Using SPARSE 1.3 as Direct Linear Solver

No. of Data Rows : 151

No. of Data Rows : 1
E5 ldr=curvab pos=12 mode=3db att=max rsrc=430
onu = 1.711933e+00
Doing analysis at TEMP = 27.000000 and TNOM = 27.000000

Using SPARSE 1.3 as Direct Linear Solver

No. of Data Rows : 151
 Reference value :  2.00000e+04
No. of Data Rows : 1
E5 ldr=curvab pos=12 mode=3db att=mid rsrc=1.5
onu = 2.066620e+00
Doing analysis at TEMP = 27.000000 and TNOM = 27.000000

Using SPARSE 1.3 as Direct Linear Solver

No. of Data Rows : 151

No. of Data Rows : 1
E5 ldr=curvab pos=12 mode=3db att=mid rsrc=430
onu = 2.067719e+00
Doing analysis at TEMP = 27.000000 and TNOM = 27.000000

Using SPARSE 1.3 as Direct Linear Solver

No. of Data Rows : 151

No. of Data Rows : 1
E5 ldr=curvab pos=12 mode=10db att=max rsrc=1.5
onu = 3.512666e+00
Doing analysis at TEMP = 27.000000 and TNOM = 27.000000

Using SPARSE 1.3 as Direct Linear Solver

No. of Data Rows : 151

No. of Data Rows : 1
E5 ldr=curvab pos=12 mode=10db att=max rsrc=430
onu = 3.525389e+00
Doing analysis at TEMP = 27.000000 and TNOM = 27.000000

Using SPARSE 1.3 as Direct Linear Solver

No. of Data Rows : 151

No. of Data Rows : 1
E5 ldr=curvab pos=12 mode=10db att=mid rsrc=1.5
onu = 4.359627e+00
Doing analysis at TEMP = 27.000000 and TNOM = 27.000000

Using SPARSE 1.3 as Direct Linear Solver

No. of Data Rows : 151

No. of Data Rows : 1
E5 ldr=curvab pos=12 mode=10db att=mid rsrc=430
onu = 4.362182e+00
Doing analysis at TEMP = 27.000000 and TNOM = 27.000000

Using SPARSE 1.3 as Direct Linear Solver

No. of Data Rows : 151

No. of Data Rows : 1
E5 ldr=curvad pos=0 mode=0db att=max rsrc=1.5
onu = 1.680536e+00
Doing analysis at TEMP = 27.000000 and TNOM = 27.000000

Using SPARSE 1.3 as Direct Linear Solver

No. of Data Rows : 151

No. of Data Rows : 1
E5 ldr=curvad pos=0 mode=0db att=max rsrc=430
onu = 1.722145e+00
Doing analysis at TEMP = 27.000000 and TNOM = 27.000000

Using SPARSE 1.3 as Direct Linear Solver

No. of Data Rows : 151

No. of Data Rows : 1
E5 ldr=curvad pos=0 mode=0db att=mid rsrc=1.5
onu = 1.606029e+00
Doing analysis at TEMP = 27.000000 and TNOM = 27.000000

Using SPARSE 1.3 as Direct Linear Solver

No. of Data Rows : 151

No. of Data Rows : 1
E5 ldr=curvad pos=0 mode=0db att=mid rsrc=430
onu = 1.616956e+00
Doing analysis at TEMP = 27.000000 and TNOM = 27.000000

Using SPARSE 1.3 as Direct Linear Solver

No. of Data Rows : 151

No. of Data Rows : 1
E5 ldr=curvad pos=0 mode=3db att=max rsrc=1.5
onu = 2.318855e+00
Doing analysis at TEMP = 27.000000 and TNOM = 27.000000

Using SPARSE 1.3 as Direct Linear Solver

No. of Data Rows : 151

No. of Data Rows : 1
E5 ldr=curvad pos=0 mode=3db att=max rsrc=430
onu = 2.379540e+00
Doing analysis at TEMP = 27.000000 and TNOM = 27.000000

Using SPARSE 1.3 as Direct Linear Solver

No. of Data Rows : 151

No. of Data Rows : 1
E5 ldr=curvad pos=0 mode=3db att=mid rsrc=1.5
onu = 2.209970e+00
Doing analysis at TEMP = 27.000000 and TNOM = 27.000000

Using SPARSE 1.3 as Direct Linear Solver

No. of Data Rows : 151

No. of Data Rows : 1
E5 ldr=curvad pos=0 mode=3db att=mid rsrc=430
onu = 2.225959e+00
Doing analysis at TEMP = 27.000000 and TNOM = 27.000000

Using SPARSE 1.3 as Direct Linear Solver

No. of Data Rows : 151

No. of Data Rows : 1
E5 ldr=curvad pos=0 mode=10db att=max rsrc=1.5
onu = 4.943221e+00
Doing analysis at TEMP = 27.000000 and TNOM = 27.000000

Using SPARSE 1.3 as Direct Linear Solver

No. of Data Rows : 151

No. of Data Rows : 1
E5 ldr=curvad pos=0 mode=10db att=max rsrc=430
onu = 5.082800e+00
Doing analysis at TEMP = 27.000000 and TNOM = 27.000000

Using SPARSE 1.3 as Direct Linear Solver

No. of Data Rows : 151

No. of Data Rows : 1
E5 ldr=curvad pos=0 mode=10db att=mid rsrc=1.5
onu = 4.692042e+00
Doing analysis at TEMP = 27.000000 and TNOM = 27.000000

Using SPARSE 1.3 as Direct Linear Solver

No. of Data Rows : 151

No. of Data Rows : 1
E5 ldr=curvad pos=0 mode=10db att=mid rsrc=430
onu = 4.728993e+00
Doing analysis at TEMP = 27.000000 and TNOM = 27.000000

Using SPARSE 1.3 as Direct Linear Solver

No. of Data Rows : 151

No. of Data Rows : 1
E5 ldr=curvad pos=6 mode=0db att=max rsrc=1.5
onu = 1.377607e+00
Doing analysis at TEMP = 27.000000 and TNOM = 27.000000

Using SPARSE 1.3 as Direct Linear Solver

No. of Data Rows : 151

No. of Data Rows : 1
E5 ldr=curvad pos=6 mode=0db att=max rsrc=430
onu = 1.390446e+00
Doing analysis at TEMP = 27.000000 and TNOM = 27.000000

Using SPARSE 1.3 as Direct Linear Solver

No. of Data Rows : 151

No. of Data Rows : 1
E5 ldr=curvad pos=6 mode=0db att=mid rsrc=1.5
onu = 1.532629e+00
Doing analysis at TEMP = 27.000000 and TNOM = 27.000000

Using SPARSE 1.3 as Direct Linear Solver

No. of Data Rows : 151

No. of Data Rows : 1
E5 ldr=curvad pos=6 mode=0db att=mid rsrc=430
onu = 1.535512e+00
Doing analysis at TEMP = 27.000000 and TNOM = 27.000000

Using SPARSE 1.3 as Direct Linear Solver

No. of Data Rows : 151

No. of Data Rows : 1
E5 ldr=curvad pos=6 mode=3db att=max rsrc=1.5
onu = 1.873897e+00
Doing analysis at TEMP = 27.000000 and TNOM = 27.000000

Using SPARSE 1.3 as Direct Linear Solver

No. of Data Rows : 151

No. of Data Rows : 1
E5 ldr=curvad pos=6 mode=3db att=max rsrc=430
onu = 1.892898e+00
Doing analysis at TEMP = 27.000000 and TNOM = 27.000000

Using SPARSE 1.3 as Direct Linear Solver

No. of Data Rows : 151

No. of Data Rows : 1
E5 ldr=curvad pos=6 mode=3db att=mid rsrc=1.5
onu = 2.102386e+00
Doing analysis at TEMP = 27.000000 and TNOM = 27.000000

Using SPARSE 1.3 as Direct Linear Solver

No. of Data Rows : 151

No. of Data Rows : 1
E5 ldr=curvad pos=6 mode=3db att=mid rsrc=430
onu = 2.106619e+00
Doing analysis at TEMP = 27.000000 and TNOM = 27.000000

Using SPARSE 1.3 as Direct Linear Solver

No. of Data Rows : 151

No. of Data Rows : 1
E5 ldr=curvad pos=6 mode=10db att=max rsrc=1.5
onu = 3.908821e+00
Doing analysis at TEMP = 27.000000 and TNOM = 27.000000

Using SPARSE 1.3 as Direct Linear Solver

No. of Data Rows : 151

No. of Data Rows : 1
E5 ldr=curvad pos=6 mode=10db att=max rsrc=430
onu = 3.953500e+00
Doing analysis at TEMP = 27.000000 and TNOM = 27.000000

Using SPARSE 1.3 as Direct Linear Solver

No. of Data Rows : 151

No. of Data Rows : 1
E5 ldr=curvad pos=6 mode=10db att=mid rsrc=1.5
onu = 4.442768e+00
Doing analysis at TEMP = 27.000000 and TNOM = 27.000000

Using SPARSE 1.3 as Direct Linear Solver

No. of Data Rows : 151

No. of Data Rows : 1
E5 ldr=curvad pos=6 mode=10db att=mid rsrc=430
onu = 4.452598e+00
Doing analysis at TEMP = 27.000000 and TNOM = 27.000000

Using SPARSE 1.3 as Direct Linear Solver

No. of Data Rows : 151

No. of Data Rows : 1
E5 ldr=curvad pos=12 mode=0db att=max rsrc=1.5
onu = 1.265296e+00
Doing analysis at TEMP = 27.000000 and TNOM = 27.000000

Using SPARSE 1.3 as Direct Linear Solver

No. of Data Rows : 151

No. of Data Rows : 1
E5 ldr=curvad pos=12 mode=0db att=max rsrc=430
onu = 1.268871e+00
Doing analysis at TEMP = 27.000000 and TNOM = 27.000000

Using SPARSE 1.3 as Direct Linear Solver

No. of Data Rows : 151

No. of Data Rows : 1
E5 ldr=curvad pos=12 mode=0db att=mid rsrc=1.5
onu = 1.508332e+00
Doing analysis at TEMP = 27.000000 and TNOM = 27.000000

Using SPARSE 1.3 as Direct Linear Solver

No. of Data Rows : 151

No. of Data Rows : 1
E5 ldr=curvad pos=12 mode=0db att=mid rsrc=430
onu = 1.509079e+00
Doing analysis at TEMP = 27.000000 and TNOM = 27.000000

Using SPARSE 1.3 as Direct Linear Solver

No. of Data Rows : 151

No. of Data Rows : 1
E5 ldr=curvad pos=12 mode=3db att=max rsrc=1.5
onu = 1.706967e+00
Doing analysis at TEMP = 27.000000 and TNOM = 27.000000

Using SPARSE 1.3 as Direct Linear Solver

No. of Data Rows : 151

No. of Data Rows : 1
E5 ldr=curvad pos=12 mode=3db att=max rsrc=430
onu = 1.712302e+00
Doing analysis at TEMP = 27.000000 and TNOM = 27.000000

Using SPARSE 1.3 as Direct Linear Solver

No. of Data Rows : 151

No. of Data Rows : 1
E5 ldr=curvad pos=12 mode=3db att=mid rsrc=1.5
onu = 2.066697e+00
Doing analysis at TEMP = 27.000000 and TNOM = 27.000000

Using SPARSE 1.3 as Direct Linear Solver

No. of Data Rows : 151

No. of Data Rows : 1
E5 ldr=curvad pos=12 mode=3db att=mid rsrc=430
onu = 2.067795e+00
Doing analysis at TEMP = 27.000000 and TNOM = 27.000000

Using SPARSE 1.3 as Direct Linear Solver

No. of Data Rows : 151

No. of Data Rows : 1
E5 ldr=curvad pos=12 mode=10db att=max rsrc=1.5
onu = 3.513550e+00
Doing analysis at TEMP = 27.000000 and TNOM = 27.000000

Using SPARSE 1.3 as Direct Linear Solver

No. of Data Rows : 151

No. of Data Rows : 1
E5 ldr=curvad pos=12 mode=10db att=max rsrc=430
onu = 3.526269e+00
Doing analysis at TEMP = 27.000000 and TNOM = 27.000000

Using SPARSE 1.3 as Direct Linear Solver

No. of Data Rows : 151

No. of Data Rows : 1
E5 ldr=curvad pos=12 mode=10db att=mid rsrc=1.5
onu = 4.359804e+00
Doing analysis at TEMP = 27.000000 and TNOM = 27.000000

Using SPARSE 1.3 as Direct Linear Solver

No. of Data Rows : 151

No. of Data Rows : 1
E5 ldr=curvad pos=12 mode=10db att=mid rsrc=430
onu = 4.362359e+00
Doing analysis at TEMP = 27.000000 and TNOM = 27.000000

Using SPARSE 1.3 as Direct Linear Solver

No. of Data Rows : 2000
hmax                =  9.41831e-08 at=  2.00000e+04
CIO lato=serie_lato_sorgente mode=0db
hmax = 9.418311e-08
hintv = 7.689914e-06
eamax = 1.300405e+08
Doing analysis at TEMP = 27.000000 and TNOM = 27.000000

Using SPARSE 1.3 as Direct Linear Solver
 Reference value :  1.12144e+04
No. of Data Rows : 2000
hmax                =  2.94740e-07 at=  2.00000e+04
CIO lato=serie_lato_sorgente mode=10db
hmax = 2.947396e-07
hintv = 2.413161e-05
eamax = 4.143943e+07
Doing analysis at TEMP = 27.000000 and TNOM = 27.000000

Using SPARSE 1.3 as Direct Linear Solver

No. of Data Rows : 2000
hmax                =  5.63980e-06 at=  2.00000e+04
CIO lato=nodo_ain mode=0db
hmax = 5.639804e-06
hintv = 4.604818e-04
eamax = 2.171639e+06
Doing analysis at TEMP = 27.000000 and TNOM = 27.000000

Using SPARSE 1.3 as Direct Linear Solver

No. of Data Rows : 2000
hmax                =  1.76494e-05 at=  2.00000e+04
CIO lato=nodo_ain mode=10db
hmax = 1.764938e-05
hintv = 1.445031e-03
eamax = 6.920266e+05
Note: Simulation executed from .control section 
