warning, model type mismatch in line
    q121a nmiri nmiri nme1 ls350
warning, model type mismatch in line
    q121b nhi nmiri nme2 ls350
warning, model type mismatch in line
    q121a nmiri nmiri nme1 ls350
warning, model type mismatch in line
    q121b nhi nmiri nme2 ls350

Note: No compatibility mode selected!


Circuit: tb_loop_blocka.cir - l46a esplorazione, variante drv_vas56_cm330p (blocco da inc/drv_vas56_cm330p.inc)

Warning: Model issue on line 122 :
  .model lsk489a njf(beta=2.2m betatce=-.5 rd=11 rs=30 lambda=4.3m vto=-1. ...
unrecognized parameter (isr) - ignored
unrecognized parameter (alpha) - ignored
unrecognized parameter (vk) - ignored
unrecognized parameter (mj) - ignored

Doing analysis at TEMP = 27.000000 and TNOM = 27.000000

Using SPARSE 1.3 as Direct Linear Solver

No. of Data Rows : 801
fcross              =  1.35123e+06
pmarg               =  7.61073e+01
tdc                 =  8.11977e+01
BLOCK A  carico=1  rsrc=1m  Cwire=1f
fcross = 1.351233e+06
pmarg = 7.610734e+01
tdc = 8.119770e+01
Doing analysis at TEMP = 27.000000 and TNOM = 27.000000

Using SPARSE 1.3 as Direct Linear Solver

No. of Data Rows : 801
fcross              =  1.35182e+06
pmarg               =  7.58273e+01
tdc                 =  8.11977e+01
BLOCK A  carico=1  rsrc=1m  Cwire=47p
fcross = 1.351815e+06
pmarg = 7.582734e+01
tdc = 8.119770e+01
Doing analysis at TEMP = 27.000000 and TNOM = 27.000000

Using SPARSE 1.3 as Direct Linear Solver

No. of Data Rows : 801
fcross              =  1.35243e+06
pmarg               =  7.55114e+01
tdc                 =  8.11977e+01
BLOCK A  carico=1  rsrc=1m  Cwire=100p
fcross = 1.352434e+06
pmarg = 7.551141e+01
tdc = 8.119770e+01
Doing analysis at TEMP = 27.000000 and TNOM = 27.000000

Using SPARSE 1.3 as Direct Linear Solver

No. of Data Rows : 801
fcross              =  1.35369e+06
pmarg               =  7.47957e+01
tdc                 =  8.11977e+01
BLOCK A  carico=1  rsrc=1m  Cwire=220p
fcross = 1.353690e+06
pmarg = 7.479567e+01
tdc = 8.119770e+01
Doing analysis at TEMP = 27.000000 and TNOM = 27.000000

Using SPARSE 1.3 as Direct Linear Solver

No. of Data Rows : 801
fcross              =  1.35564e+06
pmarg               =  7.33047e+01
tdc                 =  8.11977e+01
BLOCK A  carico=1  rsrc=1m  Cwire=470p
fcross = 1.355641e+06
pmarg = 7.330469e+01
tdc = 8.119770e+01
Doing analysis at TEMP = 27.000000 and TNOM = 27.000000

Using SPARSE 1.3 as Direct Linear Solver

No. of Data Rows : 801
fcross              =  1.35673e+06
pmarg               =  7.01649e+01
tdc                 =  8.11977e+01
BLOCK A  carico=1  rsrc=1m  Cwire=1n
fcross = 1.356725e+06
pmarg = 7.016495e+01
tdc = 8.119770e+01
Doing analysis at TEMP = 27.000000 and TNOM = 27.000000

Using SPARSE 1.3 as Direct Linear Solver

No. of Data Rows : 801
fcross              =  1.34416e+06
pmarg               =  6.33752e+01
tdc                 =  8.11977e+01
BLOCK A  carico=1  rsrc=1m  Cwire=2.2n
fcross = 1.344155e+06
pmarg = 6.337525e+01
tdc = 8.119770e+01
Doing analysis at TEMP = 27.000000 and TNOM = 27.000000

Using SPARSE 1.3 as Direct Linear Solver

No. of Data Rows : 801
fcross              =  1.27061e+06
pmarg               =  5.18573e+01
tdc                 =  8.11977e+01
BLOCK A  carico=1  rsrc=1m  Cwire=4.7n
fcross = 1.270607e+06
pmarg = 5.185727e+01
tdc = 8.119770e+01
Doing analysis at TEMP = 27.000000 and TNOM = 27.000000

Using SPARSE 1.3 as Direct Linear Solver

No. of Data Rows : 801
fcross              =  1.35117e+06
pmarg               =  7.59255e+01
tdc                 =  8.11977e+01
BLOCK A  carico=1  rsrc=430  Cwire=1f
fcross = 1.351168e+06
pmarg = 7.592552e+01
tdc = 8.119770e+01
Doing analysis at TEMP = 27.000000 and TNOM = 27.000000

Using SPARSE 1.3 as Direct Linear Solver

No. of Data Rows : 801
fcross              =  1.35175e+06
pmarg               =  7.56454e+01
tdc                 =  8.11977e+01
BLOCK A  carico=1  rsrc=430  Cwire=47p
fcross = 1.351750e+06
pmarg = 7.564545e+01
tdc = 8.119770e+01
Doing analysis at TEMP = 27.000000 and TNOM = 27.000000

Using SPARSE 1.3 as Direct Linear Solver

No. of Data Rows : 801
fcross              =  1.35237e+06
pmarg               =  7.53295e+01
tdc                 =  8.11977e+01
BLOCK A  carico=1  rsrc=430  Cwire=100p
fcross = 1.352369e+06
pmarg = 7.532945e+01
tdc = 8.119770e+01
Doing analysis at TEMP = 27.000000 and TNOM = 27.000000

Using SPARSE 1.3 as Direct Linear Solver

No. of Data Rows : 801
fcross              =  1.35362e+06
pmarg               =  7.46136e+01
tdc                 =  8.11977e+01
BLOCK A  carico=1  rsrc=430  Cwire=220p
fcross = 1.353624e+06
pmarg = 7.461357e+01
tdc = 8.119770e+01
Doing analysis at TEMP = 27.000000 and TNOM = 27.000000

Using SPARSE 1.3 as Direct Linear Solver

No. of Data Rows : 801
fcross              =  1.35558e+06
pmarg               =  7.31224e+01
tdc                 =  8.11977e+01
BLOCK A  carico=1  rsrc=430  Cwire=470p
fcross = 1.355575e+06
pmarg = 7.312239e+01
tdc = 8.119770e+01
Doing analysis at TEMP = 27.000000 and TNOM = 27.000000

Using SPARSE 1.3 as Direct Linear Solver

No. of Data Rows : 801
fcross              =  1.35666e+06
pmarg               =  6.99826e+01
tdc                 =  8.11977e+01
BLOCK A  carico=1  rsrc=430  Cwire=1n
fcross = 1.356659e+06
pmarg = 6.998264e+01
tdc = 8.119770e+01
Doing analysis at TEMP = 27.000000 and TNOM = 27.000000

Using SPARSE 1.3 as Direct Linear Solver

No. of Data Rows : 801
fcross              =  1.34409e+06
pmarg               =  6.31948e+01
tdc                 =  8.11977e+01
BLOCK A  carico=1  rsrc=430  Cwire=2.2n
fcross = 1.344094e+06
pmarg = 6.319484e+01
tdc = 8.119770e+01
Doing analysis at TEMP = 27.000000 and TNOM = 27.000000

Using SPARSE 1.3 as Direct Linear Solver

No. of Data Rows : 801
fcross              =  1.27056e+06
Note: Starting dynamic gmin stepping
Warning: Dynamic gmin stepping failed
Note: Starting true gmin stepping
Warning: True gmin stepping failed
Note: Starting source stepping
Note: Source stepping completed
pmarg               =  5.16869e+01
tdc                 =  8.11977e+01
BLOCK A  carico=1  rsrc=430  Cwire=4.7n
fcross = 1.270561e+06
pmarg = 5.168686e+01
tdc = 8.119770e+01
Doing analysis at TEMP = 27.000000 and TNOM = 27.000000

Using SPARSE 1.3 as Direct Linear Solver

No. of Data Rows : 801
fcross              =  1.35035e+06
Note: Starting dynamic gmin stepping
Warning: Dynamic gmin stepping failed
Note: Starting true gmin stepping
Warning: True gmin stepping failed
Note: Starting source stepping
Note: Source stepping completed
pmarg               =  7.61372e+01
tdc                 =  8.11926e+01
BLOCK A  carico=2  rsrc=1m  Cwire=1f
fcross = 1.350348e+06
pmarg = 7.613717e+01
tdc = 8.119262e+01
Doing analysis at TEMP = 27.000000 and TNOM = 27.000000

Using SPARSE 1.3 as Direct Linear Solver
 Reference value :  1.00000e+00
No. of Data Rows : 801
fcross              =  1.35093e+06
Note: Starting dynamic gmin stepping
Warning: Dynamic gmin stepping failed
Note: Starting true gmin stepping
Warning: True gmin stepping failed
Note: Starting source stepping
Note: Source stepping completed
pmarg               =  7.58575e+01
tdc                 =  8.11926e+01
BLOCK A  carico=2  rsrc=1m  Cwire=47p
fcross = 1.350932e+06
pmarg = 7.585753e+01
tdc = 8.119262e+01
Doing analysis at TEMP = 27.000000 and TNOM = 27.000000

Using SPARSE 1.3 as Direct Linear Solver

No. of Data Rows : 801
fcross              =  1.35155e+06
Note: Starting dynamic gmin stepping
Warning: Dynamic gmin stepping failed
Note: Starting true gmin stepping
Warning: True gmin stepping failed
Note: Starting source stepping
Note: Source stepping completed
pmarg               =  7.55420e+01
tdc                 =  8.11926e+01
BLOCK A  carico=2  rsrc=1m  Cwire=100p
fcross = 1.351553e+06
pmarg = 7.554201e+01
tdc = 8.119262e+01
Doing analysis at TEMP = 27.000000 and TNOM = 27.000000

Using SPARSE 1.3 as Direct Linear Solver

No. of Data Rows : 801
fcross              =  1.35281e+06
Note: Starting dynamic gmin stepping
Warning: Dynamic gmin stepping failed
Note: Starting true gmin stepping
Warning: True gmin stepping failed
Note: Starting source stepping
Note: Source stepping completed
pmarg               =  7.48272e+01
tdc                 =  8.11926e+01
BLOCK A  carico=2  rsrc=1m  Cwire=220p
fcross = 1.352812e+06
pmarg = 7.482717e+01
tdc = 8.119262e+01
Doing analysis at TEMP = 27.000000 and TNOM = 27.000000

Using SPARSE 1.3 as Direct Linear Solver

No. of Data Rows : 801
fcross              =  1.35477e+06
Note: Starting dynamic gmin stepping
Warning: Dynamic gmin stepping failed
Note: Starting true gmin stepping
Warning: True gmin stepping failed
Note: Starting source stepping
Note: Source stepping completed
pmarg               =  7.33380e+01
tdc                 =  8.11926e+01
BLOCK A  carico=2  rsrc=1m  Cwire=470p
fcross = 1.354773e+06
pmarg = 7.333802e+01
tdc = 8.119262e+01
Doing analysis at TEMP = 27.000000 and TNOM = 27.000000

Using SPARSE 1.3 as Direct Linear Solver

No. of Data Rows : 801
fcross              =  1.35589e+06
Note: Starting dynamic gmin stepping
Warning: Dynamic gmin stepping failed
Note: Starting true gmin stepping
Warning: True gmin stepping failed
Note: Starting source stepping
Note: Source stepping completed
pmarg               =  7.02018e+01
tdc                 =  8.11926e+01
BLOCK A  carico=2  rsrc=1m  Cwire=1n
fcross = 1.355887e+06
pmarg = 7.020184e+01
tdc = 8.119262e+01
Doing analysis at TEMP = 27.000000 and TNOM = 27.000000

Using SPARSE 1.3 as Direct Linear Solver
 Reference value :  3.46737e+03
No. of Data Rows : 801
fcross              =  1.34343e+06
Note: Starting dynamic gmin stepping
Warning: Dynamic gmin stepping failed
Note: Starting true gmin stepping
Warning: True gmin stepping failed
Note: Starting source stepping
Note: Source stepping completed
pmarg               =  6.34177e+01
tdc                 =  8.11926e+01
BLOCK A  carico=2  rsrc=1m  Cwire=2.2n
fcross = 1.343434e+06
pmarg = 6.341766e+01
tdc = 8.119262e+01
Doing analysis at TEMP = 27.000000 and TNOM = 27.000000

Using SPARSE 1.3 as Direct Linear Solver

No. of Data Rows : 801
fcross              =  1.27014e+06
Note: Starting dynamic gmin stepping
Warning: Dynamic gmin stepping failed
Note: Starting true gmin stepping
Warning: True gmin stepping failed
Note: Starting source stepping
Note: Source stepping completed
pmarg               =  5.19017e+01
tdc                 =  8.11926e+01
BLOCK A  carico=2  rsrc=1m  Cwire=4.7n
fcross = 1.270138e+06
pmarg = 5.190175e+01
tdc = 8.119262e+01
Doing analysis at TEMP = 27.000000 and TNOM = 27.000000

Using SPARSE 1.3 as Direct Linear Solver

No. of Data Rows : 801
fcross              =  1.35028e+06
Note: Starting dynamic gmin stepping
Warning: Dynamic gmin stepping failed
Note: Starting true gmin stepping
Warning: True gmin stepping failed
Note: Starting source stepping
Note: Source stepping completed
pmarg               =  7.59555e+01
tdc                 =  8.11926e+01
BLOCK A  carico=2  rsrc=430  Cwire=1f
fcross = 1.350283e+06
pmarg = 7.595547e+01
tdc = 8.119262e+01
Doing analysis at TEMP = 27.000000 and TNOM = 27.000000

Using SPARSE 1.3 as Direct Linear Solver

No. of Data Rows : 801
fcross              =  1.35087e+06
Note: Starting dynamic gmin stepping
Warning: Dynamic gmin stepping failed
Note: Starting true gmin stepping
Warning: True gmin stepping failed
Note: Starting source stepping
Note: Source stepping completed
pmarg               =  7.56758e+01
tdc                 =  8.11926e+01
BLOCK A  carico=2  rsrc=430  Cwire=47p
fcross = 1.350866e+06
pmarg = 7.567576e+01
tdc = 8.119262e+01
Doing analysis at TEMP = 27.000000 and TNOM = 27.000000

Using SPARSE 1.3 as Direct Linear Solver

No. of Data Rows : 801
fcross              =  1.35149e+06
Note: Starting dynamic gmin stepping
Warning: Dynamic gmin stepping failed
Note: Starting true gmin stepping
Warning: True gmin stepping failed
Note: Starting source stepping
Note: Source stepping completed
pmarg               =  7.53602e+01
tdc                 =  8.11926e+01
BLOCK A  carico=2  rsrc=430  Cwire=100p
fcross = 1.351487e+06
pmarg = 7.536017e+01
tdc = 8.119262e+01
Doing analysis at TEMP = 27.000000 and TNOM = 27.000000

Using SPARSE 1.3 as Direct Linear Solver

No. of Data Rows : 801
fcross              =  1.35275e+06
Note: Starting dynamic gmin stepping
Warning: Dynamic gmin stepping failed
Note: Starting true gmin stepping
Warning: True gmin stepping failed
Note: Starting source stepping
Note: Source stepping completed
pmarg               =  7.46452e+01
tdc                 =  8.11926e+01
BLOCK A  carico=2  rsrc=430  Cwire=220p
fcross = 1.352747e+06
pmarg = 7.464520e+01
tdc = 8.119262e+01
Doing analysis at TEMP = 27.000000 and TNOM = 27.000000

Using SPARSE 1.3 as Direct Linear Solver
 Reference value :  1.00000e+00
No. of Data Rows : 801
fcross              =  1.35471e+06
Note: Starting dynamic gmin stepping
Warning: Dynamic gmin stepping failed
Note: Starting true gmin stepping
Warning: True gmin stepping failed
Note: Starting source stepping
Note: Source stepping completed
pmarg               =  7.31558e+01
tdc                 =  8.11926e+01
BLOCK A  carico=2  rsrc=430  Cwire=470p
fcross = 1.354707e+06
pmarg = 7.315585e+01
tdc = 8.119262e+01
Doing analysis at TEMP = 27.000000 and TNOM = 27.000000

Using SPARSE 1.3 as Direct Linear Solver

No. of Data Rows : 801
fcross              =  1.35582e+06
Note: Starting dynamic gmin stepping
Warning: Dynamic gmin stepping failed
Note: Starting true gmin stepping
Warning: True gmin stepping failed
Note: Starting source stepping
Note: Source stepping completed
pmarg               =  7.00196e+01
tdc                 =  8.11926e+01
BLOCK A  carico=2  rsrc=430  Cwire=1n
fcross = 1.355821e+06
pmarg = 7.001965e+01
tdc = 8.119262e+01
Doing analysis at TEMP = 27.000000 and TNOM = 27.000000

Using SPARSE 1.3 as Direct Linear Solver

No. of Data Rows : 801
fcross              =  1.34337e+06
Note: Starting dynamic gmin stepping
Warning: Dynamic gmin stepping failed
Note: Starting true gmin stepping
Warning: True gmin stepping failed
Note: Starting source stepping
Note: Source stepping completed
pmarg               =  6.32374e+01
tdc                 =  8.11926e+01
BLOCK A  carico=2  rsrc=430  Cwire=2.2n
fcross = 1.343373e+06
pmarg = 6.323736e+01
tdc = 8.119262e+01
Doing analysis at TEMP = 27.000000 and TNOM = 27.000000

Using SPARSE 1.3 as Direct Linear Solver

No. of Data Rows : 801
fcross              =  1.27009e+06
Note: Starting dynamic gmin stepping
Warning: Dynamic gmin stepping failed
Note: Starting true gmin stepping
Warning: True gmin stepping failed
Note: Starting source stepping
Note: Source stepping completed
pmarg               =  5.17314e+01
tdc                 =  8.11926e+01
BLOCK A  carico=2  rsrc=430  Cwire=4.7n
fcross = 1.270092e+06
pmarg = 5.173140e+01
tdc = 8.119262e+01
Doing analysis at TEMP = 27.000000 and TNOM = 27.000000

Using SPARSE 1.3 as Direct Linear Solver

No. of Data Rows : 801
fcross              =  1.33681e+06
Note: Starting dynamic gmin stepping
Warning: Dynamic gmin stepping failed
Note: Starting true gmin stepping
Warning: True gmin stepping failed
Note: Starting source stepping
Note: Source stepping completed
pmarg               =  7.62012e+01
tdc                 =  8.10921e+01
BLOCK A TRIM  cand=1  pos=0  rsrc=1m  Cwire=1f
fcross = 1.336813e+06
pmarg = 7.620115e+01
tdc = 8.109212e+01
Doing analysis at TEMP = 27.000000 and TNOM = 27.000000

Using SPARSE 1.3 as Direct Linear Solver

No. of Data Rows : 801
fcross              =  1.33736e+06
Note: Starting dynamic gmin stepping
Warning: Dynamic gmin stepping failed
Note: Starting true gmin stepping
Warning: True gmin stepping failed
Note: Starting source stepping
Note: Source stepping completed
pmarg               =  7.59273e+01
tdc                 =  8.10921e+01
BLOCK A TRIM  cand=1  pos=0  rsrc=1m  Cwire=47p
fcross = 1.337356e+06
pmarg = 7.592728e+01
tdc = 8.109212e+01
Doing analysis at TEMP = 27.000000 and TNOM = 27.000000

Using SPARSE 1.3 as Direct Linear Solver
 Reference value :  1.00000e+00
No. of Data Rows : 801
fcross              =  1.33793e+06
Note: Starting dynamic gmin stepping
Warning: Dynamic gmin stepping failed
Note: Starting true gmin stepping
Warning: True gmin stepping failed
Note: Starting source stepping
Note: Source stepping completed
pmarg               =  7.56183e+01
tdc                 =  8.10921e+01
BLOCK A TRIM  cand=1  pos=0  rsrc=1m  Cwire=100p
fcross = 1.337934e+06
pmarg = 7.561829e+01
tdc = 8.109212e+01
Doing analysis at TEMP = 27.000000 and TNOM = 27.000000

Using SPARSE 1.3 as Direct Linear Solver

No. of Data Rows : 801
fcross              =  1.33910e+06
Note: Starting dynamic gmin stepping
Warning: Dynamic gmin stepping failed
Note: Starting true gmin stepping
Warning: True gmin stepping failed
Note: Starting source stepping
Note: Source stepping completed
pmarg               =  7.49183e+01
tdc                 =  8.10921e+01
BLOCK A TRIM  cand=1  pos=0  rsrc=1m  Cwire=220p
fcross = 1.339103e+06
pmarg = 7.491832e+01
tdc = 8.109212e+01
Doing analysis at TEMP = 27.000000 and TNOM = 27.000000

Using SPARSE 1.3 as Direct Linear Solver

No. of Data Rows : 801
fcross              =  1.34090e+06
Note: Starting dynamic gmin stepping
Warning: Dynamic gmin stepping failed
Note: Starting true gmin stepping
Warning: True gmin stepping failed
Note: Starting source stepping
Note: Source stepping completed
pmarg               =  7.34604e+01
tdc                 =  8.10921e+01
BLOCK A TRIM  cand=1  pos=0  rsrc=1m  Cwire=470p
fcross = 1.340904e+06
pmarg = 7.346039e+01
tdc = 8.109212e+01
Doing analysis at TEMP = 27.000000 and TNOM = 27.000000

Using SPARSE 1.3 as Direct Linear Solver

No. of Data Rows : 801
fcross              =  1.34182e+06
Note: Starting dynamic gmin stepping
Warning: Dynamic gmin stepping failed
Note: Starting true gmin stepping
Warning: True gmin stepping failed
Note: Starting source stepping
Note: Source stepping completed
pmarg               =  7.03905e+01
tdc                 =  8.10921e+01
BLOCK A TRIM  cand=1  pos=0  rsrc=1m  Cwire=1n
fcross = 1.341822e+06
pmarg = 7.039047e+01
tdc = 8.109212e+01
Doing analysis at TEMP = 27.000000 and TNOM = 27.000000

Using SPARSE 1.3 as Direct Linear Solver

No. of Data Rows : 801
fcross              =  1.32953e+06
Note: Starting dynamic gmin stepping
Warning: Dynamic gmin stepping failed
Note: Starting true gmin stepping
Warning: True gmin stepping failed
Note: Starting source stepping
Note: Source stepping completed
pmarg               =  6.37481e+01
tdc                 =  8.10921e+01
BLOCK A TRIM  cand=1  pos=0  rsrc=1m  Cwire=2.2n
fcross = 1.329532e+06
pmarg = 6.374812e+01
tdc = 8.109212e+01
Doing analysis at TEMP = 27.000000 and TNOM = 27.000000

Using SPARSE 1.3 as Direct Linear Solver

No. of Data Rows : 801
fcross              =  1.25802e+06
Note: Starting dynamic gmin stepping
Warning: Dynamic gmin stepping failed
Note: Starting true gmin stepping
Note: True gmin stepping completed
pmarg               =  5.24482e+01
tdc                 =  8.10921e+01
BLOCK A TRIM  cand=1  pos=0  rsrc=1m  Cwire=4.7n
fcross = 1.258023e+06
pmarg = 5.244824e+01
tdc = 8.109212e+01
Doing analysis at TEMP = 27.000000 and TNOM = 27.000000

Using SPARSE 1.3 as Direct Linear Solver
 Reference value :  1.00000e+00
No. of Data Rows : 801
fcross              =  1.33675e+06
Note: Starting dynamic gmin stepping
Warning: Dynamic gmin stepping failed
Note: Starting true gmin stepping
Note: True gmin stepping completed
pmarg               =  7.60213e+01
tdc                 =  8.10921e+01
BLOCK A TRIM  cand=1  pos=0  rsrc=430  Cwire=1f
fcross = 1.336749e+06
pmarg = 7.602126e+01
tdc = 8.109212e+01
Doing analysis at TEMP = 27.000000 and TNOM = 27.000000

Using SPARSE 1.3 as Direct Linear Solver

No. of Data Rows : 801
fcross              =  1.33729e+06
Note: Starting dynamic gmin stepping
Warning: Dynamic gmin stepping failed
Note: Starting true gmin stepping
Note: True gmin stepping completed
pmarg               =  7.57473e+01
tdc                 =  8.10921e+01
BLOCK A TRIM  cand=1  pos=0  rsrc=430  Cwire=47p
fcross = 1.337293e+06
pmarg = 7.574733e+01
tdc = 8.109212e+01
Doing analysis at TEMP = 27.000000 and TNOM = 27.000000

Using SPARSE 1.3 as Direct Linear Solver

No. of Data Rows : 801
fcross              =  1.33787e+06
Note: Starting dynamic gmin stepping
Warning: Dynamic gmin stepping failed
Note: Starting true gmin stepping
Note: True gmin stepping completed
pmarg               =  7.54383e+01
tdc                 =  8.10921e+01
BLOCK A TRIM  cand=1  pos=0  rsrc=430  Cwire=100p
fcross = 1.337870e+06
pmarg = 7.543828e+01
tdc = 8.109212e+01
Doing analysis at TEMP = 27.000000 and TNOM = 27.000000

Using SPARSE 1.3 as Direct Linear Solver

No. of Data Rows : 801
fcross              =  1.33904e+06
Note: Starting dynamic gmin stepping
Warning: Dynamic gmin stepping failed
Note: Starting true gmin stepping
Note: True gmin stepping completed
pmarg               =  7.47382e+01
tdc                 =  8.10921e+01
BLOCK A TRIM  cand=1  pos=0  rsrc=430  Cwire=220p
fcross = 1.339039e+06
pmarg = 7.473818e+01
tdc = 8.109212e+01
Doing analysis at TEMP = 27.000000 and TNOM = 27.000000

Using SPARSE 1.3 as Direct Linear Solver

No. of Data Rows : 801
fcross              =  1.34084e+06
Note: Starting dynamic gmin stepping
Warning: Dynamic gmin stepping failed
Note: Starting true gmin stepping
Note: True gmin stepping completed
pmarg               =  7.32801e+01
tdc                 =  8.10921e+01
BLOCK A TRIM  cand=1  pos=0  rsrc=430  Cwire=470p
fcross = 1.340840e+06
pmarg = 7.328006e+01
tdc = 8.109212e+01
Doing analysis at TEMP = 27.000000 and TNOM = 27.000000

Using SPARSE 1.3 as Direct Linear Solver

No. of Data Rows : 801
fcross              =  1.34176e+06
Note: Starting dynamic gmin stepping
Warning: Dynamic gmin stepping failed
Note: Starting true gmin stepping
Note: True gmin stepping completed
pmarg               =  7.02101e+01
tdc                 =  8.10921e+01
BLOCK A TRIM  cand=1  pos=0  rsrc=430  Cwire=1n
fcross = 1.341758e+06
pmarg = 7.021015e+01
tdc = 8.109212e+01
Doing analysis at TEMP = 27.000000 and TNOM = 27.000000

Using SPARSE 1.3 as Direct Linear Solver

No. of Data Rows : 801
fcross              =  1.32947e+06
Note: Starting dynamic gmin stepping
Warning: Dynamic gmin stepping failed
Note: Starting true gmin stepping
Note: True gmin stepping completed
pmarg               =  6.35697e+01
tdc                 =  8.10921e+01
BLOCK A TRIM  cand=1  pos=0  rsrc=430  Cwire=2.2n
fcross = 1.329471e+06
pmarg = 6.356968e+01
tdc = 8.109212e+01
Doing analysis at TEMP = 27.000000 and TNOM = 27.000000

Using SPARSE 1.3 as Direct Linear Solver
 Reference value :  1.00000e+00
No. of Data Rows : 801
fcross              =  1.25798e+06
Note: Starting dynamic gmin stepping
Warning: Dynamic gmin stepping failed
Note: Starting true gmin stepping
Warning: True gmin stepping failed
Note: Starting source stepping
Note: Source stepping completed
pmarg               =  5.22795e+01
tdc                 =  8.10921e+01
BLOCK A TRIM  cand=1  pos=0  rsrc=430  Cwire=4.7n
fcross = 1.257978e+06
pmarg = 5.227950e+01
tdc = 8.109212e+01
Doing analysis at TEMP = 27.000000 and TNOM = 27.000000

Using SPARSE 1.3 as Direct Linear Solver

No. of Data Rows : 801
fcross              =  1.33801e+06
Note: Starting dynamic gmin stepping
Warning: Dynamic gmin stepping failed
Note: Starting true gmin stepping
Warning: True gmin stepping failed
Note: Starting source stepping
Note: Source stepping completed
pmarg               =  7.61933e+01
tdc                 =  8.11010e+01
BLOCK A TRIM  cand=1  pos=6  rsrc=1m  Cwire=1f
fcross = 1.338014e+06
pmarg = 7.619329e+01
tdc = 8.110096e+01
Doing analysis at TEMP = 27.000000 and TNOM = 27.000000

Using SPARSE 1.3 as Direct Linear Solver

No. of Data Rows : 801
fcross              =  1.33798e+06
Note: Starting dynamic gmin stepping
Warning: Dynamic gmin stepping failed
Note: Starting true gmin stepping
Warning: True gmin stepping failed
Note: Starting source stepping
Note: Source stepping completed
pmarg               =  7.61259e+01
tdc                 =  8.11010e+01
BLOCK A TRIM  cand=1  pos=6  rsrc=1m  Cwire=47p
fcross = 1.337979e+06
pmarg = 7.612590e+01
tdc = 8.110095e+01
Doing analysis at TEMP = 27.000000 and TNOM = 27.000000

Using SPARSE 1.3 as Direct Linear Solver

No. of Data Rows : 801
fcross              =  1.33754e+06
Note: Starting dynamic gmin stepping
Warning: Dynamic gmin stepping failed
Note: Starting true gmin stepping
Warning: True gmin stepping failed
Note: Starting source stepping
Note: Source stepping completed
pmarg               =  7.60584e+01
tdc                 =  8.11010e+01
BLOCK A TRIM  cand=1  pos=6  rsrc=1m  Cwire=100p
fcross = 1.337536e+06
pmarg = 7.605838e+01
tdc = 8.110095e+01
Doing analysis at TEMP = 27.000000 and TNOM = 27.000000

Using SPARSE 1.3 as Direct Linear Solver

No. of Data Rows : 801
fcross              =  1.33546e+06
Note: Starting dynamic gmin stepping
Warning: Dynamic gmin stepping failed
Note: Starting true gmin stepping
Warning: True gmin stepping failed
Note: Starting source stepping
Note: Source stepping completed
pmarg               =  7.59569e+01
tdc                 =  8.11010e+01
BLOCK A TRIM  cand=1  pos=6  rsrc=1m  Cwire=220p
fcross = 1.335455e+06
pmarg = 7.595688e+01
tdc = 8.110095e+01
Doing analysis at TEMP = 27.000000 and TNOM = 27.000000

Using SPARSE 1.3 as Direct Linear Solver

No. of Data Rows : 801
fcross              =  1.33060e+06
Note: Starting dynamic gmin stepping
Warning: Dynamic gmin stepping failed
Note: Starting true gmin stepping
Warning: True gmin stepping failed
Note: Starting source stepping
Note: Source stepping completed
pmarg               =  7.59314e+01
tdc                 =  8.11010e+01
BLOCK A TRIM  cand=1  pos=6  rsrc=1m  Cwire=470p
fcross = 1.330603e+06
pmarg = 7.593142e+01
tdc = 8.110095e+01
Doing analysis at TEMP = 27.000000 and TNOM = 27.000000

Using SPARSE 1.3 as Direct Linear Solver
 Reference value :  1.00000e+00
No. of Data Rows : 801
fcross              =  1.32600e+06
Note: Starting dynamic gmin stepping
Warning: Dynamic gmin stepping failed
Note: Starting true gmin stepping
Warning: True gmin stepping failed
Note: Starting source stepping
Note: Source stepping completed
pmarg               =  7.60454e+01
tdc                 =  8.11010e+01
BLOCK A TRIM  cand=1  pos=6  rsrc=1m  Cwire=1n
fcross = 1.326002e+06
pmarg = 7.604545e+01
tdc = 8.110095e+01
Doing analysis at TEMP = 27.000000 and TNOM = 27.000000

Using SPARSE 1.3 as Direct Linear Solver

No. of Data Rows : 801
fcross              =  1.32400e+06
Note: Starting dynamic gmin stepping
Warning: Dynamic gmin stepping failed
Note: Starting true gmin stepping
Warning: True gmin stepping failed
Note: Starting source stepping
Note: Source stepping completed
pmarg               =  7.61677e+01
tdc                 =  8.11010e+01
BLOCK A TRIM  cand=1  pos=6  rsrc=1m  Cwire=2.2n
fcross = 1.324002e+06
pmarg = 7.616771e+01
tdc = 8.110095e+01
Doing analysis at TEMP = 27.000000 and TNOM = 27.000000

Using SPARSE 1.3 as Direct Linear Solver

No. of Data Rows : 801
fcross              =  1.32345e+06
Note: Starting dynamic gmin stepping
Warning: Dynamic gmin stepping failed
Note: Starting true gmin stepping
Warning: True gmin stepping failed
Note: Starting source stepping
Note: Source stepping completed
pmarg               =  7.62325e+01
tdc                 =  8.11010e+01
BLOCK A TRIM  cand=1  pos=6  rsrc=1m  Cwire=4.7n
fcross = 1.323451e+06
pmarg = 7.623251e+01
tdc = 8.110095e+01
Doing analysis at TEMP = 27.000000 and TNOM = 27.000000

Using SPARSE 1.3 as Direct Linear Solver

No. of Data Rows : 801
fcross              =  1.33795e+06
Note: Starting dynamic gmin stepping
Warning: Dynamic gmin stepping failed
Note: Starting true gmin stepping
Warning: True gmin stepping failed
Note: Starting source stepping
Note: Source stepping completed
pmarg               =  7.60132e+01
tdc                 =  8.11010e+01
BLOCK A TRIM  cand=1  pos=6  rsrc=430  Cwire=1f
fcross = 1.337952e+06
pmarg = 7.601323e+01
tdc = 8.110096e+01
Doing analysis at TEMP = 27.000000 and TNOM = 27.000000

Using SPARSE 1.3 as Direct Linear Solver

No. of Data Rows : 801
fcross              =  1.33792e+06
Note: Starting dynamic gmin stepping
Warning: Dynamic gmin stepping failed
Note: Starting true gmin stepping
Warning: True gmin stepping failed
Note: Starting source stepping
Note: Source stepping completed
pmarg               =  7.59459e+01
tdc                 =  8.11010e+01
BLOCK A TRIM  cand=1  pos=6  rsrc=430  Cwire=47p
fcross = 1.337916e+06
pmarg = 7.594585e+01
tdc = 8.110096e+01
Doing analysis at TEMP = 27.000000 and TNOM = 27.000000

Using SPARSE 1.3 as Direct Linear Solver

No. of Data Rows : 801
fcross              =  1.33747e+06
Note: Starting dynamic gmin stepping
Warning: Dynamic gmin stepping failed
Note: Starting true gmin stepping
Warning: True gmin stepping failed
Note: Starting source stepping
Note: Source stepping completed
pmarg               =  7.58784e+01
tdc                 =  8.11010e+01
BLOCK A TRIM  cand=1  pos=6  rsrc=430  Cwire=100p
fcross = 1.337472e+06
pmarg = 7.587839e+01
tdc = 8.110096e+01
Doing analysis at TEMP = 27.000000 and TNOM = 27.000000

Using SPARSE 1.3 as Direct Linear Solver
 Reference value :  1.00000e+00
No. of Data Rows : 801
fcross              =  1.33539e+06
Note: Starting dynamic gmin stepping
Warning: Dynamic gmin stepping failed
Note: Starting true gmin stepping
Warning: True gmin stepping failed
Note: Starting source stepping
Note: Source stepping completed
pmarg               =  7.57772e+01
tdc                 =  8.11010e+01
BLOCK A TRIM  cand=1  pos=6  rsrc=430  Cwire=220p
fcross = 1.335392e+06
pmarg = 7.577717e+01
tdc = 8.110096e+01
Doing analysis at TEMP = 27.000000 and TNOM = 27.000000

Using SPARSE 1.3 as Direct Linear Solver

No. of Data Rows : 801
fcross              =  1.33054e+06
Note: Starting dynamic gmin stepping
Warning: Dynamic gmin stepping failed
Note: Starting true gmin stepping
Warning: True gmin stepping failed
Note: Starting source stepping
Note: Source stepping completed
pmarg               =  7.57524e+01
tdc                 =  8.11010e+01
BLOCK A TRIM  cand=1  pos=6  rsrc=430  Cwire=470p
fcross = 1.330540e+06
pmarg = 7.575236e+01
tdc = 8.110096e+01
Doing analysis at TEMP = 27.000000 and TNOM = 27.000000

Using SPARSE 1.3 as Direct Linear Solver

No. of Data Rows : 801
fcross              =  1.32594e+06
Note: Starting dynamic gmin stepping
Warning: Dynamic gmin stepping failed
Note: Starting true gmin stepping
Warning: True gmin stepping failed
Note: Starting source stepping
Note: Source stepping completed
pmarg               =  7.58670e+01
tdc                 =  8.11010e+01
BLOCK A TRIM  cand=1  pos=6  rsrc=430  Cwire=1n
fcross = 1.325940e+06
pmarg = 7.586700e+01
tdc = 8.110096e+01
Doing analysis at TEMP = 27.000000 and TNOM = 27.000000

Using SPARSE 1.3 as Direct Linear Solver

No. of Data Rows : 801
fcross              =  1.32394e+06
Note: Starting dynamic gmin stepping
Warning: Dynamic gmin stepping failed
Note: Starting true gmin stepping
Warning: True gmin stepping failed
Note: Starting source stepping
Note: Source stepping completed
pmarg               =  7.59895e+01
tdc                 =  8.11010e+01
BLOCK A TRIM  cand=1  pos=6  rsrc=430  Cwire=2.2n
fcross = 1.323939e+06
pmarg = 7.598954e+01
tdc = 8.110096e+01
Doing analysis at TEMP = 27.000000 and TNOM = 27.000000

Using SPARSE 1.3 as Direct Linear Solver

No. of Data Rows : 801
fcross              =  1.32339e+06
Note: Starting dynamic gmin stepping
Warning: Dynamic gmin stepping failed
Note: Starting true gmin stepping
Warning: True gmin stepping failed
Note: Starting source stepping
Note: Source stepping completed
pmarg               =  7.60544e+01
tdc                 =  8.11010e+01
BLOCK A TRIM  cand=1  pos=6  rsrc=430  Cwire=4.7n
fcross = 1.323388e+06
pmarg = 7.605441e+01
tdc = 8.110096e+01
Doing analysis at TEMP = 27.000000 and TNOM = 27.000000

Using SPARSE 1.3 as Direct Linear Solver

No. of Data Rows : 801
fcross              =  1.33833e+06
Note: Starting dynamic gmin stepping
Warning: Dynamic gmin stepping failed
Note: Starting true gmin stepping
Warning: True gmin stepping failed
Note: Starting source stepping
Note: Source stepping completed
pmarg               =  7.61912e+01
tdc                 =  8.11033e+01
BLOCK A TRIM  cand=1  pos=12  rsrc=1m  Cwire=1f
fcross = 1.338332e+06
pmarg = 7.619121e+01
tdc = 8.110327e+01
Doing analysis at TEMP = 27.000000 and TNOM = 27.000000

Using SPARSE 1.3 as Direct Linear Solver
 Reference value :  1.00000e+00
No. of Data Rows : 801
fcross              =  1.33833e+06
Note: Starting dynamic gmin stepping
Warning: Dynamic gmin stepping failed
Note: Starting true gmin stepping
Warning: True gmin stepping failed
Note: Starting source stepping
Note: Source stepping completed
pmarg               =  7.61740e+01
tdc                 =  8.11033e+01
BLOCK A TRIM  cand=1  pos=12  rsrc=1m  Cwire=47p
fcross = 1.338333e+06
pmarg = 7.617399e+01
tdc = 8.110327e+01
Doing analysis at TEMP = 27.000000 and TNOM = 27.000000

Using SPARSE 1.3 as Direct Linear Solver

No. of Data Rows : 801
fcross              =  1.33825e+06
Note: Starting dynamic gmin stepping
Warning: Dynamic gmin stepping failed
Note: Starting true gmin stepping
Warning: True gmin stepping failed
Note: Starting source stepping
Note: Source stepping completed
pmarg               =  7.61560e+01
tdc                 =  8.11033e+01
BLOCK A TRIM  cand=1  pos=12  rsrc=1m  Cwire=100p
fcross = 1.338253e+06
pmarg = 7.615599e+01
tdc = 8.110327e+01
Doing analysis at TEMP = 27.000000 and TNOM = 27.000000

Using SPARSE 1.3 as Direct Linear Solver

No. of Data Rows : 801
fcross              =  1.33782e+06
Note: Starting dynamic gmin stepping
Warning: Dynamic gmin stepping failed
Note: Starting true gmin stepping
Warning: True gmin stepping failed
Note: Starting source stepping
Note: Source stepping completed
pmarg               =  7.61244e+01
tdc                 =  8.11033e+01
BLOCK A TRIM  cand=1  pos=12  rsrc=1m  Cwire=220p
fcross = 1.337818e+06
pmarg = 7.612442e+01
tdc = 8.110327e+01
Doing analysis at TEMP = 27.000000 and TNOM = 27.000000

Using SPARSE 1.3 as Direct Linear Solver

No. of Data Rows : 801
fcross              =  1.33651e+06
Note: Starting dynamic gmin stepping
Warning: Dynamic gmin stepping failed
Note: Starting true gmin stepping
Warning: True gmin stepping failed
Note: Starting source stepping
Note: Source stepping completed
pmarg               =  7.61020e+01
tdc                 =  8.11033e+01
BLOCK A TRIM  cand=1  pos=12  rsrc=1m  Cwire=470p
fcross = 1.336514e+06
pmarg = 7.610202e+01
tdc = 8.110327e+01
Doing analysis at TEMP = 27.000000 and TNOM = 27.000000

Using SPARSE 1.3 as Direct Linear Solver

No. of Data Rows : 801
fcross              =  1.33480e+06
Note: Starting dynamic gmin stepping
Warning: Dynamic gmin stepping failed
Note: Starting true gmin stepping
Warning: True gmin stepping failed
Note: Starting source stepping
Note: Source stepping completed
pmarg               =  7.61272e+01
tdc                 =  8.11033e+01
BLOCK A TRIM  cand=1  pos=12  rsrc=1m  Cwire=1n
fcross = 1.334796e+06
pmarg = 7.612716e+01
tdc = 8.110327e+01
Doing analysis at TEMP = 27.000000 and TNOM = 27.000000

Using SPARSE 1.3 as Direct Linear Solver

No. of Data Rows : 801
fcross              =  1.33386e+06
Note: Starting dynamic gmin stepping
Warning: Dynamic gmin stepping failed
Note: Starting true gmin stepping
Warning: True gmin stepping failed
Note: Starting source stepping
Note: Source stepping completed
pmarg               =  7.61717e+01
tdc                 =  8.11033e+01
BLOCK A TRIM  cand=1  pos=12  rsrc=1m  Cwire=2.2n
fcross = 1.333857e+06
pmarg = 7.617170e+01
tdc = 8.110327e+01
Doing analysis at TEMP = 27.000000 and TNOM = 27.000000

Using SPARSE 1.3 as Direct Linear Solver
 Reference value :  1.00000e+00
No. of Data Rows : 801
fcross              =  1.33358e+06
Note: Starting dynamic gmin stepping
Warning: Dynamic gmin stepping failed
Note: Starting true gmin stepping
Warning: True gmin stepping failed
Note: Starting source stepping
Note: Source stepping completed
pmarg               =  7.61984e+01
tdc                 =  8.11033e+01
BLOCK A TRIM  cand=1  pos=12  rsrc=1m  Cwire=4.7n
fcross = 1.333579e+06
pmarg = 7.619838e+01
tdc = 8.110327e+01
Doing analysis at TEMP = 27.000000 and TNOM = 27.000000

Using SPARSE 1.3 as Direct Linear Solver

No. of Data Rows : 801
fcross              =  1.33827e+06
Note: Starting dynamic gmin stepping
Warning: Dynamic gmin stepping failed
Note: Starting true gmin stepping
Warning: True gmin stepping failed
Note: Starting source stepping
Note: Source stepping completed
pmarg               =  7.60111e+01
tdc                 =  8.11033e+01
BLOCK A TRIM  cand=1  pos=12  rsrc=430  Cwire=1f
fcross = 1.338269e+06
pmarg = 7.601111e+01
tdc = 8.110327e+01
Doing analysis at TEMP = 27.000000 and TNOM = 27.000000

Using SPARSE 1.3 as Direct Linear Solver

No. of Data Rows : 801
fcross              =  1.33827e+06
Note: Starting dynamic gmin stepping
Warning: Dynamic gmin stepping failed
Note: Starting true gmin stepping
Warning: True gmin stepping failed
Note: Starting source stepping
Note: Source stepping completed
pmarg               =  7.59939e+01
tdc                 =  8.11033e+01
BLOCK A TRIM  cand=1  pos=12  rsrc=430  Cwire=47p
fcross = 1.338270e+06
pmarg = 7.599389e+01
tdc = 8.110327e+01
Doing analysis at TEMP = 27.000000 and TNOM = 27.000000

Using SPARSE 1.3 as Direct Linear Solver

No. of Data Rows : 801
fcross              =  1.33819e+06
Note: Starting dynamic gmin stepping
Warning: Dynamic gmin stepping failed
Note: Starting true gmin stepping
Warning: True gmin stepping failed
Note: Starting source stepping
Note: Source stepping completed
pmarg               =  7.59759e+01
tdc                 =  8.11033e+01
BLOCK A TRIM  cand=1  pos=12  rsrc=430  Cwire=100p
fcross = 1.338191e+06
pmarg = 7.597590e+01
tdc = 8.110327e+01
Doing analysis at TEMP = 27.000000 and TNOM = 27.000000

Using SPARSE 1.3 as Direct Linear Solver

No. of Data Rows : 801
fcross              =  1.33776e+06
Note: Starting dynamic gmin stepping
Warning: Dynamic gmin stepping failed
Note: Starting true gmin stepping
Warning: True gmin stepping failed
Note: Starting source stepping
Note: Source stepping completed
pmarg               =  7.59444e+01
tdc                 =  8.11033e+01
BLOCK A TRIM  cand=1  pos=12  rsrc=430  Cwire=220p
fcross = 1.337756e+06
pmarg = 7.594439e+01
tdc = 8.110327e+01
Doing analysis at TEMP = 27.000000 and TNOM = 27.000000

Using SPARSE 1.3 as Direct Linear Solver
 Reference value :  1.34896e+06
No. of Data Rows : 801
fcross              =  1.33645e+06
Note: Starting dynamic gmin stepping
Warning: Dynamic gmin stepping failed
Note: Starting true gmin stepping
Warning: True gmin stepping failed
Note: Starting source stepping
Note: Source stepping completed
pmarg               =  7.59222e+01
tdc                 =  8.11033e+01
BLOCK A TRIM  cand=1  pos=12  rsrc=430  Cwire=470p
fcross = 1.336452e+06
pmarg = 7.592216e+01
tdc = 8.110327e+01
Doing analysis at TEMP = 27.000000 and TNOM = 27.000000

Using SPARSE 1.3 as Direct Linear Solver

No. of Data Rows : 801
fcross              =  1.33473e+06
Note: Starting dynamic gmin stepping
Warning: Dynamic gmin stepping failed
Note: Starting true gmin stepping
Warning: True gmin stepping failed
Note: Starting source stepping
Note: Source stepping completed
pmarg               =  7.59475e+01
tdc                 =  8.11033e+01
BLOCK A TRIM  cand=1  pos=12  rsrc=430  Cwire=1n
fcross = 1.334734e+06
pmarg = 7.594753e+01
tdc = 8.110327e+01
Doing analysis at TEMP = 27.000000 and TNOM = 27.000000

Using SPARSE 1.3 as Direct Linear Solver

No. of Data Rows : 801
fcross              =  1.33379e+06
Note: Starting dynamic gmin stepping
Warning: Dynamic gmin stepping failed
Note: Starting true gmin stepping
Warning: True gmin stepping failed
Note: Starting source stepping
Note: Source stepping completed
pmarg               =  7.59922e+01
tdc                 =  8.11033e+01
BLOCK A TRIM  cand=1  pos=12  rsrc=430  Cwire=2.2n
fcross = 1.333795e+06
pmarg = 7.599220e+01
tdc = 8.110327e+01
Doing analysis at TEMP = 27.000000 and TNOM = 27.000000

Using SPARSE 1.3 as Direct Linear Solver

No. of Data Rows : 801
fcross              =  1.33352e+06
pmarg               =  7.60189e+01
tdc                 =  8.11033e+01
BLOCK A TRIM  cand=1  pos=12  rsrc=430  Cwire=4.7n
fcross = 1.333517e+06
pmarg = 7.601892e+01
tdc = 8.110327e+01
Doing analysis at TEMP = 27.000000 and TNOM = 27.000000

Using SPARSE 1.3 as Direct Linear Solver

No. of Data Rows : 801
fcross              =  1.34195e+06
pmarg               =  7.61676e+01
tdc                 =  8.11298e+01
BLOCK A TRIM  cand=2  pos=0  rsrc=1m  Cwire=1f
fcross = 1.341948e+06
pmarg = 7.616761e+01
tdc = 8.112985e+01
Doing analysis at TEMP = 27.000000 and TNOM = 27.000000

Using SPARSE 1.3 as Direct Linear Solver

No. of Data Rows : 801
fcross              =  1.34250e+06
pmarg               =  7.58916e+01
tdc                 =  8.11298e+01
BLOCK A TRIM  cand=2  pos=0  rsrc=1m  Cwire=47p
fcross = 1.342500e+06
pmarg = 7.589162e+01
tdc = 8.112985e+01
Doing analysis at TEMP = 27.000000 and TNOM = 27.000000

Using SPARSE 1.3 as Direct Linear Solver

No. of Data Rows : 801
fcross              =  1.34309e+06
pmarg               =  7.55802e+01
tdc                 =  8.11298e+01
BLOCK A TRIM  cand=2  pos=0  rsrc=1m  Cwire=100p
fcross = 1.343087e+06
pmarg = 7.558023e+01
tdc = 8.112985e+01
Doing analysis at TEMP = 27.000000 and TNOM = 27.000000

Using SPARSE 1.3 as Direct Linear Solver

No. of Data Rows : 801
fcross              =  1.34427e+06
pmarg               =  7.48748e+01
tdc                 =  8.11298e+01
BLOCK A TRIM  cand=2  pos=0  rsrc=1m  Cwire=220p
fcross = 1.344274e+06
pmarg = 7.487480e+01
tdc = 8.112985e+01
Doing analysis at TEMP = 27.000000 and TNOM = 27.000000

Using SPARSE 1.3 as Direct Linear Solver

No. of Data Rows : 801
fcross              =  1.34610e+06
pmarg               =  7.34055e+01
tdc                 =  8.11298e+01
BLOCK A TRIM  cand=2  pos=0  rsrc=1m  Cwire=470p
fcross = 1.346103e+06
pmarg = 7.340547e+01
tdc = 8.112985e+01
Doing analysis at TEMP = 27.000000 and TNOM = 27.000000

Using SPARSE 1.3 as Direct Linear Solver

No. of Data Rows : 801
fcross              =  1.34704e+06
pmarg               =  7.03116e+01
tdc                 =  8.11298e+01
BLOCK A TRIM  cand=2  pos=0  rsrc=1m  Cwire=1n
fcross = 1.347037e+06
pmarg = 7.031158e+01
tdc = 8.112985e+01
Doing analysis at TEMP = 27.000000 and TNOM = 27.000000

Using SPARSE 1.3 as Direct Linear Solver

No. of Data Rows : 801
fcross              =  1.33456e+06
pmarg               =  6.36203e+01
tdc                 =  8.11298e+01
BLOCK A TRIM  cand=2  pos=0  rsrc=1m  Cwire=2.2n
fcross = 1.334562e+06
pmarg = 6.362027e+01
tdc = 8.112985e+01
Doing analysis at TEMP = 27.000000 and TNOM = 27.000000

Using SPARSE 1.3 as Direct Linear Solver
 Reference value :  2.63027e+03
No. of Data Rows : 801
fcross              =  1.26190e+06
Note: Starting dynamic gmin stepping
Warning: Dynamic gmin stepping failed
Note: Starting true gmin stepping
Warning: True gmin stepping failed
Note: Starting source stepping
Note: Source stepping completed
pmarg               =  5.22671e+01
tdc                 =  8.11298e+01
BLOCK A TRIM  cand=2  pos=0  rsrc=1m  Cwire=4.7n
fcross = 1.261896e+06
pmarg = 5.226714e+01
tdc = 8.112985e+01
Doing analysis at TEMP = 27.000000 and TNOM = 27.000000

Using SPARSE 1.3 as Direct Linear Solver

No. of Data Rows : 801
fcross              =  1.34189e+06
Note: Starting dynamic gmin stepping
Warning: Dynamic gmin stepping failed
Note: Starting true gmin stepping
Warning: True gmin stepping failed
Note: Starting source stepping
Note: Source stepping completed
pmarg               =  7.59870e+01
tdc                 =  8.11298e+01
BLOCK A TRIM  cand=2  pos=0  rsrc=430  Cwire=1f
fcross = 1.341887e+06
pmarg = 7.598700e+01
tdc = 8.112982e+01
Doing analysis at TEMP = 27.000000 and TNOM = 27.000000

Using SPARSE 1.3 as Direct Linear Solver

No. of Data Rows : 801
fcross              =  1.34244e+06
Note: Starting dynamic gmin stepping
Warning: Dynamic gmin stepping failed
Note: Starting true gmin stepping
Warning: True gmin stepping failed
Note: Starting source stepping
Note: Source stepping completed
pmarg               =  7.57109e+01
tdc                 =  8.11298e+01
BLOCK A TRIM  cand=2  pos=0  rsrc=430  Cwire=47p
fcross = 1.342439e+06
pmarg = 7.571094e+01
tdc = 8.112982e+01
Doing analysis at TEMP = 27.000000 and TNOM = 27.000000

Using SPARSE 1.3 as Direct Linear Solver

No. of Data Rows : 801
fcross              =  1.34303e+06
Note: Starting dynamic gmin stepping
Warning: Dynamic gmin stepping failed
Note: Starting true gmin stepping
Warning: True gmin stepping failed
Note: Starting source stepping
Note: Source stepping completed
pmarg               =  7.53995e+01
tdc                 =  8.11298e+01
BLOCK A TRIM  cand=2  pos=0  rsrc=430  Cwire=100p
fcross = 1.343026e+06
pmarg = 7.539949e+01
tdc = 8.112982e+01
Doing analysis at TEMP = 27.000000 and TNOM = 27.000000

Using SPARSE 1.3 as Direct Linear Solver

No. of Data Rows : 801
fcross              =  1.34421e+06
Note: Starting dynamic gmin stepping
Warning: Dynamic gmin stepping failed
Note: Starting true gmin stepping
Warning: True gmin stepping failed
Note: Starting source stepping
Note: Source stepping completed
pmarg               =  7.46939e+01
tdc                 =  8.11298e+01
BLOCK A TRIM  cand=2  pos=0  rsrc=430  Cwire=220p
fcross = 1.344213e+06
pmarg = 7.469393e+01
tdc = 8.112982e+01
Doing analysis at TEMP = 27.000000 and TNOM = 27.000000

Using SPARSE 1.3 as Direct Linear Solver

No. of Data Rows : 801
fcross              =  1.34604e+06
Note: Starting dynamic gmin stepping
Warning: Dynamic gmin stepping failed
Note: Starting true gmin stepping
Warning: True gmin stepping failed
Note: Starting source stepping
Note: Source stepping completed
pmarg               =  7.32244e+01
tdc                 =  8.11298e+01
BLOCK A TRIM  cand=2  pos=0  rsrc=430  Cwire=470p
fcross = 1.346042e+06
pmarg = 7.322440e+01
tdc = 8.112982e+01
Doing analysis at TEMP = 27.000000 and TNOM = 27.000000

Using SPARSE 1.3 as Direct Linear Solver
 Reference value :  1.90546e+01
No. of Data Rows : 801
fcross              =  1.34698e+06
Note: Starting dynamic gmin stepping
Warning: Dynamic gmin stepping failed
Note: Starting true gmin stepping
Warning: True gmin stepping failed
Note: Starting source stepping
Note: Source stepping completed
pmarg               =  7.01305e+01
tdc                 =  8.11298e+01
BLOCK A TRIM  cand=2  pos=0  rsrc=430  Cwire=1n
fcross = 1.346977e+06
pmarg = 7.013051e+01
tdc = 8.112982e+01
Doing analysis at TEMP = 27.000000 and TNOM = 27.000000

Using SPARSE 1.3 as Direct Linear Solver

No. of Data Rows : 801
fcross              =  1.33450e+06
Note: Starting dynamic gmin stepping
Warning: Dynamic gmin stepping failed
Note: Starting true gmin stepping
Warning: True gmin stepping failed
Note: Starting source stepping
Note: Source stepping completed
pmarg               =  6.34411e+01
tdc                 =  8.11298e+01
BLOCK A TRIM  cand=2  pos=0  rsrc=430  Cwire=2.2n
fcross = 1.334504e+06
pmarg = 6.344110e+01
tdc = 8.112982e+01
Doing analysis at TEMP = 27.000000 and TNOM = 27.000000

Using SPARSE 1.3 as Direct Linear Solver

No. of Data Rows : 801
fcross              =  1.26185e+06
pmarg               =  5.20978e+01
tdc                 =  8.11298e+01
BLOCK A TRIM  cand=2  pos=0  rsrc=430  Cwire=4.7n
fcross = 1.261853e+06
pmarg = 5.209782e+01
tdc = 8.112982e+01
Doing analysis at TEMP = 27.000000 and TNOM = 27.000000

Using SPARSE 1.3 as Direct Linear Solver

No. of Data Rows : 801
fcross              =  1.34315e+06
pmarg               =  7.61598e+01
tdc                 =  8.11387e+01
BLOCK A TRIM  cand=2  pos=6  rsrc=1m  Cwire=1f
fcross = 1.343151e+06
pmarg = 7.615979e+01
tdc = 8.113869e+01
Doing analysis at TEMP = 27.000000 and TNOM = 27.000000

Using SPARSE 1.3 as Direct Linear Solver

No. of Data Rows : 801
fcross              =  1.34302e+06
pmarg               =  7.60940e+01
tdc                 =  8.11387e+01
BLOCK A TRIM  cand=2  pos=6  rsrc=1m  Cwire=47p
fcross = 1.343024e+06
pmarg = 7.609400e+01
tdc = 8.113869e+01
Doing analysis at TEMP = 27.000000 and TNOM = 27.000000

Using SPARSE 1.3 as Direct Linear Solver

No. of Data Rows : 801
fcross              =  1.34232e+06
pmarg               =  7.60361e+01
tdc                 =  8.11387e+01
BLOCK A TRIM  cand=2  pos=6  rsrc=1m  Cwire=100p
fcross = 1.342321e+06
pmarg = 7.603609e+01
tdc = 8.113869e+01
Doing analysis at TEMP = 27.000000 and TNOM = 27.000000

Using SPARSE 1.3 as Direct Linear Solver

No. of Data Rows : 801
fcross              =  1.33987e+06
pmarg               =  7.59837e+01
tdc                 =  8.11387e+01
BLOCK A TRIM  cand=2  pos=6  rsrc=1m  Cwire=220p
fcross = 1.339869e+06
pmarg = 7.598371e+01
tdc = 8.113869e+01
Doing analysis at TEMP = 27.000000 and TNOM = 27.000000

Using SPARSE 1.3 as Direct Linear Solver

No. of Data Rows : 801
fcross              =  1.33640e+06
pmarg               =  7.60252e+01
tdc                 =  8.11387e+01
BLOCK A TRIM  cand=2  pos=6  rsrc=1m  Cwire=470p
fcross = 1.336403e+06
pmarg = 7.602521e+01
tdc = 8.113869e+01
Doing analysis at TEMP = 27.000000 and TNOM = 27.000000

Using SPARSE 1.3 as Direct Linear Solver

No. of Data Rows : 801
fcross              =  1.33443e+06
pmarg               =  7.61112e+01
tdc                 =  8.11387e+01
BLOCK A TRIM  cand=2  pos=6  rsrc=1m  Cwire=1n
fcross = 1.334428e+06
pmarg = 7.611119e+01
tdc = 8.113869e+01
Doing analysis at TEMP = 27.000000 and TNOM = 27.000000

Using SPARSE 1.3 as Direct Linear Solver

No. of Data Rows : 801
fcross              =  1.33377e+06
pmarg               =  7.61702e+01
tdc                 =  8.11387e+01
BLOCK A TRIM  cand=2  pos=6  rsrc=1m  Cwire=2.2n
fcross = 1.333766e+06
pmarg = 7.617018e+01
tdc = 8.113869e+01
Doing analysis at TEMP = 27.000000 and TNOM = 27.000000

Using SPARSE 1.3 as Direct Linear Solver

No. of Data Rows : 801
fcross              =  1.33359e+06
pmarg               =  7.61982e+01
tdc                 =  8.11387e+01
BLOCK A TRIM  cand=2  pos=6  rsrc=1m  Cwire=4.7n
fcross = 1.333591e+06
pmarg = 7.619815e+01
tdc = 8.113869e+01
Doing analysis at TEMP = 27.000000 and TNOM = 27.000000

Using SPARSE 1.3 as Direct Linear Solver

No. of Data Rows : 801
fcross              =  1.34309e+06
pmarg               =  7.59790e+01
tdc                 =  8.11387e+01
BLOCK A TRIM  cand=2  pos=6  rsrc=430  Cwire=1f
fcross = 1.343088e+06
pmarg = 7.597904e+01
tdc = 8.113869e+01
Doing analysis at TEMP = 27.000000 and TNOM = 27.000000

Using SPARSE 1.3 as Direct Linear Solver

No. of Data Rows : 801
fcross              =  1.34296e+06
pmarg               =  7.59133e+01
tdc                 =  8.11387e+01
BLOCK A TRIM  cand=2  pos=6  rsrc=430  Cwire=47p
fcross = 1.342961e+06
pmarg = 7.591327e+01
tdc = 8.113869e+01
Doing analysis at TEMP = 27.000000 and TNOM = 27.000000

Using SPARSE 1.3 as Direct Linear Solver

No. of Data Rows : 801
fcross              =  1.34226e+06
pmarg               =  7.58555e+01
tdc                 =  8.11387e+01
BLOCK A TRIM  cand=2  pos=6  rsrc=430  Cwire=100p
fcross = 1.342258e+06
pmarg = 7.585546e+01
tdc = 8.113869e+01
Doing analysis at TEMP = 27.000000 and TNOM = 27.000000

Using SPARSE 1.3 as Direct Linear Solver

No. of Data Rows : 801
fcross              =  1.33981e+06
pmarg               =  7.58034e+01
tdc                 =  8.11387e+01
BLOCK A TRIM  cand=2  pos=6  rsrc=430  Cwire=220p
fcross = 1.339807e+06
pmarg = 7.580340e+01
tdc = 8.113869e+01
Doing analysis at TEMP = 27.000000 and TNOM = 27.000000

Using SPARSE 1.3 as Direct Linear Solver

No. of Data Rows : 801
fcross              =  1.33634e+06
pmarg               =  7.58454e+01
tdc                 =  8.11387e+01
BLOCK A TRIM  cand=2  pos=6  rsrc=430  Cwire=470p
fcross = 1.336341e+06
pmarg = 7.584536e+01
tdc = 8.113869e+01
Doing analysis at TEMP = 27.000000 and TNOM = 27.000000

Using SPARSE 1.3 as Direct Linear Solver
 Reference value :  1.38038e+03
No. of Data Rows : 801
fcross              =  1.33437e+06
pmarg               =  7.59316e+01
tdc                 =  8.11387e+01
BLOCK A TRIM  cand=2  pos=6  rsrc=430  Cwire=1n
fcross = 1.334365e+06
pmarg = 7.593160e+01
tdc = 8.113869e+01
Doing analysis at TEMP = 27.000000 and TNOM = 27.000000

Using SPARSE 1.3 as Direct Linear Solver

No. of Data Rows : 801
fcross              =  1.33370e+06
pmarg               =  7.59907e+01
tdc                 =  8.11387e+01
BLOCK A TRIM  cand=2  pos=6  rsrc=430  Cwire=2.2n
fcross = 1.333704e+06
pmarg = 7.599069e+01
tdc = 8.113869e+01
Doing analysis at TEMP = 27.000000 and TNOM = 27.000000

Using SPARSE 1.3 as Direct Linear Solver

No. of Data Rows : 801
fcross              =  1.33353e+06
pmarg               =  7.60187e+01
tdc                 =  8.11387e+01
BLOCK A TRIM  cand=2  pos=6  rsrc=430  Cwire=4.7n
fcross = 1.333528e+06
pmarg = 7.601868e+01
tdc = 8.113869e+01
Doing analysis at TEMP = 27.000000 and TNOM = 27.000000

Using SPARSE 1.3 as Direct Linear Solver

No. of Data Rows : 801
fcross              =  1.34347e+06
pmarg               =  7.61577e+01
tdc                 =  8.11410e+01
BLOCK A TRIM  cand=2  pos=12  rsrc=1m  Cwire=1f
fcross = 1.343472e+06
pmarg = 7.615771e+01
tdc = 8.114104e+01
Doing analysis at TEMP = 27.000000 and TNOM = 27.000000

Using SPARSE 1.3 as Direct Linear Solver

No. of Data Rows : 801
fcross              =  1.34345e+06
pmarg               =  7.61407e+01
tdc                 =  8.11410e+01
BLOCK A TRIM  cand=2  pos=12  rsrc=1m  Cwire=47p
fcross = 1.343454e+06
pmarg = 7.614065e+01
tdc = 8.114104e+01
Doing analysis at TEMP = 27.000000 and TNOM = 27.000000

Using SPARSE 1.3 as Direct Linear Solver

No. of Data Rows : 801
fcross              =  1.34331e+06
pmarg               =  7.61243e+01
tdc                 =  8.11410e+01
BLOCK A TRIM  cand=2  pos=12  rsrc=1m  Cwire=100p
fcross = 1.343314e+06
pmarg = 7.612427e+01
tdc = 8.114104e+01
Doing analysis at TEMP = 27.000000 and TNOM = 27.000000

Using SPARSE 1.3 as Direct Linear Solver

No. of Data Rows : 801
fcross              =  1.34273e+06
pmarg               =  7.61033e+01
tdc                 =  8.11410e+01
BLOCK A TRIM  cand=2  pos=12  rsrc=1m  Cwire=220p
fcross = 1.342729e+06
pmarg = 7.610328e+01
tdc = 8.114104e+01
Doing analysis at TEMP = 27.000000 and TNOM = 27.000000

Using SPARSE 1.3 as Direct Linear Solver

No. of Data Rows : 801
fcross              =  1.34161e+06
pmarg               =  7.61059e+01
tdc                 =  8.11410e+01
BLOCK A TRIM  cand=2  pos=12  rsrc=1m  Cwire=470p
fcross = 1.341609e+06
pmarg = 7.610588e+01
tdc = 8.114104e+01
Doing analysis at TEMP = 27.000000 and TNOM = 27.000000

Using SPARSE 1.3 as Direct Linear Solver

No. of Data Rows : 801
fcross              =  1.34077e+06
pmarg               =  7.61332e+01
tdc                 =  8.11410e+01
BLOCK A TRIM  cand=2  pos=12  rsrc=1m  Cwire=1n
fcross = 1.340766e+06
pmarg = 7.613323e+01
tdc = 8.114104e+01
Doing analysis at TEMP = 27.000000 and TNOM = 27.000000

Using SPARSE 1.3 as Direct Linear Solver

No. of Data Rows : 801
fcross              =  1.34045e+06
pmarg               =  7.61564e+01
tdc                 =  8.11410e+01
BLOCK A TRIM  cand=2  pos=12  rsrc=1m  Cwire=2.2n
fcross = 1.340446e+06
pmarg = 7.615638e+01
tdc = 8.114104e+01
Doing analysis at TEMP = 27.000000 and TNOM = 27.000000

Using SPARSE 1.3 as Direct Linear Solver

No. of Data Rows : 801
fcross              =  1.34036e+06
Note: Starting dynamic gmin stepping
Warning: Dynamic gmin stepping failed
Note: Starting true gmin stepping
Warning: True gmin stepping failed
Note: Starting source stepping
Note: Source stepping completed
pmarg               =  7.61679e+01
tdc                 =  8.11410e+01
BLOCK A TRIM  cand=2  pos=12  rsrc=1m  Cwire=4.7n
fcross = 1.340360e+06
pmarg = 7.616792e+01
tdc = 8.114104e+01
Doing analysis at TEMP = 27.000000 and TNOM = 27.000000

Using SPARSE 1.3 as Direct Linear Solver

No. of Data Rows : 801
fcross              =  1.34341e+06
Note: Starting dynamic gmin stepping
Warning: Dynamic gmin stepping failed
Note: Starting true gmin stepping
Warning: True gmin stepping failed
Note: Starting source stepping
Note: Source stepping completed
pmarg               =  7.59769e+01
tdc                 =  8.11410e+01
BLOCK A TRIM  cand=2  pos=12  rsrc=430  Cwire=1f
fcross = 1.343409e+06
pmarg = 7.597691e+01
tdc = 8.114104e+01
Doing analysis at TEMP = 27.000000 and TNOM = 27.000000

Using SPARSE 1.3 as Direct Linear Solver

No. of Data Rows : 801
fcross              =  1.34339e+06
Note: Starting dynamic gmin stepping
Warning: Dynamic gmin stepping failed
Note: Starting true gmin stepping
Warning: True gmin stepping failed
Note: Starting source stepping
Note: Source stepping completed
pmarg               =  7.59599e+01
tdc                 =  8.11410e+01
BLOCK A TRIM  cand=2  pos=12  rsrc=430  Cwire=47p
fcross = 1.343391e+06
pmarg = 7.595985e+01
tdc = 8.114104e+01
Doing analysis at TEMP = 27.000000 and TNOM = 27.000000

Using SPARSE 1.3 as Direct Linear Solver
 Reference value :  1.00000e+00
No. of Data Rows : 801
fcross              =  1.34325e+06
Note: Starting dynamic gmin stepping
Warning: Dynamic gmin stepping failed
Note: Starting true gmin stepping
Warning: True gmin stepping failed
Note: Starting source stepping
Note: Source stepping completed
pmarg               =  7.59435e+01
tdc                 =  8.11410e+01
BLOCK A TRIM  cand=2  pos=12  rsrc=430  Cwire=100p
fcross = 1.343252e+06
pmarg = 7.594349e+01
tdc = 8.114104e+01
Doing analysis at TEMP = 27.000000 and TNOM = 27.000000

Using SPARSE 1.3 as Direct Linear Solver

No. of Data Rows : 801
fcross              =  1.34267e+06
Note: Starting dynamic gmin stepping
Warning: Dynamic gmin stepping failed
Note: Starting true gmin stepping
Warning: True gmin stepping failed
Note: Starting source stepping
Note: Source stepping completed
pmarg               =  7.59226e+01
tdc                 =  8.11410e+01
BLOCK A TRIM  cand=2  pos=12  rsrc=430  Cwire=220p
fcross = 1.342667e+06
pmarg = 7.592258e+01
tdc = 8.114104e+01
Doing analysis at TEMP = 27.000000 and TNOM = 27.000000

Using SPARSE 1.3 as Direct Linear Solver

No. of Data Rows : 801
fcross              =  1.34155e+06
Note: Starting dynamic gmin stepping
Warning: Dynamic gmin stepping failed
Note: Starting true gmin stepping
Warning: True gmin stepping failed
Note: Starting source stepping
Note: Source stepping completed
pmarg               =  7.59253e+01
tdc                 =  8.11410e+01
BLOCK A TRIM  cand=2  pos=12  rsrc=430  Cwire=470p
fcross = 1.341547e+06
pmarg = 7.592533e+01
tdc = 8.114104e+01
Doing analysis at TEMP = 27.000000 and TNOM = 27.000000

Using SPARSE 1.3 as Direct Linear Solver

No. of Data Rows : 801
fcross              =  1.34070e+06
Note: Starting dynamic gmin stepping
Warning: Dynamic gmin stepping failed
Note: Starting true gmin stepping
Warning: True gmin stepping failed
Note: Starting source stepping
Note: Source stepping completed
pmarg               =  7.59528e+01
tdc                 =  8.11410e+01
BLOCK A TRIM  cand=2  pos=12  rsrc=430  Cwire=1n
fcross = 1.340704e+06
pmarg = 7.595279e+01
tdc = 8.114104e+01
Doing analysis at TEMP = 27.000000 and TNOM = 27.000000

Using SPARSE 1.3 as Direct Linear Solver

No. of Data Rows : 801
fcross              =  1.34038e+06
Note: Starting dynamic gmin stepping
Warning: Dynamic gmin stepping failed
Note: Starting true gmin stepping
Warning: True gmin stepping failed
Note: Starting source stepping
Note: Source stepping completed
pmarg               =  7.59760e+01
tdc                 =  8.11410e+01
BLOCK A TRIM  cand=2  pos=12  rsrc=430  Cwire=2.2n
fcross = 1.340384e+06
pmarg = 7.597598e+01
tdc = 8.114104e+01
Doing analysis at TEMP = 27.000000 and TNOM = 27.000000

Using SPARSE 1.3 as Direct Linear Solver
 Reference value :  7.41310e+01
No. of Data Rows : 801
fcross              =  1.34030e+06
pmarg               =  7.59875e+01
tdc                 =  8.11410e+01
BLOCK A TRIM  cand=2  pos=12  rsrc=430  Cwire=4.7n
fcross = 1.340298e+06
pmarg = 7.598754e+01
tdc = 8.114104e+01
Note: Simulation executed from .control section 
