warning, model type mismatch in line
    q121a nmiri nmiri nme1 ls350
warning, model type mismatch in line
    q121b nhi nmiri nme2 ls350

Note: No compatibility mode selected!


Circuit: tb_loop_bufferfissa__g05_cm680p_r1.33k.cir - l40 esplorazione da tb_loop_bufferfissa.cir, rg0l40 fb 0 25.5k; alter c124 = 680p; alter r128 = 1.33k

Warning: Model issue on line 122 :
  .model lsk489a njf(beta=2.2m betatce=-.5 rd=11 rs=30 lambda=4.3m vto=-1. ...
unrecognized parameter (isr) - ignored
unrecognized parameter (alpha) - ignored
unrecognized parameter (vk) - ignored
unrecognized parameter (mj) - ignored

Note: Starting dynamic gmin stepping
Note: Dynamic gmin stepping completed
 Capacitor: Fixed capacitor
     device                  c124
      model                     C
capacitance               6.8e-10

 Resistor: Simple linear resistor
     device                  r128
      model                     R
 resistance                  1330

 Resistor: Simple linear resistor
     device                rg0l40
      model                     R
 resistance                 25500

Doing analysis at TEMP = 27.000000 and TNOM = 27.000000

Using SPARSE 1.3 as Direct Linear Solver

No. of Data Rows : 801
fcross              =  6.62102e+05
Note: Starting dynamic gmin stepping
Note: Dynamic gmin stepping completed
pmarg               =  6.97411e+01
tdc                 =  8.14544e+01
BUFFER FISSA  RLD=10k  pos=1  C=1f
fcross = 6.621021e+05
pmarg = 6.974109e+01
tdc = 8.145438e+01
Doing analysis at TEMP = 27.000000 and TNOM = 27.000000

Using SPARSE 1.3 as Direct Linear Solver

No. of Data Rows : 801
fcross              =  6.63069e+05
Note: Starting dynamic gmin stepping
Note: Dynamic gmin stepping completed
pmarg               =  6.95522e+01
tdc                 =  8.14544e+01
BUFFER FISSA  RLD=10k  pos=1  C=47p
fcross = 6.630688e+05
pmarg = 6.955215e+01
tdc = 8.145438e+01
Doing analysis at TEMP = 27.000000 and TNOM = 27.000000

Using SPARSE 1.3 as Direct Linear Solver

No. of Data Rows : 801
fcross              =  6.64116e+05
Note: Starting dynamic gmin stepping
Note: Dynamic gmin stepping completed
pmarg               =  6.93378e+01
tdc                 =  8.14544e+01
BUFFER FISSA  RLD=10k  pos=1  C=100p
fcross = 6.641158e+05
pmarg = 6.933778e+01
tdc = 8.145438e+01
Doing analysis at TEMP = 27.000000 and TNOM = 27.000000

Using SPARSE 1.3 as Direct Linear Solver

No. of Data Rows : 801
fcross              =  6.66307e+05
Note: Starting dynamic gmin stepping
Note: Dynamic gmin stepping completed
pmarg               =  6.88485e+01
tdc                 =  8.14544e+01
BUFFER FISSA  RLD=10k  pos=1  C=220p
fcross = 6.663069e+05
pmarg = 6.884849e+01
tdc = 8.145439e+01
Doing analysis at TEMP = 27.000000 and TNOM = 27.000000

Using SPARSE 1.3 as Direct Linear Solver

No. of Data Rows : 801
fcross              =  6.69992e+05
Note: Starting dynamic gmin stepping
Note: Dynamic gmin stepping completed
pmarg               =  6.78225e+01
tdc                 =  8.14544e+01
BUFFER FISSA  RLD=10k  pos=1  C=470p
fcross = 6.699923e+05
pmarg = 6.782252e+01
tdc = 8.145440e+01
Doing analysis at TEMP = 27.000000 and TNOM = 27.000000

Using SPARSE 1.3 as Direct Linear Solver

No. of Data Rows : 801
fcross              =  6.73404e+05
Note: Starting dynamic gmin stepping
Note: Dynamic gmin stepping completed
pmarg               =  6.57275e+01
tdc                 =  8.14544e+01
BUFFER FISSA  RLD=10k  pos=1  C=1n
fcross = 6.734039e+05
pmarg = 6.572752e+01
tdc = 8.145444e+01
Doing analysis at TEMP = 27.000000 and TNOM = 27.000000

Using SPARSE 1.3 as Direct Linear Solver

No. of Data Rows : 801
fcross              =  6.71162e+05
Note: Starting dynamic gmin stepping
Note: Dynamic gmin stepping completed
pmarg               =  6.40218e+01
tdc                 =  8.14545e+01
BUFFER FISSA  RLD=10k  pos=1  C=1.5n
fcross = 6.711620e+05
pmarg = 6.402177e+01
tdc = 8.145447e+01
Doing analysis at TEMP = 27.000000 and TNOM = 27.000000

Using SPARSE 1.3 as Direct Linear Solver

No. of Data Rows : 801
fcross              =  6.61296e+05
Note: Starting dynamic gmin stepping
Note: Dynamic gmin stepping completed
pmarg               =  6.22700e+01
tdc                 =  8.14545e+01
BUFFER FISSA  RLD=10k  pos=1  C=2.2n
fcross = 6.612961e+05
pmarg = 6.226997e+01
tdc = 8.145451e+01
Doing analysis at TEMP = 27.000000 and TNOM = 27.000000

Using SPARSE 1.3 as Direct Linear Solver

No. of Data Rows : 801
fcross              =  6.51736e+05
Note: Starting dynamic gmin stepping
Note: Dynamic gmin stepping completed
pmarg               =  6.14544e+01
tdc                 =  8.14545e+01
BUFFER FISSA  RLD=10k  pos=1  C=2.7n
fcross = 6.517361e+05
pmarg = 6.145442e+01
tdc = 8.145454e+01
Doing analysis at TEMP = 27.000000 and TNOM = 27.000000

Using SPARSE 1.3 as Direct Linear Solver

No. of Data Rows : 801
fcross              =  6.39379e+05
Note: Starting dynamic gmin stepping
Note: Dynamic gmin stepping completed
pmarg               =  6.08592e+01
tdc                 =  8.14546e+01
BUFFER FISSA  RLD=10k  pos=1  C=3.3n
fcross = 6.393794e+05
pmarg = 6.085920e+01
tdc = 8.145458e+01
Doing analysis at TEMP = 27.000000 and TNOM = 27.000000

Using SPARSE 1.3 as Direct Linear Solver

No. of Data Rows : 801
fcross              =  6.12481e+05
Note: Starting dynamic gmin stepping
Note: Dynamic gmin stepping completed
pmarg               =  6.04883e+01
tdc                 =  8.14547e+01
BUFFER FISSA  RLD=10k  pos=1  C=4.7n
fcross = 6.124814e+05
pmarg = 6.048831e+01
tdc = 8.145467e+01
Doing analysis at TEMP = 27.000000 and TNOM = 27.000000

Using SPARSE 1.3 as Direct Linear Solver

No. of Data Rows : 801
fcross              =  6.62102e+05
Note: Starting dynamic gmin stepping
Note: Dynamic gmin stepping completed
pmarg               =  6.97411e+01
tdc                 =  8.14544e+01
BUFFER FISSA  RLD=10k  pos=2  C=1f
fcross = 6.621021e+05
pmarg = 6.974109e+01
tdc = 8.145438e+01
Doing analysis at TEMP = 27.000000 and TNOM = 27.000000

Using SPARSE 1.3 as Direct Linear Solver

No. of Data Rows : 801
fcross              =  6.63097e+05
Note: Starting dynamic gmin stepping
Note: Dynamic gmin stepping completed
pmarg               =  6.95504e+01
tdc                 =  8.14544e+01
BUFFER FISSA  RLD=10k  pos=2  C=47p
fcross = 6.630967e+05
pmarg = 6.955042e+01
tdc = 8.145437e+01
Doing analysis at TEMP = 27.000000 and TNOM = 27.000000

Using SPARSE 1.3 as Direct Linear Solver

No. of Data Rows : 801
fcross              =  6.64220e+05
Note: Starting dynamic gmin stepping
Note: Dynamic gmin stepping completed
pmarg               =  6.93342e+01
tdc                 =  8.14544e+01
BUFFER FISSA  RLD=10k  pos=2  C=100p
fcross = 6.642205e+05
pmarg = 6.933416e+01
tdc = 8.145437e+01
Doing analysis at TEMP = 27.000000 and TNOM = 27.000000

Using SPARSE 1.3 as Direct Linear Solver

No. of Data Rows : 801
fcross              =  6.66773e+05
Note: Starting dynamic gmin stepping
Note: Dynamic gmin stepping completed
pmarg               =  6.88396e+01
tdc                 =  8.14544e+01
BUFFER FISSA  RLD=10k  pos=2  C=220p
fcross = 6.667730e+05
pmarg = 6.883959e+01
tdc = 8.145437e+01
Doing analysis at TEMP = 27.000000 and TNOM = 27.000000

Using SPARSE 1.3 as Direct Linear Solver

No. of Data Rows : 801
fcross              =  6.72123e+05
Note: Starting dynamic gmin stepping
Note: Dynamic gmin stepping completed
pmarg               =  6.77870e+01
tdc                 =  8.14544e+01
BUFFER FISSA  RLD=10k  pos=2  C=470p
fcross = 6.721230e+05
pmarg = 6.778700e+01
tdc = 8.145436e+01
Doing analysis at TEMP = 27.000000 and TNOM = 27.000000

Using SPARSE 1.3 as Direct Linear Solver

No. of Data Rows : 801
fcross              =  6.83781e+05
Note: Starting dynamic gmin stepping
Note: Dynamic gmin stepping completed
pmarg               =  6.54455e+01
tdc                 =  8.14543e+01
BUFFER FISSA  RLD=10k  pos=2  C=1n
fcross = 6.837812e+05
pmarg = 6.544548e+01
tdc = 8.145435e+01
Doing analysis at TEMP = 27.000000 and TNOM = 27.000000

Using SPARSE 1.3 as Direct Linear Solver

No. of Data Rows : 801
fcross              =  6.95039e+05
Note: Starting dynamic gmin stepping
Note: Dynamic gmin stepping completed
pmarg               =  6.30949e+01
tdc                 =  8.14543e+01
BUFFER FISSA  RLD=10k  pos=2  C=1.5n
fcross = 6.950395e+05
pmarg = 6.309493e+01
tdc = 8.145433e+01
Doing analysis at TEMP = 27.000000 and TNOM = 27.000000

Using SPARSE 1.3 as Direct Linear Solver

No. of Data Rows : 801
fcross              =  7.11095e+05
Note: Starting dynamic gmin stepping
Note: Dynamic gmin stepping completed
pmarg               =  5.95590e+01
tdc                 =  8.14543e+01
BUFFER FISSA  RLD=10k  pos=2  C=2.2n
fcross = 7.110951e+05
pmarg = 5.955903e+01
tdc = 8.145431e+01
Doing analysis at TEMP = 27.000000 and TNOM = 27.000000

Using SPARSE 1.3 as Direct Linear Solver

No. of Data Rows : 801
fcross              =  7.22499e+05
Note: Starting dynamic gmin stepping
Note: Dynamic gmin stepping completed
pmarg               =  5.68595e+01
tdc                 =  8.14543e+01
BUFFER FISSA  RLD=10k  pos=2  C=2.7n
fcross = 7.224992e+05
pmarg = 5.685953e+01
tdc = 8.145429e+01
Doing analysis at TEMP = 27.000000 and TNOM = 27.000000

Using SPARSE 1.3 as Direct Linear Solver

No. of Data Rows : 801
fcross              =  7.35761e+05
Note: Starting dynamic gmin stepping
Note: Dynamic gmin stepping completed
pmarg               =  5.34393e+01
tdc                 =  8.14543e+01
BUFFER FISSA  RLD=10k  pos=2  C=3.3n
fcross = 7.357612e+05
pmarg = 5.343930e+01
tdc = 8.145428e+01
Doing analysis at TEMP = 27.000000 and TNOM = 27.000000

Using SPARSE 1.3 as Direct Linear Solver

No. of Data Rows : 801
fcross              =  7.60884e+05
Note: Starting dynamic gmin stepping
Note: Dynamic gmin stepping completed
pmarg               =  4.50025e+01
tdc                 =  8.14542e+01
BUFFER FISSA  RLD=10k  pos=2  C=4.7n
fcross = 7.608842e+05
pmarg = 4.500252e+01
tdc = 8.145423e+01
Doing analysis at TEMP = 27.000000 and TNOM = 27.000000

Using SPARSE 1.3 as Direct Linear Solver

No. of Data Rows : 801
fcross              =  6.62917e+05
Note: Starting dynamic gmin stepping
Note: Dynamic gmin stepping completed
pmarg               =  6.97465e+01
tdc                 =  8.16381e+01
BUFFER FISSA  RLD=50k  pos=1  C=1f
fcross = 6.629168e+05
pmarg = 6.974646e+01
tdc = 8.163813e+01
Doing analysis at TEMP = 27.000000 and TNOM = 27.000000

Using SPARSE 1.3 as Direct Linear Solver

No. of Data Rows : 801
fcross              =  6.63896e+05
Note: Starting dynamic gmin stepping
Note: Dynamic gmin stepping completed
pmarg               =  6.95556e+01
tdc                 =  8.16381e+01
BUFFER FISSA  RLD=50k  pos=1  C=47p
fcross = 6.638955e+05
pmarg = 6.955563e+01
tdc = 8.163813e+01
Doing analysis at TEMP = 27.000000 and TNOM = 27.000000

Using SPARSE 1.3 as Direct Linear Solver

No. of Data Rows : 801
fcross              =  6.64955e+05
Note: Starting dynamic gmin stepping
Note: Dynamic gmin stepping completed
pmarg               =  6.93391e+01
tdc                 =  8.16381e+01
BUFFER FISSA  RLD=50k  pos=1  C=100p
fcross = 6.649554e+05
pmarg = 6.933909e+01
tdc = 8.163813e+01
Doing analysis at TEMP = 27.000000 and TNOM = 27.000000

Using SPARSE 1.3 as Direct Linear Solver

No. of Data Rows : 801
fcross              =  6.67173e+05
Note: Starting dynamic gmin stepping
Note: Dynamic gmin stepping completed
pmarg               =  6.88448e+01
tdc                 =  8.16381e+01
BUFFER FISSA  RLD=50k  pos=1  C=220p
fcross = 6.671729e+05
pmarg = 6.884478e+01
tdc = 8.163813e+01
Doing analysis at TEMP = 27.000000 and TNOM = 27.000000

Using SPARSE 1.3 as Direct Linear Solver

No. of Data Rows : 801
fcross              =  6.70899e+05
Note: Starting dynamic gmin stepping
Note: Dynamic gmin stepping completed
pmarg               =  6.78081e+01
tdc                 =  8.16381e+01
BUFFER FISSA  RLD=50k  pos=1  C=470p
fcross = 6.708994e+05
pmarg = 6.780814e+01
tdc = 8.163813e+01
Doing analysis at TEMP = 27.000000 and TNOM = 27.000000

Using SPARSE 1.3 as Direct Linear Solver

No. of Data Rows : 801
fcross              =  6.74324e+05
Note: Starting dynamic gmin stepping
Note: Dynamic gmin stepping completed
pmarg               =  6.56921e+01
tdc                 =  8.16381e+01
BUFFER FISSA  RLD=50k  pos=1  C=1n
fcross = 6.743243e+05
pmarg = 6.569207e+01
tdc = 8.163813e+01
Doing analysis at TEMP = 27.000000 and TNOM = 27.000000

Using SPARSE 1.3 as Direct Linear Solver

No. of Data Rows : 801
fcross              =  6.72009e+05
Note: Starting dynamic gmin stepping
Note: Dynamic gmin stepping completed
pmarg               =  6.39720e+01
tdc                 =  8.16381e+01
BUFFER FISSA  RLD=50k  pos=1  C=1.5n
fcross = 6.720092e+05
pmarg = 6.397201e+01
tdc = 8.163812e+01
Doing analysis at TEMP = 27.000000 and TNOM = 27.000000

Using SPARSE 1.3 as Direct Linear Solver

No. of Data Rows : 801
fcross              =  6.61966e+05
Note: Starting dynamic gmin stepping
Note: Dynamic gmin stepping completed
pmarg               =  6.22115e+01
tdc                 =  8.16381e+01
BUFFER FISSA  RLD=50k  pos=1  C=2.2n
fcross = 6.619658e+05
pmarg = 6.221150e+01
tdc = 8.163812e+01
Doing analysis at TEMP = 27.000000 and TNOM = 27.000000

Using SPARSE 1.3 as Direct Linear Solver

No. of Data Rows : 801
fcross              =  6.52260e+05
Note: Starting dynamic gmin stepping
Note: Dynamic gmin stepping completed
pmarg               =  6.13964e+01
tdc                 =  8.16381e+01
BUFFER FISSA  RLD=50k  pos=1  C=2.7n
fcross = 6.522595e+05
pmarg = 6.139642e+01
tdc = 8.163812e+01
Doing analysis at TEMP = 27.000000 and TNOM = 27.000000

Using SPARSE 1.3 as Direct Linear Solver
 Reference value :  1.00000e+00
No. of Data Rows : 801
fcross              =  6.39757e+05
Note: Starting dynamic gmin stepping
Note: Dynamic gmin stepping completed
pmarg               =  6.08049e+01
tdc                 =  8.16381e+01
BUFFER FISSA  RLD=50k  pos=1  C=3.3n
fcross = 6.397566e+05
pmarg = 6.080490e+01
tdc = 8.163811e+01
Doing analysis at TEMP = 27.000000 and TNOM = 27.000000

Using SPARSE 1.3 as Direct Linear Solver

No. of Data Rows : 801
fcross              =  6.12638e+05
Note: Starting dynamic gmin stepping
Note: Dynamic gmin stepping completed
pmarg               =  6.04464e+01
tdc                 =  8.16381e+01
BUFFER FISSA  RLD=50k  pos=1  C=4.7n
fcross = 6.126381e+05
pmarg = 6.044636e+01
tdc = 8.163810e+01
Doing analysis at TEMP = 27.000000 and TNOM = 27.000000

Using SPARSE 1.3 as Direct Linear Solver

No. of Data Rows : 801
fcross              =  6.62917e+05
Note: Starting dynamic gmin stepping
Note: Dynamic gmin stepping completed
pmarg               =  6.97465e+01
tdc                 =  8.16381e+01
BUFFER FISSA  RLD=50k  pos=2  C=1f
fcross = 6.629168e+05
pmarg = 6.974646e+01
tdc = 8.163813e+01
Doing analysis at TEMP = 27.000000 and TNOM = 27.000000

Using SPARSE 1.3 as Direct Linear Solver

No. of Data Rows : 801
fcross              =  6.63916e+05
Note: Starting dynamic gmin stepping
Note: Dynamic gmin stepping completed
pmarg               =  6.95553e+01
tdc                 =  8.16381e+01
BUFFER FISSA  RLD=50k  pos=2  C=47p
fcross = 6.639163e+05
pmarg = 6.955533e+01
tdc = 8.163813e+01
Doing analysis at TEMP = 27.000000 and TNOM = 27.000000

Using SPARSE 1.3 as Direct Linear Solver

No. of Data Rows : 801
fcross              =  6.65046e+05
Note: Starting dynamic gmin stepping
Note: Dynamic gmin stepping completed
pmarg               =  6.93385e+01
tdc                 =  8.16381e+01
BUFFER FISSA  RLD=50k  pos=2  C=100p
fcross = 6.650456e+05
pmarg = 6.933853e+01
tdc = 8.163813e+01
Doing analysis at TEMP = 27.000000 and TNOM = 27.000000

Using SPARSE 1.3 as Direct Linear Solver

No. of Data Rows : 801
fcross              =  6.67611e+05
Note: Starting dynamic gmin stepping
Note: Dynamic gmin stepping completed
pmarg               =  6.88427e+01
tdc                 =  8.16381e+01
BUFFER FISSA  RLD=50k  pos=2  C=220p
fcross = 6.676108e+05
pmarg = 6.884271e+01
tdc = 8.163813e+01
Doing analysis at TEMP = 27.000000 and TNOM = 27.000000

Using SPARSE 1.3 as Direct Linear Solver

No. of Data Rows : 801
fcross              =  6.72988e+05
Note: Starting dynamic gmin stepping
Note: Dynamic gmin stepping completed
pmarg               =  6.77874e+01
tdc                 =  8.16381e+01
BUFFER FISSA  RLD=50k  pos=2  C=470p
fcross = 6.729879e+05
pmarg = 6.778737e+01
tdc = 8.163812e+01
Doing analysis at TEMP = 27.000000 and TNOM = 27.000000

Using SPARSE 1.3 as Direct Linear Solver

No. of Data Rows : 801
fcross              =  6.84733e+05
Note: Starting dynamic gmin stepping
Note: Dynamic gmin stepping completed
pmarg               =  6.54383e+01
tdc                 =  8.16381e+01
BUFFER FISSA  RLD=50k  pos=2  C=1n
fcross = 6.847332e+05
pmarg = 6.543825e+01
tdc = 8.163810e+01
Doing analysis at TEMP = 27.000000 and TNOM = 27.000000

Using SPARSE 1.3 as Direct Linear Solver

No. of Data Rows : 801
fcross              =  6.96086e+05
Note: Starting dynamic gmin stepping
Note: Dynamic gmin stepping completed
pmarg               =  6.30788e+01
tdc                 =  8.16381e+01
BUFFER FISSA  RLD=50k  pos=2  C=1.5n
fcross = 6.960863e+05
pmarg = 6.307885e+01
tdc = 8.163809e+01
Doing analysis at TEMP = 27.000000 and TNOM = 27.000000

Using SPARSE 1.3 as Direct Linear Solver

No. of Data Rows : 801
fcross              =  7.12278e+05
Note: Starting dynamic gmin stepping
Note: Dynamic gmin stepping completed
pmarg               =  5.95280e+01
tdc                 =  8.16381e+01
BUFFER FISSA  RLD=50k  pos=2  C=2.2n
fcross = 7.122784e+05
pmarg = 5.952804e+01
tdc = 8.163807e+01
Doing analysis at TEMP = 27.000000 and TNOM = 27.000000

Using SPARSE 1.3 as Direct Linear Solver

No. of Data Rows : 801
fcross              =  7.23757e+05
Note: Starting dynamic gmin stepping
Note: Dynamic gmin stepping completed
pmarg               =  5.68174e+01
tdc                 =  8.16381e+01
BUFFER FISSA  RLD=50k  pos=2  C=2.7n
fcross = 7.237570e+05
pmarg = 5.681744e+01
tdc = 8.163805e+01
Doing analysis at TEMP = 27.000000 and TNOM = 27.000000

Using SPARSE 1.3 as Direct Linear Solver

No. of Data Rows : 801
fcross              =  7.37155e+05
Note: Starting dynamic gmin stepping
Note: Dynamic gmin stepping completed
pmarg               =  5.33789e+01
tdc                 =  8.16380e+01
BUFFER FISSA  RLD=50k  pos=2  C=3.3n
fcross = 7.371548e+05
pmarg = 5.337889e+01
tdc = 8.163803e+01
Doing analysis at TEMP = 27.000000 and TNOM = 27.000000

Using SPARSE 1.3 as Direct Linear Solver

No. of Data Rows : 801
fcross              =  7.62548e+05
pmarg               =  4.48910e+01
tdc                 =  8.16380e+01
BUFFER FISSA  RLD=50k  pos=2  C=4.7n
fcross = 7.625475e+05
pmarg = 4.489104e+01
tdc = 8.163799e+01
Note: Simulation executed from .control section 
