
Note: No compatibility mode selected!


Circuit: tb_e3_e5_ldr.cir - l44, variante tetto (modelli da inc/tetto_modelli.lib)

Warning: Model issue on line 122 :
  .model lsk489a njf(beta=2.2m betatce=-.5 rd=11 rs=30 lambda=4.3m vto=-1. ...
unrecognized parameter (isr) - ignored
unrecognized parameter (alpha) - ignored
unrecognized parameter (vk) - ignored
unrecognized parameter (mj) - ignored

Doing analysis at TEMP = 27.000000 and TNOM = 27.000000

Using SPARSE 1.3 as Direct Linear Solver

No. of Data Rows : 1
punto di lavoro: serie curva B a 20 mA = 88.3219 ohm (atteso 88,3 dalla tabella)
Doing analysis at TEMP = 27.000000 and TNOM = 27.000000

Using SPARSE 1.3 as Direct Linear Solver

No. of Data Rows : 1
Doing analysis at TEMP = 27.000000 and TNOM = 27.000000

Using SPARSE 1.3 as Direct Linear Solver

No. of Data Rows : 151
zmin                =  7.63420e+05 at=  1.90999e+04
z20                 =  9.97593e+05
z1k                 =  9.96567e+05
z20k                =  7.49312e+05
E3 stato=gioco pos=0 csel=1f
zmin = 7.634200e+05
Doing analysis at TEMP = 27.000000 and TNOM = 27.000000

Using SPARSE 1.3 as Direct Linear Solver

No. of Data Rows : 1
Doing analysis at TEMP = 27.000000 and TNOM = 27.000000

Using SPARSE 1.3 as Direct Linear Solver

No. of Data Rows : 151
zmin                =  2.77558e+05 at=  1.90999e+04
z20                 =  9.97587e+05
z1k                 =  9.81520e+05
z20k                =  2.66064e+05
E3 stato=gioco pos=0 csel=22p
zmin = 2.775577e+05
Doing analysis at TEMP = 27.000000 and TNOM = 27.000000

Using SPARSE 1.3 as Direct Linear Solver

No. of Data Rows : 1
Doing analysis at TEMP = 27.000000 and TNOM = 27.000000

Using SPARSE 1.3 as Direct Linear Solver

No. of Data Rows : 151
zmin                =  1.10713e+05 at=  1.90999e+04
z20                 =  9.97550e+05
z1k                 =  9.02936e+05
z20k                =  1.05801e+05
E3 stato=gioco pos=0 csel=68p
zmin = 1.107130e+05
Doing analysis at TEMP = 27.000000 and TNOM = 27.000000

Using SPARSE 1.3 as Direct Linear Solver

No. of Data Rows : 1
Doing analysis at TEMP = 27.000000 and TNOM = 27.000000

Using SPARSE 1.3 as Direct Linear Solver

No. of Data Rows : 151
zmin                =  7.63419e+05 at=  1.90999e+04
z20                 =  9.97593e+05
z1k                 =  9.96567e+05
z20k                =  7.49311e+05
E3 stato=gioco pos=6 csel=1f
zmin = 7.634190e+05
Doing analysis at TEMP = 27.000000 and TNOM = 27.000000

Using SPARSE 1.3 as Direct Linear Solver

No. of Data Rows : 1
Doing analysis at TEMP = 27.000000 and TNOM = 27.000000

Using SPARSE 1.3 as Direct Linear Solver

No. of Data Rows : 151
zmin                =  2.77558e+05 at=  1.90999e+04
z20                 =  9.97587e+05
z1k                 =  9.81520e+05
z20k                =  2.66064e+05
E3 stato=gioco pos=6 csel=22p
zmin = 2.775576e+05
Doing analysis at TEMP = 27.000000 and TNOM = 27.000000

Using SPARSE 1.3 as Direct Linear Solver

No. of Data Rows : 1
Doing analysis at TEMP = 27.000000 and TNOM = 27.000000

Using SPARSE 1.3 as Direct Linear Solver

No. of Data Rows : 151
zmin                =  1.10713e+05 at=  1.90999e+04
z20                 =  9.97550e+05
z1k                 =  9.02936e+05
z20k                =  1.05801e+05
E3 stato=gioco pos=6 csel=68p
zmin = 1.107130e+05
Doing analysis at TEMP = 27.000000 and TNOM = 27.000000

Using SPARSE 1.3 as Direct Linear Solver

No. of Data Rows : 1
Doing analysis at TEMP = 27.000000 and TNOM = 27.000000

Using SPARSE 1.3 as Direct Linear Solver

No. of Data Rows : 151
zmin                =  7.63419e+05 at=  1.90999e+04
z20                 =  9.97593e+05
z1k                 =  9.96567e+05
z20k                =  7.49311e+05
E3 stato=gioco pos=12 csel=1f
zmin = 7.634188e+05
Doing analysis at TEMP = 27.000000 and TNOM = 27.000000

Using SPARSE 1.3 as Direct Linear Solver

No. of Data Rows : 1
Doing analysis at TEMP = 27.000000 and TNOM = 27.000000

Using SPARSE 1.3 as Direct Linear Solver

No. of Data Rows : 151
zmin                =  2.77558e+05 at=  1.90999e+04
z20                 =  9.97587e+05
z1k                 =  9.81520e+05
z20k                =  2.66064e+05
E3 stato=gioco pos=12 csel=22p
zmin = 2.775576e+05
Doing analysis at TEMP = 27.000000 and TNOM = 27.000000

Using SPARSE 1.3 as Direct Linear Solver

No. of Data Rows : 1
Doing analysis at TEMP = 27.000000 and TNOM = 27.000000

Using SPARSE 1.3 as Direct Linear Solver

No. of Data Rows : 151
zmin                =  1.10713e+05 at=  1.90999e+04
z20                 =  9.97550e+05
z1k                 =  9.02936e+05
z20k                =  1.05801e+05
E3 stato=gioco pos=12 csel=68p
zmin = 1.107130e+05
Doing analysis at TEMP = 27.000000 and TNOM = 27.000000

Using SPARSE 1.3 as Direct Linear Solver

No. of Data Rows : 1
Doing analysis at TEMP = 27.000000 and TNOM = 27.000000

Using SPARSE 1.3 as Direct Linear Solver

No. of Data Rows : 151
zmin                =  1.55055e+06 at=  1.90999e+04
z20                 =  3.85423e+08
z1k                 =  2.88561e+07
z20k                =  1.48324e+06
E3 stato=mute pos=0 csel=1f
zmin = 1.550553e+06
Doing analysis at TEMP = 27.000000 and TNOM = 27.000000

Using SPARSE 1.3 as Direct Linear Solver

No. of Data Rows : 1
Doing analysis at TEMP = 27.000000 and TNOM = 27.000000

Using SPARSE 1.3 as Direct Linear Solver

No. of Data Rows : 151
zmin                =  3.04464e+05 at=  1.90999e+04
z20                 =  2.34429e+08
z1k                 =  5.78751e+06
z20k                =  2.90858e+05
E3 stato=mute pos=0 csel=22p
zmin = 3.044640e+05
Doing analysis at TEMP = 27.000000 and TNOM = 27.000000

Using SPARSE 1.3 as Direct Linear Solver

No. of Data Rows : 1
Doing analysis at TEMP = 27.000000 and TNOM = 27.000000

Using SPARSE 1.3 as Direct Linear Solver

No. of Data Rows : 151
zmin                =  1.13575e+05 at=  1.90999e+04
z20                 =  1.04506e+08
z1k                 =  2.16558e+06
z20k                =  1.08477e+05
E3 stato=mute pos=0 csel=68p
zmin = 1.135751e+05
Doing analysis at TEMP = 27.000000 and TNOM = 27.000000

Using SPARSE 1.3 as Direct Linear Solver

No. of Data Rows : 1
Doing analysis at TEMP = 27.000000 and TNOM = 27.000000

Using SPARSE 1.3 as Direct Linear Solver

No. of Data Rows : 151
zmin                =  1.55055e+06 at=  1.90999e+04
z20                 =  3.85423e+08
z1k                 =  2.88561e+07
z20k                =  1.48324e+06
E3 stato=mute pos=6 csel=1f
zmin = 1.550553e+06
Doing analysis at TEMP = 27.000000 and TNOM = 27.000000

Using SPARSE 1.3 as Direct Linear Solver

No. of Data Rows : 1
Doing analysis at TEMP = 27.000000 and TNOM = 27.000000

Using SPARSE 1.3 as Direct Linear Solver

No. of Data Rows : 151
zmin                =  3.04464e+05 at=  1.90999e+04
z20                 =  2.34429e+08
z1k                 =  5.78751e+06
z20k                =  2.90858e+05
E3 stato=mute pos=6 csel=22p
zmin = 3.044640e+05
Doing analysis at TEMP = 27.000000 and TNOM = 27.000000

Using SPARSE 1.3 as Direct Linear Solver

No. of Data Rows : 1
Doing analysis at TEMP = 27.000000 and TNOM = 27.000000

Using SPARSE 1.3 as Direct Linear Solver

No. of Data Rows : 151
zmin                =  1.13575e+05 at=  1.90999e+04
z20                 =  1.04506e+08
z1k                 =  2.16558e+06
z20k                =  1.08477e+05
E3 stato=mute pos=6 csel=68p
zmin = 1.135751e+05
Doing analysis at TEMP = 27.000000 and TNOM = 27.000000

Using SPARSE 1.3 as Direct Linear Solver

No. of Data Rows : 1
Doing analysis at TEMP = 27.000000 and TNOM = 27.000000

Using SPARSE 1.3 as Direct Linear Solver

No. of Data Rows : 151
zmin                =  1.55055e+06 at=  1.90999e+04
z20                 =  3.85423e+08
z1k                 =  2.88561e+07
z20k                =  1.48324e+06
E3 stato=mute pos=12 csel=1f
zmin = 1.550553e+06
Doing analysis at TEMP = 27.000000 and TNOM = 27.000000

Using SPARSE 1.3 as Direct Linear Solver

No. of Data Rows : 1
Doing analysis at TEMP = 27.000000 and TNOM = 27.000000

Using SPARSE 1.3 as Direct Linear Solver

No. of Data Rows : 151
zmin                =  3.04464e+05 at=  1.90999e+04
z20                 =  2.34429e+08
z1k                 =  5.78751e+06
z20k                =  2.90858e+05
E3 stato=mute pos=12 csel=22p
zmin = 3.044640e+05
Doing analysis at TEMP = 27.000000 and TNOM = 27.000000

Using SPARSE 1.3 as Direct Linear Solver

No. of Data Rows : 1
Doing analysis at TEMP = 27.000000 and TNOM = 27.000000

Using SPARSE 1.3 as Direct Linear Solver

No. of Data Rows : 151
zmin                =  1.13575e+05 at=  1.90999e+04
z20                 =  1.04506e+08
z1k                 =  2.16558e+06
z20Note: Starting dynamic gmin stepping
Note: Dynamic gmin stepping completed
Note: Starting dynamic gmin stepping
Note: Dynamic gmin stepping completed
Note: Starting dynamic gmin stepping
Note: Dynamic gmin stepping completed
Note: Starting dynamic gmin stepping
Note: Dynamic gmin stepping completed
Note: Starting dynamic gmin stepping
Note: Dynamic gmin stepping completed
Note: Starting dynamic gmin stepping
Note: Dynamic gmin stepping completed
Note: Starting dynamic gmin stepping
Warning: Dynamic gmin stepping failed
Note: Starting true gmin stepping
Note: True gmin stepping completed
Note: Starting dynamic gmin stepping
Warning: Dynamic gmin stepping failed
Note: Starting true gmin stepping
Note: True gmin stepping completed
Note: Starting dynamic gmin stepping
Warning: Dynamic gmin stepping failed
Note: Starting true gmin stepping
Note: True gmin stepping completed
Note: Starting dynamic gmin stepping
Warning: Dynamic gmin stepping failed
Note: Starting true gmin stepping
Note: True gmin stepping completed
Note: Starting dynamic gmin stepping
Warning: Dynamic gmin stepping failed
Note: Starting true gmin stepping
Note: True gmin stepping completed
Note: Starting dynamic gmin stepping
Warning: Dynamic gmin stepping failed
Note: Starting true gmin stepping
Note: True gmin stepping completed
k                =  1.08477e+05
E3 stato=mute pos=12 csel=68p
zmin = 1.135751e+05
Doing analysis at TEMP = 27.000000 and TNOM = 27.000000

Using SPARSE 1.3 as Direct Linear Solver

No. of Data Rows : 1
Doing analysis at TEMP = 27.000000 and TNOM = 27.000000

Using SPARSE 1.3 as Direct Linear Solver

No. of Data Rows : 151
zmin                =  2.00226e+06 at=  1.90999e+04
z20                 =  4.48731e+06
z1k                 =  4.45748e+06
z20k                =  1.93703e+06
E3 stato=meta pos=0 csel=1f
zmin = 2.002259e+06
Doing analysis at TEMP = 27.000000 and TNOM = 27.000000

Using SPARSE 1.3 as Direct Linear Solver

No. of Data Rows : 1
Doing analysis at TEMP = 27.000000 and TNOM = 27.000000

Using SPARSE 1.3 as Direct Linear Solver

No. of Data Rows : 151
zmin                =  3.24851e+05 at=  1.90999e+04
z20                 =  4.48684e+06
z1k                 =  3.62487e+06
z20k                =  3.10471e+05
E3 stato=meta pos=0 csel=22p
zmin = 3.248512e+05
Doing analysis at TEMP = 27.000000 and TNOM = 27.000000

Using SPARSE 1.3 as Direct Linear Solver

No. of Data Rows : 1
Doing analysis at TEMP = 27.000000 and TNOM = 27.000000

Using SPARSE 1.3 as Direct Linear Solver

No. of Data Rows : 151
zmin                =  1.16391e+05 at=  1.90999e+04
z20                 =  4.48364e+06
z1k                 =  1.98630e+06
z20k                =  1.11177e+05
E3 stato=meta pos=0 csel=68p
zmin = 1.163911e+05
Doing analysis at TEMP = 27.000000 and TNOM = 27.000000

Using SPARSE 1.3 as Direct Linear Solver

No. of Data Rows : 1
Doing analysis at TEMP = 27.000000 and TNOM = 27.000000

Using SPARSE 1.3 as Direct Linear Solver

No. of Data Rows : 151
zmin                =  2.00226e+06 at=  1.90999e+04
z20                 =  4.48731e+06
z1k                 =  4.45748e+06
z20k                =  1.93703e+06
E3 stato=meta pos=6 csel=1f
zmin = 2.002258e+06
Doing analysis at TEMP = 27.000000 and TNOM = 27.000000

Using SPARSE 1.3 as Direct Linear Solver

No. of Data Rows : 1
Doing analysis at TEMP = 27.000000 and TNOM = 27.000000

Using SPARSE 1.3 as Direct Linear Solver

No. of Data Rows : 151
zmin                =  3.24851e+05 at=  1.90999e+04
z20                 =  4.48684e+06
z1k                 =  3.62487e+06
z20k                =  3.10471e+05
E3 stato=meta pos=6 csel=22p
zmin = 3.248512e+05
Doing analysis at TEMP = 27.000000 and TNOM = 27.000000

Using SPARSE 1.3 as Direct Linear Solver

No. of Data Rows : 1
Doing analysis at TEMP = 27.000000 and TNOM = 27.000000

Using SPARSE 1.3 as Direct Linear Solver

No. of Data Rows : 151
zmin                =  1.16391e+05 at=  1.90999e+04
z20                 =  4.48364e+06
z1k                 =  1.98630e+06
z20k                =  1.11177e+05
E3 stato=meta pos=6 csel=68p
zmin = 1.163911e+05
Doing analysis at TEMP = 27.000000 and TNOM = 27.000000

Using SPARSE 1.3 as Direct Linear Solver

No. of Data Rows : 1
Doing analysis at TEMP = 27.000000 and TNOM = 27.000000

Using SPARSE 1.3 as Direct Linear Solver

No. of Data Rows : 151
zmin                =  2.00226e+06 at=  1.90999e+04
z20                 =  4.48731e+06
z1k                 =  4.45748e+06
z20k                =  1.93703e+06
E3 stato=meta pos=12 csel=1f
zmin = 2.002258e+06
Doing analysis at TEMP = 27.000000 and TNOM = 27.000000

Using SPARSE 1.3 as Direct Linear Solver

No. of Data Rows : 1
Doing analysis at TEMP = 27.000000 and TNOM = 27.000000

Using SPARSE 1.3 as Direct Linear Solver

No. of Data Rows : 151
zmin                =  3.24851e+05 at=  1.90999e+04
z20                 =  4.48684e+06
z1k                 =  3.62487e+06
z20k                =  3.10471e+05
E3 stato=meta pos=12 csel=22p
zmin = 3.248512e+05
Doing analysis at TEMP = 27.000000 and TNOM = 27.000000

Using SPARSE 1.3 as Direct Linear Solver

No. of Data Rows : 1
Doing analysis at TEMP = 27.000000 and TNOM = 27.000000

Using SPARSE 1.3 as Direct Linear Solver

No. of Data Rows : 151
zmin                =  1.16391e+05 at=  1.90999e+04
z20                 =  4.48364e+06
z1k                 =  1.98630e+06
z20k                =  1.11177e+05
E3 stato=meta pos=12 csel=68p
zmin = 1.163911e+05
Doing analysis at TEMP = 27.000000 and TNOM = 27.000000

Using SPARSE 1.3 as Direct Linear Solver

No. of Data Rows : 151

No. of Data Rows : 1
E5 ldr=nessuna pos=0 mode=0db att=max rsrc=1.5
onu = 1.806882e+00
Doing analysis at TEMP = 27.000000 and TNOM = 27.000000

Using SPARSE 1.3 as Direct Linear Solver

No. of Data Rows : 151

No. of Data Rows : 1
E5 ldr=nessuna pos=0 mode=0db att=max rsrc=430
onu = 1.845655e+00
Doing analysis at TEMP = 27.000000 and TNOM = 27.000000

Using SPARSE 1.3 as Direct Linear Solver

No. of Data Rows : 151

No. of Data Rows : 1
E5 ldr=nessuna pos=0 mode=0db att=mid rsrc=1.5
onu = 1.693849e+00
Doing analysis at TEMP = 27.000000 and TNOM = 27.000000

Using SPARSE 1.3 as Direct Linear Solver
 Reference value :  2.00000e+01
No. of Data Rows : 151

No. of Data Rows : 1
E5 ldr=nessuna pos=0 mode=0db att=mid rsrc=430
onu = 1.704216e+00
Doing analysis at TEMP = 27.000000 and TNOM = 27.000000

Using SPARSE 1.3 as Direct Linear Solver

No. of Data Rows : 151

No. of Data Rows : 1
E5 ldr=nessuna pos=0 mode=3db att=max rsrc=1.5
onu = 2.503090e+00
Doing analysis at TEMP = 27.000000 and TNOM = 27.000000

Using SPARSE 1.3 as Direct Linear Solver

No. of Data Rows : 151

No. of Data Rows : 1
E5 ldr=nessuna pos=0 mode=3db att=max rsrc=430
onu = 2.559424e+00
Doing analysis at TEMP = 27.000000 and TNOM = 27.000000

Using SPARSE 1.3 as Direct Linear Solver

No. of Data Rows : 151

No. of Data Rows : 1
E5 ldr=nessuna pos=0 mode=3db att=mid rsrc=1.5
onu = 2.338420e+00
Doing analysis at TEMP = 27.000000 and TNOM = 27.000000

Using SPARSE 1.3 as Direct Linear Solver

No. of Data Rows : 151

No. of Data Rows : 1
E5 ldr=nessuna pos=0 mode=3db att=mid rsrc=430
onu = 2.353541e+00
Doing analysis at TEMP = 27.000000 and TNOM = 27.000000

Using SPARSE 1.3 as Direct Linear Solver

No. of Data Rows : 151

No. of Data Rows : 1
E5 ldr=nessuna pos=0 mode=10db att=max rsrc=1.5
onu = 5.367259e+00
Doing analysis at TEMP = 27.000000 and TNOM = 27.000000

Using SPARSE 1.3 as Direct Linear Solver

No. of Data Rows : 151

No. of Data Rows : 1
E5 ldr=nessuna pos=0 mode=10db att=max rsrc=430
onu = 5.496111e+00
Doing analysis at TEMP = 27.000000 and TNOM = 27.000000

Using SPARSE 1.3 as Direct Linear Solver

No. of Data Rows : 151

No. of Data Rows : 1
E5 ldr=nessuna pos=0 mode=10db att=mid rsrc=1.5
onu = 4.989002e+00
Doing analysis at TEMP = 27.000000 and TNOM = 27.000000

Using SPARSE 1.3 as Direct Linear Solver

No. of Data Rows : 151

No. of Data Rows : 1
E5 ldr=nessuna pos=0 mode=10db att=mid rsrc=430
onu = 5.023778e+00
Doing analysis at TEMP = 27.000000 and TNOM = 27.000000

Using SPARSE 1.3 as Direct Linear Solver

No. of Data Rows : 151

No. of Data Rows : 1
E5 ldr=nessuna pos=6 mode=0db att=max rsrc=1.5
onu = 1.479207e+00
Doing analysis at TEMP = 27.000000 and TNOM = 27.000000

Using SPARSE 1.3 as Direct Linear Solver

No. of Data Rows : 151

No. of Data Rows : 1
E5 ldr=nessuna pos=6 mode=0db att=max rsrc=430
onu = 1.491175e+00
Doing analysis at TEMP = 27.000000 and TNOM = 27.000000

Using SPARSE 1.3 as Direct Linear Solver

No. of Data Rows : 151

No. of Data Rows : 1
E5 ldr=nessuna pos=6 mode=0db att=mid rsrc=1.5
onu = 1.612870e+00
Doing analysis at TEMP = 27.000000 and TNOM = 27.000000

Using SPARSE 1.3 as Direct Linear Solver

No. of Data Rows : 151

No. of Data Rows : 1
E5 ldr=nessuna pos=6 mode=0db att=mid rsrc=430
onu = 1.615611e+00
Doing analysis at TEMP = 27.000000 and TNOM = 27.000000

Using SPARSE 1.3 as Direct Linear Solver

No. of Data Rows : 151

No. of Data Rows : 1
E5 ldr=nessuna pos=6 mode=3db att=max rsrc=1.5
onu = 2.024019e+00
Doing analysis at TEMP = 27.000000 and TNOM = 27.000000

Using SPARSE 1.3 as Direct Linear Solver

No. of Data Rows : 151

No. of Data Rows : 1
E5 ldr=nessuna pos=6 mode=3db att=max rsrc=430
onu = 2.041627e+00
Doing analysis at TEMP = 27.000000 and TNOM = 27.000000

Using SPARSE 1.3 as Direct Linear Solver

No. of Data Rows : 151

No. of Data Rows : 1
E5 ldr=nessuna pos=6 mode=3db att=mid rsrc=1.5
onu = 2.220105e+00
Doing analysis at TEMP = 27.000000 and TNOM = 27.000000

Using SPARSE 1.3 as Direct Linear Solver

No. of Data Rows : 151

No. of Data Rows : 1
E5 ldr=nessuna pos=6 mode=3db att=mid rsrc=430
onu = 2.224115e+00
Doing analysis at TEMP = 27.000000 and TNOM = 27.000000

Using SPARSE 1.3 as Direct Linear Solver

No. of Data Rows : 151

No. of Data Rows : 1
E5 ldr=nessuna pos=6 mode=10db att=max rsrc=1.5
onu = 4.261254e+00
Doing analysis at TEMP = 27.000000 and TNOM = 27.000000

Using SPARSE 1.3 as Direct Linear Solver

No. of Data Rows : 151

No. of Data Rows : 1
E5 ldr=nessuna pos=6 mode=10db att=max rsrc=430
onu = 4.302284e+00
Doing analysis at TEMP = 27.000000 and TNOM = 27.000000

Using SPARSE 1.3 as Direct Linear Solver

No. of Data Rows : 151

No. of Data Rows : 1
E5 ldr=nessuna pos=6 mode=10db att=mid rsrc=1.5
onu = 4.716130e+00
Doing analysis at TEMP = 27.000000 and TNOM = 27.000000

Using SPARSE 1.3 as Direct Linear Solver

No. of Data Rows : 151

No. of Data Rows : 1
E5 ldr=nessuna pos=6 mode=10db att=mid rsrc=430
onu = 4.725394e+00
Doing analysis at TEMP = 27.000000 and TNOM = 27.000000

Using SPARSE 1.3 as Direct Linear Solver

No. of Data Rows : 151

No. of Data Rows : 1
E5 ldr=nessuna pos=12 mode=0db att=max rsrc=1.5
onu = 1.361497e+00
Doing analysis at TEMP = 27.000000 and TNOM = 27.000000

Using SPARSE 1.3 as Direct Linear Solver

No. of Data Rows : 151

No. of Data Rows : 1
E5 ldr=nessuna pos=12 mode=0db att=max rsrc=430
onu = 1.364821e+00
Doing analysis at TEMP = 27.000000 and TNOM = 27.000000

Using SPARSE 1.3 as Direct Linear Solver

No. of Data Rows : 151

No. of Data Rows : 1
E5 ldr=nessuna pos=12 mode=0db att=mid rsrc=1.5
onu = 1.586858e+00
Doing analysis at TEMP = 27.000000 and TNOM = 27.000000

Using SPARSE 1.3 as Direct Linear Solver

No. of Data Rows : 151

No. of Data Rows : 1
E5 ldr=nessuna pos=12 mode=0db att=mid rsrc=430
onu = 1.587568e+00
Doing analysis at TEMP = 27.000000 and TNOM = 27.000000

Using SPARSE 1.3 as Direct Linear Solver

No. of Data Rows : 151

No. of Data Rows : 1
E5 ldr=nessuna pos=12 mode=3db att=max rsrc=1.5
onu = 1.850184e+00
Doing analysis at TEMP = 27.000000 and TNOM = 27.000000

Using SPARSE 1.3 as Direct Linear Solver

No. of Data Rows : 151

No. of Data Rows : 1
E5 ldr=nessuna pos=12 mode=3db att=max rsrc=430
onu = 1.855109e+00
Doing analysis at TEMP = 27.000000 and TNOM = 27.000000

Using SPARSE 1.3 as Direct Linear Solver

No. of Data Rows : 151

No. of Data Rows : 1
E5 ldr=nessuna pos=12 mode=3db att=mid rsrc=1.5
onu = 2.182024e+00
Doing analysis at TEMP = 27.000000 and TNOM = 27.000000

Using SPARSE 1.3 as Direct Linear Solver

No. of Data Rows : 151

No. of Data Rows : 1
E5 ldr=nessuna pos=12 mode=3db att=mid rsrc=430
onu = 2.183064e+00
Doing analysis at TEMP = 27.000000 and TNOM = 27.000000

Using SPARSE 1.3 as Direct Linear Solver

No. of Data Rows : 151

No. of Data Rows : 1
E5 ldr=nessuna pos=12 mode=10db att=max rsrc=1.5
onu = 3.853792e+00
Doing analysis at TEMP = 27.000000 and TNOM = 27.000000

Using SPARSE 1.3 as Direct Linear Solver

No. of Data Rows : 151

No. of Data Rows : 1
E5 ldr=nessuna pos=12 mode=10db att=max rsrc=430
onu = 3.865394e+00
Doing analysis at TEMP = 27.000000 and TNOM = 27.000000

Using SPARSE 1.3 as Direct Linear Solver

No. of Data Rows : 151

No. of Data Rows : 1
E5 ldr=nessuna pos=12 mode=10db att=mid rsrc=1.5
onu = 4.628048e+00
Doing analysis at TEMP = 27.000000 and TNOM = 27.000000

Using SPARSE 1.3 as Direct Linear Solver

No. of Data Rows : 151

No. of Data Rows : 1
E5 ldr=nessuna pos=12 mode=10db att=mid rsrc=430
onu = 4.630455e+00
Doing analysis at TEMP = 27.000000 and TNOM = 27.000000

Using SPARSE 1.3 as Direct Linear Solver

No. of Data Rows : 151

No. of Data Rows : 1
E5 ldr=curvab pos=0 mode=0db att=max rsrc=1.5
onu = 1.814942e+00
Doing analysis at TEMP = 27.000000 and TNOM = 27.000000

Using SPARSE 1.3 as Direct Linear Solver

No. of Data Rows : 151

No. of Data Rows : 1
E5 ldr=curvab pos=0 mode=0db att=max rsrc=430
onu = 1.853540e+00
Doing analysis at TEMP = 27.000000 and TNOM = 27.000000

Using SPARSE 1.3 as Direct Linear Solver

No. of Data Rows : 151

No. of Data Rows : 1
E5 ldr=curvab pos=0 mode=0db att=mid rsrc=1.5
onu = 1.695991e+00
Doing analysis at TEMP = 27.000000 and TNOM = 27.000000

Using SPARSE 1.3 as Direct Linear Solver

No. of Data Rows : 151

No. of Data Rows : 1
E5 ldr=curvab pos=0 mode=0db att=mid rsrc=430
onu = 1.706344e+00
Doing analysis at TEMP = 27.000000 and TNOM = 27.000000

Using SPARSE 1.3 as Direct Linear Solver

No. of Data Rows : 151

No. of Data Rows : 1
E5 ldr=curvab pos=0 mode=3db att=max rsrc=1.5
onu = 2.514806e+00
Doing analysis at TEMP = 27.000000 and TNOM = 27.000000

Using SPARSE 1.3 as Direct Linear Solver

No. of Data Rows : 151

No. of Data Rows : 1
E5 ldr=curvab pos=0 mode=3db att=max rsrc=430
onu = 2.570873e+00
Doing analysis at TEMP = 27.000000 and TNOM = 27.000000

Using SPARSE 1.3 as Direct Linear Solver

No. of Data Rows : 151

No. of Data Rows : 1
E5 ldr=curvab pos=0 mode=3db att=mid rsrc=1.5
onu = 2.341545e+00
Doing analysis at TEMP = 27.000000 and TNOM = 27.000000

Using SPARSE 1.3 as Direct Linear Solver

No. of Data Rows : 151

No. of Data Rows : 1
E5 ldr=curvab pos=0 mode=3db att=mid rsrc=430
onu = 2.356643e+00
Doing analysis at TEMP = 27.000000 and TNOM = 27.000000

Using SPARSE 1.3 as Direct Linear Solver

No. of Data Rows : 151

No. of Data Rows : 1
E5 ldr=curvab pos=0 mode=10db att=max rsrc=1.5
onu = 5.394072e+00
Doing analysis at TEMP = 27.000000 and TNOM = 27.000000

Using SPARSE 1.3 as Direct Linear Solver

No. of Data Rows : 151

No. of Data Rows : 1
E5 ldr=curvab pos=0 mode=10db att=max rsrc=430
onu = 5.522276e+00
Doing analysis at TEMP = 27.000000 and TNOM = 27.000000

Using SPARSE 1.3 as Direct Linear Solver

No. of Data Rows : 151

No. of Data Rows : 1
E5 ldr=curvab pos=0 mode=10db att=mid rsrc=1.5
onu = 4.996191e+00
Doing analysis at TEMP = 27.000000 and TNOM = 27.000000

Using SPARSE 1.3 as Direct Linear Solver

No. of Data Rows : 151

No. of Data Rows : 1
E5 ldr=curvab pos=0 mode=10db att=mid rsrc=430
onu = 5.030911e+00
Doing analysis at TEMP = 27.000000 and TNOM = 27.000000

Using SPARSE 1.3 as Direct Linear Solver

No. of Data Rows : 151

No. of Data Rows : 1
E5 ldr=curvab pos=6 mode=0db att=max rsrc=1.5
onu = 1.481682e+00
Doing analysis at TEMP = 27.000000 and TNOM = 27.000000

Using SPARSE 1.3 as Direct Linear Solver

No. of Data Rows : 151

No. of Data Rows : 1
E5 ldr=curvab pos=6 mode=0db att=max rsrc=430
onu = 1.493628e+00
Doing analysis at TEMP = 27.000000 and TNOM = 27.000000

Using SPARSE 1.3 as Direct Linear Solver

No. of Data Rows : 151

No. of Data Rows : 1
E5 ldr=curvab pos=6 mode=0db att=mid rsrc=1.5
onu = 1.613436e+00
Doing analysis at TEMP = 27.000000 and TNOM = 27.000000

Using SPARSE 1.3 as Direct Linear Solver

No. of Data Rows : 151

No. of Data Rows : 1
E5 ldr=curvab pos=6 mode=0db att=mid rsrc=430
onu = 1.616175e+00
Doing analysis at TEMP = 27.000000 and TNOM = 27.000000

Using SPARSE 1.3 as Direct Linear Solver

No. of Data Rows : 151

No. of Data Rows : 1
E5 ldr=curvab pos=6 mode=3db att=max rsrc=1.5
onu = 2.027661e+00
Doing analysis at TEMP = 27.000000 and TNOM = 27.000000

Using SPARSE 1.3 as Direct Linear Solver

No. of Data Rows : 151

No. of Data Rows : 1
E5 ldr=curvab pos=6 mode=3db att=max rsrc=430
onu = 2.045235e+00
Doing analysis at TEMP = 27.000000 and TNOM = 27.000000

Using SPARSE 1.3 as Direct Linear Solver

No. of Data Rows : 151

No. of Data Rows : 1
E5 ldr=curvab pos=6 mode=3db att=mid rsrc=1.5
onu = 2.220932e+00
Doing analysis at TEMP = 27.000000 and TNOM = 27.000000

Using SPARSE 1.3 as Direct Linear Solver

No. of Data Rows : 151

No. of Data Rows : 1
E5 ldr=curvab pos=6 mode=3db att=mid rsrc=430
onu = 2.224939e+00
Doing analysis at TEMP = 27.000000 and TNOM = 27.000000

Using SPARSE 1.3 as Direct Linear Solver

No. of Data Rows : 151

No. of Data Rows : 1
E5 ldr=curvab pos=6 mode=10db att=max rsrc=1.5
onu = 4.269744e+00
Doing analysis at TEMP = 27.000000 and TNOM = 27.000000

Using SPARSE 1.3 as Direct Linear Solver

No. of Data Rows : 151

No. of Data Rows : 1
E5 ldr=curvab pos=6 mode=10db att=max rsrc=430
onu = 4.310686e+00
Doing analysis at TEMP = 27.000000 and TNOM = 27.000000

Using SPARSE 1.3 as Direct Linear Solver

No. of Data Rows : 151

No. of Data Rows : 1
E5 ldr=curvab pos=6 mode=10db att=mid rsrc=1.5
onu = 4.718041e+00
Doing analysis at TEMP = 27.000000 and TNOM = 27.000000

Using SPARSE 1.3 as Direct Linear Solver

No. of Data Rows : 151

No. of Data Rows : 1
E5 ldr=curvab pos=6 mode=10db att=mid rsrc=430
onu = 4.727299e+00
Doing analysis at TEMP = 27.000000 and TNOM = 27.000000

Using SPARSE 1.3 as Direct Linear Solver

No. of Data Rows : 151

No. of Data Rows : 1
E5 ldr=curvab pos=12 mode=0db att=max rsrc=1.5
onu = 1.362183e+00
Doing analysis at TEMP = 27.000000 and TNOM = 27.000000

Using SPARSE 1.3 as Direct Linear Solver

No. of Data Rows : 151

No. of Data Rows : 1
E5 ldr=curvab pos=12 mode=0db att=max rsrc=430
onu = 1.365505e+00
Doing analysis at TEMP = 27.000000 and TNOM = 27.000000

Using SPARSE 1.3 as Direct Linear Solver

No. of Data Rows : 151

No. of Data Rows : 1
E5 ldr=curvab pos=12 mode=0db att=mid rsrc=1.5
onu = 1.587004e+00
Doing analysis at TEMP = 27.000000 and TNOM = 27.000000

Using SPARSE 1.3 as Direct Linear Solver

No. of Data Rows : 151

No. of Data Rows : 1
E5 ldr=curvab pos=12 mode=0db att=mid rsrc=430
onu = 1.587715e+00
Doing analysis at TEMP = 27.000000 and TNOM = 27.000000

Using SPARSE 1.3 as Direct Linear Solver

No. of Data Rows : 151

No. of Data Rows : 1
E5 ldr=curvab pos=12 mode=3db att=max rsrc=1.5
onu = 1.851201e+00
Doing analysis at TEMP = 27.000000 and TNOM = 27.000000

Using SPARSE 1.3 as Direct Linear Solver

No. of Data Rows : 151

No. of Data Rows : 1
E5 ldr=curvab pos=12 mode=3db att=max rsrc=430
onu = 1.856122e+00
Doing analysis at TEMP = 27.000000 and TNOM = 27.000000

Using SPARSE 1.3 as Direct Linear Solver

No. of Data Rows : 151

No. of Data Rows : 1
E5 ldr=curvab pos=12 mode=3db att=mid rsrc=1.5
onu = 2.182238e+00
Doing analysis at TEMP = 27.000000 and TNOM = 27.000000

Using SPARSE 1.3 as Direct Linear Solver

No. of Data Rows : 151

No. of Data Rows : 1
E5 ldr=curvab pos=12 mode=3db att=mid rsrc=430
onu = 2.183278e+00
Doing analysis at TEMP = 27.000000 and TNOM = 27.000000

Using SPARSE 1.3 as Direct Linear Solver

No. of Data Rows : 151

No. of Data Rows : 1
E5 ldr=curvab pos=12 mode=10db att=max rsrc=1.5
onu = 3.856186e+00
Doing analysis at TEMP = 27.000000 and TNOM = 27.000000

Using SPARSE 1.3 as Direct Linear Solver

No. of Data Rows : 151

No. of Data Rows : 1
E5 ldr=curvab pos=12 mode=10db att=max rsrc=430
onu = 3.867779e+00
Doing analysis at TEMP = 27.000000 and TNOM = 27.000000

Using SPARSE 1.3 as Direct Linear Solver

No. of Data Rows : 151

No. of Data Rows : 1
E5 ldr=curvab pos=12 mode=10db att=mid rsrc=1.5
onu = 4.628544e+00
Doing analysis at TEMP = 27.000000 and TNOM = 27.000000

Using SPARSE 1.3 as Direct Linear Solver

No. of Data Rows : 151

No. of Data Rows : 1
E5 ldr=curvab pos=12 mode=10db att=mid rsrc=430
onu = 4.630951e+00
Doing analysis at TEMP = 27.000000 and TNOM = 27.000000

Using SPARSE 1.3 as Direct Linear Solver

No. of Data Rows : 151

No. of Data Rows : 1
E5 ldr=curvad pos=0 mode=0db att=max rsrc=1.5
onu = 1.817645e+00
Doing analysis at TEMP = 27.000000 and TNOM = 27.000000

Using SPARSE 1.3 as Direct Linear Solver

No. of Data Rows : 151

No. of Data Rows : 1
E5 ldr=curvad pos=0 mode=0db att=max rsrc=430
onu = 1.856184e+00
Doing analysis at TEMP = 27.000000 and TNOM = 27.000000

Using SPARSE 1.3 as Direct Linear Solver

No. of Data Rows : 151

No. of Data Rows : 1
E5 ldr=curvad pos=0 mode=0db att=mid rsrc=1.5
onu = 1.696711e+00
Doing analysis at TEMP = 27.000000 and TNOM = 27.000000

Using SPARSE 1.3 as Direct Linear Solver

No. of Data Rows : 151

No. of Data Rows : 1
E5 ldr=curvad pos=0 mode=0db att=mid rsrc=430
onu = 1.707059e+00
Doing analysis at TEMP = 27.000000 and TNOM = 27.000000

Using SPARSE 1.3 as Direct Linear Solver

No. of Data Rows : 151

No. of Data Rows : 1
E5 ldr=curvad pos=0 mode=3db att=max rsrc=1.5
onu = 2.518734e+00
Doing analysis at TEMP = 27.000000 and TNOM = 27.000000

Using SPARSE 1.3 as Direct Linear Solver

No. of Data Rows : 151

No. of Data Rows : 1
E5 ldr=curvad pos=0 mode=3db att=max rsrc=430
onu = 2.574713e+00
Doing analysis at TEMP = 27.000000 and TNOM = 27.000000

Using SPARSE 1.3 as Direct Linear Solver

No. of Data Rows : 151

No. of Data Rows : 1
E5 ldr=curvad pos=0 mode=3db att=mid rsrc=1.5
onu = 2.342595e+00
Doing analysis at TEMP = 27.000000 and TNOM = 27.000000

Using SPARSE 1.3 as Direct Linear Solver

No. of Data Rows : 151

No. of Data Rows : 1
E5 ldr=curvad pos=0 mode=3db att=mid rsrc=430
onu = 2.357685e+00
Doing analysis at TEMP = 27.000000 and TNOM = 27.000000

Using SPARSE 1.3 as Direct Linear Solver

No. of Data Rows : 151

No. of Data Rows : 1
E5 ldr=curvad pos=0 mode=10db att=max rsrc=1.5
onu = 5.403060e+00
Doing analysis at TEMP = 27.000000 and TNOM = 27.000000

Using SPARSE 1.3 as Direct Linear Solver

No. of Data Rows : 151

No. of Data Rows : 1
E5 ldr=curvad pos=0 mode=10db att=max rsrc=430
onu = 5.531048e+00
Doing analysis at TEMP = 27.000000 and TNOM = 27.000000

Using SPARSE 1.3 as Direct Linear Solver

No. of Data Rows : 151

No. of Data Rows : 1
E5 ldr=curvad pos=0 mode=10db att=mid rsrc=1.5
onu = 4.998606e+00
Doing analysis at TEMP = 27.000000 and TNOM = 27.000000

Using SPARSE 1.3 as Direct Linear Solver
 Reference value :  2.00000e+01
No. of Data Rows : 151

No. of Data Rows : 1
E5 ldr=curvad pos=0 mode=10db att=mid rsrc=430
onu = 5.033307e+00
Doing analysis at TEMP = 27.000000 and TNOM = 27.000000

Using SPARSE 1.3 as Direct Linear Solver

No. of Data Rows : 151

No. of Data Rows : 1
E5 ldr=curvad pos=6 mode=0db att=max rsrc=1.5
onu = 1.482513e+00
Doing analysis at TEMP = 27.000000 and TNOM = 27.000000

Using SPARSE 1.3 as Direct Linear Solver

No. of Data Rows : 151

No. of Data Rows : 1
E5 ldr=curvad pos=6 mode=0db att=max rsrc=430
onu = 1.494452e+00
Doing analysis at TEMP = 27.000000 and TNOM = 27.000000

Using SPARSE 1.3 as Direct Linear Solver

No. of Data Rows : 151

No. of Data Rows : 1
E5 ldr=curvad pos=6 mode=0db att=mid rsrc=1.5
onu = 1.613626e+00
Doing analysis at TEMP = 27.000000 and TNOM = 27.000000

Using SPARSE 1.3 as Direct Linear Solver

No. of Data Rows : 151

No. of Data Rows : 1
E5 ldr=curvad pos=6 mode=0db att=mid rsrc=430
onu = 1.616365e+00
Doing analysis at TEMP = 27.000000 and TNOM = 27.000000

Using SPARSE 1.3 as Direct Linear Solver

No. of Data Rows : 151

No. of Data Rows : 1
E5 ldr=curvad pos=6 mode=3db att=max rsrc=1.5
onu = 2.028885e+00
Doing analysis at TEMP = 27.000000 and TNOM = 27.000000

Using SPARSE 1.3 as Direct Linear Solver

No. of Data Rows : 151

No. of Data Rows : 1
E5 ldr=curvad pos=6 mode=3db att=max rsrc=430
onu = 2.046447e+00
Doing analysis at TEMP = 27.000000 and TNOM = 27.000000

Using SPARSE 1.3 as Direct Linear Solver

No. of Data Rows : 151

No. of Data Rows : 1
E5 ldr=curvad pos=6 mode=3db att=mid rsrc=1.5
onu = 2.221210e+00
Doing analysis at TEMP = 27.000000 and TNOM = 27.000000

Using SPARSE 1.3 as Direct Linear Solver

No. of Data Rows : 151

No. of Data Rows : 1
E5 ldr=curvad pos=6 mode=3db att=mid rsrc=430
onu = 2.225217e+00
Doing analysis at TEMP = 27.000000 and TNOM = 27.000000

Using SPARSE 1.3 as Direct Linear Solver

No. of Data Rows : 151

No. of Data Rows : 1
E5 ldr=curvad pos=6 mode=10db att=max rsrc=1.5
onu = 4.272595e+00
Doing analysis at TEMP = 27.000000 and TNOM = 27.000000

Using SPARSE 1.3 as Direct Linear Solver

No. of Data Rows : 151

No. of Data Rows : 1
E5 ldr=curvad pos=6 mode=10db att=max rsrc=430
onu = 4.313509e+00
Doing analysis at TEMP = 27.000000 and TNOM = 27.000000

Using SPARSE 1.3 as Direct Linear Solver

No. of Data Rows : 151

No. of Data Rows : 1
E5 ldr=curvad pos=6 mode=10db att=mid rsrc=1.5
onu = 4.718684e+00
Doing analysis at TEMP = 27.000000 and TNOM = 27.000000

Using SPARSE 1.3 as Direct Linear Solver

No. of Data Rows : 151

No. of Data Rows : 1
E5 ldr=curvad pos=6 mode=10db att=mid rsrc=430
onu = 4.727940e+00
Doing analysis at TEMP = 27.000000 and TNOM = 27.000000

Using SPARSE 1.3 as Direct Linear Solver

No. of Data Rows : 151

No. of Data Rows : 1
E5 ldr=curvad pos=12 mode=0db att=max rsrc=1.5
onu = 1.362414e+00
Doing analysis at TEMP = 27.000000 and TNOM = 27.000000

Using SPARSE 1.3 as Direct Linear Solver

No. of Data Rows : 151

No. of Data Rows : 1
E5 ldr=curvad pos=12 mode=0db att=max rsrc=430
onu = 1.365734e+00
Doing analysis at TEMP = 27.000000 and TNOM = 27.000000

Using SPARSE 1.3 as Direct Linear Solver

No. of Data Rows : 151

No. of Data Rows : 1
E5 ldr=curvad pos=12 mode=0db att=mid rsrc=1.5
onu = 1.587054e+00
Doing analysis at TEMP = 27.000000 and TNOM = 27.000000

Using SPARSE 1.3 as Direct Linear Solver

No. of Data Rows : 151

No. of Data Rows : 1
E5 ldr=curvad pos=12 mode=0db att=mid rsrc=430
onu = 1.587764e+00
Doing analysis at TEMP = 27.000000 and TNOM = 27.000000

Using SPARSE 1.3 as Direct Linear Solver

No. of Data Rows : 151

No. of Data Rows : 1
E5 ldr=curvad pos=12 mode=3db att=max rsrc=1.5
onu = 1.851542e+00
Doing analysis at TEMP = 27.000000 and TNOM = 27.000000

Using SPARSE 1.3 as Direct Linear Solver

No. of Data Rows : 151

No. of Data Rows : 1
E5 ldr=curvad pos=12 mode=3db att=max rsrc=430
onu = 1.856462e+00
Doing analysis at TEMP = 27.000000 and TNOM = 27.000000

Using SPARSE 1.3 as Direct Linear Solver

No. of Data Rows : 151

No. of Data Rows : 1
E5 ldr=curvad pos=12 mode=3db att=mid rsrc=1.5
onu = 2.182310e+00
Doing analysis at TEMP = 27.000000 and TNOM = 27.000000

Using SPARSE 1.3 as Direct Linear Solver

No. of Data Rows : 151

No. of Data Rows : 1
E5 ldr=curvad pos=12 mode=3db att=mid rsrc=430
onu = 2.183350e+00
Doing analysis at TEMP = 27.000000 and TNOM = 27.000000

Using SPARSE 1.3 as Direct Linear Solver

No. of Data Rows : 151

No. of Data Rows : 1
E5 ldr=curvad pos=12 mode=10db att=max rsrc=1.5
onu = 3.856991e+00
Doing analysis at TEMP = 27.000000 and TNOM = 27.000000

Using SPARSE 1.3 as Direct Linear Solver

No. of Data Rows : 151

No. of Data Rows : 1
E5 ldr=curvad pos=12 mode=10db att=max rsrc=430
onu = 3.868581e+00
Doing analysis at TEMP = 27.000000 and TNOM = 27.000000

Using SPARSE 1.3 as Direct Linear Solver

No. of Data Rows : 151

No. of Data Rows : 1
E5 ldr=curvad pos=12 mode=10db att=mid rsrc=1.5
onu = 4.628711e+00
Doing analysis at TEMP = 27.000000 and TNOM = 27.000000

Using SPARSE 1.3 as Direct Linear Solver

No. of Data Rows : 151

No. of Data Rows : 1
E5 ldr=curvad pos=12 mode=10db att=mid rsrc=430
onu = 4.631117e+00
Doing analysis at TEMP = 27.000000 and TNOM = 27.000000

Using SPARSE 1.3 as Direct Linear Solver

No. of Data Rows : 2000
hmax                =  9.41831e-08 at=  2.00000e+04
CIO lato=serie_lato_sorgente mode=0db
hmax = 9.418311e-08
hintv = 7.689914e-06
eamax = 1.300405e+08
Doing analysis at TEMP = 27.000000 and TNOM = 27.000000

Using SPARSE 1.3 as Direct Linear Solver

No. of Data Rows : 2000
hmax                =  2.94740e-07 at=  2.00000e+04
CIO lato=serie_lato_sorgente mode=10db
hmax = 2.947396e-07
hintv = 2.413161e-05
eamax = 4.143943e+07
Doing analysis at TEMP = 27.000000 and TNOM = 27.000000

Using SPARSE 1.3 as Direct Linear Solver

No. of Data Rows : 2000
hmax                =  5.63980e-06 at=  2.00000e+04
CIO lato=nodo_ain mode=0db
hmax = 5.639804e-06
hintv = 4.604818e-04
eamax = 2.171639e+06
Doing analysis at TEMP = 27.000000 and TNOM = 27.000000

Using SPARSE 1.3 as Direct Linear Solver

No. of Data Rows : 2000
hmax                =  1.76494e-05 at=  2.00000e+04
CIO lato=nodo_ain mode=10db
hmax = 1.764938e-05
hintv = 1.445031e-03
eamax = 6.920266e+05
Note: Simulation executed from .control section 
