warning, model type mismatch in line
    q121a nmiri nmiri nme1 ls350
warning, model type mismatch in line
    q121b nhi nmiri nme2 ls350

Note: No compatibility mode selected!


Circuit: thd_1k - l46b: thd a 1000 hz, blocco b nei tre modi, livelli lo/hi; variante sv_r4p7_c2200u

Warning: Model issue on line 122 :
  .model lsk489a njf(beta=2.2m betatce=-.5 rd=11 rs=30 lambda=4.3m vto=-1. ...
unrecognized parameter (isr) - ignored
unrecognized parameter (alpha) - ignored
unrecognized parameter (vk) - ignored
unrecognized parameter (mj) - ignored

Doing analysis at TEMP = 27.000000 and TNOM = 27.000000

Using SPARSE 1.3 as Direct Linear Solver

Initial Transient Solution
--------------------------

Node                                   Voltage
----                                   -------
nref                                  -13.6718
vminus                                     -15
ncasc                                  9.86861
nx                                    0.999195
nhi                                    13.6516
out                                 -0.0261213
fb                                  -0.0261212
vplus                                       15
nrefm                                 -14.3359
d1n                                    9.18068
g1                                 2.40973e-08
s1                                   0.0603021
d2n                                    9.18156
g2                                  -0.0261212
s2                                   0.0528533
src                                  -0.168694
nte                                   -14.3772
nmiri                                  13.7406
nme1                                   14.4469
nme2                                   14.4466
nve                                    14.3241
ny                                    -1.02195
nvle                                   -14.401
nbb                                  -0.294351
nbn                                   0.997197
nen                                   0.429208
nbp                                   -1.02106
nep                                   -0.48145
in                                 2.31682e-08
nvpf                                   14.9287
rg                                  -0.0261212
rg10                                -0.0261212
ncfe                                         0
vsn                                          0
outa                                -0.0261213
jack                                         0
vs#branch                          9.26729e-12
vmm#branch                           0.0377229
vpp#branch                          -0.0367021


No. of Data Rows : 10060
L46A_CASO modo=0 livello=lo freq=1000 ampin=0.282843
Fourier analysis for v(vsn):
  No. Harmonics: 10, THD: 2.37317e-10 %, Gridsize: 8192, Interpolation Degree: 1, No. Periods: 1

Harmonic Frequency       Magnitude       Phase           Norm. Mag       Norm. Phase    
-------- ---------       ---------       -----           ---------       -----------    
 0       0               -6.80006182e-14 0               0               0              
 1       1000            0.2828428511    -2.84577993e-11 1               0              
 2       2000            1.374259249e-13 -89.2622942     4.858737788e-13 -89.2622942    
 3       3000            4.195429568e-13 -30.8869954     1.483307622e-12 -30.8869954    
 4       4000            1.375023173e-13 -88.8184078     4.861438666e-13 -88.8184078    
 5       5000            3.615104476e-13 -171.796606     1.278131818e-12 -171.796606    
 6       6000            1.371158173e-13 -89.276618      4.847773833e-13 -89.276618     
 7       7000            1.424569712e-13 -140.76339      5.036612048e-13 -140.76339     
 8       8000            1.36324106e-13  -89.2355442     4.819782627e-13 -89.2355442    
 9       9000            2.199505561e-13 -57.6374058     7.776422675e-13 -57.6374058    

Fourier analysis for v(out):
  No. Harmonics: 10, THD: 2.6338e-05 %, Gridsize: 8192, Interpolation Degree: 1, No. Periods: 1

Harmonic Frequency       Magnitude       Phase           Norm. Mag       Norm. Phase    
-------- ---------       ---------       -----           ---------       -----------    
 0       0               -0.0261213532   0               0               0              
 1       1000            0.2820968243    -0.0453501779   1               0              
 2       2000            7.429778309e-08 167.2758401     2.633768858e-07 167.3211902    
 3       3000            3.279298443e-10 61.33729733     1.162472655e-09 61.38264751    
 4       4000            4.734649714e-11 179.8583307     1.67837753e-10  179.9036809    
 5       5000            3.993458187e-11 -179.49476      1.415633869e-10 -179.44941     
 6       6000            3.303668184e-11 -179.495808     1.171111441e-10 -179.450458    
 7       7000            2.825236797e-11 -179.621689     1.001513152e-10 -179.576339    
 8       8000            2.474979359e-11 -179.227609     8.773510177e-11 -179.182258    
 9       9000            2.190313879e-11 -178.688867     7.764404595e-11 -178.643517    

Doing analysis at TEMP = 27.000000 and TNOM = 27.000000

Using SPARSE 1.3 as Direct Linear Solver

Initial Transient Solution
--------------------------

Node                                   Voltage
----                                   -------
nref                                  -13.6718
vminus                                     -15
ncasc                                  9.86861
nx                                    0.999195
nhi                                    13.6516
out                                 -0.0261213
fb                                  -0.0261212
vplus                                       15
nrefm                                 -14.3359
d1n                                    9.18068
g1                                 2.40973e-08
s1                                   0.0603021
d2n                                    9.18156
g2                                  -0.0261212
s2                                   0.0528533
src                                  -0.168694
nte                                   -14.3772
nmiri                                  13.7406
nme1                                   14.4469
nme2                                   14.4466
nve                                    14.3241
ny                                    -1.02195
nvle                                   -14.401
nbb                                  -0.294351
nbn                                   0.997197
nen                                   0.429208
nbp                                   -1.02106
nep                                   -0.48145
in                                 2.31682e-08
nvpf                                   14.9287
rg                                  -0.0261212
rg10                                -0.0261212
ncfe                                         0
vsn                                          0
outa                                -0.0261213
jack                                         0
vs#branch                          9.26729e-12
vmm#branch                           0.0377229
vpp#branch                          -0.0367021


No. of Data Rows : 10083
L46A_CASO modo=0 livello=hi freq=1000 ampin=2.82843
Fourier analysis for v(vsn):
  No. Harmonics: 10, THD: 2.27917e-10 %, Gridsize: 8192, Interpolation Degree: 1, No. Periods: 1

Harmonic Frequency       Magnitude       Phase           Norm. Mag       Norm. Phase    
-------- ---------       ---------       -----           ---------       -----------    
 0       0               -7.28269875e-13 0               0               0              
 1       1000            2.828428511     -2.91313722e-11 1               0              
 2       2000            1.383484979e-12 -90.319895      4.891355654e-13 -90.319895     
 3       3000            4.152377535e-12 -140.978438     1.468086437e-12 -140.978438    
 4       4000            1.433596511e-12 -87.6393908     5.068526586e-13 -87.6393908    
 5       5000            3.231517455e-12 -3.66013675     1.142513393e-12 -3.66013675    
 6       6000            1.420245634e-12 -91.6184829     5.021324134e-13 -91.6184829    
 7       7000            2.226611791e-12 -106.023379     7.872257625e-13 -106.023379    
 8       8000            1.418876568e-12 -87.5767049     5.016483755e-13 -87.5767049    
 9       9000            9.564754483e-13 -45.6618999     3.38164972e-13  -45.6618999    

Fourier analysis for v(out):
  No. Harmonics: 10, THD: 0.000264614 %, Gridsize: 8192, Interpolation Degree: 1, No. Periods: 1

Harmonic Frequency       Magnitude       Phase           Norm. Mag       Norm. Phase    
-------- ---------       ---------       -----           ---------       -----------    
 0       0               -0.0261228949   0               0               0              
 1       1000            2.820967542     -0.0453562535   1               0              
 2       2000            7.455300925e-06 167.5285628     2.642816982e-06 167.5739191    
 3       3000            3.731456991e-07 52.82535907     1.322757861e-07 52.87071533    
 4       4000            2.18448332e-08  18.45642052     7.743737874e-09 18.50177677    
 5       5000            3.236935732e-09 -110.019278     1.147455858e-09 -109.973922    
 6       6000            6.817398151e-10 -175.794955     2.41668791e-10  -175.749598    
 7       7000            3.152343109e-10 172.7223891     1.117468763e-10 172.7677453    
 8       8000            2.691661294e-10 -179.543167     9.541624474e-11 -179.497811    
 9       9000            2.432132728e-10 -179.429957     8.621626062e-11 -179.384601    

Doing analysis at TEMP = 27.000000 and TNOM = 27.000000

Using SPARSE 1.3 as Direct Linear Solver

Initial Transient Solution
--------------------------

Node                                   Voltage
----                                   -------
nref                                  -13.6718
vminus                                     -15
ncasc                                  9.86861
nx                                     0.98812
nhi                                    13.6517
out                                 -0.0370943
fb                                  -0.0261198
vplus                                       15
nrefm                                 -14.3359
d1n                                    9.18068
g1                                 2.40973e-08
s1                                   0.0603027
d2n                                    9.18156
g2                                  -0.0261198
s2                                   0.0528544
src                                  -0.168693
nte                                   -14.3772
nmiri                                  13.7407
nme1                                   14.4469
nme2                                   14.4466
nve                                    14.3241
ny                                    -1.03302
nvle                                   -14.401
nbb                                  -0.305424
nbn                                   0.986123
nen                                    0.41815
nbp                                   -1.03213
nep                                    -0.4925
in                                 2.31682e-08
nvpf                                   14.9287
rg                                -7.31627e-07
rg10                                -0.0261198
ncfe                                         0
vsn                                          0
outa                                -0.0370943
jack                                         0
vs#branch                          9.26729e-12
vmm#branch                           0.0377263
vpp#branch                          -0.0366982

 Reference value :  1.88828e-04
No. of Data Rows : 10014
L46A_CASO modo=3 livello=lo freq=1000 ampin=0.199185
Fourier analysis for v(vsn):
  No. Harmonics: 10, THD: 1.60903e-10 %, Gridsize: 8192, Interpolation Degree: 1, No. Periods: 1

Harmonic Frequency       Magnitude       Phase           Norm. Mag       Norm. Phase    
-------- ---------       ---------       -----           ---------       -----------    
 0       0               -4.39904189e-15 0               0               0              
 1       1000            0.1991848952    -1.82301811e-12 1               0              
 2       2000            6.216961289e-15 -97.2508173     3.121201175e-14 -97.2508173    
 3       3000            2.202982364e-13 16.35962383     1.105998706e-12 16.35962383    
 4       4000            9.27073043e-15  -95.3569397     4.654334066e-14 -95.3569397    
 5       5000            2.245697429e-13 -159.982542     1.127443639e-12 -159.982542    
 6       6000            6.426321822e-15 -86.7084902     3.226309815e-14 -86.7084902    
 7       7000            4.780276572e-14 -128.370652     2.399919215e-13 -128.370652    
 8       8000            5.811380509e-15 -104.526026     2.917580926e-14 -104.526026    
 9       9000            3.562736478e-14 33.36639064     1.788657958e-13 33.36639064    

Fourier analysis for v(out):
  No. Harmonics: 10, THD: 2.76776e-05 %, Gridsize: 8192, Interpolation Degree: 1, No. Periods: 1

Harmonic Frequency       Magnitude       Phase           Norm. Mag       Norm. Phase    
-------- ---------       ---------       -----           ---------       -----------    
 0       0               -0.0370943153   0               0               0              
 1       1000            0.2821101107    -0.134634245    1               0              
 2       2000            7.808007413e-08 165.5228305     2.767716263e-07 165.6574648    
 3       3000            4.141970974e-10 48.23788797     1.468210751e-09 48.37252222    
 4       4000            6.221537387e-11 179.5325715     2.20535782e-10  179.6672058    
 5       5000            5.14679717e-11  -179.516266     1.824393021e-10 -179.381632    
 6       6000            4.245898607e-11 -179.84036      1.505050137e-10 -179.705726    
 7       7000            3.650563381e-11 -179.570601     1.294020754e-10 -179.435966    
 8       8000            3.167105645e-11 -179.188798     1.122648755e-10 -179.054163    
 9       9000            2.828887621e-11 -179.623376     1.002760097e-10 -179.488742    

Doing analysis at TEMP = 27.000000 and TNOM = 27.000000

Using SPARSE 1.3 as Direct Linear Solver

Initial Transient Solution
--------------------------

Node                                   Voltage
----                                   -------
nref                                  -13.6718
vminus                                     -15
ncasc                                  9.86861
nx                                     0.98812
nhi                                    13.6517
out                                 -0.0370943
fb                                  -0.0261198
vplus                                       15
nrefm                                 -14.3359
d1n                                    9.18068
g1                                 2.40973e-08
s1                                   0.0603027
d2n                                    9.18156
g2                                  -0.0261198
s2                                   0.0528544
src                                  -0.168693
nte                                   -14.3772
nmiri                                  13.7407
nme1                                   14.4469
nme2                                   14.4466
nve                                    14.3241
ny                                    -1.03302
nvle                                   -14.401
nbb                                  -0.305424
nbn                                   0.986123
nen                                    0.41815
nbp                                   -1.03213
nep                                    -0.4925
in                                 2.31682e-08
nvpf                                   14.9287
rg                                -7.31627e-07
rg10                                -0.0261198
ncfe                                         0
vsn                                          0
outa                                -0.0370943
jack                                         0
vs#branch                          9.26729e-12
vmm#branch                           0.0377263
vpp#branch                          -0.0366982


No. of Data Rows : 10035
L46A_CASO modo=3 livello=hi freq=1000 ampin=1.99185
Fourier analysis for v(vsn):
  No. Harmonics: 10, THD: 2.01196e-10 %, Gridsize: 8192, Interpolation Degree: 1, No. Periods: 1

Harmonic Frequency       Magnitude       Phase           Norm. Mag       Norm. Phase    
-------- ---------       ---------       -----           ---------       -----------    
 0       0               -3.77381286e-13 0               0               0              
 1       1000            1.991848952     -2.21978135e-11 1               0              
 2       2000            7.863095762e-13 -91.0605379     3.94763657e-13  -91.0605379    
 3       3000            1.598552025e-12 63.87860045     8.025468117e-13 63.87860045    
 4       4000            7.631983839e-13 -88.3890391     3.83160773e-13  -88.3890391    
 5       5000            3.066391853e-12 -103.071694     1.539470074e-12 -103.071694    
 6       6000            7.917826637e-13 -89.6743648     3.975113992e-13 -89.6743648    
 7       7000            1.103545432e-12 -62.0728781     5.540306814e-13 -62.0728781    
 8       8000            7.484563968e-13 -86.704174      3.757596158e-13 -86.704174     
 9       9000            7.045982281e-13 -132.239616     3.537407932e-13 -132.239616    

Fourier analysis for v(out):
  No. Harmonics: 10, THD: 0.000277558 %, Gridsize: 8192, Interpolation Degree: 1, No. Periods: 1

Harmonic Frequency       Magnitude       Phase           Norm. Mag       Norm. Phase    
-------- ---------       ---------       -----           ---------       -----------    
 0       0               -0.0370960926   0               0               0              
 1       1000            2.821099986     -0.134640823    1               0              
 2       2000            7.81525166e-06  165.8538605     2.770285243e-06 165.9885014    
 3       3000            4.832870066e-07 40.86855293     1.713115483e-07 41.00319376    
 4       4000            1.802334318e-08 35.25166832     6.388764407e-09 35.38630914    
 5       5000            2.847183547e-09 -128.831003     1.009245883e-09 -128.696362    
 6       6000            6.10178392e-10  -173.965652     2.162909486e-10 -173.831011    
 7       7000            3.953134587e-10 177.8542985     1.401274186e-10 177.9889393    
 8       8000            3.489182252e-10 -179.498352     1.236816231e-10 -179.363712    
 9       9000            3.124912134e-10 -179.430534     1.107692797e-10 -179.295893    

Doing analysis at TEMP = 27.000000 and TNOM = 27.000000

Using SPARSE 1.3 as Direct Linear Solver

Initial Transient Solution
--------------------------

Node                                   Voltage
----                                   -------
nref                                  -13.6718
vminus                                     -15
ncasc                                  9.86861
nx                                    0.942482
nhi                                    13.6517
out                                 -0.0823129
fb                                   -0.026114
vplus                                       15
nrefm                                 -14.3359
d1n                                    9.18068
g1                                 2.40973e-08
s1                                   0.0603055
d2n                                    9.18156
g2                                   -0.026114
s2                                   0.0528588
src                                  -0.168689
nte                                   -14.3772
nmiri                                  13.7407
nme1                                   14.4469
nme2                                   14.4466
nve                                    14.3242
ny                                    -1.07865
nvle                                   -14.401
nbb                                  -0.351055
nbn                                   0.940489
nen                                   0.372584
nbp                                   -1.07776
nep                                  -0.538034
in                                 2.31682e-08
nvpf                                   14.9287
rg                                -7.31464e-07
rg10                              -3.01513e-06
ncfe                                         0
vsn                                          0
outa                                -0.0823129
jack                                         0
vs#branch                          9.26729e-12
vmm#branch                           0.0377402
vpp#branch                           -0.036682

 Reference value :  5.62588e-04
No. of Data Rows : 10009
L46A_CASO modo=10 livello=lo freq=1000 ampin=0.0897344
Fourier analysis for v(vsn):
  No. Harmonics: 10, THD: 2.13702e-10 %, Gridsize: 8192, Interpolation Degree: 1, No. Periods: 1

Harmonic Frequency       Magnitude       Phase           Norm. Mag       Norm. Phase    
-------- ---------       ---------       -----           ---------       -----------    
 0       0               -1.82986764e-14 0               0               0              
 1       1000            0.08973435277   -2.23293532e-11 1               0              
 2       2000            3.324800571e-14 -90.0966301     3.705159138e-13 -90.0966301    
 3       3000            1.069885925e-13 -0.0163045694   1.19228132e-12  -0.0163045694  
 4       4000            3.388867516e-14 -89.9198954     3.776555368e-13 -89.9198954    
 5       5000            1.266174708e-13 -146.810656     1.411025621e-12 -146.810656    
 6       6000            3.563528783e-14 -88.0736052     3.971197956e-13 -88.0736052    
 7       7000            6.105522087e-14 -113.320561     6.80399635e-13  -113.320561    
 8       8000            3.451179928e-14 -89.4411642     3.845996345e-13 -89.4411642    
 9       9000            2.91926323e-14  -25.7869633     3.253228156e-13 -25.7869633    

Fourier analysis for v(out):
  No. Harmonics: 10, THD: 3.17152e-05 %, Gridsize: 8192, Interpolation Degree: 1, No. Periods: 1

Harmonic Frequency       Magnitude       Phase           Norm. Mag       Norm. Phase    
-------- ---------       ---------       -----           ---------       -----------    
 0       0               -0.0823129161   0               0               0              
 1       1000            0.2820170246    -0.316297861    1               0              
 2       2000            8.943748621e-08 157.843593      3.171350607e-07 158.1598909    
 3       3000            9.12675219e-10  32.48507716     3.236241572e-09 32.80137502    
 4       4000            1.203823228e-10 179.4991199     4.268618994e-10 179.8154178    
 5       5000            9.817691902e-11 -179.347394     3.481240863e-10 -179.031097    
 6       6000            8.242304378e-11 -179.348377     2.922626529e-10 -179.032079    
 7       7000            7.034217702e-11 -179.470223     2.49425286e-10  -179.153926    
 8       8000            6.130867039e-11 -178.996953     2.173935083e-10 -178.680655    
 9       9000            5.428172452e-11 -179.422362     1.924767648e-10 -179.106064    

Doing analysis at TEMP = 27.000000 and TNOM = 27.000000

Using SPARSE 1.3 as Direct Linear Solver

Initial Transient Solution
--------------------------

Node                                   Voltage
----                                   -------
nref                                  -13.6718
vminus                                     -15
ncasc                                  9.86861
nx                                    0.942482
nhi                                    13.6517
out                                 -0.0823129
fb                                   -0.026114
vplus                                       15
nrefm                                 -14.3359
d1n                                    9.18068
g1                                 2.40973e-08
s1                                   0.0603055
d2n                                    9.18156
g2                                   -0.026114
s2                                   0.0528588
src                                  -0.168689
nte                                   -14.3772
nmiri                                  13.7407
nme1                                   14.4469
nme2                                   14.4466
nve                                    14.3242
ny                                    -1.07865
nvle                                   -14.401
nbb                                  -0.351055
nbn                                   0.940489
nen                                   0.372584
nbp                                   -1.07776
nep                                  -0.538034
in                                 2.31682e-08
nvpf                                   14.9287
rg                                -7.31464e-07
rg10                              -3.01513e-06
ncfe                                         0
vsn                                          0
outa                                -0.0823129
jack                                         0
vs#branch                          9.26729e-12
vmm#branch                           0.0377402
vpp#branch                           -0.036682


No. of Data Rows : 10020
L46A_CASO modo=10 livello=hi freq=1000 ampin=0.897344
Fourier analysis for v(vsn):
  No. Harmonics: 10, THD: 2.13018e-10 %, Gridsize: 8192, Interpolation Degree: 1, No. Periods: 1

Harmonic Frequency       Magnitude       Phase           Norm. Mag       Norm. Phase    
-------- ---------       ---------       -----           ---------       -----------    
 0       0               -2.05727362e-13 0               0               0              
 1       1000            0.8973435277    -2.64377299e-11 1               0              
 2       2000            4.182432983e-13 -89.1017542     4.660905053e-13 -89.1017542    
 3       3000            1.025810733e-12 -10.9645224     1.143163907e-12 -10.9645224    
 4       4000            4.296006128e-13 -89.6853165     4.787471013e-13 -89.6853165    
 5       5000            1.193789434e-12 -146.381338     1.330359441e-12 -146.381338    
 6       6000            4.234309033e-13 -88.0859048     4.718715746e-13 -88.0859048    
 7       7000            5.146577894e-13 -114.150401     5.735348543e-13 -114.150401    
 8       8000            4.228134241e-13 -89.6757721     4.711834555e-13 -89.6757721    
 9       9000            4.40447907e-13  -59.609237      4.908353306e-13 -59.609237     

Fourier analysis for v(out):
  No. Harmonics: 10, THD: 0.000318337 %, Gridsize: 8192, Interpolation Degree: 1, No. Periods: 1

Harmonic Frequency       Magnitude       Phase           Norm. Mag       Norm. Phase    
-------- ---------       ---------       -----           ---------       -----------    
 0       0               -0.0823158489   0               0               0              
 1       1000            2.820167368     -0.316308679    1               0              
 2       2000            8.913315953e-06 158.5228791     3.160562758e-06 158.8391878    
 3       3000            1.072195912e-06 27.90172475     3.801887518e-07 28.21803343    
 4       4000            3.132657003e-08 58.47330697     1.110805351e-08 58.78961565    
 5       5000            5.634647576e-09 -141.761871     1.997983397e-09 -141.445563    
 6       6000            1.08355015e-09  -171.403167     3.842148386e-10 -171.086858    
 7       7000            7.575454071e-10 178.3653852     2.686171806e-10 178.6816939    
 8       8000            6.731960508e-10 -179.459951     2.387078365e-10 -179.143643    
 9       9000            5.990556822e-10 -179.29715      2.124184859e-10 -178.980841    

Note: Simulation executed from .control section 
