warning, model type mismatch in line
    q121a nmiri nmiri nme1 ls350
warning, model type mismatch in line
    q121b nhi nmiri nme2 ls350

Note: No compatibility mode selected!


Circuit: tb_loop_bufferfissa.cir - l46a esplorazione, variante drv_cm680p (blocco da inc/drv_cm680p.inc)

Warning: Model issue on line 122 :
  .model lsk489a njf(beta=2.2m betatce=-.5 rd=11 rs=30 lambda=4.3m vto=-1. ...
unrecognized parameter (isr) - ignored
unrecognized parameter (alpha) - ignored
unrecognized parameter (vk) - ignored
unrecognized parameter (mj) - ignored

Note: Starting dynamic gmin stepping
Note: Dynamic gmin stepping completed
Doing analysis at TEMP = 27.000000 and TNOM = 27.000000

Using SPARSE 1.3 as Direct Linear Solver

No. of Data Rows : 801
fcross              =  6.74323e+05
Note: Starting dynamic gmin stepping
Note: Dynamic gmin stepping completed
pmarg               =  7.21691e+01
tdc                 =  8.47778e+01
BUFFER FISSA  RLD=10k  pos=1  C=1f
fcross = 6.743231e+05
pmarg = 7.216914e+01
tdc = 8.477776e+01
Doing analysis at TEMP = 27.000000 and TNOM = 27.000000

Using SPARSE 1.3 as Direct Linear Solver

No. of Data Rows : 801
fcross              =  6.74382e+05
Note: Starting dynamic gmin stepping
Note: Dynamic gmin stepping completed
pmarg               =  7.20329e+01
tdc                 =  8.47778e+01
BUFFER FISSA  RLD=10k  pos=1  C=47p
fcross = 6.743817e+05
pmarg = 7.203287e+01
tdc = 8.477776e+01
Doing analysis at TEMP = 27.000000 and TNOM = 27.000000

Using SPARSE 1.3 as Direct Linear Solver

No. of Data Rows : 801
fcross              =  6.74405e+05
Note: Starting dynamic gmin stepping
Note: Dynamic gmin stepping completed
pmarg               =  7.18802e+01
tdc                 =  8.47778e+01
BUFFER FISSA  RLD=10k  pos=1  C=100p
fcross = 6.744054e+05
pmarg = 7.188020e+01
tdc = 8.477776e+01
Doing analysis at TEMP = 27.000000 and TNOM = 27.000000

Using SPARSE 1.3 as Direct Linear Solver

No. of Data Rows : 801
fcross              =  6.74293e+05
Note: Starting dynamic gmin stepping
Note: Dynamic gmin stepping completed
pmarg               =  7.15393e+01
tdc                 =  8.47778e+01
BUFFER FISSA  RLD=10k  pos=1  C=220p
fcross = 6.742927e+05
pmarg = 7.153929e+01
tdc = 8.477776e+01
Doing analysis at TEMP = 27.000000 and TNOM = 27.000000

Using SPARSE 1.3 as Direct Linear Solver

No. of Data Rows : 801
fcross              =  6.73329e+05
Note: Starting dynamic gmin stepping
Note: Dynamic gmin stepping completed
pmarg               =  7.08567e+01
tdc                 =  8.47778e+01
BUFFER FISSA  RLD=10k  pos=1  C=470p
fcross = 6.733293e+05
pmarg = 7.085668e+01
tdc = 8.477776e+01
Doing analysis at TEMP = 27.000000 and TNOM = 27.000000

Using SPARSE 1.3 as Direct Linear Solver

No. of Data Rows : 801
fcross              =  6.68330e+05
Note: Starting dynamic gmin stepping
Note: Dynamic gmin stepping completed
pmarg               =  6.95830e+01
tdc                 =  8.47778e+01
BUFFER FISSA  RLD=10k  pos=1  C=1n
fcross = 6.683298e+05
pmarg = 6.958303e+01
tdc = 8.477776e+01
Doing analysis at TEMP = 27.000000 and TNOM = 27.000000

Using SPARSE 1.3 as Direct Linear Solver

No. of Data Rows : 801
fcross              =  6.60780e+05
Note: Starting dynamic gmin stepping
Note: Dynamic gmin stepping completed
pmarg               =  6.86481e+01
tdc                 =  8.47778e+01
BUFFER FISSA  RLD=10k  pos=1  C=1.5n
fcross = 6.607799e+05
pmarg = 6.864811e+01
tdc = 8.477776e+01
Doing analysis at TEMP = 27.000000 and TNOM = 27.000000

Using SPARSE 1.3 as Direct Linear Solver

No. of Data Rows : 801
fcross              =  6.48014e+05
Note: Starting dynamic gmin stepping
Note: Dynamic gmin stepping completed
pmarg               =  6.77706e+01
tdc                 =  8.47778e+01
BUFFER FISSA  RLD=10k  pos=1  C=2.2n
fcross = 6.480144e+05
pmarg = 6.777057e+01
tdc = 8.477776e+01
Doing analysis at TEMP = 27.000000 and TNOM = 27.000000

Using SPARSE 1.3 as Direct Linear Solver

No. of Data Rows : 801
fcross              =  6.38496e+05
Note: Starting dynamic gmin stepping
Note: Dynamic gmin stepping completed
pmarg               =  6.74058e+01
tdc                 =  8.47778e+01
BUFFER FISSA  RLD=10k  pos=1  C=2.7n
fcross = 6.384962e+05
pmarg = 6.740582e+01
tdc = 8.477777e+01
Doing analysis at TEMP = 27.000000 and TNOM = 27.000000

Using SPARSE 1.3 as Direct Linear Solver

No. of Data Rows : 801
fcross              =  6.27460e+05
Note: Starting dynamic gmin stepping
Note: Dynamic gmin stepping completed
pmarg               =  6.71863e+01
tdc                 =  8.47778e+01
BUFFER FISSA  RLD=10k  pos=1  C=3.3n
fcross = 6.274601e+05
pmarg = 6.718635e+01
tdc = 8.477777e+01
Doing analysis at TEMP = 27.000000 and TNOM = 27.000000

Using SPARSE 1.3 as Direct Linear Solver

No. of Data Rows : 801
fcross              =  6.05421e+05
Note: Starting dynamic gmin stepping
Note: Dynamic gmin stepping completed
pmarg               =  6.72503e+01
tdc                 =  8.47778e+01
BUFFER FISSA  RLD=10k  pos=1  C=4.7n
fcross = 6.054210e+05
pmarg = 6.725031e+01
tdc = 8.477777e+01
Doing analysis at TEMP = 27.000000 and TNOM = 27.000000

Using SPARSE 1.3 as Direct Linear Solver

No. of Data Rows : 801
fcross              =  6.74323e+05
Note: Starting dynamic gmin stepping
Note: Dynamic gmin stepping completed
pmarg               =  7.21691e+01
tdc                 =  8.47778e+01
BUFFER FISSA  RLD=10k  pos=2  C=1f
fcross = 6.743231e+05
pmarg = 7.216914e+01
tdc = 8.477776e+01
Doing analysis at TEMP = 27.000000 and TNOM = 27.000000

Using SPARSE 1.3 as Direct Linear Solver

No. of Data Rows : 801
fcross              =  6.74398e+05
Note: Starting dynamic gmin stepping
Note: Dynamic gmin stepping completed
pmarg               =  7.20312e+01
tdc                 =  8.47778e+01
BUFFER FISSA  RLD=10k  pos=2  C=47p
fcross = 6.743982e+05
pmarg = 7.203119e+01
tdc = 8.477776e+01
Doing analysis at TEMP = 27.000000 and TNOM = 27.000000

Using SPARSE 1.3 as Direct Linear Solver

No. of Data Rows : 801
fcross              =  6.74478e+05
Note: Starting dynamic gmin stepping
Note: Dynamic gmin stepping completed
pmarg               =  7.18757e+01
tdc                 =  8.47778e+01
BUFFER FISSA  RLD=10k  pos=2  C=100p
fcross = 6.744781e+05
pmarg = 7.187568e+01
tdc = 8.477776e+01
Doing analysis at TEMP = 27.000000 and TNOM = 27.000000

Using SPARSE 1.3 as Direct Linear Solver

No. of Data Rows : 801
fcross              =  6.74640e+05
Note: Starting dynamic gmin stepping
Note: Dynamic gmin stepping completed
pmarg               =  7.15238e+01
tdc                 =  8.47778e+01
BUFFER FISSA  RLD=10k  pos=2  C=220p
fcross = 6.746402e+05
pmarg = 7.152381e+01
tdc = 8.477776e+01
Doing analysis at TEMP = 27.000000 and TNOM = 27.000000

Using SPARSE 1.3 as Direct Linear Solver

No. of Data Rows : 801
fcross              =  6.74894e+05
Note: Starting dynamic gmin stepping
Note: Dynamic gmin stepping completed
pmarg               =  7.07920e+01
tdc                 =  8.47778e+01
BUFFER FISSA  RLD=10k  pos=2  C=470p
fcross = 6.748940e+05
pmarg = 7.079203e+01
tdc = 8.477775e+01
Doing analysis at TEMP = 27.000000 and TNOM = 27.000000

Using SPARSE 1.3 as Direct Linear Solver

No. of Data Rows : 801
fcross              =  6.75054e+05
Note: Starting dynamic gmin stepping
Note: Dynamic gmin stepping completed
pmarg               =  6.92488e+01
tdc                 =  8.47778e+01
BUFFER FISSA  RLD=10k  pos=2  C=1n
fcross = 6.750540e+05
pmarg = 6.924879e+01
tdc = 8.477775e+01
Doing analysis at TEMP = 27.000000 and TNOM = 27.000000

Using SPARSE 1.3 as Direct Linear Solver

No. of Data Rows : 801
fcross              =  6.74733e+05
Note: Starting dynamic gmin stepping
Note: Dynamic gmin stepping completed
pmarg               =  6.78073e+01
tdc                 =  8.47778e+01
BUFFER FISSA  RLD=10k  pos=2  C=1.5n
fcross = 6.747326e+05
pmarg = 6.780733e+01
tdc = 8.477775e+01
Doing analysis at TEMP = 27.000000 and TNOM = 27.000000

Using SPARSE 1.3 as Direct Linear Solver

No. of Data Rows : 801
fcross              =  6.73520e+05
Note: Starting dynamic gmin stepping
Note: Dynamic gmin stepping completed
pmarg               =  6.58218e+01
tdc                 =  8.47778e+01
BUFFER FISSA  RLD=10k  pos=2  C=2.2n
fcross = 6.735204e+05
pmarg = 6.582183e+01
tdc = 8.477775e+01
Doing analysis at TEMP = 27.000000 and TNOM = 27.000000

Using SPARSE 1.3 as Direct Linear Solver

No. of Data Rows : 801
fcross              =  6.72123e+05
Note: Starting dynamic gmin stepping
Note: Dynamic gmin stepping completed
pmarg               =  6.44328e+01
tdc                 =  8.47778e+01
BUFFER FISSA  RLD=10k  pos=2  C=2.7n
fcross = 6.721235e+05
pmarg = 6.443280e+01
tdc = 8.477775e+01
Doing analysis at TEMP = 27.000000 and TNOM = 27.000000

Using SPARSE 1.3 as Direct Linear Solver

No. of Data Rows : 801
fcross              =  6.69888e+05
Note: Starting dynamic gmin stepping
Note: Dynamic gmin stepping completed
pmarg               =  6.28042e+01
tdc                 =  8.47778e+01
BUFFER FISSA  RLD=10k  pos=2  C=3.3n
fcross = 6.698878e+05
pmarg = 6.280420e+01
tdc = 8.477775e+01
Doing analysis at TEMP = 27.000000 and TNOM = 27.000000

Using SPARSE 1.3 as Direct Linear Solver

No. of Data Rows : 801
fcross              =  6.62503e+05
Note: Starting dynamic gmin stepping
Note: Dynamic gmin stepping completed
pmarg               =  5.91954e+01
tdc                 =  8.47778e+01
BUFFER FISSA  RLD=10k  pos=2  C=4.7n
fcross = 6.625033e+05
pmarg = 5.919541e+01
tdc = 8.477775e+01
Doing analysis at TEMP = 27.000000 and TNOM = 27.000000

Using SPARSE 1.3 as Direct Linear Solver

No. of Data Rows : 801
fcross              =  6.75004e+05
Note: Starting dynamic gmin stepping
Note: Dynamic gmin stepping completed
pmarg               =  7.21544e+01
tdc                 =  8.47870e+01
BUFFER FISSA  RLD=50k  pos=1  C=1f
fcross = 6.750043e+05
pmarg = 7.215439e+01
tdc = 8.478702e+01
Doing analysis at TEMP = 27.000000 and TNOM = 27.000000

Using SPARSE 1.3 as Direct Linear Solver

No. of Data Rows : 801
fcross              =  6.75064e+05
Note: Starting dynamic gmin stepping
Note: Dynamic gmin stepping completed
pmarg               =  7.20168e+01
tdc                 =  8.47870e+01
BUFFER FISSA  RLD=50k  pos=1  C=47p
fcross = 6.750636e+05
pmarg = 7.201682e+01
tdc = 8.478702e+01
Doing analysis at TEMP = 27.000000 and TNOM = 27.000000

Using SPARSE 1.3 as Direct Linear Solver

No. of Data Rows : 801
fcross              =  6.75087e+05
Note: Starting dynamic gmin stepping
Note: Dynamic gmin stepping completed
pmarg               =  7.18627e+01
tdc                 =  8.47870e+01
BUFFER FISSA  RLD=50k  pos=1  C=100p
fcross = 6.750874e+05
pmarg = 7.186271e+01
tdc = 8.478702e+01
Doing analysis at TEMP = 27.000000 and TNOM = 27.000000

Using SPARSE 1.3 as Direct Linear Solver

No. of Data Rows : 801
fcross              =  6.74972e+05
Note: Starting dynamic gmin stepping
Note: Dynamic gmin stepping completed
pmarg               =  7.15186e+01
tdc                 =  8.47870e+01
BUFFER FISSA  RLD=50k  pos=1  C=220p
fcross = 6.749723e+05
pmarg = 7.151859e+01
tdc = 8.478702e+01
Doing analysis at TEMP = 27.000000 and TNOM = 27.000000

Using SPARSE 1.3 as Direct Linear Solver

No. of Data Rows : 801
fcross              =  6.73993e+05
Note: Starting dynamic gmin stepping
Note: Dynamic gmin stepping completed
pmarg               =  7.08298e+01
tdc                 =  8.47870e+01
BUFFER FISSA  RLD=50k  pos=1  C=470p
fcross = 6.739934e+05
pmarg = 7.082979e+01
tdc = 8.478702e+01
Doing analysis at TEMP = 27.000000 and TNOM = 27.000000

Using SPARSE 1.3 as Direct Linear Solver

No. of Data Rows : 801
fcross              =  6.68921e+05
Note: Starting dynamic gmin stepping
Note: Dynamic gmin stepping completed
pmarg               =  6.95460e+01
tdc                 =  8.47870e+01
BUFFER FISSA  RLD=50k  pos=1  C=1n
fcross = 6.689213e+05
pmarg = 6.954599e+01
tdc = 8.478702e+01
Doing analysis at TEMP = 27.000000 and TNOM = 27.000000

Using SPARSE 1.3 as Direct Linear Solver

No. of Data Rows : 801
fcross              =  6.61273e+05
Note: Starting dynamic gmin stepping
Note: Dynamic gmin stepping completed
pmarg               =  6.86058e+01
tdc                 =  8.47870e+01
BUFFER FISSA  RLD=50k  pos=1  C=1.5n
fcross = 6.612732e+05
pmarg = 6.860582e+01
tdc = 8.478702e+01
Doing analysis at TEMP = 27.000000 and TNOM = 27.000000

Using SPARSE 1.3 as Direct Linear Solver
 Reference value :  1.00000e+00
No. of Data Rows : 801
fcross              =  6.48355e+05
Note: Starting dynamic gmin stepping
Note: Dynamic gmin stepping completed
pmarg               =  6.77270e+01
tdc                 =  8.47870e+01
BUFFER FISSA  RLD=50k  pos=1  C=2.2n
fcross = 6.483550e+05
pmarg = 6.772697e+01
tdc = 8.478702e+01
Doing analysis at TEMP = 27.000000 and TNOM = 27.000000

Using SPARSE 1.3 as Direct Linear Solver

No. of Data Rows : 801
fcross              =  6.38742e+05
Note: Starting dynamic gmin stepping
Note: Dynamic gmin stepping completed
pmarg               =  6.73639e+01
tdc                 =  8.47870e+01
BUFFER FISSA  RLD=50k  pos=1  C=2.7n
fcross = 6.387418e+05
pmarg = 6.736389e+01
tdc = 8.478702e+01
Doing analysis at TEMP = 27.000000 and TNOM = 27.000000

Using SPARSE 1.3 as Direct Linear Solver

No. of Data Rows : 801
fcross              =  6.27616e+05
Note: Starting dynamic gmin stepping
Note: Dynamic gmin stepping completed
pmarg               =  6.71477e+01
tdc                 =  8.47870e+01
BUFFER FISSA  RLD=50k  pos=1  C=3.3n
fcross = 6.276162e+05
pmarg = 6.714774e+01
tdc = 8.478702e+01
Doing analysis at TEMP = 27.000000 and TNOM = 27.000000

Using SPARSE 1.3 as Direct Linear Solver

No. of Data Rows : 801
fcross              =  6.05451e+05
Note: Starting dynamic gmin stepping
Note: Dynamic gmin stepping completed
pmarg               =  6.72208e+01
tdc                 =  8.47870e+01
BUFFER FISSA  RLD=50k  pos=1  C=4.7n
fcross = 6.054506e+05
pmarg = 6.722079e+01
tdc = 8.478702e+01
Doing analysis at TEMP = 27.000000 and TNOM = 27.000000

Using SPARSE 1.3 as Direct Linear Solver

No. of Data Rows : 801
fcross              =  6.75004e+05
Note: Starting dynamic gmin stepping
Note: Dynamic gmin stepping completed
pmarg               =  7.21544e+01
tdc                 =  8.47870e+01
BUFFER FISSA  RLD=50k  pos=2  C=1f
fcross = 6.750043e+05
pmarg = 7.215439e+01
tdc = 8.478702e+01
Doing analysis at TEMP = 27.000000 and TNOM = 27.000000

Using SPARSE 1.3 as Direct Linear Solver

No. of Data Rows : 801
fcross              =  6.75080e+05
Note: Starting dynamic gmin stepping
Note: Dynamic gmin stepping completed
pmarg               =  7.20162e+01
tdc                 =  8.47870e+01
BUFFER FISSA  RLD=50k  pos=2  C=47p
fcross = 6.750797e+05
pmarg = 7.201617e+01
tdc = 8.478702e+01
Doing analysis at TEMP = 27.000000 and TNOM = 27.000000

Using SPARSE 1.3 as Direct Linear Solver

No. of Data Rows : 801
fcross              =  6.75160e+05
Note: Starting dynamic gmin stepping
Note: Dynamic gmin stepping completed
pmarg               =  7.18603e+01
tdc                 =  8.47870e+01
BUFFER FISSA  RLD=50k  pos=2  C=100p
fcross = 6.751600e+05
pmarg = 7.186035e+01
tdc = 8.478702e+01
Doing analysis at TEMP = 27.000000 and TNOM = 27.000000

Using SPARSE 1.3 as Direct Linear Solver

No. of Data Rows : 801
fcross              =  6.75323e+05
Note: Starting dynamic gmin stepping
Note: Dynamic gmin stepping completed
pmarg               =  7.15078e+01
tdc                 =  8.47870e+01
BUFFER FISSA  RLD=50k  pos=2  C=220p
fcross = 6.753228e+05
pmarg = 7.150778e+01
tdc = 8.478702e+01
Doing analysis at TEMP = 27.000000 and TNOM = 27.000000

Using SPARSE 1.3 as Direct Linear Solver

No. of Data Rows : 801
fcross              =  6.75578e+05
Note: Starting dynamic gmin stepping
Note: Dynamic gmin stepping completed
pmarg               =  7.07745e+01
tdc                 =  8.47870e+01
BUFFER FISSA  RLD=50k  pos=2  C=470p
fcross = 6.755777e+05
pmarg = 7.077455e+01
tdc = 8.478702e+01
Doing analysis at TEMP = 27.000000 and TNOM = 27.000000

Using SPARSE 1.3 as Direct Linear Solver

No. of Data Rows : 801
fcross              =  6.75738e+05
Note: Starting dynamic gmin stepping
Note: Dynamic gmin stepping completed
pmarg               =  6.92283e+01
tdc                 =  8.47870e+01
BUFFER FISSA  RLD=50k  pos=2  C=1n
fcross = 6.757383e+05
pmarg = 6.922826e+01
tdc = 8.478702e+01
Doing analysis at TEMP = 27.000000 and TNOM = 27.000000

Using SPARSE 1.3 as Direct Linear Solver

No. of Data Rows : 801
fcross              =  6.75416e+05
Note: Starting dynamic gmin stepping
Note: Dynamic gmin stepping completed
pmarg               =  6.77840e+01
tdc                 =  8.47870e+01
BUFFER FISSA  RLD=50k  pos=2  C=1.5n
fcross = 6.754158e+05
pmarg = 6.778397e+01
tdc = 8.478702e+01
Doing analysis at TEMP = 27.000000 and TNOM = 27.000000

Using SPARSE 1.3 as Direct Linear Solver

No. of Data Rows : 801
fcross              =  6.74199e+05
Note: Starting dynamic gmin stepping
Note: Dynamic gmin stepping completed
pmarg               =  6.57947e+01
tdc                 =  8.47870e+01
BUFFER FISSA  RLD=50k  pos=2  C=2.2n
fcross = 6.741989e+05
pmarg = 6.579468e+01
tdc = 8.478702e+01
Doing analysis at TEMP = 27.000000 and TNOM = 27.000000

Using SPARSE 1.3 as Direct Linear Solver

No. of Data Rows : 801
fcross              =  6.72797e+05
Note: Starting dynamic gmin stepping
Note: Dynamic gmin stepping completed
pmarg               =  6.44030e+01
tdc                 =  8.47870e+01
BUFFER FISSA  RLD=50k  pos=2  C=2.7n
fcross = 6.727967e+05
pmarg = 6.440305e+01
tdc = 8.478702e+01
Doing analysis at TEMP = 27.000000 and TNOM = 27.000000

Using SPARSE 1.3 as Direct Linear Solver

No. of Data Rows : 801
fcross              =  6.70553e+05
Note: Starting dynamic gmin stepping
Note: Dynamic gmin stepping completed
pmarg               =  6.27715e+01
tdc                 =  8.47870e+01
BUFFER FISSA  RLD=50k  pos=2  C=3.3n
fcross = 6.705526e+05
pmarg = 6.277151e+01
tdc = 8.478702e+01
Doing analysis at TEMP = 27.000000 and TNOM = 27.000000

Using SPARSE 1.3 as Direct Linear Solver

No. of Data Rows : 801
fcross              =  6.63141e+05
pmarg               =  5.91567e+01
tdc                 =  8.47870e+01
BUFFER FISSA  RLD=50k  pos=2  C=4.7n
fcross = 6.631406e+05
pmarg = 5.915674e+01
tdc = 8.478702e+01
Note: Simulation executed from .control section 
