warning, model type mismatch in line
    q121a nmiri nmiri nme1 ls350
warning, model type mismatch in line
    q121b nhi nmiri nme2 ls350

Note: No compatibility mode selected!


Circuit: tb_zout_psrr_noise.cir - l46b esplorazione, variante ctrl (blocco da inc/ctrl.inc)

Warning: Model issue on line 122 :
  .model lsk489a njf(beta=2.2m betatce=-.5 rd=11 rs=30 lambda=4.3m vto=-1. ...
unrecognized parameter (isr) - ignored
unrecognized parameter (alpha) - ignored
unrecognized parameter (vk) - ignored
unrecognized parameter (mj) - ignored

Note: Starting dynamic gmin stepping
Warning: Dynamic gmin stepping failed
Note: Starting true gmin stepping
Note: True gmin stepping completed
Note: Starting dynamic gmin stepping
Warning: Dynamic gmin stepping failed
Note: Starting true gmin stepping
Note: True gmin stepping completed
Note: Starting dynamic gmin stepping
Warning: Dynamic gmin stepping failed
Note: Starting true gmin stepping
Note: True gmin stepping completed
Note: Starting dynamic gmin stepping
Warning: Dynamic gmin stepping failed
Note: Starting true gmin stepping
Note: True gmin stepping completed
Note: Starting dynamic gmin stepping
Warning: Dynamic gmin stepping failed
Note: Starting true gmin stepping
Note: True gmin stepping completed
Note: Starting dynamic gmin stepping
Warning: Dynamic gmin stepping failed
Note: Starting true gmin stepping
Note: True gmin stepping completed
########## Zout at the jack, load removed, both gain modes ##########
Doing analysis at TEMP = 27.000000 and TNOM = 27.000000

Using SPARSE 1.3 as Direct Linear Solver

No. of Data Rows : 81
z20                 =  1.69338e+03
z1k                 =  5.79336e+01
z20k                =  4.70336e+01
za20                =  2.21037e-02
za1k                =  2.58199e-02
za20k               =  2.68134e-01
za100k              =  1.35074e+00
MODE=0db
z20 = 1.693378e+03
z1k = 5.793360e+01
z20k = 4.703360e+01
za20 = 2.210366e-02
za1k = 2.581991e-02
za20k = 2.681341e-01
za100k = 1.350739e+00
Doing analysis at TEMP = 27.000000 and TNOM = 27.000000

Using SPARSE 1.3 as Direct Linear Solver

No. of Data Rows : 81
z20                 =  1.69338e+03
z1k                 =  5.79379e+01
z20k                =  4.70513e+01
za20                =  3.13871e-02
za1k                =  3.66645e-02
za20k               =  3.79982e-01
za100k              =  1.82932e+00
MODE=3db
z20 = 1.693378e+03
z1k = 5.793791e+01
z20k = 4.705131e+01
za20 = 3.138713e-02
za1k = 3.666455e-02
za20k = 3.799816e-01
za100k = 1.829320e+00
Doing analysis at TEMP = 27.000000 and TNOM = 27.000000

Using SPARSE 1.3 as Direct Linear Solver

No. of Data Rows : 81
z20                 =  1.69338e+03
z1k                 =  5.79557e+01
z20k                =  4.71451e+01
za20                =  6.96328e-02
za1k                =  8.13447e-02
za20k               =  8.39163e-01
za100k              =  3.66901e+00
MODE=10db
z20 = 1.693378e+03
z1k = 5.795574e+01
z20k = 4.714507e+01
za20 = 6.963278e-02
za1k = 8.134466e-02
za20k = 8.391626e-01
za100k = 3.669009e+00
########## PSRR (input source silenced) ##########
Doing analysis at TEMP = 27.000000 and TNOM = 27.000000

Using SPARSE 1.3 as Direct Linear Solver

No. of Data Rows : 81
p100                =  7.68881e+01
p1k                 =  5.94396e+01
p10k                =  3.94735e+01
p100k               =  1.93911e+01
PSRR+ MODE=0db (dB, bigger is better)
p100 = 7.688815e+01
p1k = 5.943956e+01
p10k = 3.947348e+01
p100k = 1.939108e+01
Doing analysis at TEMP = 27.000000 and TNOM = 27.000000

Using SPARSE 1.3 as Direct Linear Solver

No. of Data Rows : 81
p100                =  7.38426e+01
p1k                 =  5.63934e+01
p10k                =  3.64318e+01
p100k               =  1.67566e+01
PSRR+ MODE=3db (dB, bigger is better)
p100 = 7.384259e+01
p1k = 5.639340e+01
p10k = 3.643178e+01
p100k = 1.675657e+01
Doing analysis at TEMP = 27.000000 and TNOM = 27.000000

Using SPARSE 1.3 as Direct Linear Solver

No. of Data Rows : 81
p100                =  6.69224e+01
p1k                 =  4.94704e+01
p10k                =  2.95191e+01
p100k               =  1.07112e+01
PSRR+ MODE=10db (dB, bigger is better)
p100 = 6.692238e+01
p1k = 4.947044e+01
p10k = 2.951910e+01
p100k = 1.071121e+01
########## PSRR from V- ##########
Doing analysis at TEMP = 27.000000 and TNOM = 27.000000

Using SPARSE 1.3 as Direct Linear Solver

No. of Data Rows : 81
p100                =  8.06819e+01
p1k                 =  9.47559e+01
p10k                =  9.01139e+01
p100k               =  6.50127e+01
PSRR- MODE=0db (dB, bigger is better)
p100 = 8.068195e+01
p1k = 9.475591e+01
p10k = 9.011389e+01
p100k = 6.501275e+01
Doing analysis at TEMP = 27.000000 and TNOM = 27.000000

Using SPARSE 1.3 as Direct Linear Solver

No. of Data Rows : 81
p100                =  7.76354e+01
p1k                 =  9.17030e+01
p10k                =  8.70655e+01
p100k               =  6.23736e+01
PSRR- MODE=3db (dB, bigger is better)
p100 = 7.763540e+01
p1k = 9.170301e+01
p10k = 8.706554e+01
p100k = 6.237362e+01
Doing analysis at TEMP = 27.000000 and TNOM = 27.000000

Using SPARSE 1.3 as Direct Linear Solver

No. of Data Rows : 81
p100                =  7.07109e+01
p1k                 =  8.47536e+01
p10k                =  8.01301e+01
p100k               =  5.63131e+01
PSRR- MODE=10db (dB, bigger is better)
p100 = 7.071094e+01
p1k = 8.475364e+01
p10k = 8.013009e+01
p100k = 5.631308e+01
########## output noise 20 Hz - 20 kHz ##########
Doing analysis at TEMP = 27.000000 and TNOM = 27.000000

Using SPNote: Starting dynamic gmin stepping
Warning: Dynamic gmin stepping failed
Note: Starting true gmin stepping
Note: True gmin stepping completed
Note: Starting dynamic gmin stepping
Warning: Dynamic gmin stepping failed
Note: Starting true gmin stepping
Note: True gmin stepping completed
Note: Starting dynamic gmin stepping
Note: Dynamic gmin stepping completed
ARSE 1.3 as Direct Linear Solver

No. of Data Rows : 151

No. of Data Rows : 1
MODE=0db  RSRC=430 (phono cathode follower)
onoise_total = 1.246127e-06
inoise_total = 1.247505e-06
Doing analysis at TEMP = 27.000000 and TNOM = 27.000000

Using SPARSE 1.3 as Direct Linear Solver

No. of Data Rows : 151

No. of Data Rows : 1
MODE=3db  RSRC=430 (phono cathode follower)
onoise_total = 1.678335e-06
inoise_total = 1.184024e-06
Doing analysis at TEMP = 27.000000 and TNOM = 27.000000

Using SPARSE 1.3 as Direct Linear Solver

No. of Data Rows : 151

No. of Data Rows : 1
MODE=10db  RSRC=430 (phono cathode follower)
onoise_total = 3.445255e-06
inoise_total = 1.097149e-06
Doing analysis at TEMP = 27.000000 and TNOM = 27.000000

Using SPARSE 1.3 as Direct Linear Solver

No. of Data Rows : 151

No. of Data Rows : 1
RRG=1G  RSRC=1 ohm (intrinsic)
onoise_total = 1.187857e-06
inoise_total = 1.188662e-06
Doing analysis at TEMP = 27.000000 and TNOM = 27.000000

Using SPARSE 1.3 as Direct Linear Solver

No. of Data Rows : 151

No. of Data Rows : 1
RRG=0.1  RSRC=2500 (attenuator at mid-rotation, +10 dB) - WORST CASE
onoise_total = 4.314799e-06
inoise_total = 1.376894e-06
Note: Simulation executed from .control section 
