warning, model type mismatch in line
    q121a nmiri nmiri nme1 ls350
warning, model type mismatch in line
    q121b nhi nmiri nme2 ls350

Note: No compatibility mode selected!


Circuit: tb_loop_bufferfissa.cir - loop gain of a fixed-output buffer (l17, adr-023)

Doing analysis at TEMP = 27.000000 and TNOM = 27.000000

Using SPARSE 1.3 as Direct Linear Solver

No. of Data Rows : 801
fcross              =  1.00992e+06
pmarg               =  6.93715e+01
tdc                 =  7.22982e+01
BUFFER FISSA  RLD=10k  pos=1  C=1f
fcross = 1.009917e+06
pmarg = 6.937152e+01
tdc = 7.229818e+01
Doing analysis at TEMP = 27.000000 and TNOM = 27.000000

Using SPARSE 1.3 as Direct Linear Solver

No. of Data Rows : 801
fcross              =  1.01135e+06
pmarg               =  6.91106e+01
tdc                 =  7.22982e+01
BUFFER FISSA  RLD=10k  pos=1  C=47p
fcross = 1.011352e+06
pmarg = 6.911062e+01
tdc = 7.229818e+01
Doing analysis at TEMP = 27.000000 and TNOM = 27.000000

Using SPARSE 1.3 as Direct Linear Solver

No. of Data Rows : 801
fcross              =  1.01281e+06
pmarg               =  6.88158e+01
tdc                 =  7.22982e+01
BUFFER FISSA  RLD=10k  pos=1  C=100p
fcross = 1.012809e+06
pmarg = 6.881585e+01
tdc = 7.229818e+01
Doing analysis at TEMP = 27.000000 and TNOM = 27.000000

Using SPARSE 1.3 as Direct Linear Solver

No. of Data Rows : 801
fcross              =  1.01544e+06
pmarg               =  6.81501e+01
tdc                 =  7.22982e+01
BUFFER FISSA  RLD=10k  pos=1  C=220p
fcross = 1.015440e+06
pmarg = 6.815011e+01
tdc = 7.229819e+01
Doing analysis at TEMP = 27.000000 and TNOM = 27.000000

Using SPARSE 1.3 as Direct Linear Solver

No. of Data Rows : 801
fcross              =  1.01780e+06
pmarg               =  6.68044e+01
tdc                 =  7.22982e+01
BUFFER FISSA  RLD=10k  pos=1  C=470p
fcross = 1.017798e+06
pmarg = 6.680435e+01
tdc = 7.229820e+01
Doing analysis at TEMP = 27.000000 and TNOM = 27.000000

Using SPARSE 1.3 as Direct Linear Solver

No. of Data Rows : 801
fcross              =  1.00952e+06
pmarg               =  6.44021e+01
tdc                 =  7.22982e+01
BUFFER FISSA  RLD=10k  pos=1  C=1n
fcross = 1.009520e+06
pmarg = 6.440215e+01
tdc = 7.229822e+01
Doing analysis at TEMP = 27.000000 and TNOM = 27.000000

Using SPARSE 1.3 as Direct Linear Solver

No. of Data Rows : 801
fcross              =  9.90490e+05
pmarg               =  6.29071e+01
tdc                 =  7.22982e+01
BUFFER FISSA  RLD=10k  pos=1  C=1.5n
fcross = 9.904896e+05
pmarg = 6.290708e+01
tdc = 7.229824e+01
Doing analysis at TEMP = 27.000000 and TNOM = 27.000000

Using SPARSE 1.3 as Direct Linear Solver

No. of Data Rows : 801
fcross              =  9.58433e+05
pmarg               =  6.18933e+01
tdc                 =  7.22983e+01
BUFFER FISSA  RLD=10k  pos=1  C=2.2n
fcross = 9.584332e+05
pmarg = 6.189335e+01
tdc = 7.229827e+01
Doing analysis at TEMP = 27.000000 and TNOM = 27.000000

Using SPARSE 1.3 as Direct Linear Solver

No. of Data Rows : 801
fcross              =  9.36695e+05
pmarg               =  6.16740e+01
tdc                 =  7.22983e+01
BUFFER FISSA  RLD=10k  pos=1  C=2.7n
fcross = 9.366951e+05
pmarg = 6.167404e+01
tdc = 7.229829e+01
Doing analysis at TEMP = 27.000000 and TNOM = 27.000000

Using SPARSE 1.3 as Direct Linear Solver

No. of Data Rows : 801
fcross              =  9.13790e+05
pmarg               =  6.17256e+01
tdc                 =  7.22983e+01
BUFFER FISSA  RLD=10k  pos=1  C=3.3n
fcross = 9.137901e+05
pmarg = 6.172565e+01
tdc = 7.229831e+01
Doing analysis at TEMP = 27.000000 and TNOM = 27.000000

Using SPARSE 1.3 as Direct Linear Solver

No. of Data Rows : 801
fcross              =  8.73927e+05
pmarg               =  6.24273e+01
tdc                 =  7.22984e+01
BUFFER FISSA  RLD=10k  pos=1  C=4.7n
fcross = 8.739267e+05
pmarg = 6.242725e+01
tdc = 7.229837e+01
Doing analysis at TEMP = 27.000000 and TNOM = 27.000000

Using SPARSE 1.3 as Direct Linear Solver

No. of Data Rows : 801
fcross              =  1.00992e+06
pmarg               =  6.93715e+01
tdc                 =  7.22982e+01
BUFFER FISSA  RLD=10k  pos=2  C=1f
fcross = 1.009917e+06
pmarg = 6.937152e+01
tdc = 7.229818e+01
Doing analysis at TEMP = 27.000000 and TNOM = 27.000000

Using SPARSE 1.3 as Direct Linear Solver

No. of Data Rows : 801
fcross              =  1.01143e+06
pmarg               =  6.91079e+01
tdc                 =  7.22982e+01
BUFFER FISSA  RLD=10k  pos=2  C=47p
fcross = 1.011429e+06
pmarg = 6.910791e+01
tdc = 7.229818e+01
Doing analysis at TEMP = 27.000000 and TNOM = 27.000000

Using SPARSE 1.3 as Direct Linear Solver

No. of Data Rows : 801
fcross              =  1.01313e+06
pmarg               =  6.88091e+01
tdc                 =  7.22982e+01
BUFFER FISSA  RLD=10k  pos=2  C=100p
fcross = 1.013126e+06
pmarg = 6.880914e+01
tdc = 7.229818e+01
Doing analysis at TEMP = 27.000000 and TNOM = 27.000000

Using SPARSE 1.3 as Direct Linear Solver

No. of Data Rows : 801
fcross              =  1.01693e+06
pmarg               =  6.81269e+01
tdc                 =  7.22982e+01
BUFFER FISSA  RLD=10k  pos=2  C=220p
fcross = 1.016931e+06
pmarg = 6.812687e+01
tdc = 7.229818e+01
Doing analysis at TEMP = 27.000000 and TNOM = 27.000000

Using SPARSE 1.3 as Direct Linear Solver

No. of Data Rows : 801
fcross              =  1.02472e+06
pmarg               =  6.66795e+01
tdc                 =  7.22982e+01
BUFFER FISSA  RLD=10k  pos=2  C=470p
fcross = 1.024715e+06
pmarg = 6.667948e+01
tdc = 7.229817e+01
Doing analysis at TEMP = 27.000000 and TNOM = 27.000000

Using SPARSE 1.3 as Direct Linear Solver

No. of Data Rows : 801
fcross              =  1.04054e+06
pmarg               =  6.34976e+01
tdc                 =  7.22982e+01
BUFFER FISSA  RLD=10k  pos=2  C=1n
fcross = 1.040541e+06
pmarg = 6.349755e+01
tdc = 7.229817e+01
Doing analysis at TEMP = 27.000000 and TNOM = 27.000000

Using SPARSE 1.3 as Direct Linear Solver

No. of Data Rows : 801
fcross              =  1.05391e+06
pmarg               =  6.03802e+01
tdc                 =  7.22982e+01
BUFFER FISSA  RLD=10k  pos=2  C=1.5n
fcross = 1.053906e+06
pmarg = 6.038017e+01
tdc = 7.229817e+01
Doing analysis at TEMP = 27.000000 and TNOM = 27.000000

Using SPARSE 1.3 as Direct Linear Solver

No. of Data Rows : 801
fcross              =  1.06886e+06
pmarg               =  5.59013e+01
tdc                 =  7.22982e+01
BUFFER FISSA  RLD=10k  pos=2  C=2.2n
fcross = 1.068861e+06
pmarg = 5.590134e+01
tdc = 7.229817e+01
Doing analysis at TEMP = 27.000000 and TNOM = 27.000000

Using SPARSE 1.3 as Direct Linear Solver

No. of Data Rows : 801
fcross              =  1.07609e+06
pmarg               =  5.26903e+01
tdc                 =  7.22982e+01
BUFFER FISSA  RLD=10k  pos=2  C=2.7n
fcross = 1.076088e+06
pmarg = 5.269029e+01
tdc = 7.229817e+01
Doing analysis at TEMP = 27.000000 and TNOM = 27.000000

Using SPARSE 1.3 as Direct Linear Solver

No. of Data Rows : 801
fcross              =  1.08015e+06
pmarg               =  4.89258e+01
tdc                 =  7.22982e+01
BUFFER FISSA  RLD=10k  pos=2  C=3.3n
fcross = 1.080154e+06
pmarg = 4.892578e+01
tdc = 7.229816e+01
Doing analysis at TEMP = 27.000000 and TNOM = 27.000000

Using SPARSE 1.3 as Direct Linear Solver

No. of Data Rows : 801
fcross              =  1.06943e+06
pmarg               =  4.10543e+01
tdc                 =  7.22982e+01
BUFFER FISSA  RLD=10k  pos=2  C=4.7n
fcross = 1.069427e+06
pmarg = 4.105427e+01
tdc = 7.229816e+01
Doing analysis at TEMP = 27.000000 and TNOM = 27.000000

Using SPARSE 1.3 as Direct Linear Solver

No. of Data Rows : 801
fcross              =  1.01111e+06
pmarg               =  6.93694e+01
tdc                 =  7.23894e+01
BUFFER FISSA  RLD=50k  pos=1  C=1f
fcross = 1.011107e+06
pmarg = 6.936942e+01
tdc = 7.238939e+01
Doing analysis at TEMP = 27.000000 and TNOM = 27.000000

Using SPARSE 1.3 as Direct Linear Solver

No. of Data Rows : 801
fcross              =  1.01256e+06
pmarg               =  6.91059e+01
tdc                 =  7.23894e+01
BUFFER FISSA  RLD=50k  pos=1  C=47p
fcross = 1.012559e+06
pmarg = 6.910593e+01
tdc = 7.238939e+01
Doing analysis at TEMP = 27.000000 and TNOM = 27.000000

Using SPARSE 1.3 as Direct Linear Solver

No. of Data Rows : 801
fcross              =  1.01403e+06
pmarg               =  6.88082e+01
tdc                 =  7.23894e+01
BUFFER FISSA  RLD=50k  pos=1  C=100p
fcross = 1.014033e+06
pmarg = 6.880821e+01
tdc = 7.238939e+01
Doing analysis at TEMP = 27.000000 and TNOM = 27.000000

Using SPARSE 1.3 as Direct Linear Solver

No. of Data Rows : 801
fcross              =  1.01669e+06
pmarg               =  6.81358e+01
tdc                 =  7.23894e+01
BUFFER FISSA  RLD=50k  pos=1  C=220p
fcross = 1.016693e+06
pmarg = 6.813579e+01
tdc = 7.238939e+01
Doing analysis at TEMP = 27.000000 and TNOM = 27.000000

Using SPARSE 1.3 as Direct Linear Solver

No. of Data Rows : 801
fcross              =  1.01906e+06
pmarg               =  6.67768e+01
tdc                 =  7.23894e+01
BUFFER FISSA  RLD=50k  pos=1  C=470p
fcross = 1.019059e+06
pmarg = 6.677682e+01
tdc = 7.238939e+01
Doing analysis at TEMP = 27.000000 and TNOM = 27.000000

Using SPARSE 1.3 as Direct Linear Solver

No. of Data Rows : 801
fcross              =  1.01061e+06
pmarg               =  6.43551e+01
tdc                 =  7.23894e+01
BUFFER FISSA  RLD=50k  pos=1  C=1n
fcross = 1.010605e+06
pmarg = 6.435514e+01
tdc = 7.238939e+01
Doing analysis at TEMP = 27.000000 and TNOM = 27.000000

Using SPARSE 1.3 as Direct Linear Solver

No. of Data Rows : 801
fcross              =  9.91278e+05
pmarg               =  6.28549e+01
tdc                 =  7.23894e+01
BUFFER FISSA  RLD=50k  pos=1  C=1.5n
fcross = 9.912779e+05
pmarg = 6.285490e+01
tdc = 7.238940e+01
Doing analysis at TEMP = 27.000000 and TNOM = 27.000000

Using SPARSE 1.3 as Direct Linear Solver

No. of Data Rows : 801
fcross              =  9.58873e+05
pmarg               =  6.18454e+01
tdc                 =  7.23894e+01
BUFFER FISSA  RLD=50k  pos=1  C=2.2n
fcross = 9.588732e+05
pmarg = 6.184536e+01
tdc = 7.238941e+01
Doing analysis at TEMP = 27.000000 and TNOM = 27.000000

Using SPARSE 1.3 as Direct Linear Solver

No. of Data Rows : 801
fcross              =  9.36961e+05
pmarg               =  6.16319e+01
tdc                 =  7.23894e+01
BUFFER FISSA  RLD=50k  pos=1  C=2.7n
fcross = 9.369607e+05
pmarg = 6.163188e+01
tdc = 7.238941e+01
Doing analysis at TEMP = 27.000000 and TNOM = 27.000000

Using SPARSE 1.3 as Direct Linear Solver

No. of Data Rows : 801
fcross              =  9.13918e+05
pmarg               =  6.16905e+01
tdc                 =  7.23894e+01
BUFFER FISSA  RLD=50k  pos=1  C=3.3n
fcross = 9.139176e+05
pmarg = 6.169052e+01
tdc = 7.238941e+01
Doing analysis at TEMP = 27.000000 and TNOM = 27.000000

Using SPARSE 1.3 as Direct Linear Solver

No. of Data Rows : 801
fcross              =  8.73904e+05
pmarg               =  6.24050e+01
tdc                 =  7.23894e+01
BUFFER FISSA  RLD=50k  pos=1  C=4.7n
fcross = 8.739038e+05
pmarg = 6.240497e+01
tdc = 7.238943e+01
Doing analysis at TEMP = 27.000000 and TNOM = 27.000000

Using SPARSE 1.3 as Direct Linear Solver

No. of Data Rows : 801
fcross              =  1.01111e+06
pmarg               =  6.93694e+01
tdc                 =  7.23894e+01
BUFFER FISSA  RLD=50k  pos=2  C=1f
fcross = 1.011107e+06
pmarg = 6.936942e+01
tdc = 7.238939e+01
Doing analysis at TEMP = 27.000000 and TNOM = 27.000000

Using SPARSE 1.3 as Direct Linear Solver

No. of Data Rows : 801
fcross              =  1.01263e+06
pmarg               =  6.91052e+01
tdc                 =  7.23894e+01
BUFFER FISSA  RLD=50k  pos=2  C=47p
fcross = 1.012626e+06
pmarg = 6.910519e+01
tdc = 7.238939e+01
Doing analysis at TEMP = 27.000000 and TNOM = 27.000000

Using SPARSE 1.3 as Direct Linear Solver

No. of Data Rows : 801
fcross              =  1.01433e+06
pmarg               =  6.88057e+01
tdc                 =  7.23894e+01
BUFFER FISSA  RLD=50k  pos=2  C=100p
fcross = 1.014331e+06
pmarg = 6.880570e+01
tdc = 7.238938e+01
Doing analysis at TEMP = 27.000000 and TNOM = 27.000000

Using SPARSE 1.3 as Direct Linear Solver

No. of Data Rows : 801
fcross              =  1.01815e+06
pmarg               =  6.81218e+01
tdc                 =  7.23894e+01
BUFFER FISSA  RLD=50k  pos=2  C=220p
fcross = 1.018154e+06
pmarg = 6.812178e+01
tdc = 7.238938e+01
Doing analysis at TEMP = 27.000000 and TNOM = 27.000000

Using SPARSE 1.3 as Direct Linear Solver

No. of Data Rows : 801
fcross              =  1.02601e+06
pmarg               =  6.66700e+01
tdc                 =  7.23894e+01
BUFFER FISSA  RLD=50k  pos=2  C=470p
fcross = 1.026011e+06
pmarg = 6.667002e+01
tdc = 7.238938e+01
Doing analysis at TEMP = 27.000000 and TNOM = 27.000000

Using SPARSE 1.3 as Direct Linear Solver

No. of Data Rows : 801
fcross              =  1.04192e+06
pmarg               =  6.34794e+01
tdc                 =  7.23894e+01
BUFFER FISSA  RLD=50k  pos=2  C=1n
fcross = 1.041917e+06
pmarg = 6.347936e+01
tdc = 7.238938e+01
Doing analysis at TEMP = 27.000000 and TNOM = 27.000000

Using SPARSE 1.3 as Direct Linear Solver

No. of Data Rows : 801
fcross              =  1.05540e+06
pmarg               =  6.03515e+01
tdc                 =  7.23894e+01
BUFFER FISSA  RLD=50k  pos=2  C=1.5n
fcross = 1.055397e+06
pmarg = 6.035152e+01
tdc = 7.238938e+01
Doing analysis at TEMP = 27.000000 and TNOM = 27.000000

Using SPARSE 1.3 as Direct Linear Solver

No. of Data Rows : 801
fcross              =  1.07043e+06
pmarg               =  5.58585e+01
tdc                 =  7.23894e+01
BUFFER FISSA  RLD=50k  pos=2  C=2.2n
fcross = 1.070432e+06
pmarg = 5.585845e+01
tdc = 7.238938e+01
Doing analysis at TEMP = 27.000000 and TNOM = 27.000000

Using SPARSE 1.3 as Direct Linear Solver

No. of Data Rows : 801
fcross              =  1.07775e+06
pmarg               =  5.26348e+01
tdc                 =  7.23894e+01
BUFFER FISSA  RLD=50k  pos=2  C=2.7n
fcross = 1.077748e+06
pmarg = 5.263483e+01
tdc = 7.238938e+01
Doing analysis at TEMP = 27.000000 and TNOM = 27.000000

Using SPARSE 1.3 as Direct Linear Solver

No. of Data Rows : 801
fcross              =  1.08183e+06
pmarg               =  4.88582e+01
tdc                 =  7.23894e+01
BUFFER FISSA  RLD=50k  pos=2  C=3.3n
fcross = 1.081826e+06
pmarg = 4.885820e+01
tdc = 7.238937e+01
Doing analysis at TEMP = 27.000000 and TNOM = 27.000000

Using SPARSE 1.3 as Direct Linear Solver

No. of Data Rows : 801
fcross              =  1.07095e+06
pmarg               =  4.09683e+01
tdc                 =  7.23894e+01
BUFFER FISSA  RLD=50k  pos=2  C=4.7n
fcross = 1.070949e+06
pmarg = 4.096833e+01
tdc = 7.238937e+01
Note: Simulation executed from .control section 
