warning, model type mismatch in line
    q121a nmiri nmiri nme1 ls350
warning, model type mismatch in line
    q121b nhi nmiri nme2 ls350

Note: No compatibility mode selected!


Circuit: tb_ac__b0_r169.cir - l40 esplorazione da tb_ac.cir, rg0l40 fb 0 7.87k; alter r138 = 6.49k; alter c137 = 220p

Warning: Model issue on line 122 :
  .model lsk489a njf(beta=2.2m betatce=-.5 rd=11 rs=30 lambda=4.3m vto=-1. ...
unrecognized parameter (isr) - ignored
unrecognized parameter (alpha) - ignored
unrecognized parameter (vk) - ignored
unrecognized parameter (mj) - ignored

 Resistor: Simple linear resistor
     device                  r138
      model                     R
 resistance                  6490

 Capacitor: Fixed capacitor
     device                  c137
      model                     C
capacitance               2.2e-10

 Resistor: Simple linear resistor
     device                rg0l40
      model                     R
 resistance                  7870

Doing analysis at TEMP = 27.000000 and TNOM = 27.000000

Using SPARSE 1.3 as Direct Linear Solver

No. of Data Rows : 1636
g1k                 =  1.50812e+00
g20                 =  1.50549e+00
g20k                =  1.50671e+00
g100k               =  1.47347e+00
fhi                 =  4.93388e-01
flo                 =  1.49376e+06
MODE=0db  RSRC=1.5
g1k = 1.508116e+00
g20 = 1.505488e+00
g20k = 1.506713e+00
g100k = 1.473466e+00
fhi = 4.933881e-01
flo = 1.493758e+06
Doing analysis at TEMP = 27.000000 and TNOM = 27.000000

Using SPARSE 1.3 as Direct Linear Solver

No. of Data Rows : 1636
g1k                 =  1.50439e+00
g20                 =  1.50177e+00
g20k                =  1.50300e+00
g100k               =  1.47000e+00
fhi                 =  4.93388e-01
flo                 =  1.50445e+06
MODE=0db  RSRC=430
g1k = 1.504395e+00
g20 = 1.501767e+00
g20k = 1.503003e+00
g100k = 1.470003e+00
fhi = 4.933881e-01
flo = 1.504452e+06
Doing analysis at TEMP = 27.000000 and TNOM = 27.000000

Using SPARSE 1.3 as Direct Linear Solver

No. of Data Rows : 1636
g1k                 =  1.48644e+00
g20                 =  1.48381e+00
g20k                =  1.48510e+00
g100k               =  1.45328e+00
fhi                 =  4.93388e-01
flo                 =  1.55474e+06
MODE=0db  RSRC=2500
g1k = 1.486442e+00
g20 = 1.483813e+00
g20k = 1.485099e+00
g100k = 1.453284e+00
fhi = 4.933882e-01
flo = 1.554744e+06
Doing analysis at TEMP = 27.000000 and TNOM = 27.000000

Using SPARSE 1.3 as Direct Linear Solver

No. of Data Rows : 1636
g1k                 =  1.42170e+00
g20                 =  1.41907e+00
g20k                =  1.42053e+00
g100k               =  1.39287e+00
fhi                 =  4.93388e-01
flo                 =  1.68452e+06
MODE=0db  RSRC=10k
g1k = 1.421702e+00
g20 = 1.419073e+00
g20k = 1.420534e+00
g100k = 1.392874e+00
fhi = 4.933882e-01
flo = 1.684521e+06
Doing analysis at TEMP = 27.000000 and TNOM = 27.000000

Using SPARSE 1.3 as Direct Linear Solver

No. of Data Rows : 1636
g1k                 =  3.04886e+00
g20                 =  3.04625e+00
g20k                =  3.04153e+00
g100k               =  2.87244e+00
fhi                 =  4.93386e-01
flo                 =  6.78819e+05
MODE=3db  RSRC=1.5
g1k = 3.048864e+00
g20 = 3.046250e+00
g20k = 3.041530e+00
g100k = 2.872442e+00
fhi = 4.933865e-01
flo = 6.788187e+05
Doing analysis at TEMP = 27.000000 and TNOM = 27.000000

Using SPARSE 1.3 as Direct Linear Solver

No. of Data Rows : 1636
g1k                 =  3.04514e+00
g20                 =  3.04253e+00
g20k                =  3.03782e+00
g100k               =  2.86902e+00
fhi                 =  4.93386e-01
Note: Starting dynamic gmin stepping
Note: Dynamic gmin stepping completed
flo                 =  6.81177e+05
MODE=3db  RSRC=430
g1k = 3.045143e+00
g20 = 3.042529e+00
g20k = 3.037822e+00
g100k = 2.869022e+00
fhi = 4.933865e-01
flo = 6.811771e+05
Doing analysis at TEMP = 27.000000 and TNOM = 27.000000

Using SPARSE 1.3 as Direct Linear Solver

No. of Data Rows : 1636
g1k                 =  3.02719e+00
g20                 =  3.02458e+00
g20k                =  3.01993e+00
g100k               =  2.85251e+00
fhi                 =  4.93387e-01
Note: Starting dynamic gmin stepping
Note: Dynamic gmin stepping completed
flo                 =  6.92811e+05
MODE=3db  RSRC=2500
g1k = 3.027190e+00
g20 = 3.024576e+00
g20k = 3.019928e+00
g100k = 2.852510e+00
fhi = 4.933865e-01
flo = 6.928115e+05
Doing analysis at TEMP = 27.000000 and TNOM = 27.000000

Using SPARSE 1.3 as Direct Linear Solver

No. of Data Rows : 1636
g1k                 =  2.96245e+00
g20                 =  2.95984e+00
g20k                =  2.95540e+00
g100k               =  2.79284e+00
fhi                 =  4.93387e-01
flo                 =  7.38989e+05
MODE=3db  RSRC=10k
g1k = 2.962450e+00
g20 = 2.959836e+00
g20k = 2.955397e+00
g100k = 2.792841e+00
fhi = 4.933865e-01
flo = 7.389886e+05
Doing analysis at TEMP = 27.000000 and TNOM = 27.000000

Using SPARSE 1.3 as Direct Linear Solver

No. of Data Rows : 1636
g1k                 =  9.96720e+00
g20                 =  9.96466e+00
g20k                =  9.93000e+00
g100k               =  9.12299e+00
fhi                 =  4.93378e-01
flo                 =  2.17391e+05
MODE=10db  RSRC=1.5
g1k = 9.967202e+00
g20 = 9.964660e+00
g20k = 9.929997e+00
g100k = 9.122990e+00
fhi = 4.933781e-01
flo = 2.173906e+05
Doing analysis at TEMP = 27.000000 and TNOM = 27.000000

Using SPARSE 1.3 as Direct Linear Solver

No. of Data Rows : 1636
g1k                 =  9.96348e+00
g20                 =  9.96094e+00
g20k                =  9.92630e+00
g100k               =  9.11985e+00
fhi                 =  4.93378e-01
flo                 =  2.17480e+05
MODE=10db  RSRC=430
g1k = 9.963481e+00
g20 = 9.960939e+00
g20k = 9.926303e+00
g100k = 9.119846e+00
fhi = 4.933782e-01
flo = 2.174802e+05
Doing analysis at TEMP = 27.000000 and TNOM = 27.000000

Using SPARSE 1.3 as Direct Linear Solver

No. of Data Rows : 1636
g1k                 =  9.94553e+00
g20                 =  9.94299e+00
g20k                =  9.90848e+00
g100k               =  9.10466e+00
fhi                 =  4.93378e-01
flo                 =  2.17910e+05
MODE=10db  RSRC=2500
g1k = 9.945527e+00
g20 = 9.942985e+00
g20k = 9.908481e+00
g100k = 9.104661e+00
fhi = 4.933781e-01
flo = 2.179102e+05
Doing analysis at TEMP = 27.000000 and TNOM = 27.000000

Using SPARSE 1.3 as Direct Linear Solver

No. of Data Rows : 1636
g1k                 =  9.88079e+00
g20                 =  9.87825e+00
g20k                =  9.84421e+00
g100k               =  9.04974e+00
fhi                 =  4.93378e-01
flo                 =  2.19428e+05
MODE=10db  RSRC=10k
g1k = 9.880789e+00
g20 = 9.878246e+00
g20k = 9.844210e+00
g100k = 9.049741e+00
fhi = 4.933783e-01
flo = 2.194281e+05
Doing analysis at TEMP = 27.000000 and TNOM = 27.000000

Using SPARSE 1.3 as Direct Linear Solver

No. of Data Rows : 801
g1kb                =  1.50031e+00
g20b                =  1.49284e+00
g5b                 =  1.38220e+00
LF corner, RLOAD=50k, RBLEED=220k, COUT=4.7u
g1kb = 1.500312e+00
g20b = 1.492838e+00
g5b = 1.382195e+00
Note: Simulation executed from .control section 
