warning, model type mismatch in line
    q121a nmiri nmiri nme1 ls350
warning, model type mismatch in line
    q121b nhi nmiri nme2 ls350

Note: No compatibility mode selected!


Circuit: tb_zout_psrr_noise.cir - e4 (zout), psrr, and e5 (output noise)

########## Zout at the jack, load removed, both gain modes ##########
Doing analysis at TEMP = 27.000000 and TNOM = 27.000000

Using SPARSE 1.3 as Direct Linear Solver

No. of Data Rows : 81
z20                 =  1.69338e+03
z1k                 =  5.79449e+01
z20k                =  4.70477e+01
za20                =  3.61785e-02
za1k                =  3.86443e-02
za20k               =  2.74389e-01
za100k              =  1.37463e+00
MODE=0db
z20 = 1.693378e+03
z1k = 5.794488e+01
z20k = 4.704767e+01
za20 = 3.617847e-02
za1k = 3.864432e-02
za20k = 2.743885e-01
za100k = 1.374628e+00
Doing analysis at TEMP = 27.000000 and TNOM = 27.000000

Using SPARSE 1.3 as Direct Linear Solver

No. of Data Rows : 81
z20                 =  1.69338e+03
z1k                 =  5.79539e+01
z20k                =  4.70713e+01
za20                =  5.13690e-02
za1k                =  5.48705e-02
za20k               =  3.88843e-01
za100k              =  1.86365e+00
MODE=3db
z20 = 1.693379e+03
z1k = 5.795394e+01
z20k = 4.707135e+01
za20 = 5.136903e-02
za1k = 5.487051e-02
za20k = 3.888429e-01
za100k = 1.863654e+00
Doing analysis at TEMP = 27.000000 and TNOM = 27.000000

Using SPARSE 1.3 as Direct Linear Solver

No. of Data Rows : 81
z20                 =  1.69338e+03
z1k                 =  5.79914e+01
z20k                =  4.71891e+01
za20                =  1.13923e-01
za1k                =  1.21692e-01
za20k               =  8.58746e-01
za100k              =  3.75417e+00
MODE=10db
z20 = 1.693379e+03
z1k = 5.799139e+01
z20k = 4.718912e+01
za20 = 1.139232e-01
za1k = 1.216923e-01
za20k = 8.587456e-01
za100k = 3.754166e+00
########## PSRR (input source silenced) ##########
Doing analysis at TEMP = 27.000000 and TNOM = 27.000000

Using SPARSE 1.3 as Direct Linear Solver

No. of Data Rows : 81
p100                =  7.21174e+01
p1k                 =  5.95736e+01
p10k                =  3.97758e+01
p100k               =  1.96926e+01
PSRR+ MODE=0db (dB, bigger is better)
p100 = 7.211740e+01
p1k = 5.957364e+01
p10k = 3.977579e+01
p100k = 1.969257e+01
Doing analysis at TEMP = 27.000000 and TNOM = 27.000000

Using SPARSE 1.3 as Direct Linear Solver

No. of Data Rows : 81
p100                =  6.90729e+01
p1k                 =  5.65280e+01
p10k                =  3.67345e+01
p100k               =  1.70488e+01
PSRR+ MODE=3db (dB, bigger is better)
p100 = 6.907292e+01
p1k = 5.652802e+01
p10k = 3.673446e+01
p100k = 1.704881e+01
Doing analysis at TEMP = 27.000000 and TNOM = 27.000000

Using SPARSE 1.3 as Direct Linear Solver

No. of Data Rows : 81
p100                =  6.21570e+01
p1k                 =  4.96073e+01
p10k                =  2.98232e+01
p100k               =  1.09657e+01
PSRR+ MODE=10db (dB, bigger is better)
p100 = 6.215700e+01
p1k = 4.960726e+01
p10k = 2.982320e+01
p100k = 1.096566e+01
########## PSRR from V- ##########
Doing analysis at TEMP = 27.000000 and TNOM = 27.000000

Using SPARSE 1.3 as Direct Linear Solver

No. of Data Rows : 81
p100                =  8.43260e+01
p1k                 =  9.77128e+01
p10k                =  9.62076e+01
p100k               =  7.10604e+01
PSRR- MODE=0db (dB, bigger is better)
p100 = 8.432600e+01
p1k = 9.771280e+01
p10k = 9.620761e+01
p100k = 7.106045e+01
Doing analysis at TEMP = 27.000000 and TNOM = 27.000000

Using SPARSE 1.3 as Direct Linear Solver

No. of Data Rows : 81
p100                =  8.12807e+01
p1k                 =  9.46662e+01
p10k                =  9.31586e+01
p100k               =  6.84137e+01
PSRR- MODE=3db (dB, bigger is better)
p100 = 8.128073e+01
p1k = 9.466619e+01
p10k = 9.315856e+01
p100k = 6.841371e+01
Doing analysis at TEMP = 27.000000 and TNOM = 27.000000

Using SPARSE 1.3 as Direct Linear Solver

No. of Data Rows : 81
p100                =  7.43615e+01
p1k                 =  8.77425e+01
p10k                =  8.62347e+01
p100k               =  6.23206e+01
PSRR- MODE=10db (dB, bigger is better)
p100 = 7.436149e+01
p1k = 8.774247e+01
p10k = 8.623474e+01
p100k = 6.232062e+01
########## output noise 20 Hz - 20 kHz ##########
Doing analysis at TEMP = 27.000000 and TNOM = 27.000000

Using SPARSE 1.3 as Direct Linear Solver

No. of Data Rows : 151

No. of Data Rows : 1
MODE=0db  RSRC=430 (phono cathode follower)
onoise_total = 1.216284e-06
inoise_total = 1.217792e-06
Doing analysis at TEMP = 27.000000 and TNOM = 27.000000

Using SPARSE 1.3 as Direct Linear Solver

No. of Data Rows : 151

No. of Data Rows : 1
MODE=3db  RSRC=430 (phono cathode follower)
onoise_total = 1.633607e-06
inoise_total = 1.152669e-06
Doing analysis at TEMP = 27.000000 and TNOM = 27.000000

Using SPARSE 1.3 as Direct Linear Solver

No. of Data Rows : 151

No. of Data Rows : 1
MODE=10db  RSRC=430 (phono cathode follower)
onoise_total = 3.337647e-06
inoise_total = 1.063222e-06
Doing analysis at TEMP = 27.000000 and TNOM = 27.000000

Using SPARSE 1.3 as Direct Linear Solver

No. of Data Rows : 151

No. of Data Rows : 1
RRG=1G  RSRC=1 ohm (intrinsic)
onoise_total = 1.156528e-06
inoise_total = 1.157467e-06
Doing analysis at TEMP = 27.000000 and TNOM = 27.000000

Using SPARSE 1.3 as Direct Linear Solver

No. of Data Rows : 151

No. of Data Rows : 1
RRG=0.1  RSRC=2500 (attenuator at mid-rotation, +10 dB) - WORST CASE
onoise_total = 4.228853e-06
inoise_total = 1.349900e-06
Note: Simulation executed from .control section 
