warning, model type mismatch in line
    q121a nmiri nmiri nme1 ls350
warning, model type mismatch in line
    q121b nhi nmiri nme2 ls350

Note: No compatibility mode selected!


Circuit: tb_loop_bufferfissa__g10_cm560p_r1.33k.cir - l40 esplorazione da tb_loop_bufferfissa.cir, rg0l40 fb 0 12.4k; alter c124 = 560p; alter r128 = 1.33k

Warning: Model issue on line 122 :
  .model lsk489a njf(beta=2.2m betatce=-.5 rd=11 rs=30 lambda=4.3m vto=-1. ...
unrecognized parameter (isr) - ignored
unrecognized parameter (alpha) - ignored
unrecognized parameter (vk) - ignored
unrecognized parameter (mj) - ignored

 Capacitor: Fixed capacitor
     device                  c124
      model                     C
capacitance               5.6e-10

 Resistor: Simple linear resistor
     device                  r128
      model                     R
 resistance                  1330

 Resistor: Simple linear resistor
     device                rg0l40
      model                     R
 resistance                 12400

Doing analysis at TEMP = 27.000000 and TNOM = 27.000000

Using SPARSE 1.3 as Direct Linear Solver

No. of Data Rows : 801
fcross              =  7.95964e+05
pmarg               =  6.95677e+01
tdc                 =  8.09274e+01
BUFFER FISSA  RLD=10k  pos=1  C=1f
fcross = 7.959637e+05
pmarg = 6.956774e+01
tdc = 8.092740e+01
Doing analysis at TEMP = 27.000000 and TNOM = 27.000000

Using SPARSE 1.3 as Direct Linear Solver

No. of Data Rows : 801
fcross              =  7.97657e+05
pmarg               =  6.93210e+01
tdc                 =  8.09274e+01
BUFFER FISSA  RLD=10k  pos=1  C=47p
fcross = 7.976571e+05
pmarg = 6.932100e+01
tdc = 8.092740e+01
Doing analysis at TEMP = 27.000000 and TNOM = 27.000000

Using SPARSE 1.3 as Direct Linear Solver

No. of Data Rows : 801
fcross              =  7.99493e+05
pmarg               =  6.90401e+01
tdc                 =  8.09274e+01
BUFFER FISSA  RLD=10k  pos=1  C=100p
fcross = 7.994929e+05
pmarg = 6.904010e+01
tdc = 8.092740e+01
Doing analysis at TEMP = 27.000000 and TNOM = 27.000000

Using SPARSE 1.3 as Direct Linear Solver

No. of Data Rows : 801
fcross              =  8.03333e+05
pmarg               =  6.83959e+01
tdc                 =  8.09274e+01
BUFFER FISSA  RLD=10k  pos=1  C=220p
fcross = 8.033327e+05
pmarg = 6.839591e+01
tdc = 8.092741e+01
Doing analysis at TEMP = 27.000000 and TNOM = 27.000000

Using SPARSE 1.3 as Direct Linear Solver

No. of Data Rows : 801
fcross              =  8.09712e+05
pmarg               =  6.70391e+01
tdc                 =  8.09274e+01
BUFFER FISSA  RLD=10k  pos=1  C=470p
fcross = 8.097122e+05
pmarg = 6.703910e+01
tdc = 8.092743e+01
Doing analysis at TEMP = 27.000000 and TNOM = 27.000000

Using SPARSE 1.3 as Direct Linear Solver

No. of Data Rows : 801
fcross              =  8.14845e+05
pmarg               =  6.43164e+01
tdc                 =  8.09275e+01
BUFFER FISSA  RLD=10k  pos=1  C=1n
fcross = 8.148453e+05
pmarg = 6.431638e+01
tdc = 8.092746e+01
Doing analysis at TEMP = 27.000000 and TNOM = 27.000000

Using SPARSE 1.3 as Direct Linear Solver

No. of Data Rows : 801
fcross              =  8.09442e+05
pmarg               =  6.22647e+01
tdc                 =  8.09275e+01
BUFFER FISSA  RLD=10k  pos=1  C=1.5n
fcross = 8.094416e+05
pmarg = 6.226467e+01
tdc = 8.092750e+01
Doing analysis at TEMP = 27.000000 and TNOM = 27.000000

Using SPARSE 1.3 as Direct Linear Solver

No. of Data Rows : 801
fcross              =  7.91466e+05
pmarg               =  6.04485e+01
tdc                 =  8.09275e+01
BUFFER FISSA  RLD=10k  pos=1  C=2.2n
fcross = 7.914657e+05
pmarg = 6.044853e+01
tdc = 8.092754e+01
Doing analysis at TEMP = 27.000000 and TNOM = 27.000000

Using SPARSE 1.3 as Direct Linear Solver

No. of Data Rows : 801
fcross              =  7.75881e+05
pmarg               =  5.97707e+01
tdc                 =  8.09276e+01
BUFFER FISSA  RLD=10k  pos=1  C=2.7n
fcross = 7.758810e+05
pmarg = 5.977071e+01
tdc = 8.092758e+01
Doing analysis at TEMP = 27.000000 and TNOM = 27.000000

Using SPARSE 1.3 as Direct Linear Solver

No. of Data Rows : 801
fcross              =  7.57407e+05
pmarg               =  5.94106e+01
tdc                 =  8.09276e+01
BUFFER FISSA  RLD=10k  pos=1  C=3.3n
fcross = 7.574074e+05
pmarg = 5.941055e+01
tdc = 8.092762e+01
Doing analysis at TEMP = 27.000000 and TNOM = 27.000000

Using SPARSE 1.3 as Direct Linear Solver

No. of Data Rows : 801
fcross              =  7.20980e+05
pmarg               =  5.95821e+01
tdc                 =  8.09277e+01
BUFFER FISSA  RLD=10k  pos=1  C=4.7n
fcross = 7.209798e+05
pmarg = 5.958210e+01
tdc = 8.092771e+01
Doing analysis at TEMP = 27.000000 and TNOM = 27.000000

Using SPARSE 1.3 as Direct Linear Solver

No. of Data Rows : 801
fcross              =  7.95964e+05
pmarg               =  6.95677e+01
tdc                 =  8.09274e+01
BUFFER FISSA  RLD=10k  pos=2  C=1f
fcross = 7.959637e+05
pmarg = 6.956774e+01
tdc = 8.092740e+01
Doing analysis at TEMP = 27.000000 and TNOM = 27.000000

Using SPARSE 1.3 as Direct Linear Solver

No. of Data Rows : 801
fcross              =  7.97707e+05
pmarg               =  6.93188e+01
tdc                 =  8.09274e+01
BUFFER FISSA  RLD=10k  pos=2  C=47p
fcross = 7.977073e+05
pmarg = 6.931882e+01
tdc = 8.092740e+01
Doing analysis at TEMP = 27.000000 and TNOM = 27.000000

Using SPARSE 1.3 as Direct Linear Solver

No. of Data Rows : 801
fcross              =  7.99683e+05
pmarg               =  6.90356e+01
tdc                 =  8.09274e+01
BUFFER FISSA  RLD=10k  pos=2  C=100p
fcross = 7.996834e+05
pmarg = 6.903563e+01
tdc = 8.092739e+01
Doing analysis at TEMP = 27.000000 and TNOM = 27.000000

Using SPARSE 1.3 as Direct Linear Solver

No. of Data Rows : 801
fcross              =  8.04196e+05
pmarg               =  6.83845e+01
tdc                 =  8.09274e+01
BUFFER FISSA  RLD=10k  pos=2  C=220p
fcross = 8.041959e+05
pmarg = 6.838455e+01
tdc = 8.092739e+01
Doing analysis at TEMP = 27.000000 and TNOM = 27.000000

Using SPARSE 1.3 as Direct Linear Solver

No. of Data Rows : 801
fcross              =  8.13787e+05
pmarg               =  6.69819e+01
tdc                 =  8.09274e+01
BUFFER FISSA  RLD=10k  pos=2  C=470p
fcross = 8.137867e+05
pmarg = 6.698189e+01
tdc = 8.092738e+01
Doing analysis at TEMP = 27.000000 and TNOM = 27.000000

Using SPARSE 1.3 as Direct Linear Solver

No. of Data Rows : 801
fcross              =  8.35451e+05
pmarg               =  6.37677e+01
tdc                 =  8.09274e+01
BUFFER FISSA  RLD=10k  pos=2  C=1n
fcross = 8.354509e+05
pmarg = 6.376774e+01
tdc = 8.092737e+01
Doing analysis at TEMP = 27.000000 and TNOM = 27.000000

Using SPARSE 1.3 as Direct Linear Solver

No. of Data Rows : 801
fcross              =  8.57380e+05
pmarg               =  6.04019e+01
tdc                 =  8.09274e+01
BUFFER FISSA  RLD=10k  pos=2  C=1.5n
fcross = 8.573799e+05
pmarg = 6.040189e+01
tdc = 8.092736e+01
Doing analysis at TEMP = 27.000000 and TNOM = 27.000000

Using SPARSE 1.3 as Direct Linear Solver

No. of Data Rows : 801
fcross              =  8.90069e+05
pmarg               =  5.50693e+01
tdc                 =  8.09273e+01
BUFFER FISSA  RLD=10k  pos=2  C=2.2n
fcross = 8.900688e+05
pmarg = 5.506934e+01
tdc = 8.092734e+01
Doing analysis at TEMP = 27.000000 and TNOM = 27.000000

Using SPARSE 1.3 as Direct Linear Solver

No. of Data Rows : 801
fcross              =  9.14126e+05
pmarg               =  5.07833e+01
tdc                 =  8.09273e+01
BUFFER FISSA  RLD=10k  pos=2  C=2.7n
fcross = 9.141259e+05
pmarg = 5.078327e+01
tdc = 8.092733e+01
Doing analysis at TEMP = 27.000000 and TNOM = 27.000000

Using SPARSE 1.3 as Direct Linear Solver

No. of Data Rows : 801
fcross              =  9.41614e+05
pmarg               =  4.51811e+01
tdc                 =  8.09273e+01
BUFFER FISSA  RLD=10k  pos=2  C=3.3n
fcross = 9.416140e+05
pmarg = 4.518110e+01
tdc = 8.092731e+01
Doing analysis at TEMP = 27.000000 and TNOM = 27.000000

Using SPARSE 1.3 as Direct Linear Solver

No. of Data Rows : 801
fcross              =  9.78983e+05
pmarg               =  3.20457e+01
tdc                 =  8.09273e+01
BUFFER FISSA  RLD=10k  pos=2  C=4.7n
fcross = 9.789830e+05
pmarg = 3.204570e+01
tdc = 8.092728e+01
Doing analysis at TEMP = 27.000000 and TNOM = 27.000000

Using SPARSE 1.3 as Direct Linear Solver

No. of Data Rows : 801
fcross              =  7.96985e+05
pmarg               =  6.95757e+01
tdc                 =  8.11090e+01
BUFFER FISSA  RLD=50k  pos=1  C=1f
fcross = 7.969855e+05
pmarg = 6.957569e+01
tdc = 8.110901e+01
Doing analysis at TEMP = 27.000000 and TNOM = 27.000000

Using SPARSE 1.3 as Direct Linear Solver

No. of Data Rows : 801
fcross              =  7.98700e+05
pmarg               =  6.93264e+01
tdc                 =  8.11090e+01
BUFFER FISSA  RLD=50k  pos=1  C=47p
fcross = 7.987003e+05
pmarg = 6.932644e+01
tdc = 8.110901e+01
Doing analysis at TEMP = 27.000000 and TNOM = 27.000000

Using SPARSE 1.3 as Direct Linear Solver

No. of Data Rows : 801
fcross              =  8.00559e+05
pmarg               =  6.90426e+01
tdc                 =  8.11090e+01
BUFFER FISSA  RLD=50k  pos=1  C=100p
fcross = 8.005592e+05
pmarg = 6.904264e+01
tdc = 8.110901e+01
Doing analysis at TEMP = 27.000000 and TNOM = 27.000000

Using SPARSE 1.3 as Direct Linear Solver

No. of Data Rows : 801
fcross              =  8.04447e+05
pmarg               =  6.83917e+01
tdc                 =  8.11090e+01
BUFFER FISSA  RLD=50k  pos=1  C=220p
fcross = 8.044466e+05
pmarg = 6.839168e+01
tdc = 8.110901e+01
Doing analysis at TEMP = 27.000000 and TNOM = 27.000000

Using SPARSE 1.3 as Direct Linear Solver

No. of Data Rows : 801
fcross              =  8.10899e+05
pmarg               =  6.70203e+01
tdc                 =  8.11090e+01
BUFFER FISSA  RLD=50k  pos=1  C=470p
fcross = 8.108986e+05
pmarg = 6.702033e+01
tdc = 8.110901e+01
Doing analysis at TEMP = 27.000000 and TNOM = 27.000000

Using SPARSE 1.3 as Direct Linear Solver

No. of Data Rows : 801
fcross              =  8.16070e+05
pmarg               =  6.42689e+01
tdc                 =  8.11090e+01
BUFFER FISSA  RLD=50k  pos=1  C=1n
fcross = 8.160698e+05
pmarg = 6.426887e+01
tdc = 8.110901e+01
Doing analysis at TEMP = 27.000000 and TNOM = 27.000000

Using SPARSE 1.3 as Direct Linear Solver

No. of Data Rows : 801
fcross              =  8.10484e+05
pmarg               =  6.22030e+01
tdc                 =  8.11090e+01
BUFFER FISSA  RLD=50k  pos=1  C=1.5n
fcross = 8.104844e+05
pmarg = 6.220303e+01
tdc = 8.110901e+01
Doing analysis at TEMP = 27.000000 and TNOM = 27.000000

Using SPARSE 1.3 as Direct Linear Solver

No. of Data Rows : 801
fcross              =  7.92194e+05
pmarg               =  6.03835e+01
tdc                 =  8.11090e+01
BUFFER FISSA  RLD=50k  pos=1  C=2.2n
fcross = 7.921935e+05
pmarg = 6.038354e+01
tdc = 8.110900e+01
Doing analysis at TEMP = 27.000000 and TNOM = 27.000000

Using SPARSE 1.3 as Direct Linear Solver

No. of Data Rows : 801
fcross              =  7.76413e+05
pmarg               =  5.97098e+01
tdc                 =  8.11090e+01
BUFFER FISSA  RLD=50k  pos=1  C=2.7n
fcross = 7.764132e+05
pmarg = 5.970984e+01
tdc = 8.110900e+01
Doing analysis at TEMP = 27.000000 and TNOM = 27.000000

Using SPARSE 1.3 as Direct Linear Solver

No. of Data Rows : 801
fcross              =  7.57756e+05
pmarg               =  5.93571e+01
tdc                 =  8.11090e+01
BUFFER FISSA  RLD=50k  pos=1  C=3.3n
fcross = 7.577565e+05
pmarg = 5.935707e+01
tdc = 8.110900e+01
Doing analysis at TEMP = 27.000000 and TNOM = 27.000000

Using SPARSE 1.3 as Direct Linear Solver

No. of Data Rows : 801
fcross              =  7.21092e+05
pmarg               =  5.95449e+01
tdc                 =  8.11090e+01
BUFFER FISSA  RLD=50k  pos=1  C=4.7n
fcross = 7.210922e+05
pmarg = 5.954487e+01
tdc = 8.110900e+01
Doing analysis at TEMP = 27.000000 and TNOM = 27.000000

Using SPARSE 1.3 as Direct Linear Solver

No. of Data Rows : 801
fcross              =  7.96985e+05
pmarg               =  6.95757e+01
tdc                 =  8.11090e+01
BUFFER FISSA  RLD=50k  pos=2  C=1f
fcross = 7.969855e+05
pmarg = 6.957569e+01
tdc = 8.110901e+01
Doing analysis at TEMP = 27.000000 and TNOM = 27.000000

Using SPARSE 1.3 as Direct Linear Solver

No. of Data Rows : 801
fcross              =  7.98738e+05
pmarg               =  6.93261e+01
tdc                 =  8.11090e+01
BUFFER FISSA  RLD=50k  pos=2  C=47p
fcross = 7.987380e+05
pmarg = 6.932613e+01
tdc = 8.110901e+01
Doing analysis at TEMP = 27.000000 and TNOM = 27.000000

Using SPARSE 1.3 as Direct Linear Solver

No. of Data Rows : 801
fcross              =  8.00724e+05
pmarg               =  6.90422e+01
tdc                 =  8.11090e+01
BUFFER FISSA  RLD=50k  pos=2  C=100p
fcross = 8.007243e+05
pmarg = 6.904220e+01
tdc = 8.110900e+01
Doing analysis at TEMP = 27.000000 and TNOM = 27.000000

Using SPARSE 1.3 as Direct Linear Solver

No. of Data Rows : 801
fcross              =  8.05261e+05
pmarg               =  6.83894e+01
tdc                 =  8.11090e+01
BUFFER FISSA  RLD=50k  pos=2  C=220p
fcross = 8.052605e+05
pmarg = 6.838936e+01
tdc = 8.110900e+01
Doing analysis at TEMP = 27.000000 and TNOM = 27.000000

Using SPARSE 1.3 as Direct Linear Solver

No. of Data Rows : 801
fcross              =  8.14934e+05
pmarg               =  6.69818e+01
tdc                 =  8.11090e+01
BUFFER FISSA  RLD=50k  pos=2  C=470p
fcross = 8.149336e+05
pmarg = 6.698180e+01
tdc = 8.110900e+01
Doing analysis at TEMP = 27.000000 and TNOM = 27.000000

Using SPARSE 1.3 as Direct Linear Solver

No. of Data Rows : 801
fcross              =  8.36763e+05
pmarg               =  6.37557e+01
tdc                 =  8.11090e+01
BUFFER FISSA  RLD=50k  pos=2  C=1n
fcross = 8.367631e+05
pmarg = 6.375574e+01
tdc = 8.110898e+01
Doing analysis at TEMP = 27.000000 and TNOM = 27.000000

Using SPARSE 1.3 as Direct Linear Solver

No. of Data Rows : 801
fcross              =  8.58882e+05
pmarg               =  6.03747e+01
tdc                 =  8.11090e+01
BUFFER FISSA  RLD=50k  pos=2  C=1.5n
fcross = 8.588822e+05
pmarg = 6.037468e+01
tdc = 8.110897e+01
Doing analysis at TEMP = 27.000000 and TNOM = 27.000000

Using SPARSE 1.3 as Direct Linear Solver

No. of Data Rows : 801
fcross              =  8.91891e+05
pmarg               =  5.50124e+01
tdc                 =  8.11090e+01
BUFFER FISSA  RLD=50k  pos=2  C=2.2n
fcross = 8.918913e+05
pmarg = 5.501240e+01
tdc = 8.110895e+01
Doing analysis at TEMP = 27.000000 and TNOM = 27.000000

Using SPARSE 1.3 as Direct Linear Solver

No. of Data Rows : 801
fcross              =  9.16268e+05
pmarg               =  5.06937e+01
tdc                 =  8.11089e+01
BUFFER FISSA  RLD=50k  pos=2  C=2.7n
fcross = 9.162677e+05
pmarg = 5.069368e+01
tdc = 8.110894e+01
Doing analysis at TEMP = 27.000000 and TNOM = 27.000000

Using SPARSE 1.3 as Direct Linear Solver

No. of Data Rows : 801
fcross              =  9.44064e+05
pmarg               =  4.50486e+01
tdc                 =  8.11089e+01
BUFFER FISSA  RLD=50k  pos=2  C=3.3n
fcross = 9.440644e+05
pmarg = 4.504858e+01
tdc = 8.110893e+01
Doing analysis at TEMP = 27.000000 and TNOM = 27.000000

Using SPARSE 1.3 as Direct Linear Solver

No. of Data Rows : 801
fcross              =  9.81640e+05
pmarg               =  3.18235e+01
tdc                 =  8.11089e+01
BUFFER FISSA  RLD=50k  pos=2  C=4.7n
fcross = 9.816398e+05
pmarg = 3.182346e+01
tdc = 8.110889e+01
Note: Simulation executed from .control section 
