
Note: No compatibility mode selected!


Circuit: tb_v2_casopeggiore.cir - v2 al jack, il caso peggiore col mute reale: ldr vtl5c4 v4 a monte e rele' al jack, guadagno, trim, dispersione, accensione (l29c, nc-028)

Doing analysis at TEMP = 27.000000 and TNOM = 27.000000

Using SPARSE 1.3 as Direct Linear Solver

No. of Data Rows : 1
v(outa) = -1.54537997785518e-02
v(w) = -1.54536421342711e-02
v(main_a) = -9.73967980273835e-02
v(mainjack) = 0.000000000000000e+00
v(st1r) = 1.000000000000000e+00
v(st2r) = 1.000000000000000e+00
v(sk1) = 1.000000000000000e+00
Note: Simulation executed from .control section 
warning, model type mismatch in line
    q121a nmiri nmiri nme1 ls350
warning, model type mismatch in line
    q121b nhi nmiri nme2 ls350
Warning: Model issue on line 122 :
  .model lsk489a njf(beta=2.2m betatce=-.5 rd=11 rs=30 lambda=4.3m vto=-1. ...
unrecognized parameter (isr) - ignored
unrecognized parameter (alpha) - ignored
unrecognized parameter (vk) - ignored
unrecognized parameter (mj) - ignored

