warning, model type mismatch in line
    q121a nmiri nmiri nme1 ls350
warning, model type mismatch in line
    q121b nhi nmiri nme2 ls350

Note: No compatibility mode selected!


Circuit: tb_zout_psrr_noise.cir - l46a esplorazione, variante zxt_r1.87k_cm1n (blocco da inc/zxt_r1.87k_cm1n.inc)

Warning: Model issue on line 122 :
  .model lsk489a njf(beta=2.2m betatce=-.5 rd=11 rs=30 lambda=4.3m vto=-1. ...
unrecognized parameter (isr) - ignored
unrecognized parameter (alpha) - ignored
unrecognized parameter (vk) - ignored
unrecognized parameter (mj) - ignored

Note: Starting dynamic gmin stepping
Note: Dynamic gmin stepping completed
Note: Starting dynamic gmin stepping
Warning: Dynamic gmin stepping failed
Note: Starting true gmin stepping
Note: True gmin stepping completed
Note: Starting dynamic gmin stepping
Note: Dynamic gmin stepping completed
Note: Starting dynamic gmin stepping
Note: Dynamic gmin stepping completed
Note: Starting dynamic gmin stepping
Warning: Dynamic gmin stepping failed
Note: Starting true gmin stepping
Note: True gmin stepping completed
Note: Starting dynamic gmin stepping
Note: Dynamic gmin stepping completed
Note: Starting dynamic gmin stepping
Note: Dynamic gmin stepping completed
Note: Starting dynamic gmin stepping
Warning: Dynamic gmin stepping failed
Note: Starting true gmin stepping
Note: True gmin stepping completed
Note: Starting dynamic gmin stepping
Note: Dynamic gmin stepping completed
########## Zout at the jack, load removed, both gain modes ##########
Doing analysis at TEMP = 27.000000 and TNOM = 27.000000

Using SPARSE 1.3 as Direct Linear Solver

No. of Data Rows : 81
z20                 =  1.69338e+03
z1k                 =  5.79130e+01
z20k                =  4.70235e+01
za20                =  6.23524e-03
za1k                =  2.73623e-02
za20k               =  5.33106e-01
za100k              =  2.67349e+00
MODE=0db
z20 = 1.693377e+03
z1k = 5.791298e+01
z20k = 4.702353e+01
za20 = 6.235243e-03
za1k = 2.736228e-02
za20k = 5.331062e-01
za100k = 2.673485e+00
Doing analysis at TEMP = 27.000000 and TNOM = 27.000000

Using SPARSE 1.3 as Direct Linear Solver

No. of Data Rows : 81
z20                 =  1.69338e+03
z1k                 =  5.79086e+01
z20k                =  4.70575e+01
za20                =  8.85514e-03
za1k                =  3.88574e-02
za20k               =  7.54538e-01
za100k              =  3.52449e+00
MODE=3db
z20 = 1.693377e+03
z1k = 5.790864e+01
z20k = 4.705747e+01
za20 = 8.855138e-03
za1k = 3.885741e-02
za20k = 7.545383e-01
za100k = 3.524491e+00
Doing analysis at TEMP = 27.000000 and TNOM = 27.000000

Using SPARSE 1.3 as Direct Linear Solver

No. of Data Rows : 81
z20                 =  1.69338e+03
z1k                 =  5.78910e+01
z20k                =  4.72862e+01
za20                =  1.96553e-02
za1k                =  8.62335e-02
za20k               =  1.65348e+00
za100k              =  6.26362e+00
MODE=10db
z20 = 1.693377e+03
z1k = 5.789100e+01
z20k = 4.728621e+01
za20 = 1.965533e-02
za1k = 8.623351e-02
za20k = 1.653477e+00
za100k = 6.263624e+00
########## PSRR (input source silenced) ##########
Doing analysis at TEMP = 27.000000 and TNOM = 27.000000

Using SPARSE 1.3 as Direct Linear Solver

No. of Data Rows : 81
p100                =  7.27481e+01
p1k                 =  5.29659e+01
p10k                =  3.29677e+01
p100k               =  1.29400e+01
PSRR+ MODE=0db (dB, bigger is better)
p100 = 7.274814e+01
p1k = 5.296589e+01
p10k = 3.296768e+01
p100k = 1.294004e+01
Doing analysis at TEMP = 27.000000 and TNOM = 27.000000

Using SPARSE 1.3 as Direct Linear Solver

No. of Data Rows : 81
p100                =  6.97017e+01
p1k                 =  4.99195e+01
p10k                =  2.99285e+01
p100k               =  1.05395e+01
PSRR+ MODE=3db (dB, bigger is better)
p100 = 6.970167e+01
p1k = 4.991949e+01
p10k = 2.992852e+01
p100k = 1.053948e+01
Doing analysis at TEMP = 27.000000 and TNOM = 27.000000

Using SPARSE 1.3 as Direct Linear Solver

No. of Data Rows : 81
p100                =  6.27775e+01
p1k                 =  4.29956e+01
p10k                =  2.30322e+01
p100k               =  5.54468e+00
PSRR+ MODE=10db (dB, bigger is better)
p100 = 6.277752e+01
p1k = 4.299557e+01
p10k = 2.303221e+01
p100k = 5.544678e+00
########## PSRR from V- ##########
Doing analysis at TEMP = 27.000000 and TNOM = 27.000000

Using SPARSE 1.3 as Direct Linear Solver

No. of Data Rows : 81
p100                =  8.39421e+01
p1k                 =  1.01850e+02
p10k                =  9.53386e+01
p100k               =  6.93108e+01
PSRR- MODE=0db (dB, bigger is better)
p100 = 8.394211e+01
p1k = 1.018500e+02
p10k = 9.533860e+01
p100k = 6.931082e+01
Doing analysis at TEMP = 27.000000 and TNOM = 27.000000

Using SPARSE 1.3 as Direct Linear Solver

No. of Data Rows : 81
p100                =  8.08957e+01
p1k                 =  9.88018e+01
p10k                =  9.22944e+01
p100k               =  6.69062e+01
PSRR- MODE=3db (dB, bigger is better)
p100 = 8.089572e+01
p1k = 9.880184e+01
p10k = 9.229440e+01
p100k = 6.690625e+01
Doing analysis at TEMP = 27.000000 and TNOM = 27.000000

Using SPARSE 1.3 as Direct Linear Solver

No. of Data Rows : 81
p100                =  7.39719e+01
p1k                 =  9.18729e+01
p10k                =  8.53862e+01
p100k               =  6.19010e+01
PSRR- MODE=10db (dB, bigger is better)
p100 = 7.397189e+01
p1k = 9.187295e+01
p10k = 8.538620e+01
p100k = 6.190095e+01
########## output noise 20 Hz - 20 kHz ##########
Doing analysis at TEMP = 27.000000 and TNOM = 27.000000

Using SPNote: Starting dynamic gmin stepping
Note: Dynamic gmin stepping completed
Note: Starting dynamic gmin stepping
Warning: Dynamic gmin stepping failed
Note: Starting true gmin stepping
Note: True gmin stepping completed
Note: Starting dynamic gmin stepping
Note: Dynamic gmin stepping completed
ARSE 1.3 as Direct Linear Solver

No. of Data Rows : 151

No. of Data Rows : 1
MODE=0db  RSRC=430 (phono cathode follower)
onoise_total = 1.234539e-06
inoise_total = 1.235890e-06
Doing analysis at TEMP = 27.000000 and TNOM = 27.000000

Using SPARSE 1.3 as Direct Linear Solver

No. of Data Rows : 151

No. of Data Rows : 1
MODE=3db  RSRC=430 (phono cathode follower)
onoise_total = 1.660340e-06
inoise_total = 1.171808e-06
Doing analysis at TEMP = 27.000000 and TNOM = 27.000000

Using SPARSE 1.3 as Direct Linear Solver

No. of Data Rows : 151

No. of Data Rows : 1
MODE=10db  RSRC=430 (phono cathode follower)
onoise_total = 3.393858e-06
inoise_total = 1.084086e-06
Doing analysis at TEMP = 27.000000 and TNOM = 27.000000

Using SPARSE 1.3 as Direct Linear Solver

No. of Data Rows : 151

No. of Data Rows : 1
RRG=1G  RSRC=1 ohm (intrinsic)
onoise_total = 1.175693e-06
inoise_total = 1.176477e-06
Doing analysis at TEMP = 27.000000 and TNOM = 27.000000

Using SPARSE 1.3 as Direct Linear Solver

No. of Data Rows : 151

No. of Data Rows : 1
RRG=0.1  RSRC=2500 (attenuator at mid-rotation, +10 dB) - WORST CASE
onoise_total = 4.269307e-06
inoise_total = 1.366536e-06
Note: Simulation executed from .control section 
