warning, model type mismatch in line
    q121a nmiri nmiri nme1 ls350
warning, model type mismatch in line
    q121b nhi nmiri nme2 ls350

Note: No compatibility mode selected!


Circuit: tb_v3_overload.cir - v3 overload recovery, and a fourier run on the manufacturer models (a model figure, not a measurement)

Warning: Model issue on line 122 :
  .model lsk489a njf(beta=2.2m betatce=-.5 rd=11 rs=30 lambda=4.3m vto=-1. ...
unrecognized parameter (isr) - ignored
unrecognized parameter (alpha) - ignored
unrecognized parameter (vk) - ignored
unrecognized parameter (mj) - ignored

Doing analysis at TEMP = 27.000000 and TNOM = 27.000000

Using SPARSE 1.3 as Direct Linear Solver

Initial Transient Solution
--------------------------

Node                                   Voltage
----                                   -------
nref                                  -13.6698
vminus                                     -15
ncasc                                   9.8682
nx                                    0.971367
nhi                                     13.717
out                                 -0.0487016
fb                                  -0.0154507
vplus                                       15
nrefm                                 -14.3349
d1n                                    9.18037
g1                                 4.92304e-09
s1                                   0.0622989
d2n                                    9.18089
g2                                  -0.0154507
s2                                   0.0578885
src                                  -0.165893
nte                                   -14.3752
nmiri                                  13.8068
nme1                                   14.5134
nme2                                   14.5131
nve                                    14.3767
ny                                    -1.03988
nvle                                   -14.386
nbb                                  -0.326409
nbn                                   0.969392
nen                                   0.401795
nbp                                     -1.039
nep                                  -0.499686
in                                 3.99384e-09
rg                                -4.32781e-07
rg10                              -1.78394e-06
nbig                                         0
ngate                                      0.5
srcn                                         0
outa                                -0.0487016
jack                                         0
bsrc#branch                          9.288e-12
vgate#branch                                 0
vbig#branch                                  0
vmm#branch                           0.0336255
vpp#branch                          -0.0325829


No. of Data Rows : 20117
PART 2 - Fourier at 1 kHz. A MODEL FIGURE (L39): not a measurement, not V4 evidence.
Doing analysis at TEMP = 27.000000 and TNOM = 27.000000

Using SPARSE 1.3 as Direct Linear Solver

Initial Transient Solution
--------------------------

Node                                   Voltage
----                                   -------
nref                                  -13.6698
vminus                                     -15
ncasc                                   9.8682
nx                                    0.971367
nhi                                     13.717
out                                 -0.0487016
fb                                  -0.0154507
vplus                                       15
nrefm                                 -14.3349
d1n                                    9.18037
g1                                 4.92304e-09
s1                                   0.0622989
d2n                                    9.18089
g2                                  -0.0154507
s2                                   0.0578885
src                                  -0.165893
nte                                   -14.3752
nmiri                                  13.8068
nme1                                   14.5134
nme2                                   14.5131
nve                                    14.3767
ny                                    -1.03988
nvle                                   -14.386
nbb                                  -0.326409
nbn                                   0.969392
nen                                   0.401795
nbp                                     -1.039
nep                                  -0.499686
in                                 3.99384e-09
rg                                -4.32781e-07
rg10                              -1.78394e-06
nbig                                         0
ngate                                      0.5
srcn                                         0
outa                                -0.0487016
jack                                         0
bsrc#branch                          9.288e-12
vgate#branch                                 0
vbig#branch                                  0
vmm#branch                           0.0336255
vpp#branch                          -0.0325829

 Reference value :  1.00003e-02
No. of Data Rows : 10001
Fourier analysis for v(out):
  No. Harmonics: 10, THD: 0.000211228 %, Gridsize: 200, Interpolation Degree: 1, No. Periods: 1

Harmonic Frequency   Magnitude   Phase       Norm. Mag   Norm. Phase
-------- ---------   ---------   -----       ---------   -----------
 0       0           -0.048701   0           0           0          
 1       1000        1.57478     -0.53154    1           0          
 2       2000        3.32159e-06 166.463     2.10923e-06 166.995    
 3       3000        1.78613e-07 42.3142     1.13421e-07 42.8457    
 4       4000        2.41709e-09 78.379      1.53487e-09 78.9106    
 5       5000        3.20851e-10 -125.35     2.03743e-10 -124.81    
 6       6000        1.76584e-11 -161.57     1.12132e-11 -161.04    
 7       7000        1.1928e-11  177.899     7.57436e-12 178.431    
 8       8000        1.17353e-11 -172.99     7.452e-12   -172.46    
 9       9000        8.35184e-12 -170.7      5.30348e-12 -170.17    

Note: Simulation executed from .control section 
