
Note: No compatibility mode selected!


Circuit: tb_op.cir - gain block operating point, block b wired as the output stage

Doing analysis at TEMP = 27.000000 and TNOM = 27.000000

Using SPARSE 1.3 as Direct Linear Solver

No. of Data Rows : 1
=== NODE VOLTAGES ===
v(in) = 0.000000e+00
v(fb) = -1.18305e-02
v(out) = -1.18305e-02
v(jack) = 0.000000e+00
v(nref) = -1.37002e+01
v(nrefm) = -1.43501e+01
v(ncasc) = 9.886765e+00
v(src) = 2.505437e-01
v(g1) = 9.699853e-10
v(g2) = -1.18305e-02
v(s1) = 4.709767e-01
v(s2) = 4.674966e-01
v(d1n) = 9.208879e+00
v(d2n) = 9.209456e+00
v(nmiri) = 1.415841e+01
v(nhi) = 1.369931e+01
v(nx) = 9.777687e-01
v(ny) = -1.00144e+00
v(nbb) = -2.94347e-01
v(nbn) = 9.762025e-01
v(nbp) = -9.99869e-01
v(nen) = 3.118764e-01
v(nep) = -3.35537e-01
v(nve) = 1.440851e+01
v(nvle) = -1.44094e+01
v(nte) = -1.43964e+01
=== INPUT JFET PAIR (LSK489 halves) ===
@jq110[id] = 2.204330e-03
@jq111[id] = 2.169529e-03
@jq110[vgs] = -4.93020e-01
@jq111[vgs] = -5.01022e-01
@jq110[gm] = 4.378100e-03
@jq111[gm] = 4.343498e-03
=== RAIL CURRENTS (A) ===
i(vpp) = -2.63624e-02
i(vmm) = 2.738550e-02
=== BJT OPERATING POINTS: ic / vce ===
@q106[ic] = 4.373860e-03
@q106[ib] = 3.225203e-05
@q106[vbe] = 6.911076e-01
@q106[vbc] = -1.39295e+01
@q118[ic] = 2.186146e-03
@q118[ib] = 1.818393e-05
@q118[vbe] = 6.753184e-01
@q118[vbc] = -3.80197e+00
@q119[ic] = 2.151693e-03
@q119[ib] = 1.783596e-05
@q119[vbe] = 6.747830e-01
@q119[vbc] = -4.26125e+00
@q122[ic] = -2.12524e-03
@q122[ib] = -1.32683e-05
@q122[vbe] = 7.362700e-01
@q122[vbc] = 2.072165e-02
@q123[ic] = -2.12882e-03
@q123[ib] = -1.31860e-05
@q123[vbe] = 7.361018e-01
@q123[vbc] = -4.38346e-01
@q124[ic] = -6.44253e-03
@q124[ib] = -5.73256e-05
@q124[vbe] = 7.015615e-01
@q124[vbc] = -1.26905e+01
@q127[ic] = 6.442560e-03
@q127[ib] = 4.761158e-05
@q127[vbe] = 7.017478e-01
@q127[vbc] = -1.26675e+01
@q129[ic] = 5.533179e-03
@q129[ib] = 4.564226e-05
@q129[vbe] = 7.005972e-01
@q129[vbc] = -1.24536e+00
@q134[ic] = 1.455733e-02
@q134[ib] = 1.566188e-04
@q134[vbe] = 6.620716e-01
@q134[vbc] = -1.40173e+01
@q135[ic] = -1.45573e-02
@q135[ib] = -1.56650e-04
@q135[vbe] = 6.620770e-01
@q135[vbc] = -1.39936e+01
=== KEY BRANCH CURRENTS ===
@riso[i] = 0.000000e+00
@r138[i] = -2.15511e-11
@r136[i] = 1.471395e-02
@r137[i] = -1.47140e-02
@r107[i] = 4.406110e-03
@r125[i] = 6.499855e-03
@r128[i] = 6.490172e-03
Note: Simulation executed from .control section 
