warning, model type mismatch in line
    q121a nmiri nmiri nme1 ls350
warning, model type mismatch in line
    q121b nhi nmiri nme2 ls350

Note: No compatibility mode selected!


Circuit: tb_e3_e5_ldr.cir - l44, variante cascode_fc1000 (modelli da inc/cascode_fc1000_modelli.lib)

Warning: Model issue on line 122 :
  .model lsk489a njf(beta=2.2m betatce=-.5 rd=11 rs=30 lambda=4.3m vto=-1. ...
unrecognized parameter (isr) - ignored
unrecognized parameter (alpha) - ignored
unrecognized parameter (vk) - ignored
unrecognized parameter (mj) - ignored

Doing analysis at TEMP = 27.000000 and TNOM = 27.000000

Using SPARSE 1.3 as Direct Linear Solver

No. of Data Rows : 1
punto di lavoro: serie curva B a 20 mA = 88.3219 ohm (atteso 88,3 dalla tabella)
Doing analysis at TEMP = 27.000000 and TNOM = 27.000000

Using SPARSE 1.3 as Direct Linear Solver

No. of Data Rows : 1
Doing analysis at TEMP = 27.000000 and TNOM = 27.000000

Using SPARSE 1.3 as Direct Linear Solver

No. of Data Rows : 151
zmin                =  7.63420e+05 at=  1.90999e+04
z20                 =  9.97593e+05
z1k                 =  9.96567e+05
z20k                =  7.49312e+05
E3 stato=gioco pos=0 csel=1f
zmin = 7.634200e+05
Doing analysis at TEMP = 27.000000 and TNOM = 27.000000

Using SPARSE 1.3 as Direct Linear Solver

No. of Data Rows : 1
Doing analysis at TEMP = 27.000000 and TNOM = 27.000000

Using SPARSE 1.3 as Direct Linear Solver

No. of Data Rows : 151
zmin                =  2.77558e+05 at=  1.90999e+04
z20                 =  9.97587e+05
z1k                 =  9.81520e+05
z20k                =  2.66064e+05
E3 stato=gioco pos=0 csel=22p
zmin = 2.775577e+05
Doing analysis at TEMP = 27.000000 and TNOM = 27.000000

Using SPARSE 1.3 as Direct Linear Solver

No. of Data Rows : 1
Doing analysis at TEMP = 27.000000 and TNOM = 27.000000

Using SPARSE 1.3 as Direct Linear Solver

No. of Data Rows : 151
zmin                =  1.10713e+05 at=  1.90999e+04
z20                 =  9.97550e+05
z1k                 =  9.02936e+05
z20k                =  1.05801e+05
E3 stato=gioco pos=0 csel=68p
zmin = 1.107130e+05
Doing analysis at TEMP = 27.000000 and TNOM = 27.000000

Using SPARSE 1.3 as Direct Linear Solver

No. of Data Rows : 1
Doing analysis at TEMP = 27.000000 and TNOM = 27.000000

Using SPARSE 1.3 as Direct Linear Solver

No. of Data Rows : 151
zmin                =  7.63419e+05 at=  1.90999e+04
z20                 =  9.97593e+05
z1k                 =  9.96567e+05
z20k                =  7.49311e+05
E3 stato=gioco pos=6 csel=1f
zmin = 7.634190e+05
Doing analysis at TEMP = 27.000000 and TNOM = 27.000000

Using SPARSE 1.3 as Direct Linear Solver

No. of Data Rows : 1
Doing analysis at TEMP = 27.000000 and TNOM = 27.000000

Using SPARSE 1.3 as Direct Linear Solver

No. of Data Rows : 151
zmin                =  2.77558e+05 at=  1.90999e+04
z20                 =  9.97587e+05
z1k                 =  9.81520e+05
z20k                =  2.66064e+05
E3 stato=gioco pos=6 csel=22p
zmin = 2.775576e+05
Doing analysis at TEMP = 27.000000 and TNOM = 27.000000

Using SPARSE 1.3 as Direct Linear Solver

No. of Data Rows : 1
Doing analysis at TEMP = 27.000000 and TNOM = 27.000000

Using SPARSE 1.3 as Direct Linear Solver

No. of Data Rows : 151
zmin                =  1.10713e+05 at=  1.90999e+04
z20                 =  9.97550e+05
z1k                 =  9.02936e+05
z20k                =  1.05801e+05
E3 stato=gioco pos=6 csel=68p
zmin = 1.107130e+05
Doing analysis at TEMP = 27.000000 and TNOM = 27.000000

Using SPARSE 1.3 as Direct Linear Solver

No. of Data Rows : 1
Doing analysis at TEMP = 27.000000 and TNOM = 27.000000

Using SPARSE 1.3 as Direct Linear Solver

No. of Data Rows : 151
zmin                =  7.63419e+05 at=  1.90999e+04
z20                 =  9.97593e+05
z1k                 =  9.96567e+05
z20k                =  7.49311e+05
E3 stato=gioco pos=12 csel=1f
zmin = 7.634188e+05
Doing analysis at TEMP = 27.000000 and TNOM = 27.000000

Using SPARSE 1.3 as Direct Linear Solver

No. of Data Rows : 1
Doing analysis at TEMP = 27.000000 and TNOM = 27.000000

Using SPARSE 1.3 as Direct Linear Solver

No. of Data Rows : 151
zmin                =  2.77558e+05 at=  1.90999e+04
z20                 =  9.97587e+05
z1k                 =  9.81520e+05
z20k                =  2.66064e+05
E3 stato=gioco pos=12 csel=22p
zmin = 2.775576e+05
Doing analysis at TEMP = 27.000000 and TNOM = 27.000000

Using SPARSE 1.3 as Direct Linear Solver

No. of Data Rows : 1
Doing analysis at TEMP = 27.000000 and TNOM = 27.000000

Using SPARSE 1.3 as Direct Linear Solver

No. of Data Rows : 151
zmin                =  1.10713e+05 at=  1.90999e+04
z20                 =  9.97550e+05
z1k                 =  9.02936e+05
z20k                =  1.05801e+05
E3 stato=gioco pos=12 csel=68p
zmin = 1.107130e+05
Doing analysis at TEMP = 27.000000 and TNOM = 27.000000

Using SPARSE 1.3 as Direct Linear Solver

No. of Data Rows : 1
Doing analysis at TEMP = 27.000000 and TNOM = 27.000000

Using SPARSE 1.3 as Direct Linear Solver

No. of Data Rows : 151
zmin                =  1.55055e+06 at=  1.90999e+04
z20                 =  3.85423e+08
z1k                 =  2.88561e+07
z20k                =  1.48324e+06
E3 stato=mute pos=0 csel=1f
zmin = 1.550553e+06
Doing analysis at TEMP = 27.000000 and TNOM = 27.000000

Using SPARSE 1.3 as Direct Linear Solver

No. of Data Rows : 1
Doing analysis at TEMP = 27.000000 and TNOM = 27.000000

Using SPARSE 1.3 as Direct Linear Solver

No. of Data Rows : 151
zmin                =  3.04464e+05 at=  1.90999e+04
z20                 =  2.34429e+08
z1k                 =  5.78751e+06
z20k                =  2.90858e+05
E3 stato=mute pos=0 csel=22p
zmin = 3.044640e+05
Doing analysis at TEMP = 27.000000 and TNOM = 27.000000

Using SPARSE 1.3 as Direct Linear Solver

No. of Data Rows : 1
Doing analysis at TEMP = 27.000000 and TNOM = 27.000000

Using SPARSE 1.3 as Direct Linear Solver

No. of Data Rows : 151
zmin                =  1.13575e+05 at=  1.90999e+04
z20                 =  1.04506e+08
z1k                 =  2.16558e+06
z20k                =  1.08477e+05
E3 stato=mute pos=0 csel=68p
zmin = 1.135751e+05
Doing analysis at TEMP = 27.000000 and TNOM = 27.000000

Using SPARSE 1.3 as Direct Linear Solver

No. of Data Rows : 1
Doing analysis at TEMP = 27.000000 and TNOM = 27.000000

Using SPARSE 1.3 as Direct Linear Solver

No. of Data Rows : 151
zmin                =  1.55055e+06 at=  1.90999e+04
z20                 =  3.85423e+08
z1k                 =  2.88561e+07
z20k                =  1.48324e+06
E3 stato=mute pos=6 csel=1f
zmin = 1.550553e+06
Doing analysis at TEMP = 27.000000 and TNOM = 27.000000

Using SPARSE 1.3 as Direct Linear Solver

No. of Data Rows : 1
Doing analysis at TEMP = 27.000000 and TNOM = 27.000000

Using SPARSE 1.3 as Direct Linear Solver

No. of Data Rows : 151
zmin                =  3.04464e+05 at=  1.90999e+04
z20                 =  2.34429e+08
z1k                 =  5.78751e+06
z20k                =  2.90858e+05
E3 stato=mute pos=6 csel=22p
zmin = 3.044640e+05
Doing analysis at TEMP = 27.000000 and TNOM = 27.000000

Using SPARSE 1.3 as Direct Linear Solver

No. of Data Rows : 1
Doing analysis at TEMP = 27.000000 and TNOM = 27.000000

Using SPARSE 1.3 as Direct Linear Solver

No. of Data Rows : 151
zmin                =  1.13575e+05 at=  1.90999e+04
z20                 =  1.04506e+08
z1k                 =  2.16558e+06
z20k                =  1.08477e+05
E3 stato=mute pos=6 csel=68p
zmin = 1.135751e+05
Doing analysis at TEMP = 27.000000 and TNOM = 27.000000

Using SPARSE 1.3 as Direct Linear Solver

No. of Data Rows : 1
Doing analysis at TEMP = 27.000000 and TNOM = 27.000000

Using SPARSE 1.3 as Direct Linear Solver

No. of Data Rows : 151
zmin                =  1.55055e+06 at=  1.90999e+04
z20                 =  3.85423e+08
z1k                 =  2.88561e+07
z20k                =  1.48324e+06
E3 stato=mute pos=12 csel=1f
zmin = 1.550553e+06
Doing analysis at TEMP = 27.000000 and TNOM = 27.000000

Using SPARSE 1.3 as Direct Linear Solver

No. of Data Rows : 1
Doing analysis at TEMP = 27.000000 and TNOM = 27.000000

Using SPARSE 1.3 as Direct Linear Solver

No. of Data Rows : 151
zmin                =  3.04464e+05 at=  1.90999e+04
z20                 =  2.34429e+08
z1k                 =  5.78751e+06
z20k                =  2.90858e+05
E3 stato=mute pos=12 csel=22p
zmin = 3.044640e+05
Doing analysis at TEMP = 27.000000 and TNOM = 27.000000

Using SPARSE 1.3 as Direct Linear Solver

No. of Data Rows : 1
Doing analysis at TEMP = 27.000000 and TNOM = 27.000000

Using SPARSE 1.3 as Direct Linear Solver

No. of Data Rows : 151
zmin                =  1.13575e+05 at=  1.90999e+04
z20                 =  1.04506e+08
z1k                 =  2.16558e+06
z20Note: Starting dynamic gmin stepping
Warning: Dynamic gmin stepping failed
Note: Starting true gmin stepping
Note: True gmin stepping completed
Note: Starting dynamic gmin stepping
Warning: Dynamic gmin stepping failed
Note: Starting true gmin stepping
Note: True gmin stepping completed
Note: Starting dynamic gmin stepping
Warning: Dynamic gmin stepping failed
Note: Starting true gmin stepping
Note: True gmin stepping completed
Note: Starting dynamic gmin stepping
Warning: Dynamic gmin stepping failed
Note: Starting true gmin stepping
Note: True gmin stepping completed
Note: Starting dynamic gmin stepping
Warning: Dynamic gmin stepping failed
Note: Starting true gmin stepping
Note: True gmin stepping completed
Note: Starting dynamic gmin stepping
Warning: Dynamic gmin stepping failed
Note: Starting true gmin stepping
Note: True gmin stepping completed
Note: Starting dynamic gmin stepping
Warning: Dynamic gmin stepping failed
Note: Starting true gmin stepping
Note: True gmin stepping completed
Note: Starting dynamic gmin stepping
Warning: Dynamic gmin stepping failed
Note: Starting true gmin stepping
Note: True gmin stepping completed
Note: Starting dynamic gmin stepping
Warning: Dynamic gmin stepping failed
Note: Starting true gmin stepping
Note: True gmin stepping completed
Note: Starting dynamic gmin stepping
Warning: Dynamic gmin stepping failed
Note: Starting true gmin stepping
Note: True gmin stepping completed
k                =  1.08477e+05
E3 stato=mute pos=12 csel=68p
zmin = 1.135751e+05
Doing analysis at TEMP = 27.000000 and TNOM = 27.000000

Using SPARSE 1.3 as Direct Linear Solver

No. of Data Rows : 1
Doing analysis at TEMP = 27.000000 and TNOM = 27.000000

Using SPARSE 1.3 as Direct Linear Solver

No. of Data Rows : 151
zmin                =  2.00226e+06 at=  1.90999e+04
z20                 =  4.48731e+06
z1k                 =  4.45748e+06
z20k                =  1.93703e+06
E3 stato=meta pos=0 csel=1f
zmin = 2.002259e+06
Doing analysis at TEMP = 27.000000 and TNOM = 27.000000

Using SPARSE 1.3 as Direct Linear Solver

No. of Data Rows : 1
Doing analysis at TEMP = 27.000000 and TNOM = 27.000000

Using SPARSE 1.3 as Direct Linear Solver

No. of Data Rows : 151
zmin                =  3.24851e+05 at=  1.90999e+04
z20                 =  4.48684e+06
z1k                 =  3.62487e+06
z20k                =  3.10471e+05
E3 stato=meta pos=0 csel=22p
zmin = 3.248512e+05
Doing analysis at TEMP = 27.000000 and TNOM = 27.000000

Using SPARSE 1.3 as Direct Linear Solver

No. of Data Rows : 1
Doing analysis at TEMP = 27.000000 and TNOM = 27.000000

Using SPARSE 1.3 as Direct Linear Solver

No. of Data Rows : 151
zmin                =  1.16391e+05 at=  1.90999e+04
z20                 =  4.48364e+06
z1k                 =  1.98630e+06
z20k                =  1.11177e+05
E3 stato=meta pos=0 csel=68p
zmin = 1.163911e+05
Doing analysis at TEMP = 27.000000 and TNOM = 27.000000

Using SPARSE 1.3 as Direct Linear Solver

No. of Data Rows : 1
Doing analysis at TEMP = 27.000000 and TNOM = 27.000000

Using SPARSE 1.3 as Direct Linear Solver

No. of Data Rows : 151
zmin                =  2.00226e+06 at=  1.90999e+04
z20                 =  4.48731e+06
z1k                 =  4.45748e+06
z20k                =  1.93703e+06
E3 stato=meta pos=6 csel=1f
zmin = 2.002258e+06
Doing analysis at TEMP = 27.000000 and TNOM = 27.000000

Using SPARSE 1.3 as Direct Linear Solver

No. of Data Rows : 1
Doing analysis at TEMP = 27.000000 and TNOM = 27.000000

Using SPARSE 1.3 as Direct Linear Solver

No. of Data Rows : 151
zmin                =  3.24851e+05 at=  1.90999e+04
z20                 =  4.48684e+06
z1k                 =  3.62487e+06
z20k                =  3.10471e+05
E3 stato=meta pos=6 csel=22p
zmin = 3.248512e+05
Doing analysis at TEMP = 27.000000 and TNOM = 27.000000

Using SPARSE 1.3 as Direct Linear Solver

No. of Data Rows : 1
Doing analysis at TEMP = 27.000000 and TNOM = 27.000000

Using SPARSE 1.3 as Direct Linear Solver

No. of Data Rows : 151
zmin                =  1.16391e+05 at=  1.90999e+04
z20                 =  4.48364e+06
z1k                 =  1.98630e+06
z20k                =  1.11177e+05
E3 stato=meta pos=6 csel=68p
zmin = 1.163911e+05
Doing analysis at TEMP = 27.000000 and TNOM = 27.000000

Using SPARSE 1.3 as Direct Linear Solver

No. of Data Rows : 1
Doing analysis at TEMP = 27.000000 and TNOM = 27.000000

Using SPARSE 1.3 as Direct Linear Solver

No. of Data Rows : 151
zmin                =  2.00226e+06 at=  1.90999e+04
z20                 =  4.48731e+06
z1k                 =  4.45748e+06
z20k                =  1.93703e+06
E3 stato=meta pos=12 csel=1f
zmin = 2.002258e+06
Doing analysis at TEMP = 27.000000 and TNOM = 27.000000

Using SPARSE 1.3 as Direct Linear Solver

No. of Data Rows : 1
Doing analysis at TEMP = 27.000000 and TNOM = 27.000000

Using SPARSE 1.3 as Direct Linear Solver
 Reference value :  2.00000e+01Note: Starting dynamic gmin stepping
Warning: Dynamic gmin stepping failed
Note: Starting true gmin stepping
Note: True gmin stepping completed
Note: Starting dynamic gmin stepping
Warning: Dynamic gmin stepping failed
Note: Starting true gmin stepping
Note: True gmin stepping completed

No. of Data Rows : 151
zmin                =  3.24851e+05 at=  1.90999e+04
z20                 =  4.48684e+06
z1k                 =  3.62487e+06
z20k                =  3.10471e+05
E3 stato=meta pos=12 csel=22p
zmin = 3.248512e+05
Doing analysis at TEMP = 27.000000 and TNOM = 27.000000

Using SPARSE 1.3 as Direct Linear Solver

No. of Data Rows : 1
Doing analysis at TEMP = 27.000000 and TNOM = 27.000000

Using SPARSE 1.3 as Direct Linear Solver

No. of Data Rows : 151
zmin                =  1.16391e+05 at=  1.90999e+04
z20                 =  4.48364e+06
z1k                 =  1.98630e+06
z20k                =  1.11177e+05
E3 stato=meta pos=12 csel=68p
zmin = 1.163911e+05
Doing analysis at TEMP = 27.000000 and TNOM = 27.000000

Using SPARSE 1.3 as Direct Linear Solver

No. of Data Rows : 151

No. of Data Rows : 1
E5 ldr=nessuna pos=0 mode=0db att=max rsrc=1.5
onu = 1.675631e+00
Doing analysis at TEMP = 27.000000 and TNOM = 27.000000

Using SPARSE 1.3 as Direct Linear Solver

No. of Data Rows : 151

No. of Data Rows : 1
E5 ldr=nessuna pos=0 mode=0db att=max rsrc=430
onu = 1.717369e+00
Doing analysis at TEMP = 27.000000 and TNOM = 27.000000

Using SPARSE 1.3 as Direct Linear Solver

No. of Data Rows : 151

No. of Data Rows : 1
E5 ldr=nessuna pos=0 mode=0db att=mid rsrc=1.5
onu = 1.607390e+00
Doing analysis at TEMP = 27.000000 and TNOM = 27.000000

Using SPARSE 1.3 as Direct Linear Solver

No. of Data Rows : 151

No. of Data Rows : 1
E5 ldr=nessuna pos=0 mode=0db att=mid rsrc=430
onu = 1.618312e+00
Doing analysis at TEMP = 27.000000 and TNOM = 27.000000

Using SPARSE 1.3 as Direct Linear Solver

No. of Data Rows : 151

No. of Data Rows : 1
E5 ldr=nessuna pos=0 mode=3db att=max rsrc=1.5
onu = 2.311706e+00
Doing analysis at TEMP = 27.000000 and TNOM = 27.000000

Using SPARSE 1.3 as Direct Linear Solver

No. of Data Rows : 151

No. of Data Rows : 1
E5 ldr=nessuna pos=0 mode=3db att=max rsrc=430
onu = 2.372589e+00
Doing analysis at TEMP = 27.000000 and TNOM = 27.000000

Using SPARSE 1.3 as Direct Linear Solver

No. of Data Rows : 151

No. of Data Rows : 1
E5 ldr=nessuna pos=0 mode=3db att=mid rsrc=1.5
onu = 2.211969e+00
Doing analysis at TEMP = 27.000000 and TNOM = 27.000000

Using SPARSE 1.3 as Direct Linear Solver

No. of Data Rows : 151

No. of Data Rows : 1
E5 ldr=nessuna pos=0 mode=3db att=mid rsrc=430
onu = 2.227948e+00
Doing analysis at TEMP = 27.000000 and TNOM = 27.000000

Using SPARSE 1.3 as Direct Linear Solver

No. of Data Rows : 151

No. of Data Rows : 1
E5 ldr=nessuna pos=0 mode=10db att=max rsrc=1.5
onu = 4.926817e+00
Doing analysis at TEMP = 27.000000 and TNOM = 27.000000

Using SPARSE 1.3 as Direct Linear Solver

No. of Data Rows : 151

No. of Data Rows : 1
E5 ldr=nessuna pos=0 mode=10db att=max rsrc=430
onu = 5.066882e+00
Doing analysis at TEMP = 27.000000 and TNOM = 27.000000

Using SPARSE 1.3 as Direct Linear Solver

No. of Data Rows : 151

No. of Data Rows : 1
E5 ldr=nessuna pos=0 mode=10db att=mid rsrc=1.5
onu = 4.696702e+00
Doing analysis at TEMP = 27.000000 and TNOM = 27.000000

Using SPARSE 1.3 as Direct Linear Solver

No. of Data Rows : 151

No. of Data Rows : 1
E5 ldr=nessuna pos=0 mode=10db att=mid rsrc=430
onu = 4.733626e+00
Doing analysis at TEMP = 27.000000 and TNOM = 27.000000

Using SPARSE 1.3 as Direct Linear Solver

No. of Data Rows : 151

No. of Data Rows : 1
E5 ldr=nessuna pos=6 mode=0db att=max rsrc=1.5
onu = 1.379171e+00
Doing analysis at TEMP = 27.000000 and TNOM = 27.000000

Using SPARSE 1.3 as Direct Linear Solver

No. of Data Rows : 151

No. of Data Rows : 1
E5 ldr=nessuna pos=6 mode=0db att=max rsrc=430
onu = 1.392000e+00
Doing analysis at TEMP = 27.000000 and TNOM = 27.000000

Using SPARSE 1.3 as Direct Linear Solver

No. of Data Rows : 151

No. of Data Rows : 1
E5 ldr=nessuna pos=6 mode=0db att=mid rsrc=1.5
onu = 1.535739e+00
Doing analysis at TEMP = 27.000000 and TNOM = 27.000000

Using SPARSE 1.3 as Direct Linear Solver

No. of Data Rows : 151

No. of Data Rows : 1
E5 ldr=nessuna pos=6 mode=0db att=mid rsrc=430
onu = 1.538617e+00
Doing analysis at TEMP = 27.000000 and TNOM = 27.000000

Using SPARSE 1.3 as Direct Linear Solver

No. of Data Rows : 151

No. of Data Rows : 1
E5 ldr=nessuna pos=6 mode=3db att=max rsrc=1.5
onu = 1.876222e+00
Doing analysis at TEMP = 27.000000 and TNOM = 27.000000

Using SPARSE 1.3 as Direct Linear Solver

No. of Data Rows : 151

No. of Data Rows : 1
E5 ldr=nessuna pos=6 mode=3db att=max rsrc=430
onu = 1.895204e+00
Doing analysis at TEMP = 27.000000 and TNOM = 27.000000

Using SPARSE 1.3 as Direct Linear Solver

No. of Data Rows : 151

No. of Data Rows : 1
E5 ldr=nessuna pos=6 mode=3db att=mid rsrc=1.5
onu = 2.106958e+00
Doing analysis at TEMP = 27.000000 and TNOM = 27.000000

Using SPARSE 1.3 as Direct Linear Solver

No. of Data Rows : 151

No. of Data Rows : 1
E5 ldr=nessuna pos=6 mode=3db att=mid rsrc=430
onu = 2.111182e+00
Doing analysis at TEMP = 27.000000 and TNOM = 27.000000

Using SPARSE 1.3 as Direct Linear Solver

No. of Data Rows : 151

No. of Data Rows : 1
E5 ldr=nessuna pos=6 mode=10db att=max rsrc=1.5
onu = 3.914335e+00
Doing analysis at TEMP = 27.000000 and TNOM = 27.000000

Using SPARSE 1.3 as Direct Linear Solver

No. of Data Rows : 151

No. of Data Rows : 1
E5 ldr=nessuna pos=6 mode=10db att=max rsrc=430
onu = 3.958963e+00
Doing analysis at TEMP = 27.000000 and TNOM = 27.000000

Using SPARSE 1.3 as Direct Linear Solver

No. of Data Rows : 151

No. of Data Rows : 1
E5 ldr=nessuna pos=6 mode=10db att=mid rsrc=1.5
onu = 4.453419e+00
Doing analysis at TEMP = 27.000000 and TNOM = 27.000000

Using SPARSE 1.3 as Direct Linear Solver

No. of Data Rows : 151

No. of Data Rows : 1
E5 ldr=nessuna pos=6 mode=10db att=mid rsrc=430
onu = 4.463228e+00
Doing analysis at TEMP = 27.000000 and TNOM = 27.000000

Using SPARSE 1.3 as Direct Linear Solver

No. of Data Rows : 151

No. of Data Rows : 1
E5 ldr=nessuna pos=12 mode=0db att=max rsrc=1.5
onu = 1.269045e+00
Doing analysis at TEMP = 27.000000 and TNOM = 27.000000

Using SPARSE 1.3 as Direct Linear Solver

No. of Data Rows : 151

No. of Data Rows : 1
E5 ldr=nessuna pos=12 mode=0db att=max rsrc=430
onu = 1.272610e+00
Doing analysis at TEMP = 27.000000 and TNOM = 27.000000

Using SPARSE 1.3 as Direct Linear Solver

No. of Data Rows : 151

No. of Data Rows : 1
E5 ldr=nessuna pos=12 mode=0db att=mid rsrc=1.5
onu = 1.511919e+00
Doing analysis at TEMP = 27.000000 and TNOM = 27.000000

Using SPARSE 1.3 as Direct Linear Solver

No. of Data Rows : 151

No. of Data Rows : 1
E5 ldr=nessuna pos=12 mode=0db att=mid rsrc=430
onu = 1.512665e+00
Doing analysis at TEMP = 27.000000 and TNOM = 27.000000

Using SPARSE 1.3 as Direct Linear Solver

No. of Data Rows : 151

No. of Data Rows : 1
E5 ldr=nessuna pos=12 mode=3db att=max rsrc=1.5
onu = 1.712570e+00
Doing analysis at TEMP = 27.000000 and TNOM = 27.000000

Using SPARSE 1.3 as Direct Linear Solver

No. of Data Rows : 151

No. of Data Rows : 1
E5 ldr=nessuna pos=12 mode=3db att=max rsrc=430
onu = 1.717889e+00
Doing analysis at TEMP = 27.000000 and TNOM = 27.000000

Using SPARSE 1.3 as Direct Linear Solver

No. of Data Rows : 151

No. of Data Rows : 1
E5 ldr=nessuna pos=12 mode=3db att=mid rsrc=1.5
onu = 2.071974e+00
Doing analysis at TEMP = 27.000000 and TNOM = 27.000000

Using SPARSE 1.3 as Direct Linear Solver

No. of Data Rows : 151

No. of Data Rows : 1
E5 ldr=nessuna pos=12 mode=3db att=mid rsrc=430
onu = 2.073070e+00
Doing analysis at TEMP = 27.000000 and TNOM = 27.000000

Using SPARSE 1.3 as Direct Linear Solver

No. of Data Rows : 151

No. of Data Rows : 1
E5 ldr=nessuna pos=12 mode=10db att=max rsrc=1.5
onu = 3.526949e+00
Doing analysis at TEMP = 27.000000 and TNOM = 27.000000

Using SPARSE 1.3 as Direct Linear Solver

No. of Data Rows : 151

No. of Data Rows : 1
E5 ldr=nessuna pos=12 mode=10db att=max rsrc=430
onu = 3.539623e+00
Doing analysis at TEMP = 27.000000 and TNOM = 27.000000

Using SPARSE 1.3 as Direct Linear Solver

No. of Data Rows : 151

No. of Data Rows : 1
E5 ldr=nessuna pos=12 mode=10db att=mid rsrc=1.5
onu = 4.372115e+00
Doing analysis at TEMP = 27.000000 and TNOM = 27.000000

Using SPARSE 1.3 as Direct Linear Solver

No. of Data Rows : 151

No. of Data Rows : 1
E5 ldr=nessuna pos=12 mode=10db att=mid rsrc=430
onu = 4.374664e+00
Doing analysis at TEMP = 27.000000 and TNOM = 27.000000

Using SPARSE 1.3 as Direct Linear Solver

No. of Data Rows : 151

No. of Data Rows : 1
E5 ldr=curvab pos=0 mode=0db att=max rsrc=1.5
onu = 1.684319e+00
Doing analysis at TEMP = 27.000000 and TNOM = 27.000000

Using SPARSE 1.3 as Direct Linear Solver

No. of Data Rows : 151

No. of Data Rows : 1
E5 ldr=curvab pos=0 mode=0db att=max rsrc=430
onu = 1.725840e+00
Doing analysis at TEMP = 27.000000 and TNOM = 27.000000

Using SPARSE 1.3 as Direct Linear Solver
 Reference value :  7.60379e+02
No. of Data Rows : 151

No. of Data Rows : 1
E5 ldr=curvab pos=0 mode=0db att=mid rsrc=1.5
onu = 1.609648e+00
Doing analysis at TEMP = 27.000000 and TNOM = 27.000000

Using SPARSE 1.3 as Direct Linear Solver

No. of Data Rows : 151

No. of Data Rows : 1
E5 ldr=curvab pos=0 mode=0db att=mid rsrc=430
onu = 1.620552e+00
Doing analysis at TEMP = 27.000000 and TNOM = 27.000000

Using SPARSE 1.3 as Direct Linear Solver

No. of Data Rows : 151

No. of Data Rows : 1
E5 ldr=curvab pos=0 mode=3db att=max rsrc=1.5
onu = 2.324387e+00
Doing analysis at TEMP = 27.000000 and TNOM = 27.000000

Using SPARSE 1.3 as Direct Linear Solver

No. of Data Rows : 151

No. of Data Rows : 1
E5 ldr=curvab pos=0 mode=3db att=max rsrc=430
onu = 2.384935e+00
Doing analysis at TEMP = 27.000000 and TNOM = 27.000000

Using SPARSE 1.3 as Direct Linear Solver

No. of Data Rows : 151

No. of Data Rows : 1
E5 ldr=curvab pos=0 mode=3db att=mid rsrc=1.5
onu = 2.215273e+00
Doing analysis at TEMP = 27.000000 and TNOM = 27.000000

Using SPARSE 1.3 as Direct Linear Solver

No. of Data Rows : 151

No. of Data Rows : 1
E5 ldr=curvab pos=0 mode=3db att=mid rsrc=430
onu = 2.231225e+00
Doing analysis at TEMP = 27.000000 and TNOM = 27.000000

Using SPARSE 1.3 as Direct Linear Solver

No. of Data Rows : 151

No. of Data Rows : 1
E5 ldr=curvab pos=0 mode=10db att=max rsrc=1.5
onu = 4.956014e+00
Doing analysis at TEMP = 27.000000 and TNOM = 27.000000

Using SPARSE 1.3 as Direct Linear Solver

No. of Data Rows : 151

No. of Data Rows : 1
E5 ldr=curvab pos=0 mode=10db att=max rsrc=430
onu = 5.095251e+00
Doing analysis at TEMP = 27.000000 and TNOM = 27.000000

Using SPARSE 1.3 as Direct Linear Solver

No. of Data Rows : 151

No. of Data Rows : 1
E5 ldr=curvab pos=0 mode=10db att=mid rsrc=1.5
onu = 4.704337e+00
Doing analysis at TEMP = 27.000000 and TNOM = 27.000000

Using SPARSE 1.3 as Direct Linear Solver

No. of Data Rows : 151

No. of Data Rows : 1
E5 ldr=curvab pos=0 mode=10db att=mid rsrc=430
onu = 4.741195e+00
Doing analysis at TEMP = 27.000000 and TNOM = 27.000000

Using SPARSE 1.3 as Direct Linear Solver

No. of Data Rows : 151

No. of Data Rows : 1
E5 ldr=curvab pos=6 mode=0db att=max rsrc=1.5
onu = 1.381826e+00
Doing analysis at TEMP = 27.000000 and TNOM = 27.000000

Using SPARSE 1.3 as Direct Linear Solver

No. of Data Rows : 151

No. of Data Rows : 1
E5 ldr=curvab pos=6 mode=0db att=max rsrc=430
onu = 1.394627e+00
Doing analysis at TEMP = 27.000000 and TNOM = 27.000000

Using SPARSE 1.3 as Direct Linear Solver

No. of Data Rows : 151

No. of Data Rows : 1
E5 ldr=curvab pos=6 mode=0db att=mid rsrc=1.5
onu = 1.536333e+00
Doing analysis at TEMP = 27.000000 and TNOM = 27.000000

Using SPARSE 1.3 as Direct Linear Solver

No. of Data Rows : 151

No. of Data Rows : 1
E5 ldr=curvab pos=6 mode=0db att=mid rsrc=430
onu = 1.539209e+00
Doing analysis at TEMP = 27.000000 and TNOM = 27.000000

Using SPARSE 1.3 as Direct Linear Solver

No. of Data Rows : 151

No. of Data Rows : 1
E5 ldr=curvab pos=6 mode=3db att=max rsrc=1.5
onu = 1.880150e+00
Doing analysis at TEMP = 27.000000 and TNOM = 27.000000

Using SPARSE 1.3 as Direct Linear Solver

No. of Data Rows : 151

No. of Data Rows : 1
E5 ldr=curvab pos=6 mode=3db att=max rsrc=430
onu = 1.899090e+00
Doing analysis at TEMP = 27.000000 and TNOM = 27.000000

Using SPARSE 1.3 as Direct Linear Solver

No. of Data Rows : 151

No. of Data Rows : 1
E5 ldr=curvab pos=6 mode=3db att=mid rsrc=1.5
onu = 2.107829e+00
Doing analysis at TEMP = 27.000000 and TNOM = 27.000000

Using SPARSE 1.3 as Direct Linear Solver

No. of Data Rows : 151

No. of Data Rows : 1
E5 ldr=curvab pos=6 mode=3db att=mid rsrc=430
onu = 2.112051e+00
Doing analysis at TEMP = 27.000000 and TNOM = 27.000000

Using SPARSE 1.3 as Direct Linear Solver

No. of Data Rows : 151

No. of Data Rows : 1
E5 ldr=curvab pos=6 mode=10db att=max rsrc=1.5
onu = 3.923576e+00
Doing analysis at TEMP = 27.000000 and TNOM = 27.000000

Using SPARSE 1.3 as Direct Linear Solver

No. of Data Rows : 151

No. of Data Rows : 1
E5 ldr=curvab pos=6 mode=10db att=max rsrc=430
onu = 3.968092e+00
Doing analysis at TEMP = 27.000000 and TNOM = 27.000000

Using SPARSE 1.3 as Direct Linear Solver

No. of Data Rows : 151

No. of Data Rows : 1
E5 ldr=curvab pos=6 mode=10db att=mid rsrc=1.5
onu = 4.455443e+00
Doing analysis at TEMP = 27.000000 and TNOM = 27.000000

Using SPARSE 1.3 as Direct Linear Solver

No. of Data Rows : 151

No. of Data Rows : 1
E5 ldr=curvab pos=6 mode=10db att=mid rsrc=430
onu = 4.465245e+00
Doing analysis at TEMP = 27.000000 and TNOM = 27.000000

Using SPARSE 1.3 as Direct Linear Solver

No. of Data Rows : 151

No. of Data Rows : 1
E5 ldr=curvab pos=12 mode=0db att=max rsrc=1.5
onu = 1.269781e+00
Doing analysis at TEMP = 27.000000 and TNOM = 27.000000

Using SPARSE 1.3 as Direct Linear Solver

No. of Data Rows : 151

No. of Data Rows : 1
E5 ldr=curvab pos=12 mode=0db att=max rsrc=430
onu = 1.273343e+00
Doing analysis at TEMP = 27.000000 and TNOM = 27.000000

Using SPARSE 1.3 as Direct Linear Solver

No. of Data Rows : 151

No. of Data Rows : 1
E5 ldr=curvab pos=12 mode=0db att=mid rsrc=1.5
onu = 1.512073e+00
Doing analysis at TEMP = 27.000000 and TNOM = 27.000000

Using SPARSE 1.3 as Direct Linear Solver

No. of Data Rows : 151

No. of Data Rows : 1
E5 ldr=curvab pos=12 mode=0db att=mid rsrc=430
onu = 1.512818e+00
Doing analysis at TEMP = 27.000000 and TNOM = 27.000000

Using SPARSE 1.3 as Direct Linear Solver

No. of Data Rows : 151

No. of Data Rows : 1
E5 ldr=curvab pos=12 mode=3db att=max rsrc=1.5
onu = 1.713668e+00
Doing analysis at TEMP = 27.000000 and TNOM = 27.000000

Using SPARSE 1.3 as Direct Linear Solver

No. of Data Rows : 151

No. of Data Rows : 1
E5 ldr=curvab pos=12 mode=3db att=max rsrc=430
onu = 1.718983e+00
Doing analysis at TEMP = 27.000000 and TNOM = 27.000000

Using SPARSE 1.3 as Direct Linear Solver

No. of Data Rows : 151

No. of Data Rows : 1
E5 ldr=curvab pos=12 mode=3db att=mid rsrc=1.5
onu = 2.072200e+00
Doing analysis at TEMP = 27.000000 and TNOM = 27.000000

Using SPARSE 1.3 as Direct Linear Solver

No. of Data Rows : 151

No. of Data Rows : 1
E5 ldr=curvab pos=12 mode=3db att=mid rsrc=430
onu = 2.073296e+00
Doing analysis at TEMP = 27.000000 and TNOM = 27.000000

Using SPARSE 1.3 as Direct Linear Solver

No. of Data Rows : 151

No. of Data Rows : 1
E5 ldr=curvab pos=12 mode=10db att=max rsrc=1.5
onu = 3.529566e+00
Doing analysis at TEMP = 27.000000 and TNOM = 27.000000

Using SPARSE 1.3 as Direct Linear Solver

No. of Data Rows : 151

No. of Data Rows : 1
E5 ldr=curvab pos=12 mode=10db att=max rsrc=430
onu = 3.542228e+00
Doing analysis at TEMP = 27.000000 and TNOM = 27.000000

Using SPARSE 1.3 as Direct Linear Solver

No. of Data Rows : 151

No. of Data Rows : 1
E5 ldr=curvab pos=12 mode=10db att=mid rsrc=1.5
onu = 4.372641e+00
Doing analysis at TEMP = 27.000000 and TNOM = 27.000000

Using SPARSE 1.3 as Direct Linear Solver

No. of Data Rows : 151

No. of Data Rows : 1
E5 ldr=curvab pos=12 mode=10db att=mid rsrc=430
onu = 4.375188e+00
Doing analysis at TEMP = 27.000000 and TNOM = 27.000000

Using SPARSE 1.3 as Direct Linear Solver

No. of Data Rows : 151

No. of Data Rows : 1
E5 ldr=curvad pos=0 mode=0db att=max rsrc=1.5
onu = 1.687231e+00
Doing analysis at TEMP = 27.000000 and TNOM = 27.000000

Using SPARSE 1.3 as Direct Linear Solver

No. of Data Rows : 151

No. of Data Rows : 1
E5 ldr=curvad pos=0 mode=0db att=max rsrc=430
onu = 1.728680e+00
Doing analysis at TEMP = 27.000000 and TNOM = 27.000000

Using SPARSE 1.3 as Direct Linear Solver

No. of Data Rows : 151

No. of Data Rows : 1
E5 ldr=curvad pos=0 mode=0db att=mid rsrc=1.5
onu = 1.610406e+00
Doing analysis at TEMP = 27.000000 and TNOM = 27.000000

Using SPARSE 1.3 as Direct Linear Solver

No. of Data Rows : 151

No. of Data Rows : 1
E5 ldr=curvad pos=0 mode=0db att=mid rsrc=430
onu = 1.621305e+00
Doing analysis at TEMP = 27.000000 and TNOM = 27.000000

Using SPARSE 1.3 as Direct Linear Solver

No. of Data Rows : 151

No. of Data Rows : 1
E5 ldr=curvad pos=0 mode=3db att=max rsrc=1.5
onu = 2.328636e+00
Doing analysis at TEMP = 27.000000 and TNOM = 27.000000

Using SPARSE 1.3 as Direct Linear Solver

No. of Data Rows : 151

No. of Data Rows : 1
E5 ldr=curvad pos=0 mode=3db att=max rsrc=430
onu = 2.389073e+00
Doing analysis at TEMP = 27.000000 and TNOM = 27.000000

Using SPARSE 1.3 as Direct Linear Solver

No. of Data Rows : 151

No. of Data Rows : 1
E5 ldr=curvad pos=0 mode=3db att=mid rsrc=1.5
onu = 2.216382e+00
Doing analysis at TEMP = 27.000000 and TNOM = 27.000000

Using SPARSE 1.3 as Direct Linear Solver

No. of Data Rows : 151

No. of Data Rows : 1
E5 ldr=curvad pos=0 mode=3db att=mid rsrc=430
onu = 2.232326e+00
Doing analysis at TEMP = 27.000000 and TNOM = 27.000000

Using SPARSE 1.3 as Direct Linear Solver

No. of Data Rows : 151

No. of Data Rows : 1
E5 ldr=curvad pos=0 mode=10db att=max rsrc=1.5
onu = 4.965794e+00
Doing analysis at TEMP = 27.000000 and TNOM = 27.000000

Using SPARSE 1.3 as Direct Linear Solver

No. of Data Rows : 151

No. of Data Rows : 1
E5 ldr=curvad pos=0 mode=10db att=max rsrc=430
onu = 5.104757e+00
Doing analysis at TEMP = 27.000000 and TNOM = 27.000000

Using SPARSE 1.3 as Direct Linear Solver

No. of Data Rows : 151

No. of Data Rows : 1
E5 ldr=curvad pos=0 mode=10db att=mid rsrc=1.5
onu = 4.706902e+00
Doing analysis at TEMP = 27.000000 and TNOM = 27.000000

Using SPARSE 1.3 as Direct Linear Solver

No. of Data Rows : 151

No. of Data Rows : 1
E5 ldr=curvad pos=0 mode=10db att=mid rsrc=430
onu = 4.743738e+00
Doing analysis at TEMP = 27.000000 and TNOM = 27.000000

Using SPARSE 1.3 as Direct Linear Solver

No. of Data Rows : 151

No. of Data Rows : 1
E5 ldr=curvad pos=6 mode=0db att=max rsrc=1.5
onu = 1.382717e+00
Doing analysis at TEMP = 27.000000 and TNOM = 27.000000

Using SPARSE 1.3 as Direct Linear Solver

No. of Data Rows : 151

No. of Data Rows : 1
E5 ldr=curvad pos=6 mode=0db att=max rsrc=430
onu = 1.395510e+00
Doing analysis at TEMP = 27.000000 and TNOM = 27.000000

Using SPARSE 1.3 as Direct Linear Solver

No. of Data Rows : 151

No. of Data Rows : 1
E5 ldr=curvad pos=6 mode=0db att=mid rsrc=1.5
onu = 1.536532e+00
Doing analysis at TEMP = 27.000000 and TNOM = 27.000000

Using SPARSE 1.3 as Direct Linear Solver

No. of Data Rows : 151

No. of Data Rows : 1
E5 ldr=curvad pos=6 mode=0db att=mid rsrc=430
onu = 1.539408e+00
Doing analysis at TEMP = 27.000000 and TNOM = 27.000000

Using SPARSE 1.3 as Direct Linear Solver

No. of Data Rows : 151

No. of Data Rows : 1
E5 ldr=curvad pos=6 mode=3db att=max rsrc=1.5
onu = 1.881470e+00
Doing analysis at TEMP = 27.000000 and TNOM = 27.000000

Using SPARSE 1.3 as Direct Linear Solver

No. of Data Rows : 151

No. of Data Rows : 1
E5 ldr=curvad pos=6 mode=3db att=max rsrc=430
onu = 1.900395e+00
Doing analysis at TEMP = 27.000000 and TNOM = 27.000000

Using SPARSE 1.3 as Direct Linear Solver
 Reference value :  2.89088e+03
No. of Data Rows : 151

No. of Data Rows : 1
E5 ldr=curvad pos=6 mode=3db att=mid rsrc=1.5
onu = 2.108122e+00
Doing analysis at TEMP = 27.000000 and TNOM = 27.000000

Using SPARSE 1.3 as Direct Linear Solver

No. of Data Rows : 151

No. of Data Rows : 1
E5 ldr=curvad pos=6 mode=3db att=mid rsrc=430
onu = 2.112344e+00
Doing analysis at TEMP = 27.000000 and TNOM = 27.000000

Using SPARSE 1.3 as Direct Linear Solver

No. of Data Rows : 151

No. of Data Rows : 1
E5 ldr=curvad pos=6 mode=10db att=max rsrc=1.5
onu = 3.926679e+00
Doing analysis at TEMP = 27.000000 and TNOM = 27.000000

Using SPARSE 1.3 as Direct Linear Solver

No. of Data Rows : 151

No. of Data Rows : 1
E5 ldr=curvad pos=6 mode=10db att=max rsrc=430
onu = 3.971157e+00
Doing analysis at TEMP = 27.000000 and TNOM = 27.000000

Using SPARSE 1.3 as Direct Linear Solver

No. of Data Rows : 151

No. of Data Rows : 1
E5 ldr=curvad pos=6 mode=10db att=mid rsrc=1.5
onu = 4.456123e+00
Doing analysis at TEMP = 27.000000 and TNOM = 27.000000

Using SPARSE 1.3 as Direct Linear Solver

No. of Data Rows : 151

No. of Data Rows : 1
E5 ldr=curvad pos=6 mode=10db att=mid rsrc=430
onu = 4.465923e+00
Doing analysis at TEMP = 27.000000 and TNOM = 27.000000

Using SPARSE 1.3 as Direct Linear Solver

No. of Data Rows : 151

No. of Data Rows : 1
E5 ldr=curvad pos=12 mode=0db att=max rsrc=1.5
onu = 1.270028e+00
Doing analysis at TEMP = 27.000000 and TNOM = 27.000000

Using SPARSE 1.3 as Direct Linear Solver

No. of Data Rows : 151

No. of Data Rows : 1
E5 ldr=curvad pos=12 mode=0db att=max rsrc=430
onu = 1.273590e+00
Doing analysis at TEMP = 27.000000 and TNOM = 27.000000

Using SPARSE 1.3 as Direct Linear Solver

No. of Data Rows : 151

No. of Data Rows : 1
E5 ldr=curvad pos=12 mode=0db att=mid rsrc=1.5
onu = 1.512124e+00
Doing analysis at TEMP = 27.000000 and TNOM = 27.000000

Using SPARSE 1.3 as Direct Linear Solver

No. of Data Rows : 151

No. of Data Rows : 1
E5 ldr=curvad pos=12 mode=0db att=mid rsrc=430
onu = 1.512870e+00
Doing analysis at TEMP = 27.000000 and TNOM = 27.000000

Using SPARSE 1.3 as Direct Linear Solver

No. of Data Rows : 151

No. of Data Rows : 1
E5 ldr=curvad pos=12 mode=3db att=max rsrc=1.5
onu = 1.714037e+00
Doing analysis at TEMP = 27.000000 and TNOM = 27.000000

Using SPARSE 1.3 as Direct Linear Solver

No. of Data Rows : 151

No. of Data Rows : 1
E5 ldr=curvad pos=12 mode=3db att=max rsrc=430
onu = 1.719351e+00
Doing analysis at TEMP = 27.000000 and TNOM = 27.000000

Using SPARSE 1.3 as Direct Linear Solver

No. of Data Rows : 151

No. of Data Rows : 1
E5 ldr=curvad pos=12 mode=3db att=mid rsrc=1.5
onu = 2.072276e+00
Doing analysis at TEMP = 27.000000 and TNOM = 27.000000

Using SPARSE 1.3 as Direct Linear Solver

No. of Data Rows : 151

No. of Data Rows : 1
E5 ldr=curvad pos=12 mode=3db att=mid rsrc=430
onu = 2.073372e+00
Doing analysis at TEMP = 27.000000 and TNOM = 27.000000

Using SPARSE 1.3 as Direct Linear Solver

No. of Data Rows : 151

No. of Data Rows : 1
E5 ldr=curvad pos=12 mode=10db att=max rsrc=1.5
onu = 3.530445e+00
Doing analysis at TEMP = 27.000000 and TNOM = 27.000000

Using SPARSE 1.3 as Direct Linear Solver

No. of Data Rows : 151

No. of Data Rows : 1
E5 ldr=curvad pos=12 mode=10db att=max rsrc=430
onu = 3.543103e+00
Doing analysis at TEMP = 27.000000 and TNOM = 27.000000

Using SPARSE 1.3 as Direct Linear Solver

No. of Data Rows : 151

No. of Data Rows : 1
E5 ldr=curvad pos=12 mode=10db att=mid rsrc=1.5
onu = 4.372817e+00
Doing analysis at TEMP = 27.000000 and TNOM = 27.000000

Using SPARSE 1.3 as Direct Linear Solver

No. of Data Rows : 151

No. of Data Rows : 1
E5 ldr=curvad pos=12 mode=10db att=mid rsrc=430
onu = 4.375365e+00
Doing analysis at TEMP = 27.000000 and TNOM = 27.000000

Using SPARSE 1.3 as Direct Linear Solver

No. of Data Rows : 2000
hmax                =  9.41831e-08 at=  2.00000e+04
CIO lato=serie_lato_sorgente mode=0db
hmax = 9.418311e-08
hintv = 7.689914e-06
eamax = 1.300405e+08
Doing analysis at TEMP = 27.000000 and TNOM = 27.000000

Using SPARSE 1.3 as Direct Linear Solver

No. of Data Rows : 2000
hmax                =  2.94740e-07 at=  2.00000e+04
CIO lato=serie_lato_sorgente mode=10db
hmax = 2.947396e-07
hintv = 2.413161e-05
eamax = 4.143943e+07
Doing analysis at TEMP = 27.000000 and TNOM = 27.000000

Using SPARSE 1.3 as Direct Linear Solver

No. of Data Rows : 2000
hmax                =  5.63980e-06 at=  2.00000e+04
CIO lato=nodo_ain mode=0db
hmax = 5.639804e-06
hintv = 4.604818e-04
eamax = 2.171639e+06
Doing analysis at TEMP = 27.000000 and TNOM = 27.000000

Using SPARSE 1.3 as Direct Linear Solver

No. of Data Rows : 2000
hmax                =  1.76494e-05 at=  2.00000e+04
CIO lato=nodo_ain mode=10db
hmax = 1.764938e-05
hintv = 1.445031e-03
eamax = 6.920266e+05
Note: Simulation executed from .control section 
