warning, model type mismatch in line
    q121a nmiri nmiri nme1 ls350
warning, model type mismatch in line
    q121b nhi nmiri nme2 ls350

Note: No compatibility mode selected!


Circuit: tb_op.cir - l46b esplorazione, variante sv_r10_esr0_r120_237 (blocco da inc/sv_r10_esr0_r120_237.inc)

Warning: Model issue on line 122 :
  .model lsk489a njf(beta=2.2m betatce=-.5 rd=11 rs=30 lambda=4.3m vto=-1. ...
unrecognized parameter (isr) - ignored
unrecognized parameter (alpha) - ignored
unrecognized parameter (vk) - ignored
unrecognized parameter (mj) - ignored

Doing analysis at TEMP = 27.000000 and TNOM = 27.000000

Using SPARSE 1.3 as Direct Linear Solver

No. of Data Rows : 1
=== NODE VOLTAGES ===
v(in) = 0.000000e+00
v(fb) = 2.783654e-02
v(out) = 2.783661e-02
v(jack) = 0.000000e+00
v(nref) = -1.36718e+01
v(nrefm) = -1.43359e+01
v(ncasc) = 9.868566e+00
v(src) = -1.41771e-01
v(g1) = 9.309088e-10
v(g2) = 2.783654e-02
v(s1) = 7.953347e-02
v(s2) = 8.747105e-02
v(d1n) = 9.181530e+00
v(d2n) = 9.180604e+00
v(nmiri) = 1.364215e+01
v(nhi) = 1.357115e+01
v(nx) = 1.053225e+00
v(ny) = -9.67926e-01
v(nbb) = -2.40328e-01
v(nbn) = 1.051225e+00
v(nbp) = -9.67041e-01
v(nen) = 4.831845e-01
v(nep) = -4.27511e-01
v(nve) = 1.424363e+01
v(nvle) = -1.44010e+01
v(nte) = -1.43772e+01
=== INPUT JFET PAIR (LSK489 halves) ===
@jq110a[id] = 2.213042e-03
@jq110b[id] = 2.292418e-03
@jq110a[vgs] = -1.45925e-01
@jq110b[vgs] = -1.28407e-01
@jq110a[gm] = 4.497709e-03
@jq110b[gm] = 4.577544e-03
=== RAIL CURRENTS (A) ===
i(vpp) = -3.67033e-02
i(vmm) = 3.772408e-02
=== BJT OPERATING POINTS: ic / vce ===
@q106[ic] = 4.505460e-03
@q106[ib] = 4.037046e-05
@q106[vbe] = 7.043247e-01
@q106[vbc] = -1.27448e+01
@q117[ic] = 2.192659e-03
@q117[ib] = 2.038273e-05
@q117[vbe] = 6.865221e-01
@q117[vbc] = -3.32473e+00
@q118[ic] = 2.271314e-03
@q118[ib] = 2.110415e-05
@q118[vbe] = 6.874289e-01
@q118[vbc] = -3.38202e+00
@q121a[ic] = -2.25754e-03
@q121a[ib] = -8.77323e-06
@q121a[vbe] = 7.044652e-01
@q121a[vbc] = 5.214414e-01
@q121b[ic] = -2.10968e-03
@q121b[ib] = -4.99766e-06
@q121b[vbe] = 7.023430e-01
@q121b[vbc] = 4.165605e-01
@q122[ic] = -1.07134e-02
@q122[ib] = -8.29756e-05
@q122[vbe] = 6.696959e-01
@q122[vbc] = -1.23649e+01
@q125[ic] = 1.060192e-02
@q125[ib] = 9.519787e-05
@q125[vbe] = 7.266361e-01
@q125[vbc] = -1.07985e+01
@q127[ic] = 9.694668e-03
@q127[ib] = 9.110628e-05
@q127[vbe] = 7.253240e-01
@q127[vbc] = 4.247525e-01
@q132[ic] = 2.049759e-02
@q132[ib] = 2.000433e-04
@q132[vbe] = 5.661282e-01
@q132[vbc] = -1.39488e+01
@q133[ic] = -2.06091e-02
@q133[ib] = -8.85432e-05
@q133[vbe] = 5.391361e-01
@q133[vbc] = -1.40255e+01
=== KEY BRANCH CURRENTS ===
@riso[i] = 0.000000e+00
@r136[i] = 4.641102e-11
@r134[i] = 2.069763e-02
@r135[i] = -2.06976e-02
@r107[i] = 4.545831e-03
@r123[i] = 1.079639e-02
@r126[i] = 1.069711e-02
Note: Simulation executed from .control section 
