warning, model type mismatch in line
    q121a nmiri nmiri nme1 ls350
warning, model type mismatch in line
    q121b nhi nmiri nme2 ls350

Note: No compatibility mode selected!


Circuit: tb_op.cir - l46b esplorazione, variante sv_molt_r1k_c100u (blocco da inc/sv_molt_r1k_c100u.inc)

Warning: Model issue on line 122 :
  .model lsk489a njf(beta=2.2m betatce=-.5 rd=11 rs=30 lambda=4.3m vto=-1. ...
unrecognized parameter (isr) - ignored
unrecognized parameter (alpha) - ignored
unrecognized parameter (vk) - ignored
unrecognized parameter (mj) - ignored

Note: Starting dynamic gmin stepping
Note: Dynamic gmin stepping completed
Doing analysis at TEMP = 27.000000 and TNOM = 27.000000

Using SPARSE 1.3 as Direct Linear Solver

No. of Data Rows : 1
=== NODE VOLTAGES ===
v(in) = 0.000000e+00
v(fb) = -2.61806e-02
v(out) = -2.61807e-02
v(jack) = 0.000000e+00
v(nref) = -1.36718e+01
v(nrefm) = -1.43359e+01
v(ncasc) = 9.868263e+00
v(src) = -1.68724e-01
v(g1) = 9.290023e-10
v(g2) = -2.61806e-02
v(s1) = 6.028019e-02
v(s2) = 5.281454e-02
v(d1n) = 9.180264e+00
v(d2n) = 9.181148e+00
v(nmiri) = 1.300759e+01
v(nhi) = 1.291849e+01
v(nx) = 9.991352e-01
v(ny) = -1.02201e+00
v(nbb) = -2.94411e-01
v(nbn) = 9.971378e-01
v(nbp) = -1.02112e+00
v(nen) = 4.291483e-01
v(nep) = -4.81510e-01
v(nve) = 1.359101e+01
v(nvle) = -1.44010e+01
v(nte) = -1.43772e+01
=== INPUT JFET PAIR (LSK489 halves) ===
@jq110a[id] = 2.290044e-03
@jq110b[id] = 2.215388e-03
@jq110a[vgs] = -1.28982e-01
@jq110b[vgs] = -1.45457e-01
@jq110a[gm] = 4.575429e-03
@jq110b[gm] = 4.500337e-03
=== RAIL CURRENTS (A) ===
i(vpp) = -3.67021e-02
i(vmm) = 3.772286e-02
=== BJT OPERATING POINTS: ic / vce ===
@q106[ic] = 4.505432e-03
@q106[ib] = 4.037384e-05
@q106[vbe] = 7.043269e-01
@q106[vbc] = -1.27178e+01
@q117[ic] = 2.268910e-03
@q117[ib] = 2.113454e-05
@q117[vbe] = 6.874664e-01
@q117[vbc] = -2.65909e+00
@q118[ic] = 2.194944e-03
@q118[ib] = 2.044345e-05
@q118[vbe] = 6.865997e-01
@q118[vbc] = -2.76108e+00
@q121a[ic] = -2.18285e-03
@q121a[ib] = -6.91207e-06
@q121a[vbe] = 7.034394e-01
@q121a[vbc] = 5.043112e-01
@q121b[ic] = -2.18580e-03
@q121b[ib] = -5.18526e-06
@q121b[vbe] = 7.033247e-01
@q121b[vbc] = 4.160517e-01
@q122[ic] = -1.07128e-02
@q122[ib] = -8.31057e-05
@q122[vbe] = 6.697368e-01
@q122[vbc] = -1.17663e+01
@q125[ic] = 1.060180e-02
@q125[ib] = 9.521416e-05
@q125[vbe] = 7.266405e-01
@q125[vbc] = -1.07444e+01
@q127[ic] = 9.694338e-03
@q127[ib] = 9.110258e-05
@q127[vbe] = 7.253231e-01
@q127[vbc] = 4.247167e-01
@q132[ic] = 2.049703e-02
@q132[ib] = 1.997439e-04
@q132[vbe] = 5.660802e-01
@q132[vbc] = -1.40029e+01
@q133[ic] = -2.06080e-02
@q133[ib] = -8.87617e-05
@q133[vbe] = 5.392162e-01
@q133[vbc] = -1.39714e+01
=== KEY BRANCH CURRENTS ===
@riso[i] = 0.000000e+00
@r136[i] = -6.16956e-11
@r134[i] = 2.069677e-02
@r135[i] = -2.06968e-02
@r107[i] = 4.545806e-03
@r123[i] = 1.079589e-02
@r126[i] = 1.069701e-02
Note: Simulation executed from .control section 
