warning, model type mismatch in line
    q121a nmiri nmiri nme1 ls350
warning, model type mismatch in line
    q121b nhi nmiri nme2 ls350

Note: No compatibility mode selected!


Circuit: tb_switch_v2_counterfactual.cir - what the rejected arrangement would do

--- A: contact CLOSED (R_f = 1.50k), R_g strapped: the +10 dB state ---
Doing analysis at TEMP = 27.000000 and TNOM = 27.000000

Using SPARSE 1.3 as Direct Linear Solver

No. of Data Rows : 1
v(out) = -5.21620e-02
v(fb) = -1.65663e-02
v(nx) = 9.371374e-01
v(ny) = -1.04206e+00
--- B: contact OPEN (R_f = 1e12), R_g still strapped: loop is BROKEN ---
Doing analysis at TEMP = 27.000000 and TNOM = 27.000000

Using SPARSE 1.3 as Direct Linear Solver

No. of Data Rows : 1
v(out) = -1.37733e+01
v(fb) = -2.66178e-09
v(nx) = -1.28926e+01
v(ny) = -1.46608e+01
--- C: closed again, to prove B was not a solver artefact ---
Doing analysis at TEMP = 27.000000 and TNOM = 27.000000

Using SPARSE 1.3 as Direct Linear Solver

No. of Data Rows : 1
v(out) = -5.21620e-02
v(fb) = -1.65663e-02
Note: Simulation executed from .control section 
