warning, model type mismatch in line
    q121a nmiri nmiri nme1 ls350
warning, model type mismatch in line
    q121b nhi nmiri nme2 ls350

Note: No compatibility mode selected!


Circuit: tb_zout_psrr_noise.cir - l46a esplorazione, variante vas56_cm330p (blocco da inc/vas56_cm330p.inc)

Warning: Model issue on line 122 :
  .model lsk489a njf(beta=2.2m betatce=-.5 rd=11 rs=30 lambda=4.3m vto=-1. ...
unrecognized parameter (isr) - ignored
unrecognized parameter (alpha) - ignored
unrecognized parameter (vk) - ignored
unrecognized parameter (mj) - ignored

Note: Starting dynamic gmin stepping
Warning: Dynamic gmin stepping failed
Note: Starting true gmin stepping
Note: True gmin stepping completed
Note: Starting dynamic gmin stepping
Warning: Dynamic gmin stepping failed
Note: Starting true gmin stepping
Note: True gmin stepping completed
Note: Starting dynamic gmin stepping
Warning: Dynamic gmin stepping failed
Note: Starting true gmin stepping
Note: True gmin stepping completed
Note: Starting dynamic gmin stepping
Warning: Dynamic gmin stepping failed
Note: Starting true gmin stepping
Note: True gmin stepping completed
Note: Starting dynamic gmin stepping
Warning: Dynamic gmin stepping failed
Note: Starting true gmin stepping
Note: True gmin stepping completed
Note: Starting dynamic gmin stepping
Warning: Dynamic gmin stepping failed
Note: Starting true gmin stepping
Note: True gmin stepping completed
########## Zout at the jack, load removed, both gain modes ##########
Doing analysis at TEMP = 27.000000 and TNOM = 27.000000

Using SPARSE 1.3 as Direct Linear Solver

No. of Data Rows : 81
z20                 =  1.69338e+03
z1k                 =  5.79359e+01
z20k                =  4.70350e+01
za20                =  2.21029e-02
za1k                =  2.40491e-02
za20k               =  1.91166e-01
za100k              =  9.60693e-01
MODE=0db
z20 = 1.693378e+03
z1k = 5.793585e+01
z20k = 4.703501e+01
za20 = 2.210287e-02
za1k = 2.404911e-02
za20k = 1.911656e-01
za100k = 9.606934e-01
Doing analysis at TEMP = 27.000000 and TNOM = 27.000000

Using SPARSE 1.3 as Direct Linear Solver

No. of Data Rows : 81
z20                 =  1.69338e+03
z1k                 =  5.79411e+01
z20k                =  4.70490e+01
za20                =  3.13860e-02
za1k                =  3.41498e-02
za20k               =  2.70981e-01
za100k              =  1.30902e+00
MODE=3db
z20 = 1.693378e+03
z1k = 5.794109e+01
z20k = 4.704898e+01
za20 = 3.138601e-02
za1k = 3.414981e-02
za20k = 2.709812e-01
za100k = 1.309015e+00
Doing analysis at TEMP = 27.000000 and TNOM = 27.000000

Using SPARSE 1.3 as Direct Linear Solver

No. of Data Rows : 81
z20                 =  1.69338e+03
z1k                 =  5.79627e+01
z20k                =  4.71166e+01
za20                =  6.96303e-02
za1k                =  7.57638e-02
za20k               =  5.99336e-01
za100k              =  2.70160e+00
MODE=10db
z20 = 1.693379e+03
z1k = 5.796274e+01
z20k = 4.711658e+01
za20 = 6.963031e-02
za1k = 7.576378e-02
za20k = 5.993358e-01
za100k = 2.701602e+00
########## PSRR (input source silenced) ##########
Doing analysis at TEMP = 27.000000 and TNOM = 27.000000

Using SPARSE 1.3 as Direct Linear Solver

No. of Data Rows : 81
p100                =  7.82958e+01
p1k                 =  6.24439e+01
p10k                =  4.25130e+01
p100k               =  2.24243e+01
PSRR+ MODE=0db (dB, bigger is better)
p100 = 7.829579e+01
p1k = 6.244395e+01
p10k = 4.251298e+01
p100k = 2.242426e+01
Doing analysis at TEMP = 27.000000 and TNOM = 27.000000

Using SPARSE 1.3 as Direct Linear Solver

No. of Data Rows : 81
p100                =  7.52505e+01
p1k                 =  5.93978e+01
p10k                =  3.94707e+01
p100k               =  1.97369e+01
PSRR+ MODE=3db (dB, bigger is better)
p100 = 7.525049e+01
p1k = 5.939781e+01
p10k = 3.947069e+01
p100k = 1.973692e+01
Doing analysis at TEMP = 27.000000 and TNOM = 27.000000

Using SPARSE 1.3 as Direct Linear Solver

No. of Data Rows : 81
p100                =  6.83314e+01
p1k                 =  5.24749e+01
p10k                =  3.25548e+01
p100k               =  1.34433e+01
PSRR+ MODE=10db (dB, bigger is better)
p100 = 6.833141e+01
p1k = 5.247491e+01
p10k = 3.255477e+01
p100k = 1.344326e+01
########## PSRR from V- ##########
Doing analysis at TEMP = 27.000000 and TNOM = 27.000000

Using SPARSE 1.3 as Direct Linear Solver

No. of Data Rows : 81
p100                =  8.06801e+01
p1k                 =  9.47274e+01
p10k                =  9.09527e+01
p100k               =  6.74361e+01
PSRR- MODE=0db (dB, bigger is better)
p100 = 8.068014e+01
p1k = 9.472741e+01
p10k = 9.095271e+01
p100k = 6.743607e+01
Doing analysis at TEMP = 27.000000 and TNOM = 27.000000

Using SPARSE 1.3 as Direct Linear Solver

No. of Data Rows : 81
p100                =  7.76336e+01
p1k                 =  9.16746e+01
p10k                =  8.79036e+01
p100k               =  6.47435e+01
PSRR- MODE=3db (dB, bigger is better)
p100 = 7.763359e+01
p1k = 9.167456e+01
p10k = 8.790359e+01
p100k = 6.474350e+01
Doing analysis at TEMP = 27.000000 and TNOM = 27.000000

Using SPARSE 1.3 as Direct Linear Solver

No. of Data Rows : 81
p100                =  7.07091e+01
p1k                 =  8.47253e+01
p10k                =  8.09645e+01
p100k               =  5.84338e+01
PSRR- MODE=10db (dB, bigger is better)
p100 = 7.070912e+01
p1k = 8.472535e+01
p10k = 8.096448e+01
p100k = 5.843377e+01
########## output noise 20 Hz - 20 kHz ##########
Doing analysis at TEMP = 27.000000 and TNOM = 27.000000

Using SPNote: Starting dynamic gmin stepping
Warning: Dynamic gmin stepping failed
Note: Starting true gmin stepping
Note: True gmin stepping completed
Note: Starting dynamic gmin stepping
Warning: Dynamic gmin stepping failed
Note: Starting true gmin stepping
Note: True gmin stepping completed
Note: Starting dynamic gmin stepping
Note: Dynamic gmin stepping completed
ARSE 1.3 as Direct Linear Solver

No. of Data Rows : 151

No. of Data Rows : 1
MODE=0db  RSRC=430 (phono cathode follower)
onoise_total = 1.246113e-06
inoise_total = 1.247482e-06
Doing analysis at TEMP = 27.000000 and TNOM = 27.000000

Using SPARSE 1.3 as Direct Linear Solver

No. of Data Rows : 151

No. of Data Rows : 1
MODE=3db  RSRC=430 (phono cathode follower)
onoise_total = 1.678466e-06
inoise_total = 1.183994e-06
Doing analysis at TEMP = 27.000000 and TNOM = 27.000000

Using SPARSE 1.3 as Direct Linear Solver

No. of Data Rows : 151

No. of Data Rows : 1
MODE=10db  RSRC=430 (phono cathode follower)
onoise_total = 3.447238e-06
inoise_total = 1.097092e-06
Doing analysis at TEMP = 27.000000 and TNOM = 27.000000

Using SPARSE 1.3 as Direct Linear Solver

No. of Data Rows : 151

No. of Data Rows : 1
RRG=1G  RSRC=1 ohm (intrinsic)
onoise_total = 1.187843e-06
inoise_total = 1.188638e-06
Doing analysis at TEMP = 27.000000 and TNOM = 27.000000

Using SPARSE 1.3 as Direct Linear Solver

No. of Data Rows : 151

No. of Data Rows : 1
RRG=0.1  RSRC=2500 (attenuator at mid-rotation, +10 dB) - WORST CASE
onoise_total = 4.317315e-06
inoise_total = 1.376835e-06
Note: Simulation executed from .control section 
