warning, model type mismatch in line
    q121a nmiri nmiri nme1 ls350
warning, model type mismatch in line
    q121b nhi nmiri nme2 ls350

Note: No compatibility mode selected!


Circuit: thd_10k - l46a: thd a 10000 hz, blocco b nei tre modi, livelli lo/hi; variante zxt_cm470p

Warning: Model issue on line 122 :
  .model lsk489a njf(beta=2.2m betatce=-.5 rd=11 rs=30 lambda=4.3m vto=-1. ...
unrecognized parameter (isr) - ignored
unrecognized parameter (alpha) - ignored
unrecognized parameter (vk) - ignored
unrecognized parameter (mj) - ignored

Doing analysis at TEMP = 27.000000 and TNOM = 27.000000

Using SPARSE 1.3 as Direct Linear Solver

Initial Transient Solution
--------------------------

Node                                   Voltage
----                                   -------
nref                                  -13.6698
vminus                                     -15
ncasc                                  9.86821
nx                                     1.06085
nhi                                    13.7267
out                                 -0.0151389
fb                                  -0.0151388
vplus                                       15
nrefm                                 -14.3349
d1n                                    9.18038
g1                                 2.41015e-08
s1                                     0.06241
d2n                                    9.18089
g2                                  -0.0151388
s2                                   0.0580887
src                                  -0.165737
nte                                   -14.3752
nmiri                                  13.8067
nme1                                   14.5133
nme2                                    14.513
nve                                    14.3859
ny                                    -1.09027
nvle                                   -14.386
nbb                                   -0.37655
nbn                                    1.06046
nen                                   0.431622
nbp                                   -1.08997
nep                                  -0.461899
in                                 2.31723e-08
rg                                  -0.0151388
rg10                                -0.0151388
vsn                                          0
outa                                -0.0151389
jack                                         0
vs#branch                          9.26893e-12
vmm#branch                           0.0334907
vpp#branch                          -0.0324702

 Reference value :  8.63921e-04 Reference value :  1.81844e-03
No. of Data Rows : 55052
L46A_CASO modo=0 livello=lo freq=10000 ampin=0.282843
Fourier analysis for v(vsn):
  No. Harmonics: 10, THD: 1.83897e-10 %, Gridsize: 8192, Interpolation Degree: 1, No. Periods: 1

Harmonic Frequency       Magnitude       Phase           Norm. Mag       Norm. Phase    
-------- ---------       ---------       -----           ---------       -----------    
 0       0               -7.88171611e-15 0               0               0              
 1       10000           0.2828428511    -3.19041309e-12 1               0              
 2       20000           5.067694906e-14 -6.14179131     1.791699838e-13 -6.14179131    
 3       30000           3.491003856e-13 -146.222193     1.234255645e-12 -146.222193    
 4       40000           4.661669343e-14 -172.699315     1.648148194e-13 -172.699315    
 5       50000           3.366810619e-13 34.6299962      1.190346726e-12 34.6299962     
 6       60000           3.244728109e-14 -10.4834048     1.147184062e-13 -10.4834048    
 7       70000           1.210569166e-13 -108.932278     4.280006235e-13 -108.932278    
 8       80000           1.823384823e-14 -136.108571     6.446635707e-14 -136.108571    
 9       90000           1.205703475e-13 68.32782225     4.262803428e-13 68.32782225    

Fourier analysis for v(out):
  No. Harmonics: 10, THD: 0.000266202 %, Gridsize: 8192, Interpolation Degree: 1, No. Periods: 1

Harmonic Frequency       Magnitude       Phase           Norm. Mag       Norm. Phase    
-------- ---------       ---------       -----           ---------       -----------    
 0       0               -0.0151387574   0               0               0              
 1       10000           0.282149084     -0.451420218    1               0              
 2       20000           7.510816015e-07 167.1357651     2.662002622e-06 167.5871853    
 3       30000           2.319965721e-09 -107.476865     8.222481846e-09 -107.025444    
 4       40000           7.395904087e-11 66.91460241     2.621275243e-10 67.36602263    
 5       50000           6.426461091e-13 -90.5393754     2.277682777e-12 -90.0879551    
 6       60000           1.019232085e-13 -163.734725     3.612388425e-13 -163.283305    
 7       70000           3.034574345e-13 -166.293207     1.075521601e-12 -165.841787    
 8       80000           3.016762221e-13 -139.551553     1.069208582e-12 -139.100133    
 9       90000           1.857895061e-13 155.7001047     6.584799197e-13 156.1515249    

Doing analysis at TEMP = 27.000000 and TNOM = 27.000000

Using SPARSE 1.3 as Direct Linear Solver

Initial Transient Solution
--------------------------

Node                                   Voltage
----                                   -------
nref                                  -13.6698
vminus                                     -15
ncasc                                  9.86821
nx                                     1.06085
nhi                                    13.7267
out                                 -0.0151389
fb                                  -0.0151388
vplus                                       15
nrefm                                 -14.3349
d1n                                    9.18038
g1                                 2.41015e-08
s1                                     0.06241
d2n                                    9.18089
g2                                  -0.0151388
s2                                   0.0580887
src                                  -0.165737
nte                                   -14.3752
nmiri                                  13.8067
nme1                                   14.5133
nme2                                    14.513
nve                                    14.3859
ny                                    -1.09027
nvle                                   -14.386
nbb                                   -0.37655
nbn                                    1.06046
nen                                   0.431622
nbp                                   -1.08997
nep                                  -0.461899
in                                 2.31723e-08
rg                                  -0.0151388
rg10                                -0.0151388
vsn                                          0
outa                                -0.0151389
jack                                         0
vs#branch                          9.26893e-12
vmm#branch                           0.0334907
vpp#branch                          -0.0324702

 Reference value :  4.08229e-04 Reference value :  1.24147e-03 Reference value :  2.05987e-03
No. of Data Rows : 55090
L46A_CASO modo=0 livello=hi freq=10000 ampin=2.82843
Fourier analysis for v(vsn):
  No. Harmonics: 10, THD: 2.22813e-10 %, Gridsize: 8192, Interpolation Degree: 1, No. Periods: 1

Harmonic Frequency       Magnitude       Phase           Norm. Mag       Norm. Phase    
-------- ---------       ---------       -----           ---------       -----------    
 0       0               -5.55257229e-13 0               0               0              
 1       10000           2.828428511     -2.89589858e-11 1               0              
 2       20000           1.55193382e-12  -88.5432266     5.48691195e-13  -88.5432266    
 3       30000           3.172319975e-12 -7.5386521      1.121583933e-12 -7.5386521     
 4       40000           1.484706077e-12 -81.9831793     5.249226101e-13 -81.9831793    
 5       50000           3.92385122e-12  -149.304952     1.387290223e-12 -149.304952    
 6       60000           1.251122565e-12 -89.0253202     4.423384079e-13 -89.0253202    
 7       70000           2.061058133e-12 -112.700472     7.286937341e-13 -112.700472    
 8       80000           1.376258759e-12 -93.8993054     4.865807121e-13 -93.8993054    
 9       90000           1.391489642e-12 -49.0882664     4.919656398e-13 -49.0882664    

Fourier analysis for v(out):
  No. Harmonics: 10, THD: 0.00269641 %, Gridsize: 8192, Interpolation Degree: 1, No. Periods: 1

Harmonic Frequency       Magnitude       Phase           Norm. Mag       Norm. Phase    
-------- ---------       ---------       -----           ---------       -----------    
 0       0               -0.0151218455   0               0               0              
 1       10000           2.821490509     -0.451764078    1               0              
 2       20000           7.603018469e-05 165.2239562     2.694681568e-05 165.6757203    
 3       30000           2.602952035e-06 -106.409385     9.225450262e-07 -105.957621    
 4       40000           7.83501131e-07  66.81759947     2.776905074e-07 67.26936355    
 5       50000           1.010607885e-07 -91.7032057     3.581822734e-08 -91.2514416    
 6       60000           5.824774085e-09 115.7462792     2.064431571e-09 116.1980433    
 7       70000           2.24142651e-10  170.0970732     7.944122096e-11 170.5488373    
 8       80000           7.2795272e-11   28.84602176     2.580028952e-11 29.29778584    
 9       90000           1.371833291e-11 -78.7393509     4.862087207e-12 -78.2875868    

Doing analysis at TEMP = 27.000000 and TNOM = 27.000000

Using SPARSE 1.3 as Direct Linear Solver

Initial Transient Solution
--------------------------

Node                                   Voltage
----                                   -------
nref                                  -13.6698
vminus                                     -15
ncasc                                  9.86821
nx                                     1.05444
nhi                                    13.7267
out                                  -0.021499
fb                                  -0.0151385
vplus                                       15
nrefm                                 -14.3349
d1n                                    9.18038
g1                                 2.41015e-08
s1                                   0.0624102
d2n                                    9.18089
g2                                  -0.0151385
s2                                    0.058089
src                                  -0.165737
nte                                   -14.3752
nmiri                                  13.8067
nme1                                   14.5133
nme2                                    14.513
nve                                    14.3859
ny                                    -1.09669
nvle                                   -14.386
nbb                                  -0.382963
nbn                                    1.05404
nen                                   0.425213
nbp                                   -1.09638
nep                                  -0.468304
in                                 2.31723e-08
rg                                -4.24034e-07
rg10                                -0.0151384
vsn                                          0
outa                                 -0.021499
jack                                         0
vs#branch                          9.26893e-12
vmm#branch                           0.0334927
vpp#branch                           -0.032468

 Reference value :  6.14848e-04 Reference value :  1.34913e-03 Reference value :  2.13121e-03
No. of Data Rows : 55015
L46A_CASO modo=3 livello=lo freq=10000 ampin=0.199185
Fourier analysis for v(vsn):
  No. Harmonics: 10, THD: 2.10513e-10 %, Gridsize: 8192, Interpolation Degree: 1, No. Periods: 1

Harmonic Frequency       Magnitude       Phase           Norm. Mag       Norm. Phase    
-------- ---------       ---------       -----           ---------       -----------    
 0       0               -3.39736919e-14 0               0               0              
 1       10000           0.1991848952    -2.00489888e-11 1               0              
 2       20000           7.055230229e-14 -94.5504355     3.542050828e-13 -94.5504355    
 3       30000           3.208743916e-13 -75.1777171     1.610937372e-12 -75.1777171    
 4       40000           6.85576182e-14  -83.6906136     3.441908491e-13 -83.6906136    
 5       50000           1.748361682e-13 111.1122908     8.777581655e-13 111.1122908    
 6       60000           6.258703999e-14 -97.6057247     3.14215794e-13  -97.6057247    
 7       70000           7.297397749e-14 -14.2967267     3.663630088e-13 -14.2967267    
 8       80000           8.082675713e-14 -79.7001602     4.057875828e-13 -79.7001602    
 9       90000           1.297687164e-13 -124.726326     6.51498781e-13  -124.726326    

Fourier analysis for v(out):
  No. Harmonics: 10, THD: 0.000283383 %, Gridsize: 8192, Interpolation Degree: 1, No. Periods: 1

Harmonic Frequency       Magnitude       Phase           Norm. Mag       Norm. Phase    
-------- ---------       ---------       -----           ---------       -----------    
 0       0               -0.021498796    0               0               0              
 1       10000           0.2820264966    -1.34231766     1               0              
 2       20000           7.992042902e-07 159.5765283     2.833791505e-06 160.918846     
 3       30000           4.312266625e-09 -107.952164     1.529028895e-08 -106.609847    
 4       40000           9.589670071e-11 64.30869773     3.400272736e-10 65.65101539    
 5       50000           2.190602064e-12 -115.321823     7.767362607e-12 -113.979505    
 6       60000           1.14842813e-12  -96.3687431     4.072057568e-12 -95.0264255    
 7       70000           1.157583123e-12 -103.56982      4.104519031e-12 -102.227502    
 8       80000           1.15433164e-12  -103.5093       4.092990034e-12 -102.166983    
 9       90000           1.206692549e-12 -103.271872     4.278649573e-12 -101.929554    

Doing analysis at TEMP = 27.000000 and TNOM = 27.000000

Using SPARSE 1.3 as Direct Linear Solver

Initial Transient Solution
--------------------------

Node                                   Voltage
----                                   -------
nref                                  -13.6698
vminus                                     -15
ncasc                                  9.86821
nx                                     1.05444
nhi                                    13.7267
out                                  -0.021499
fb                                  -0.0151385
vplus                                       15
nrefm                                 -14.3349
d1n                                    9.18038
g1                                 2.41015e-08
s1                                   0.0624102
d2n                                    9.18089
g2                                  -0.0151385
s2                                    0.058089
src                                  -0.165737
nte                                   -14.3752
nmiri                                  13.8067
nme1                                   14.5133
nme2                                    14.513
nve                                    14.3859
ny                                    -1.09669
nvle                                   -14.386
nbb                                  -0.382963
nbn                                    1.05404
nen                                   0.425213
nbp                                   -1.09638
nep                                  -0.468304
in                                 2.31723e-08
rg                                -4.24034e-07
rg10                                -0.0151384
vsn                                          0
outa                                 -0.021499
jack                                         0
vs#branch                          9.26893e-12
vmm#branch                           0.0334927
vpp#branch                           -0.032468

 Reference value :  7.85549e-04 Reference value :  1.54635e-03
No. of Data Rows : 55046
L46A_CASO modo=3 livello=hi freq=10000 ampin=1.99185
Fourier analysis for v(vsn):
  No. Harmonics: 10, THD: 2.30375e-10 %, Gridsize: 8192, Interpolation Degree: 1, No. Periods: 1

Harmonic Frequency       Magnitude       Phase           Norm. Mag       Norm. Phase    
-------- ---------       ---------       -----           ---------       -----------    
 0       0               -5.23730365e-13 0               0               0              
 1       10000           1.991848952     -3.03101235e-11 1               0              
 2       20000           9.047738957e-13 -86.102969      4.542382067e-13 -86.102969     
 3       30000           1.685961919e-12 116.5474798     8.464306082e-13 116.5474798    
 4       40000           1.152668893e-12 -89.2550765     5.786929235e-13 -89.2550765    
 5       50000           3.38225432e-12  -77.6500272     1.698047594e-12 -77.6500272    
 6       60000           8.054584186e-13 -89.2383965     4.043772586e-13 -89.2383965    
 7       70000           5.920246343e-13 -38.4821274     2.972236594e-13 -38.4821274    
 8       80000           1.022418581e-12 -90.3037799     5.133012624e-13 -90.3037799    
 9       90000           1.607000997e-12 -103.029828     8.06788585e-13  -103.029828    

Fourier analysis for v(out):
  No. Harmonics: 10, THD: 0.00288337 %, Gridsize: 8192, Interpolation Degree: 1, No. Periods: 1

Harmonic Frequency       Magnitude       Phase           Norm. Mag       Norm. Phase    
-------- ---------       ---------       -----           ---------       -----------    
 0       0               -0.0214752027   0               0               0              
 1       10000           2.820263861     -1.34278709     1               0              
 2       20000           8.117147727e-05 156.9845339     2.878151878e-05 158.327321     
 3       30000           4.7802245e-06   -107.428689     1.694956478e-06 -106.085902    
 4       40000           1.027468553e-06 64.68654175     3.643164627e-07 66.02932885    
 5       50000           1.204063514e-07 -106.839035     4.269329303e-08 -105.496248    
 6       60000           8.452117729e-09 77.21423995     2.996924454e-09 78.55702704    
 7       70000           4.577542862e-10 -123.326455     1.623090281e-10 -121.983668    
 8       80000           2.830991017e-11 13.3625159      1.0038036e-11   14.70530299    
 9       90000           1.755385081e-11 -97.8320234     6.224187409e-12 -96.4892363    

Doing analysis at TEMP = 27.000000 and TNOM = 27.000000

Using SPARSE 1.3 as Direct Linear Solver

Initial Transient Solution
--------------------------

Node                                   Voltage
----                                   -------
nref                                  -13.6698
vminus                                     -15
ncasc                                  9.86821
nx                                     1.02801
nhi                                    13.7267
out                                 -0.0477121
fb                                  -0.0151368
vplus                                       15
nrefm                                 -14.3349
d1n                                    9.18038
g1                                 2.41015e-08
s1                                    0.062411
d2n                                    9.18089
g2                                  -0.0151368
s2                                   0.0580903
src                                  -0.165735
nte                                   -14.3752
nmiri                                  13.8067
nme1                                   14.5133
nme2                                    14.513
nve                                    14.3859
ny                                    -1.12312
nvle                                   -14.386
nbb                                  -0.409393
nbn                                    1.02761
nen                                     0.3988
nbp                                   -1.12281
nep                                  -0.494702
in                                 2.31723e-08
rg                                -4.23989e-07
rg10                               -1.7477e-06
vsn                                          0
outa                                -0.0477121
jack                                         0
vs#branch                          9.26893e-12
vmm#branch                            0.033501
vpp#branch                          -0.0324588

 Reference value :  1.43994e-04 Reference value :  8.83234e-04 Reference value :  1.72195e-03
No. of Data Rows : 55009
L46A_CASO modo=10 livello=lo freq=10000 ampin=0.0897344
Fourier analysis for v(vsn):
  No. Harmonics: 10, THD: 2.13708e-10 %, Gridsize: 8192, Interpolation Degree: 1, No. Periods: 1

Harmonic Frequency       Magnitude       Phase           Norm. Mag       Norm. Phase    
-------- ---------       ---------       -----           ---------       -----------    
 0       0               -2.38910454e-14 0               0               0              
 1       10000           0.08973435277   -2.61718253e-11 1               0              
 2       20000           4.12740385e-14  -97.8910346     4.599580565e-13 -97.8910346    
 3       30000           1.310381858e-13 -48.457592      1.460290087e-12 -48.457592     
 4       40000           4.805977395e-14 -86.2071226     5.355783206e-13 -86.2071226    
 5       50000           8.951167831e-14 175.9282742     9.97518515e-13  175.9282742    
 6       60000           4.108050462e-14 -89.2702659     4.578013142e-13 -89.2702659    
 7       70000           2.091703577e-14 -103.477181     2.330995335e-13 -103.477181    
 8       80000           4.094917098e-14 -95.1390725     4.563377315e-13 -95.1390725    
 9       90000           6.145611075e-14 -79.5442007     6.848671535e-13 -79.5442007    

Fourier analysis for v(out):
  No. Harmonics: 10, THD: 0.000349222 %, Gridsize: 8192, Interpolation Degree: 1, No. Periods: 1

Harmonic Frequency       Magnitude       Phase           Norm. Mag       Norm. Phase    
-------- ---------       ---------       -----           ---------       -----------    
 0       0               -0.0477116814   0               0               0              
 1       10000           0.2816354886    -3.15199552     1               0              
 2       20000           9.834659874e-07 138.965174      3.491981753e-06 142.1171695    
 3       30000           1.147473907e-08 -118.059685     4.07432285e-08  -114.907689    
 4       40000           2.039495954e-10 50.59418032     7.241615621e-10 53.74617584    
 5       50000           6.81031958e-12  -112.033663     2.418132606e-11 -108.881668    
 6       60000           4.863310479e-12 -95.9722129     1.726810248e-11 -92.8202174    
 7       70000           4.771603865e-12 -94.5468328     1.694248082e-11 -91.3948373    
 8       80000           3.970908407e-12 -93.8557439     1.409946036e-11 -90.7037483    
 9       90000           4.557096657e-12 -94.5010574     1.618083246e-11 -91.3490619    

Doing analysis at TEMP = 27.000000 and TNOM = 27.000000

Using SPARSE 1.3 as Direct Linear Solver

Initial Transient Solution
--------------------------

Node                                   Voltage
----                                   -------
nref                                  -13.6698
vminus                                     -15
ncasc                                  9.86821
nx                                     1.02801
nhi                                    13.7267
out                                 -0.0477121
fb                                  -0.0151368
vplus                                       15
nrefm                                 -14.3349
d1n                                    9.18038
g1                                 2.41015e-08
s1                                    0.062411
d2n                                    9.18089
g2                                  -0.0151368
s2                                   0.0580903
src                                  -0.165735
nte                                   -14.3752
nmiri                                  13.8067
nme1                                   14.5133
nme2                                    14.513
nve                                    14.3859
ny                                    -1.12312
nvle                                   -14.386
nbb                                  -0.409393
nbn                                    1.02761
nen                                     0.3988
nbp                                   -1.12281
nep                                  -0.494702
in                                 2.31723e-08
rg                                -4.23989e-07
rg10                               -1.7477e-06
vsn                                          0
outa                                -0.0477121
jack                                         0
vs#branch                          9.26893e-12
vmm#branch                            0.033501
vpp#branch                          -0.0324588

 Reference value :  3.15349e-04 Reference value :  1.02983e-03 Reference value :  1.79467e-03
No. of Data Rows : 55015
L46A_CASO modo=10 livello=hi freq=10000 ampin=0.897344
Fourier analysis for v(vsn):
  No. Harmonics: 10, THD: 2.11349e-10 %, Gridsize: 8192, Interpolation Degree: 1, No. Periods: 1

Harmonic Frequency       Magnitude       Phase           Norm. Mag       Norm. Phase    
-------- ---------       ---------       -----           ---------       -----------    
 0       0               -2.48521689e-13 0               0               0              
 1       10000           0.8973435277    -2.73311852e-11 1               0              
 2       20000           4.1055788e-13   -86.1714515     4.575258721e-13 -86.1714515    
 3       30000           6.459939491e-13 146.0689768     7.198959253e-13 146.0689768    
 4       40000           4.046071593e-13 -88.7612181     4.508943864e-13 -88.7612181    
 5       50000           1.386452318e-12 -62.9225601     1.545063039e-12 -62.9225601    
 6       60000           4.670006884e-13 -92.4730906     5.204257612e-13 -92.4730906    
 7       70000           2.046229849e-13 -69.1157023     2.280319394e-13 -69.1157023    
 8       80000           4.53665158e-13  -90.1277112     5.055646405e-13 -90.1277112    
 9       90000           6.776682081e-13 -101.924363     7.551937327e-13 -101.924363    

Fourier analysis for v(out):
  No. Harmonics: 10, THD: 0.00367093 %, Gridsize: 8192, Interpolation Degree: 1, No. Periods: 1

Harmonic Frequency       Magnitude       Phase           Norm. Mag       Norm. Phase    
-------- ---------       ---------       -----           ---------       -----------    
 0       0               -0.0476590348   0               0               0              
 1       10000           2.816350266     -3.153002       1               0              
 2       20000           0.0001025966156 134.6932688     3.642892606e-05 137.8462708    
 3       30000           1.255900759e-05 -117.831249     4.459320183e-06 -114.678247    
 4       40000           2.202682498e-06 51.30849469     7.821053099e-07 54.46149669    
 5       50000           2.483269066e-07 -129.249566     8.817330344e-08 -126.096564    
 6       60000           1.84380408e-08  46.91888244     6.546785399e-09 50.07188445    
 7       70000           1.06980921e-09  -151.249035     3.798565905e-10 -148.096033    
 8       80000           7.072096921e-11 -23.0456231     2.511085714e-11 -19.8926211    
 9       90000           3.400105963e-11 -97.6465736     1.207273827e-11 -94.4935716    

Note: Simulation executed from .control section 
